==============================================================
Vitis HLS - High-Level Synthesis from C, C++ and OpenCL v2022.2 (64-bit)
Tool Version Limit: 2019.12
Copyright 1986-2022 Xilinx, Inc. All Rights Reserved.
==============================================================
INFO: [HLS 200-1505] Using default flow_target 'vivado'
INFO: [HLS 200-435] Setting 'open_solution -flow_target vivado' configuration: config_interface -m_axi_latency=0
INFO: [HLS 200-1510] Running: set_part xczu7ev-ffvc1156-2-e 
INFO: [HLS 200-1611] Setting target device to 'xczu7ev-ffvc1156-2-e'
INFO: [HLS 200-1510] Running: config_compile -disable_unroll_code_size_check -pipeline_style flp 
WARNING: [XFORM 203-506] Disable code size check when do loop unroll.
WARNING: [HLS 200-643] The 'config_compile -disable_unroll_code_size_check' hidden command is deprecated and will be removed in a future release.
INFO: [HLS 200-1510] Running: config_interface -m_axi_addr64 
INFO: [HLS 200-1510] Running: config_rtl -module_auto_prefix 
INFO: [HLS 200-1510] Running: config_rtl -deadlock_detection none 
INFO: [HLS 200-1510] Running: create_clock -period 10.0 -name default 
INFO: [SYN 201-201] Setting up clock 'default' with a period of 10ns.
INFO: [HLS 200-1510] Running: csynth_design 
INFO: [HLS 200-111] Finished File checks and directory preparation: CPU user time: 0.01 seconds. CPU system time: 0.01 seconds. Elapsed time: 10.04 seconds; current allocated memory: 1.069 GB.
INFO: [HLS 200-10] Analyzing design file '/home/changhong/prj/finn/notebooks/EF-US-Engine-Free-Unstructured-Sparsity-Design-Alleviates-Accelerator-Bottlenecks/casestudy1/LeNet_MNIST_BNN/tmp/unfold/code_gen_ipgen_MVAU_hls_1_jpdinwdu/top_MVAU_hls_1.cpp' ... 
INFO: [HLS 200-111] Finished Source Code Analysis and Preprocessing: CPU user time: 5.03 seconds. CPU system time: 0.66 seconds. Elapsed time: 5.74 seconds; current allocated memory: 1.078 GB.
INFO: [HLS 200-777] Using interface defaults for 'Vivado' flow target.
INFO: [HLS 214-131] Inlining function 'BinaryWeights<150u, 16u, 1u>::TileIndex::TileIndex(BinaryWeights<150u, 16u, 1u> const&, unsigned int)' into 'BinaryWeights<150u, 16u, 1u>::weights(unsigned int) const' (/home/changhong/prj/finn/deps/finn-hlslib/weights.hpp:96:9)
INFO: [HLS 214-131] Inlining function 'Recast<XnorMul>::Container<ap_uint<150> >::Container(ap_uint<150> const&)' into 'Recast<XnorMul>::Container<ap_uint<150> > Recast<XnorMul>::operator()<ap_uint<150> >(ap_uint<150> const&, unsigned int) const' (/home/changhong/prj/finn/deps/finn-hlslib/interpret.hpp:169:9)
INFO: [HLS 214-131] Inlining function 'XnorMul::XnorMul(ap_uint<1>)' into 'Recast<XnorMul>::Container<ap_uint<150> >::operator()(unsigned int, unsigned int) const' (/home/changhong/prj/finn/deps/finn-hlslib/interpret.hpp:152:9)
INFO: [HLS 214-131] Inlining function 'XnorMul::operator*(ap_uint<1> const&) const' into 'operator*(ap_uint<1> const&, XnorMul const&)' (/home/changhong/prj/finn/deps/finn-hlslib/interpret.hpp:73:10)
INFO: [HLS 214-131] Inlining function 'operator*(ap_uint<1> const&, XnorMul const&)' into 'decltype((fp) * (fp0)) mul<bool, XnorMul>(bool const&, XnorMul const&, ap_resource_dflt const&)' (/home/changhong/prj/finn/deps/finn-hlslib/mac.hpp:90:12)
INFO: [HLS 214-131] Inlining function 'decltype((fp) * (fp0)) mul<bool, XnorMul>(bool const&, XnorMul const&, ap_resource_dflt const&)' into 'ap_int<8> mac<150u, ap_int<8>, ap_uint<150>, Recast<XnorMul>::Container<ap_uint<150> >, ap_resource_dflt>(ap_int<8> const&, ap_uint<150> const&, Recast<XnorMul>::Container<ap_uint<150> > const&, ap_resource_dflt const&, unsigned int)' (/home/changhong/prj/finn/deps/finn-hlslib/mac.hpp:169:9)
INFO: [HLS 214-131] Inlining function 'Recast<XnorMul>::Container<ap_uint<150> >::operator()(unsigned int, unsigned int) const' into 'ap_int<8> mac<150u, ap_int<8>, ap_uint<150>, Recast<XnorMul>::Container<ap_uint<150> >, ap_resource_dflt>(ap_int<8> const&, ap_uint<150> const&, Recast<XnorMul>::Container<ap_uint<150> > const&, ap_resource_dflt const&, unsigned int)' (/home/changhong/prj/finn/deps/finn-hlslib/mac.hpp:169:19)
INFO: [HLS 214-131] Inlining function 'Slice<ap_uint<1>, 1u>::Container<ap_uint<16> >::operator ap_uint<16> const&() const' into 'void Matrix_Vector_Activate_Batch<150u, 16u, 150u, 16u, 1u, Recast<XnorMul>, Slice<ap_uint<1>, 1u>, Identity, ap_uint<150>, ap_uint<16>, BinaryWeights<150u, 16u, 1u>, ThresholdsActivation<1u, 16u, 1u, ap_int<8>, ap_uint<1>, 0, comp::less_equal<ap_int<8>, ap_int<8> > >, ap_resource_dflt>(hls::stream<ap_uint<150>, 0>&, hls::stream<ap_uint<16>, 0>&, BinaryWeights<150u, 16u, 1u> const&, ThresholdsActivation<1u, 16u, 1u, ap_int<8>, ap_uint<1>, 0, comp::less_equal<ap_int<8>, ap_int<8> > > const&, int, ap_resource_dflt const&)' (/home/changhong/prj/finn/deps/finn-hlslib/mvau.hpp:171:17)
INFO: [HLS 214-131] Inlining function 'Slice<ap_uint<1>, 1u>::Container<ap_uint<16> >::operator()(unsigned int, unsigned int, bool) const' into 'void Matrix_Vector_Activate_Batch<150u, 16u, 150u, 16u, 1u, Recast<XnorMul>, Slice<ap_uint<1>, 1u>, Identity, ap_uint<150>, ap_uint<16>, BinaryWeights<150u, 16u, 1u>, ThresholdsActivation<1u, 16u, 1u, ap_int<8>, ap_uint<1>, 0, comp::less_equal<ap_int<8>, ap_int<8> > >, ap_resource_dflt>(hls::stream<ap_uint<150>, 0>&, hls::stream<ap_uint<16>, 0>&, BinaryWeights<150u, 16u, 1u> const&, ThresholdsActivation<1u, 16u, 1u, ap_int<8>, ap_uint<1>, 0, comp::less_equal<ap_int<8>, ap_int<8> > > const&, int, ap_resource_dflt const&)' (/home/changhong/prj/finn/deps/finn-hlslib/mvau.hpp:168:2)
INFO: [HLS 214-131] Inlining function 'ThresholdsActivation<1u, 16u, 1u, ap_int<8>, ap_uint<1>, 0, comp::less_equal<ap_int<8>, ap_int<8> > >::activate(unsigned int, unsigned int, ap_int<8> const&) const' into 'void Matrix_Vector_Activate_Batch<150u, 16u, 150u, 16u, 1u, Recast<XnorMul>, Slice<ap_uint<1>, 1u>, Identity, ap_uint<150>, ap_uint<16>, BinaryWeights<150u, 16u, 1u>, ThresholdsActivation<1u, 16u, 1u, ap_int<8>, ap_uint<1>, 0, comp::less_equal<ap_int<8>, ap_int<8> > >, ap_resource_dflt>(hls::stream<ap_uint<150>, 0>&, hls::stream<ap_uint<16>, 0>&, BinaryWeights<150u, 16u, 1u> const&, ThresholdsActivation<1u, 16u, 1u, ap_int<8>, ap_uint<1>, 0, comp::less_equal<ap_int<8>, ap_int<8> > > const&, int, ap_resource_dflt const&)' (/home/changhong/prj/finn/deps/finn-hlslib/mvau.hpp:168:33)
INFO: [HLS 214-131] Inlining function 'ThresholdsActivation<1u, 16u, 1u, ap_int<8>, ap_uint<1>, 0, comp::less_equal<ap_int<8>, ap_int<8> > >::init(unsigned int, unsigned int) const' into 'void Matrix_Vector_Activate_Batch<150u, 16u, 150u, 16u, 1u, Recast<XnorMul>, Slice<ap_uint<1>, 1u>, Identity, ap_uint<150>, ap_uint<16>, BinaryWeights<150u, 16u, 1u>, ThresholdsActivation<1u, 16u, 1u, ap_int<8>, ap_uint<1>, 0, comp::less_equal<ap_int<8>, ap_int<8> > >, ap_resource_dflt>(hls::stream<ap_uint<150>, 0>&, hls::stream<ap_uint<16>, 0>&, BinaryWeights<150u, 16u, 1u> const&, ThresholdsActivation<1u, 16u, 1u, ap_int<8>, ap_uint<1>, 0, comp::less_equal<ap_int<8>, ap_int<8> > > const&, int, ap_resource_dflt const&)' (/home/changhong/prj/finn/deps/finn-hlslib/mvau.hpp:143:29)
INFO: [HLS 214-131] Inlining function 'ap_int<8> mac<150u, ap_int<8>, ap_uint<150>, Recast<XnorMul>::Container<ap_uint<150> >, ap_resource_dflt>(ap_int<8> const&, ap_uint<150> const&, Recast<XnorMul>::Container<ap_uint<150> > const&, ap_resource_dflt const&, unsigned int)' into 'void Matrix_Vector_Activate_Batch<150u, 16u, 150u, 16u, 1u, Recast<XnorMul>, Slice<ap_uint<1>, 1u>, Identity, ap_uint<150>, ap_uint<16>, BinaryWeights<150u, 16u, 1u>, ThresholdsActivation<1u, 16u, 1u, ap_int<8>, ap_uint<1>, 0, comp::less_equal<ap_int<8>, ap_int<8> > >, ap_resource_dflt>(hls::stream<ap_uint<150>, 0>&, hls::stream<ap_uint<16>, 0>&, BinaryWeights<150u, 16u, 1u> const&, ThresholdsActivation<1u, 16u, 1u, ap_int<8>, ap_uint<1>, 0, comp::less_equal<ap_int<8>, ap_int<8> > > const&, int, ap_resource_dflt const&)' (/home/changhong/prj/finn/deps/finn-hlslib/mvau.hpp:155:25)
INFO: [HLS 214-131] Inlining function 'Recast<XnorMul>::Container<ap_uint<150> > Recast<XnorMul>::operator()<ap_uint<150> >(ap_uint<150> const&, unsigned int) const' into 'void Matrix_Vector_Activate_Batch<150u, 16u, 150u, 16u, 1u, Recast<XnorMul>, Slice<ap_uint<1>, 1u>, Identity, ap_uint<150>, ap_uint<16>, BinaryWeights<150u, 16u, 1u>, ThresholdsActivation<1u, 16u, 1u, ap_int<8>, ap_uint<1>, 0, comp::less_equal<ap_int<8>, ap_int<8> > >, ap_resource_dflt>(hls::stream<ap_uint<150>, 0>&, hls::stream<ap_uint<16>, 0>&, BinaryWeights<150u, 16u, 1u> const&, ThresholdsActivation<1u, 16u, 1u, ap_int<8>, ap_uint<1>, 0, comp::less_equal<ap_int<8>, ap_int<8> > > const&, int, ap_resource_dflt const&)' (/home/changhong/prj/finn/deps/finn-hlslib/mvau.hpp:154:26)
INFO: [HLS 214-131] Inlining function 'ap_uint<150> const& Identity::operator()<ap_uint<150> >(ap_uint<150> const&) const' into 'void Matrix_Vector_Activate_Batch<150u, 16u, 150u, 16u, 1u, Recast<XnorMul>, Slice<ap_uint<1>, 1u>, Identity, ap_uint<150>, ap_uint<16>, BinaryWeights<150u, 16u, 1u>, ThresholdsActivation<1u, 16u, 1u, ap_int<8>, ap_uint<1>, 0, comp::less_equal<ap_int<8>, ap_int<8> > >, ap_resource_dflt>(hls::stream<ap_uint<150>, 0>&, hls::stream<ap_uint<16>, 0>&, BinaryWeights<150u, 16u, 1u> const&, ThresholdsActivation<1u, 16u, 1u, ap_int<8>, ap_uint<1>, 0, comp::less_equal<ap_int<8>, ap_int<8> > > const&, int, ap_resource_dflt const&)' (/home/changhong/prj/finn/deps/finn-hlslib/mvau.hpp:152:19)
INFO: [HLS 214-131] Inlining function 'BinaryWeights<150u, 16u, 1u>::TileIndex::operator[](unsigned int) const' into 'void Matrix_Vector_Activate_Batch<150u, 16u, 150u, 16u, 1u, Recast<XnorMul>, Slice<ap_uint<1>, 1u>, Identity, ap_uint<150>, ap_uint<16>, BinaryWeights<150u, 16u, 1u>, ThresholdsActivation<1u, 16u, 1u, ap_int<8>, ap_uint<1>, 0, comp::less_equal<ap_int<8>, ap_int<8> > >, ap_resource_dflt>(hls::stream<ap_uint<150>, 0>&, hls::stream<ap_uint<16>, 0>&, BinaryWeights<150u, 16u, 1u> const&, ThresholdsActivation<1u, 16u, 1u, ap_int<8>, ap_uint<1>, 0, comp::less_equal<ap_int<8>, ap_int<8> > > const&, int, ap_resource_dflt const&)' (/home/changhong/prj/finn/deps/finn-hlslib/mvau.hpp:152:30)
INFO: [HLS 214-131] Inlining function 'BinaryWeights<150u, 16u, 1u>::weights(unsigned int) const' into 'void Matrix_Vector_Activate_Batch<150u, 16u, 150u, 16u, 1u, Recast<XnorMul>, Slice<ap_uint<1>, 1u>, Identity, ap_uint<150>, ap_uint<16>, BinaryWeights<150u, 16u, 1u>, ThresholdsActivation<1u, 16u, 1u, ap_int<8>, ap_uint<1>, 0, comp::less_equal<ap_int<8>, ap_int<8> > >, ap_resource_dflt>(hls::stream<ap_uint<150>, 0>&, hls::stream<ap_uint<16>, 0>&, BinaryWeights<150u, 16u, 1u> const&, ThresholdsActivation<1u, 16u, 1u, ap_int<8>, ap_uint<1>, 0, comp::less_equal<ap_int<8>, ap_int<8> > > const&, int, ap_resource_dflt const&)' (/home/changhong/prj/finn/deps/finn-hlslib/mvau.hpp:149:29)
INFO: [HLS 214-377] Adding 'threshs' into disaggregation list because there's array-partition pragma applied on the struct field (/home/changhong/prj/finn/notebooks/EF-US-Engine-Free-Unstructured-Sparsity-Design-Alleviates-Accelerator-Bottlenecks/casestudy1/LeNet_MNIST_BNN/tmp/unfold/code_gen_ipgen_MVAU_hls_1_jpdinwdu/top_MVAU_hls_1.cpp:33:9)
INFO: [HLS 214-377] Adding 'threshs' into disaggregation list because there's array-partition pragma applied on the struct field (/home/changhong/prj/finn/notebooks/EF-US-Engine-Free-Unstructured-Sparsity-Design-Alleviates-Accelerator-Bottlenecks/casestudy1/LeNet_MNIST_BNN/tmp/unfold/code_gen_ipgen_MVAU_hls_1_jpdinwdu/top_MVAU_hls_1.cpp:32:9)
INFO: [HLS 214-377] Adding 'weights' into disaggregation list because there's array-partition pragma applied on the struct field (/home/changhong/prj/finn/notebooks/EF-US-Engine-Free-Unstructured-Sparsity-Design-Alleviates-Accelerator-Bottlenecks/casestudy1/LeNet_MNIST_BNN/tmp/unfold/code_gen_ipgen_MVAU_hls_1_jpdinwdu/top_MVAU_hls_1.cpp:31:9)
INFO: [HLS 214-210] Disaggregating variable 'weights' (/home/changhong/prj/finn/notebooks/EF-US-Engine-Free-Unstructured-Sparsity-Design-Alleviates-Accelerator-Bottlenecks/casestudy1/LeNet_MNIST_BNN/tmp/unfold/code_gen_ipgen_MVAU_hls_1_jpdinwdu/params.h:1:31)
INFO: [HLS 214-210] Disaggregating variable 'threshs' (/home/changhong/prj/finn/notebooks/EF-US-Engine-Free-Unstructured-Sparsity-Design-Alleviates-Accelerator-Bottlenecks/casestudy1/LeNet_MNIST_BNN/tmp/unfold/code_gen_ipgen_MVAU_hls_1_jpdinwdu/thresh.h:1:0)
INFO: [HLS 214-291] Loop 'VITIS_LOOP_139_2' is marked as complete unroll implied by the pipeline pragma (/home/changhong/prj/finn/deps/finn-hlslib/mvau.hpp:139:25)
INFO: [HLS 214-291] Loop 'VITIS_LOOP_141_3' is marked as complete unroll implied by the pipeline pragma (/home/changhong/prj/finn/deps/finn-hlslib/mvau.hpp:141:20)
INFO: [HLS 214-291] Loop 'VITIS_LOOP_150_4' is marked as complete unroll implied by the pipeline pragma (/home/changhong/prj/finn/deps/finn-hlslib/mvau.hpp:150:23)
INFO: [HLS 214-291] Loop 'VITIS_LOOP_153_5' is marked as complete unroll implied by the pipeline pragma (/home/changhong/prj/finn/deps/finn-hlslib/mvau.hpp:153:25)
INFO: [HLS 214-291] Loop 'VITIS_LOOP_167_1' is marked as complete unroll implied by the pipeline pragma (/home/changhong/prj/finn/deps/finn-hlslib/mac.hpp:167:21)
INFO: [HLS 214-291] Loop 'VITIS_LOOP_164_6' is marked as complete unroll implied by the pipeline pragma (/home/changhong/prj/finn/deps/finn-hlslib/mvau.hpp:164:25)
INFO: [HLS 214-291] Loop 'VITIS_LOOP_166_7' is marked as complete unroll implied by the pipeline pragma (/home/changhong/prj/finn/deps/finn-hlslib/mvau.hpp:166:20)
INFO: [HLS 214-291] Loop 'VITIS_LOOP_216_1' is marked as complete unroll implied by the pipeline pragma (/home/changhong/prj/finn/deps/finn-hlslib/activations.hpp:216:20)
INFO: [HLS 214-186] Unrolling loop 'VITIS_LOOP_139_2' (/home/changhong/prj/finn/deps/finn-hlslib/mvau.hpp:139:25) in function 'Matrix_Vector_Activate_Batch<150u, 16u, 150u, 16u, 1u, Recast<XnorMul>, Slice<ap_uint<1>, 1u>, Identity, ap_uint<150>, ap_uint<16>, BinaryWeights<150u, 16u, 1u>, ThresholdsActivation<1u, 16u, 1u, ap_int<8>, ap_uint<1>, 0, comp::less_equal<ap_int<8>, ap_int<8> > >, ap_resource_dflt>' completely with a factor of 16 (/home/changhong/prj/finn/deps/finn-hlslib/mvau.hpp:98:0)
INFO: [HLS 214-186] Unrolling loop 'VITIS_LOOP_141_3' (/home/changhong/prj/finn/deps/finn-hlslib/mvau.hpp:141:20) in function 'Matrix_Vector_Activate_Batch<150u, 16u, 150u, 16u, 1u, Recast<XnorMul>, Slice<ap_uint<1>, 1u>, Identity, ap_uint<150>, ap_uint<16>, BinaryWeights<150u, 16u, 1u>, ThresholdsActivation<1u, 16u, 1u, ap_int<8>, ap_uint<1>, 0, comp::less_equal<ap_int<8>, ap_int<8> > >, ap_resource_dflt>' completely with a factor of 1 (/home/changhong/prj/finn/deps/finn-hlslib/mvau.hpp:98:0)
INFO: [HLS 214-186] Unrolling loop 'VITIS_LOOP_150_4' (/home/changhong/prj/finn/deps/finn-hlslib/mvau.hpp:150:23) in function 'Matrix_Vector_Activate_Batch<150u, 16u, 150u, 16u, 1u, Recast<XnorMul>, Slice<ap_uint<1>, 1u>, Identity, ap_uint<150>, ap_uint<16>, BinaryWeights<150u, 16u, 1u>, ThresholdsActivation<1u, 16u, 1u, ap_int<8>, ap_uint<1>, 0, comp::less_equal<ap_int<8>, ap_int<8> > >, ap_resource_dflt>' completely with a factor of 16 (/home/changhong/prj/finn/deps/finn-hlslib/mvau.hpp:98:0)
INFO: [HLS 214-186] Unrolling loop 'VITIS_LOOP_153_5' (/home/changhong/prj/finn/deps/finn-hlslib/mvau.hpp:153:25) in function 'Matrix_Vector_Activate_Batch<150u, 16u, 150u, 16u, 1u, Recast<XnorMul>, Slice<ap_uint<1>, 1u>, Identity, ap_uint<150>, ap_uint<16>, BinaryWeights<150u, 16u, 1u>, ThresholdsActivation<1u, 16u, 1u, ap_int<8>, ap_uint<1>, 0, comp::less_equal<ap_int<8>, ap_int<8> > >, ap_resource_dflt>' completely with a factor of 1 (/home/changhong/prj/finn/deps/finn-hlslib/mvau.hpp:98:0)
INFO: [HLS 214-186] Unrolling loop 'VITIS_LOOP_167_1' (/home/changhong/prj/finn/deps/finn-hlslib/mac.hpp:167:21) in function 'Matrix_Vector_Activate_Batch<150u, 16u, 150u, 16u, 1u, Recast<XnorMul>, Slice<ap_uint<1>, 1u>, Identity, ap_uint<150>, ap_uint<16>, BinaryWeights<150u, 16u, 1u>, ThresholdsActivation<1u, 16u, 1u, ap_int<8>, ap_uint<1>, 0, comp::less_equal<ap_int<8>, ap_int<8> > >, ap_resource_dflt>' completely with a factor of 150 (/home/changhong/prj/finn/deps/finn-hlslib/mvau.hpp:98:0)
INFO: [HLS 214-186] Unrolling loop 'VITIS_LOOP_164_6' (/home/changhong/prj/finn/deps/finn-hlslib/mvau.hpp:164:25) in function 'Matrix_Vector_Activate_Batch<150u, 16u, 150u, 16u, 1u, Recast<XnorMul>, Slice<ap_uint<1>, 1u>, Identity, ap_uint<150>, ap_uint<16>, BinaryWeights<150u, 16u, 1u>, ThresholdsActivation<1u, 16u, 1u, ap_int<8>, ap_uint<1>, 0, comp::less_equal<ap_int<8>, ap_int<8> > >, ap_resource_dflt>' completely with a factor of 16 (/home/changhong/prj/finn/deps/finn-hlslib/mvau.hpp:98:0)
INFO: [HLS 214-186] Unrolling loop 'VITIS_LOOP_166_7' (/home/changhong/prj/finn/deps/finn-hlslib/mvau.hpp:166:20) in function 'Matrix_Vector_Activate_Batch<150u, 16u, 150u, 16u, 1u, Recast<XnorMul>, Slice<ap_uint<1>, 1u>, Identity, ap_uint<150>, ap_uint<16>, BinaryWeights<150u, 16u, 1u>, ThresholdsActivation<1u, 16u, 1u, ap_int<8>, ap_uint<1>, 0, comp::less_equal<ap_int<8>, ap_int<8> > >, ap_resource_dflt>' completely with a factor of 1 (/home/changhong/prj/finn/deps/finn-hlslib/mvau.hpp:98:0)
