
****** Vitis HLS - High-Level Synthesis from C, C++ and OpenCL v2022.2 (64-bit)
  **** SW Build 3670227 on Oct 13 2022
  **** IP Build 3669848 on Fri Oct 14 08:30:02 MDT 2022
    ** Copyright 1986-2022 Xilinx, Inc. All Rights Reserved.

source /tools/Xilinx/Vitis_HLS/2022.2/scripts/vitis_hls/hls.tcl -notrace
INFO: [HLS 200-10] Running '/tools/Xilinx/Vitis_HLS/2022.2/bin/unwrapped/lnx64.o/vitis_hls'
/tools/Xilinx/Vitis_HLS/2022.2/tps/tcl/tcl8.5/tzdata/Europe/Dublin can't be opened.
INFO: [HLS 200-10] For user 'root' on host 'finn_dev_root' (Linux_x86_64 version 6.8.0-60-generic) on Sun Jun 22 17:08:03 +0000 2025
INFO: [HLS 200-10] On os Ubuntu 22.04.1 LTS
INFO: [HLS 200-10] In directory '/home/changhong/prj/finn/notebooks/EF-US-Engine-Free-Unstructured-Sparsity-Design-Alleviates-Accelerator-Bottlenecks/casestudy1/LeNet_MNIST_BNN/build/auto/home/changhong/prj/finn/notebooks/EF-US-Engine-Free-Unstructured-Sparsity-Design-Alleviates-Accelerator-Bottlenecks/casestudy1/LeNet_MNIST_BNN/tmp/auto/code_gen_ipgen_StreamingMaxPool_hls_1_cmgyg_an'
Sourcing Tcl script '/home/changhong/prj/finn/notebooks/EF-US-Engine-Free-Unstructured-Sparsity-Design-Alleviates-Accelerator-Bottlenecks/casestudy1/LeNet_MNIST_BNN/build/auto/home/changhong/prj/finn/notebooks/EF-US-Engine-Free-Unstructured-Sparsity-Design-Alleviates-Accelerator-Bottlenecks/casestudy1/LeNet_MNIST_BNN/tmp/auto/code_gen_ipgen_StreamingMaxPool_hls_1_cmgyg_an/hls_syn_StreamingMaxPool_hls_1.tcl'
INFO: [HLS 200-1510] Running: source /home/changhong/prj/finn/notebooks/EF-US-Engine-Free-Unstructured-Sparsity-Design-Alleviates-Accelerator-Bottlenecks/casestudy1/LeNet_MNIST_BNN/build/auto/home/changhong/prj/finn/notebooks/EF-US-Engine-Free-Unstructured-Sparsity-Design-Alleviates-Accelerator-Bottlenecks/casestudy1/LeNet_MNIST_BNN/tmp/auto/code_gen_ipgen_StreamingMaxPool_hls_1_cmgyg_an/hls_syn_StreamingMaxPool_hls_1.tcl
HLS project: project_StreamingMaxPool_hls_1
HW source dir: /home/changhong/prj/finn/notebooks/EF-US-Engine-Free-Unstructured-Sparsity-Design-Alleviates-Accelerator-Bottlenecks/casestudy1/LeNet_MNIST_BNN/build/auto/home/changhong/prj/finn/notebooks/EF-US-Engine-Free-Unstructured-Sparsity-Design-Alleviates-Accelerator-Bottlenecks/casestudy1/LeNet_MNIST_BNN/tmp/auto/code_gen_ipgen_StreamingMaxPool_hls_1_cmgyg_an
finn-hlslib dir: /home/changhong/prj/finn/deps/finn-hlslib
custom HLS dir: /home/changhong/prj/finn/custom_hls
INFO: [HLS 200-1510] Running: open_project project_StreamingMaxPool_hls_1 
INFO: [HLS 200-10] Creating and opening project '/home/changhong/prj/finn/notebooks/EF-US-Engine-Free-Unstructured-Sparsity-Design-Alleviates-Accelerator-Bottlenecks/casestudy1/LeNet_MNIST_BNN/build/auto/home/changhong/prj/finn/notebooks/EF-US-Engine-Free-Unstructured-Sparsity-Design-Alleviates-Accelerator-Bottlenecks/casestudy1/LeNet_MNIST_BNN/tmp/auto/code_gen_ipgen_StreamingMaxPool_hls_1_cmgyg_an/project_StreamingMaxPool_hls_1'.
INFO: [HLS 200-1510] Running: add_files /home/changhong/prj/finn/notebooks/EF-US-Engine-Free-Unstructured-Sparsity-Design-Alleviates-Accelerator-Bottlenecks/casestudy1/LeNet_MNIST_BNN/build/auto/home/changhong/prj/finn/notebooks/EF-US-Engine-Free-Unstructured-Sparsity-Design-Alleviates-Accelerator-Bottlenecks/casestudy1/LeNet_MNIST_BNN/tmp/auto/code_gen_ipgen_StreamingMaxPool_hls_1_cmgyg_an/top_StreamingMaxPool_hls_1.cpp -cflags -std=c++14 -I/home/changhong/prj/finn/deps/finn-hlslib -I/home/changhong/prj/finn/custom_hls 
INFO: [HLS 200-10] Adding design file '/home/changhong/prj/finn/notebooks/EF-US-Engine-Free-Unstructured-Sparsity-Design-Alleviates-Accelerator-Bottlenecks/casestudy1/LeNet_MNIST_BNN/build/auto/home/changhong/prj/finn/notebooks/EF-US-Engine-Free-Unstructured-Sparsity-Design-Alleviates-Accelerator-Bottlenecks/casestudy1/LeNet_MNIST_BNN/tmp/auto/code_gen_ipgen_StreamingMaxPool_hls_1_cmgyg_an/top_StreamingMaxPool_hls_1.cpp' to the project
INFO: [HLS 200-1510] Running: set_top StreamingMaxPool_hls_1 
INFO: [HLS 200-1510] Running: open_solution sol1 
INFO: [HLS 200-10] Creating and opening solution '/home/changhong/prj/finn/notebooks/EF-US-Engine-Free-Unstructured-Sparsity-Design-Alleviates-Accelerator-Bottlenecks/casestudy1/LeNet_MNIST_BNN/build/auto/home/changhong/prj/finn/notebooks/EF-US-Engine-Free-Unstructured-Sparsity-Design-Alleviates-Accelerator-Bottlenecks/casestudy1/LeNet_MNIST_BNN/tmp/auto/code_gen_ipgen_StreamingMaxPool_hls_1_cmgyg_an/project_StreamingMaxPool_hls_1/sol1'.
INFO: [HLS 200-1505] Using default flow_target 'vivado'
Resolution: For help on HLS 200-1505 see www.xilinx.com/cgi-bin/docs/rdoc?v=2022.2;t=hls+guidance;d=200-1505.html
INFO: [HLS 200-435] Setting 'open_solution -flow_target vivado' configuration: config_interface -m_axi_latency=0
INFO: [HLS 200-1510] Running: set_part xczu7ev-ffvc1156-2-e 
INFO: [HLS 200-1611] Setting target device to 'xczu7ev-ffvc1156-2-e'
INFO: [HLS 200-1510] Running: config_compile -disable_unroll_code_size_check -pipeline_style flp 
WARNING: [XFORM 203-506] Disable code size check when do loop unroll.
WARNING: [HLS 200-643] The 'config_compile -disable_unroll_code_size_check' hidden command is deprecated and will be removed in a future release.
INFO: [HLS 200-1510] Running: config_interface -m_axi_addr64 
INFO: [HLS 200-1510] Running: config_rtl -module_auto_prefix 
INFO: [HLS 200-1510] Running: config_rtl -deadlock_detection none 
INFO: [HLS 200-1510] Running: create_clock -period 10.0 -name default 
INFO: [SYN 201-201] Setting up clock 'default' with a period of 10ns.
INFO: [HLS 200-1510] Running: csynth_design 
Running Dispatch Server on port: 38785
INFO: [HLS 200-111] Finished File checks and directory preparation: CPU user time: 0.01 seconds. CPU system time: 0.02 seconds. Elapsed time: 10.03 seconds; current allocated memory: 1.069 GB.
INFO: [HLS 200-10] Analyzing design file '/home/changhong/prj/finn/notebooks/EF-US-Engine-Free-Unstructured-Sparsity-Design-Alleviates-Accelerator-Bottlenecks/casestudy1/LeNet_MNIST_BNN/build/auto/home/changhong/prj/finn/notebooks/EF-US-Engine-Free-Unstructured-Sparsity-Design-Alleviates-Accelerator-Bottlenecks/casestudy1/LeNet_MNIST_BNN/tmp/auto/code_gen_ipgen_StreamingMaxPool_hls_1_cmgyg_an/top_StreamingMaxPool_hls_1.cpp' ... 
INFO: [HLS 200-111] Finished Source Code Analysis and Preprocessing: CPU user time: 4.79 seconds. CPU system time: 0.6 seconds. Elapsed time: 5.4 seconds; current allocated memory: 1.078 GB.
INFO: [HLS 200-777] Using interface defaults for 'Vivado' flow target.
INFO: [HLS 214-186] Unrolling loop 'VITIS_LOOP_73_1' (/home/changhong/prj/finn/deps/finn-hlslib/maxpool.h:73:20) in function 'StreamingMaxPool<10u, 2u, 16u>' completely with a factor of 5 (/home/changhong/prj/finn/deps/finn-hlslib/maxpool.h:69:0)
INFO: [HLS 214-178] Inlining function 'void StreamingMaxPool<10u, 2u, 16u>(hls::stream<ap_uint<16u>, 0>&, hls::stream<ap_uint<16u>, 0>&)' into 'StreamingMaxPool_hls_1(hls::stream<ap_uint<16>, 0>&, hls::stream<ap_uint<16>, 0>&)' (/home/changhong/prj/finn/notebooks/EF-US-Engine-Free-Unstructured-Sparsity-Design-Alleviates-Accelerator-Bottlenecks/casestudy1/LeNet_MNIST_BNN/build/auto/home/changhong/prj/finn/notebooks/EF-US-Engine-Free-Unstructured-Sparsity-Design-Alleviates-Accelerator-Bottlenecks/casestudy1/LeNet_MNIST_BNN/tmp/auto/code_gen_ipgen_StreamingMaxPool_hls_1_cmgyg_an/top_StreamingMaxPool_hls_1.cpp:17:0)
INFO: [HLS 200-111] Finished Compiling Optimization and Transform: CPU user time: 2.2 seconds. CPU system time: 0.44 seconds. Elapsed time: 2.64 seconds; current allocated memory: 1.078 GB.
INFO: [HLS 200-111] Finished Checking Pragmas: CPU user time: 0 seconds. CPU system time: 0 seconds. Elapsed time: 0 seconds; current allocated memory: 1.078 GB.
INFO: [HLS 200-10] Starting code transformations ...
INFO: [HLS 200-111] Finished Standard Transforms: CPU user time: 0.02 seconds. CPU system time: 0 seconds. Elapsed time: 0.02 seconds; current allocated memory: 1.079 GB.
INFO: [HLS 200-10] Checking synthesizability ...
INFO: [HLS 200-111] Finished Checking Synthesizability: CPU user time: 0.02 seconds. CPU system time: 0.01 seconds. Elapsed time: 0.03 seconds; current allocated memory: 1.082 GB.
INFO: [HLS 200-111] Finished Loop, function and other optimizations: CPU user time: 0.04 seconds. CPU system time: 0.01 seconds. Elapsed time: 0.05 seconds; current allocated memory: 1.105 GB.
INFO: [XFORM 203-541] Flattening a loop nest 'VITIS_LOOP_80_4' (/home/changhong/prj/finn/deps/finn-hlslib/maxpool.h:81:30) in function 'StreamingMaxPool_hls_1'.
INFO: [XFORM 203-541] Flattening a loop nest 'VITIS_LOOP_79_3' (/home/changhong/prj/finn/deps/finn-hlslib/maxpool.h:79:40) in function 'StreamingMaxPool_hls_1'.
WARNING: [HLS 200-960] Cannot flatten loop 'VITIS_LOOP_78_2' (/home/changhong/prj/finn/deps/finn-hlslib/maxpool.h:78:38) in function 'StreamingMaxPool_hls_1' more than one sub loop.
Resolution: For help on HLS 200-960 see www.xilinx.com/cgi-bin/docs/rdoc?v=2022.2;t=hls+guidance;d=200-960.html
INFO: [HLS 200-472] Inferring partial write operation for 'buf.V' (/home/changhong/prj/finn/deps/finn-hlslib/maxpool.h:75:9)
INFO: [HLS 200-472] Inferring partial write operation for 'buf.V' 
INFO: [HLS 200-472] Inferring partial write operation for 'buf.V' (/home/changhong/prj/finn/deps/finn-hlslib/maxpool.h:94:19)
INFO: [HLS 200-111] Finished Architecture Synthesis: CPU user time: 0.04 seconds. CPU system time: 0 seconds. Elapsed time: 0.04 seconds; current allocated memory: 1.115 GB.
INFO: [HLS 200-10] Starting hardware synthesis ...
INFO: [HLS 200-10] Synthesizing 'StreamingMaxPool_hls_1' ...
INFO: [HLS 200-10] ----------------------------------------------------------------
INFO: [HLS 200-42] -- Implementing module 'StreamingMaxPool_hls_1_Pipeline_VITIS_LOOP_79_3_VITIS_LOOP_80_4_VITIS_LOOP_82_5' 
INFO: [HLS 200-10] ----------------------------------------------------------------
INFO: [SCHED 204-11] Starting scheduling ...
INFO: [SCHED 204-61] Pipelining loop 'VITIS_LOOP_79_3_VITIS_LOOP_80_4_VITIS_LOOP_82_5'.
INFO: [HLS 200-1470] Pipelining result : Target II = 1, Final II = 1, Depth = 3, loop 'VITIS_LOOP_79_3_VITIS_LOOP_80_4_VITIS_LOOP_82_5'
INFO: [SCHED 204-11] Finished scheduling.
INFO: [HLS 200-111] Finished Scheduling: CPU user time: 0.03 seconds. CPU system time: 0.03 seconds. Elapsed time: 0.08 seconds; current allocated memory: 1.117 GB.
INFO: [BIND 205-100] Starting micro-architecture generation ...
INFO: [BIND 205-101] Performing variable lifetime analysis.
INFO: [BIND 205-101] Exploring resource sharing.
INFO: [BIND 205-101] Binding ...
INFO: [BIND 205-100] Finished micro-architecture generation.
INFO: [HLS 200-111] Finished Binding: CPU user time: 0.04 seconds. CPU system time: 0 seconds. Elapsed time: 0.04 seconds; current allocated memory: 1.117 GB.
INFO: [HLS 200-10] ----------------------------------------------------------------
INFO: [HLS 200-42] -- Implementing module 'StreamingMaxPool_hls_1_Pipeline_VITIS_LOOP_90_6' 
INFO: [HLS 200-10] ----------------------------------------------------------------
INFO: [SCHED 204-11] Starting scheduling ...
INFO: [SCHED 204-61] Pipelining loop 'VITIS_LOOP_90_6'.
INFO: [HLS 200-1470] Pipelining result : Target II = 1, Final II = 1, Depth = 2, loop 'VITIS_LOOP_90_6'
INFO: [SCHED 204-11] Finished scheduling.
INFO: [HLS 200-111] Finished Scheduling: CPU user time: 0.05 seconds. CPU system time: 0.01 seconds. Elapsed time: 0.06 seconds; current allocated memory: 1.117 GB.
INFO: [BIND 205-100] Starting micro-architecture generation ...
INFO: [BIND 205-101] Performing variable lifetime analysis.
INFO: [BIND 205-101] Exploring resource sharing.
INFO: [BIND 205-101] Binding ...
INFO: [BIND 205-100] Finished micro-architecture generation.
INFO: [HLS 200-111] Finished Binding: CPU user time: 0.01 seconds. CPU system time: 0 seconds. Elapsed time: 0.02 seconds; current allocated memory: 1.117 GB.
INFO: [HLS 200-10] ----------------------------------------------------------------
INFO: [HLS 200-42] -- Implementing module 'StreamingMaxPool_hls_1' 
INFO: [HLS 200-10] ----------------------------------------------------------------
INFO: [SCHED 204-11] Starting scheduling ...
INFO: [SCHED 204-11] Finished scheduling.
INFO: [HLS 200-111] Finished Scheduling: CPU user time: 0.03 seconds. CPU system time: 0 seconds. Elapsed time: 0.03 seconds; current allocated memory: 1.117 GB.
INFO: [BIND 205-100] Starting micro-architecture generation ...
INFO: [BIND 205-101] Performing variable lifetime analysis.
INFO: [BIND 205-101] Exploring resource sharing.
INFO: [BIND 205-101] Binding ...
INFO: [BIND 205-100] Finished micro-architecture generation.
INFO: [HLS 200-111] Finished Binding: CPU user time: 0.04 seconds. CPU system time: 0 seconds. Elapsed time: 0.04 seconds; current allocated memory: 1.117 GB.
INFO: [HLS 200-10] ----------------------------------------------------------------
INFO: [HLS 200-10] -- Generating RTL for module 'StreamingMaxPool_hls_1_Pipeline_VITIS_LOOP_79_3_VITIS_LOOP_80_4_VITIS_LOOP_82_5' 
INFO: [HLS 200-10] ----------------------------------------------------------------
INFO: [RTGEN 206-100] Finished creating RTL model for 'StreamingMaxPool_hls_1_Pipeline_VITIS_LOOP_79_3_VITIS_LOOP_80_4_VITIS_LOOP_82_5'.
INFO: [HLS 200-111] Finished Creating RTL model: CPU user time: 0.05 seconds. CPU system time: 0.01 seconds. Elapsed time: 0.06 seconds; current allocated memory: 1.117 GB.
INFO: [HLS 200-10] ----------------------------------------------------------------
INFO: [HLS 200-10] -- Generating RTL for module 'StreamingMaxPool_hls_1_Pipeline_VITIS_LOOP_90_6' 
INFO: [HLS 200-10] ----------------------------------------------------------------
INFO: [RTGEN 206-100] Finished creating RTL model for 'StreamingMaxPool_hls_1_Pipeline_VITIS_LOOP_90_6'.
INFO: [HLS 200-111] Finished Creating RTL model: CPU user time: 0.13 seconds. CPU system time: 0 seconds. Elapsed time: 0.13 seconds; current allocated memory: 1.118 GB.
INFO: [HLS 200-10] ----------------------------------------------------------------
INFO: [HLS 200-10] -- Generating RTL for module 'StreamingMaxPool_hls_1' 
INFO: [HLS 200-10] ----------------------------------------------------------------
WARNING: [RTGEN 206-101] Design contains AXI ports. Reset is fixed to synchronous and active low.
INFO: [RTGEN 206-500] Setting interface mode on port 'StreamingMaxPool_hls_1/in0_V' to 'axis' (register, both mode).
INFO: [RTGEN 206-500] Setting interface mode on port 'StreamingMaxPool_hls_1/out0_V' to 'axis' (register, both mode).
INFO: [RTGEN 206-500] Setting interface mode on function 'StreamingMaxPool_hls_1' to 'ap_ctrl_none'.
INFO: [RTGEN 206-100] Finished creating RTL model for 'StreamingMaxPool_hls_1'.
INFO: [RTMG 210-278] Implementing memory 'StreamingMaxPool_hls_1_buf_V_RAM_AUTO_1R1W' using auto RAMs.
INFO: [HLS 200-111] Finished Creating RTL model: CPU user time: 0.03 seconds. CPU system time: 0.01 seconds. Elapsed time: 0.04 seconds; current allocated memory: 1.119 GB.
INFO: [HLS 200-111] Finished Generating all RTL models: CPU user time: 0.17 seconds. CPU system time: 0.01 seconds. Elapsed time: 0.19 seconds; current allocated memory: 1.122 GB.
INFO: [HLS 200-111] Finished Updating report files: CPU user time: 0.21 seconds. CPU system time: 0.01 seconds. Elapsed time: 0.21 seconds; current allocated memory: 1.125 GB.
INFO: [VHDL 208-304] Generating VHDL RTL for StreamingMaxPool_hls_1.
INFO: [VLOG 209-307] Generating Verilog RTL for StreamingMaxPool_hls_1.
INFO: [HLS 200-790] **** Loop Constraint Status: All loop constraints were satisfied.
INFO: [HLS 200-789] **** Estimated Fmax: 397.06 MHz
INFO: [HLS 200-111] Finished Command csynth_design CPU user time: 7.9 seconds. CPU system time: 1.15 seconds. Elapsed time: 9.1 seconds; current allocated memory: 57.453 MB.
INFO: [HLS 200-1510] Running: export_design -format ip_catalog 
INFO: [IMPL 213-8] Exporting RTL as a Vivado IP.

****** Vivado v2022.2 (64-bit)
  **** SW Build 3671981 on Fri Oct 14 04:59:54 MDT 2022
  **** IP Build 3669848 on Fri Oct 14 08:30:02 MDT 2022
    ** Copyright 1986-2022 Xilinx, Inc. All Rights Reserved.

INFO: [Common 17-1239] XILINX_LOCAL_USER_DATA is set to 'no'.
source run_ippack.tcl -notrace
INFO: [IP_Flow 19-234] Refreshing IP repositories
INFO: [IP_Flow 19-1704] No user IP repositories specified
INFO: [IP_Flow 19-2313] Loaded Vivado IP repository '/tools/Xilinx/Vivado/2022.2/data/ip'.
INFO: [Common 17-206] Exiting Vivado at Sun Jun 22 17:08:33 2025...
INFO: [HLS 200-802] Generated output file project_StreamingMaxPool_hls_1/sol1/impl/export.zip
INFO: [HLS 200-111] Finished Command export_design CPU user time: 8.88 seconds. CPU system time: 0.86 seconds. Elapsed time: 15.07 seconds; current allocated memory: 6.094 MB.
INFO: [HLS 200-112] Total CPU user time: 18.61 seconds. Total CPU system time: 2.45 seconds. Total elapsed time: 36.35 seconds; peak allocated memory: 1.131 GB.
INFO: [Common 17-206] Exiting vitis_hls at Sun Jun 22 17:08:39 2025...
