Sun Jun 22 17:08:06 2025: Running xcd server. This server was built by gradle.
Sun Jun 22 17:08:06 2025: Server was asked to start on port: '46091'
Sun Jun 22 17:08:06 2025: Server is using token UUID: '98b9208a-7ff2-4916-aab3-c86c0ba369c1'
Sun Jun 22 17:08:06 2025: SESSION_MGR: creating session with session uuid: '6d04a3e9-ade5-4ab9-8d63-1f78fcd2ec76' and name 'default'
Sun Jun 22 17:08:06 2025: Attempting to start server on port '46091'
Sun Jun 22 17:08:06 2025: XCD main fifo: created main fifo '/tmp/xcdmain98b9208a-7ff2-4916-aab3-c86c0ba369c1', fd read = 12
Sun Jun 22 17:08:06 2025: Running Dispatch Server
Sun Jun 22 17:08:06 2025: Version 2.2.0
Sun Jun 22 17:08:15 2025: Dispatch Server: Accepted socket connection from client
Sun Jun 22 17:08:15 2025: Starting Socket connection
Sun Jun 22 17:08:15 2025: EXCHANGE_TOKEN received, server token: 98b9208a-7ff2-4916-aab3-c86c0ba369c1, passed token: 98b9208a-7ff2-4916-aab3-c86c0ba369c1
Sun Jun 22 17:08:15 2025: SESSION_MGR: creating session with session uuid: 'da929ddf-a95a-4624-9536-ff15491e0346' and name 'vitis_hls'
Sun Jun 22 17:08:15 2025: KERNEL_SVC: creating session with uuid: 'da929ddf-a95a-4624-9536-ff15491e0346' and name 'vitis_hls'
Sun Jun 22 17:08:15 2025: GUIDANCE_SMGR: creating guidance session with uuid: 'da929ddf-a95a-4624-9536-ff15491e0346' and name 'vitis_hls'
Sun Jun 22 17:08:45 2025: STOP_SERVER received, server token: 98b9208a-7ff2-4916-aab3-c86c0ba369c1, passed token: 98b9208a-7ff2-4916-aab3-c86c0ba369c1
Sun Jun 22 17:08:45 2025: Socket received request to stop server.
Sun Jun 22 17:08:45 2025: Dispatch Server: do_await_stop
Sun Jun 22 17:08:45 2025: Dispatch Server: stopping mainFifo_
Sun Jun 22 17:08:45 2025: XCD main fifo: Stopping
Sun Jun 22 17:08:45 2025: XCD main fifo: do_read error code: Operation canceled
Sun Jun 22 17:08:45 2025: XCD main fifo: bytes_transferred: 0
Sun Jun 22 17:08:45 2025: SERVER: destructor for server bound to port 46091
Sun Jun 22 17:08:45 2025: XCD main fifo: Good unlink of /tmp/xcdmain98b9208a-7ff2-4916-aab3-c86c0ba369c1
Sun Jun 22 17:08:45 2025: Server exiting with status 0.
Sun Jun 22 17:08:45 2025: Closing log file.
