==============================================================
Vitis HLS - High-Level Synthesis from C, C++ and OpenCL v2022.2 (64-bit)
Tool Version Limit: 2019.12
Copyright 1986-2022 Xilinx, Inc. All Rights Reserved.
==============================================================
INFO: [HLS 200-1505] Using default flow_target 'vivado'
INFO: [HLS 200-435] Setting 'open_solution -flow_target vivado' configuration: config_interface -m_axi_latency=0
INFO: [HLS 200-1510] Running: set_part xczu7ev-ffvc1156-2-e 
INFO: [HLS 200-1611] Setting target device to 'xczu7ev-ffvc1156-2-e'
INFO: [HLS 200-1510] Running: config_compile -disable_unroll_code_size_check -pipeline_style flp 
WARNING: [XFORM 203-506] Disable code size check when do loop unroll.
WARNING: [HLS 200-643] The 'config_compile -disable_unroll_code_size_check' hidden command is deprecated and will be removed in a future release.
INFO: [HLS 200-1510] Running: config_interface -m_axi_addr64 
INFO: [HLS 200-1510] Running: config_rtl -module_auto_prefix 
INFO: [HLS 200-1510] Running: config_rtl -deadlock_detection none 
INFO: [HLS 200-1510] Running: create_clock -period 10.0 -name default 
INFO: [SYN 201-201] Setting up clock 'default' with a period of 10ns.
INFO: [HLS 200-1510] Running: csynth_design 
INFO: [HLS 200-111] Finished File checks and directory preparation: CPU user time: 0.01 seconds. CPU system time: 0.02 seconds. Elapsed time: 10.04 seconds; current allocated memory: 1.072 GB.
INFO: [HLS 200-10] Analyzing design file '/home/changhong/prj/finn/notebooks/EF-US-Engine-Free-Unstructured-Sparsity-Design-Alleviates-Accelerator-Bottlenecks/casestudy1/LeNet_MNIST_BNN/tmp/unfold/code_gen_ipgen_MVAU_hls_0_viqcdo6f/top_MVAU_hls_0.cpp' ... 
INFO: [HLS 200-111] Finished Source Code Analysis and Preprocessing: CPU user time: 5.13 seconds. CPU system time: 0.67 seconds. Elapsed time: 5.84 seconds; current allocated memory: 1.080 GB.
INFO: [HLS 200-777] Using interface defaults for 'Vivado' flow target.
INFO: [HLS 214-131] Inlining function 'FixedPointWeights<25u, ap_int<2>, 6u, 1u>::TileIndex::TileIndex(FixedPointWeights<25u, ap_int<2>, 6u, 1u> const&, unsigned int)' into 'FixedPointWeights<25u, ap_int<2>, 6u, 1u>::weights(unsigned int) const' (/home/changhong/prj/finn/deps/finn-hlslib/weights.hpp:146:9)
INFO: [HLS 214-131] Inlining function 'Slice<ap_int<8>, 8u>::Container<ap_uint<200> >::Container(ap_uint<200> const&)' into 'Slice<ap_int<8>, 8u>::Container<ap_uint<200> > Slice<ap_int<8>, 8u>::operator()<ap_uint<200> >(ap_uint<200> const&, unsigned int) const' (/home/changhong/prj/finn/deps/finn-hlslib/interpret.hpp:243:9)
INFO: [HLS 214-131] Inlining function 'Slice<ap_int<8>, 8u>::Container<ap_uint<200> >::operator()(unsigned int, unsigned int) const' into 'ap_int<13> mac<25u, ap_int<13>, std::array<ap_int<2>, 25ul>, Slice<ap_int<8>, 8u>::Container<ap_uint<200> >, ap_resource_dflt>(ap_int<13> const&, std::array<ap_int<2>, 25ul> const&, Slice<ap_int<8>, 8u>::Container<ap_uint<200> > const&, ap_resource_dflt const&, unsigned int)' (/home/changhong/prj/finn/deps/finn-hlslib/mac.hpp:169:19)
INFO: [HLS 214-131] Inlining function 'decltype((fp) * (fp0)) mul<ap_int<2>, ap_int<8> >(ap_int<2> const&, ap_int<8> const&, ap_resource_dflt const&)' into 'ap_int<13> mac<25u, ap_int<13>, std::array<ap_int<2>, 25ul>, Slice<ap_int<8>, 8u>::Container<ap_uint<200> >, ap_resource_dflt>(ap_int<13> const&, std::array<ap_int<2>, 25ul> const&, Slice<ap_int<8>, 8u>::Container<ap_uint<200> > const&, ap_resource_dflt const&, unsigned int)' (/home/changhong/prj/finn/deps/finn-hlslib/mac.hpp:169:9)
INFO: [HLS 214-131] Inlining function 'Slice<ap_uint<1>, 1u>::Container<ap_uint<6> >::operator ap_uint<6> const&() const' into 'void Matrix_Vector_Activate_Batch<25u, 6u, 25u, 6u, 1u, Slice<ap_int<8>, 8u>, Slice<ap_uint<1>, 1u>, Identity, ap_uint<200>, ap_uint<6>, FixedPointWeights<25u, ap_int<2>, 6u, 1u>, ThresholdsActivation<1u, 6u, 1u, ap_int<13>, ap_uint<1>, 0, comp::less_equal<ap_int<13>, ap_int<13> > >, ap_resource_dflt>(hls::stream<ap_uint<200>, 0>&, hls::stream<ap_uint<6>, 0>&, FixedPointWeights<25u, ap_int<2>, 6u, 1u> const&, ThresholdsActivation<1u, 6u, 1u, ap_int<13>, ap_uint<1>, 0, comp::less_equal<ap_int<13>, ap_int<13> > > const&, int, ap_resource_dflt const&)' (/home/changhong/prj/finn/deps/finn-hlslib/mvau.hpp:171:17)
INFO: [HLS 214-131] Inlining function 'Slice<ap_uint<1>, 1u>::Container<ap_uint<6> >::operator()(unsigned int, unsigned int, bool) const' into 'void Matrix_Vector_Activate_Batch<25u, 6u, 25u, 6u, 1u, Slice<ap_int<8>, 8u>, Slice<ap_uint<1>, 1u>, Identity, ap_uint<200>, ap_uint<6>, FixedPointWeights<25u, ap_int<2>, 6u, 1u>, ThresholdsActivation<1u, 6u, 1u, ap_int<13>, ap_uint<1>, 0, comp::less_equal<ap_int<13>, ap_int<13> > >, ap_resource_dflt>(hls::stream<ap_uint<200>, 0>&, hls::stream<ap_uint<6>, 0>&, FixedPointWeights<25u, ap_int<2>, 6u, 1u> const&, ThresholdsActivation<1u, 6u, 1u, ap_int<13>, ap_uint<1>, 0, comp::less_equal<ap_int<13>, ap_int<13> > > const&, int, ap_resource_dflt const&)' (/home/changhong/prj/finn/deps/finn-hlslib/mvau.hpp:168:2)
INFO: [HLS 214-131] Inlining function 'ThresholdsActivation<1u, 6u, 1u, ap_int<13>, ap_uint<1>, 0, comp::less_equal<ap_int<13>, ap_int<13> > >::activate(unsigned int, unsigned int, ap_int<13> const&) const' into 'void Matrix_Vector_Activate_Batch<25u, 6u, 25u, 6u, 1u, Slice<ap_int<8>, 8u>, Slice<ap_uint<1>, 1u>, Identity, ap_uint<200>, ap_uint<6>, FixedPointWeights<25u, ap_int<2>, 6u, 1u>, ThresholdsActivation<1u, 6u, 1u, ap_int<13>, ap_uint<1>, 0, comp::less_equal<ap_int<13>, ap_int<13> > >, ap_resource_dflt>(hls::stream<ap_uint<200>, 0>&, hls::stream<ap_uint<6>, 0>&, FixedPointWeights<25u, ap_int<2>, 6u, 1u> const&, ThresholdsActivation<1u, 6u, 1u, ap_int<13>, ap_uint<1>, 0, comp::less_equal<ap_int<13>, ap_int<13> > > const&, int, ap_resource_dflt const&)' (/home/changhong/prj/finn/deps/finn-hlslib/mvau.hpp:168:33)
INFO: [HLS 214-131] Inlining function 'ThresholdsActivation<1u, 6u, 1u, ap_int<13>, ap_uint<1>, 0, comp::less_equal<ap_int<13>, ap_int<13> > >::init(unsigned int, unsigned int) const' into 'void Matrix_Vector_Activate_Batch<25u, 6u, 25u, 6u, 1u, Slice<ap_int<8>, 8u>, Slice<ap_uint<1>, 1u>, Identity, ap_uint<200>, ap_uint<6>, FixedPointWeights<25u, ap_int<2>, 6u, 1u>, ThresholdsActivation<1u, 6u, 1u, ap_int<13>, ap_uint<1>, 0, comp::less_equal<ap_int<13>, ap_int<13> > >, ap_resource_dflt>(hls::stream<ap_uint<200>, 0>&, hls::stream<ap_uint<6>, 0>&, FixedPointWeights<25u, ap_int<2>, 6u, 1u> const&, ThresholdsActivation<1u, 6u, 1u, ap_int<13>, ap_uint<1>, 0, comp::less_equal<ap_int<13>, ap_int<13> > > const&, int, ap_resource_dflt const&)' (/home/changhong/prj/finn/deps/finn-hlslib/mvau.hpp:143:29)
INFO: [HLS 214-131] Inlining function 'ap_int<13> mac<25u, ap_int<13>, std::array<ap_int<2>, 25ul>, Slice<ap_int<8>, 8u>::Container<ap_uint<200> >, ap_resource_dflt>(ap_int<13> const&, std::array<ap_int<2>, 25ul> const&, Slice<ap_int<8>, 8u>::Container<ap_uint<200> > const&, ap_resource_dflt const&, unsigned int)' into 'void Matrix_Vector_Activate_Batch<25u, 6u, 25u, 6u, 1u, Slice<ap_int<8>, 8u>, Slice<ap_uint<1>, 1u>, Identity, ap_uint<200>, ap_uint<6>, FixedPointWeights<25u, ap_int<2>, 6u, 1u>, ThresholdsActivation<1u, 6u, 1u, ap_int<13>, ap_uint<1>, 0, comp::less_equal<ap_int<13>, ap_int<13> > >, ap_resource_dflt>(hls::stream<ap_uint<200>, 0>&, hls::stream<ap_uint<6>, 0>&, FixedPointWeights<25u, ap_int<2>, 6u, 1u> const&, ThresholdsActivation<1u, 6u, 1u, ap_int<13>, ap_uint<1>, 0, comp::less_equal<ap_int<13>, ap_int<13> > > const&, int, ap_resource_dflt const&)' (/home/changhong/prj/finn/deps/finn-hlslib/mvau.hpp:155:25)
INFO: [HLS 214-131] Inlining function 'FixedPointWeights<25u, ap_int<2>, 6u, 1u>::weights(unsigned int) const' into 'void Matrix_Vector_Activate_Batch<25u, 6u, 25u, 6u, 1u, Slice<ap_int<8>, 8u>, Slice<ap_uint<1>, 1u>, Identity, ap_uint<200>, ap_uint<6>, FixedPointWeights<25u, ap_int<2>, 6u, 1u>, ThresholdsActivation<1u, 6u, 1u, ap_int<13>, ap_uint<1>, 0, comp::less_equal<ap_int<13>, ap_int<13> > >, ap_resource_dflt>(hls::stream<ap_uint<200>, 0>&, hls::stream<ap_uint<6>, 0>&, FixedPointWeights<25u, ap_int<2>, 6u, 1u> const&, ThresholdsActivation<1u, 6u, 1u, ap_int<13>, ap_uint<1>, 0, comp::less_equal<ap_int<13>, ap_int<13> > > const&, int, ap_resource_dflt const&)' (/home/changhong/prj/finn/deps/finn-hlslib/mvau.hpp:149:29)
INFO: [HLS 214-131] Inlining function 'FixedPointWeights<25u, ap_int<2>, 6u, 1u>::TileIndex::operator[](unsigned int) const' into 'void Matrix_Vector_Activate_Batch<25u, 6u, 25u, 6u, 1u, Slice<ap_int<8>, 8u>, Slice<ap_uint<1>, 1u>, Identity, ap_uint<200>, ap_uint<6>, FixedPointWeights<25u, ap_int<2>, 6u, 1u>, ThresholdsActivation<1u, 6u, 1u, ap_int<13>, ap_uint<1>, 0, comp::less_equal<ap_int<13>, ap_int<13> > >, ap_resource_dflt>(hls::stream<ap_uint<200>, 0>&, hls::stream<ap_uint<6>, 0>&, FixedPointWeights<25u, ap_int<2>, 6u, 1u> const&, ThresholdsActivation<1u, 6u, 1u, ap_int<13>, ap_uint<1>, 0, comp::less_equal<ap_int<13>, ap_int<13> > > const&, int, ap_resource_dflt const&)' (/home/changhong/prj/finn/deps/finn-hlslib/mvau.hpp:152:30)
INFO: [HLS 214-131] Inlining function 'std::array<ap_int<2>, 25ul> const& Identity::operator()<std::array<ap_int<2>, 25ul> >(std::array<ap_int<2>, 25ul> const&) const' into 'void Matrix_Vector_Activate_Batch<25u, 6u, 25u, 6u, 1u, Slice<ap_int<8>, 8u>, Slice<ap_uint<1>, 1u>, Identity, ap_uint<200>, ap_uint<6>, FixedPointWeights<25u, ap_int<2>, 6u, 1u>, ThresholdsActivation<1u, 6u, 1u, ap_int<13>, ap_uint<1>, 0, comp::less_equal<ap_int<13>, ap_int<13> > >, ap_resource_dflt>(hls::stream<ap_uint<200>, 0>&, hls::stream<ap_uint<6>, 0>&, FixedPointWeights<25u, ap_int<2>, 6u, 1u> const&, ThresholdsActivation<1u, 6u, 1u, ap_int<13>, ap_uint<1>, 0, comp::less_equal<ap_int<13>, ap_int<13> > > const&, int, ap_resource_dflt const&)' (/home/changhong/prj/finn/deps/finn-hlslib/mvau.hpp:152:19)
INFO: [HLS 214-131] Inlining function 'Slice<ap_int<8>, 8u>::Container<ap_uint<200> > Slice<ap_int<8>, 8u>::operator()<ap_uint<200> >(ap_uint<200> const&, unsigned int) const' into 'void Matrix_Vector_Activate_Batch<25u, 6u, 25u, 6u, 1u, Slice<ap_int<8>, 8u>, Slice<ap_uint<1>, 1u>, Identity, ap_uint<200>, ap_uint<6>, FixedPointWeights<25u, ap_int<2>, 6u, 1u>, ThresholdsActivation<1u, 6u, 1u, ap_int<13>, ap_uint<1>, 0, comp::less_equal<ap_int<13>, ap_int<13> > >, ap_resource_dflt>(hls::stream<ap_uint<200>, 0>&, hls::stream<ap_uint<6>, 0>&, FixedPointWeights<25u, ap_int<2>, 6u, 1u> const&, ThresholdsActivation<1u, 6u, 1u, ap_int<13>, ap_uint<1>, 0, comp::less_equal<ap_int<13>, ap_int<13> > > const&, int, ap_resource_dflt const&)' (/home/changhong/prj/finn/deps/finn-hlslib/mvau.hpp:154:26)
INFO: [HLS 214-377] Adding 'threshs' into disaggregation list because there's array-partition pragma applied on the struct field (/home/changhong/prj/finn/notebooks/EF-US-Engine-Free-Unstructured-Sparsity-Design-Alleviates-Accelerator-Bottlenecks/casestudy1/LeNet_MNIST_BNN/tmp/unfold/code_gen_ipgen_MVAU_hls_0_viqcdo6f/top_MVAU_hls_0.cpp:33:9)
INFO: [HLS 214-377] Adding 'threshs' into disaggregation list because there's array-partition pragma applied on the struct field (/home/changhong/prj/finn/notebooks/EF-US-Engine-Free-Unstructured-Sparsity-Design-Alleviates-Accelerator-Bottlenecks/casestudy1/LeNet_MNIST_BNN/tmp/unfold/code_gen_ipgen_MVAU_hls_0_viqcdo6f/top_MVAU_hls_0.cpp:32:9)
INFO: [HLS 214-377] Adding 'weights' into disaggregation list because there's array-partition pragma applied on the struct field (/home/changhong/prj/finn/notebooks/EF-US-Engine-Free-Unstructured-Sparsity-Design-Alleviates-Accelerator-Bottlenecks/casestudy1/LeNet_MNIST_BNN/tmp/unfold/code_gen_ipgen_MVAU_hls_0_viqcdo6f/top_MVAU_hls_0.cpp:31:9)
INFO: [HLS 214-210] Disaggregating variable 'weights' (/home/changhong/prj/finn/notebooks/EF-US-Engine-Free-Unstructured-Sparsity-Design-Alleviates-Accelerator-Bottlenecks/casestudy1/LeNet_MNIST_BNN/tmp/unfold/code_gen_ipgen_MVAU_hls_0_viqcdo6f/params.h:1:43)
INFO: [HLS 214-210] Disaggregating variable 'threshs' (/home/changhong/prj/finn/notebooks/EF-US-Engine-Free-Unstructured-Sparsity-Design-Alleviates-Accelerator-Bottlenecks/casestudy1/LeNet_MNIST_BNN/tmp/unfold/code_gen_ipgen_MVAU_hls_0_viqcdo6f/thresh.h:1:0)
INFO: [HLS 214-291] Loop 'VITIS_LOOP_139_2' is marked as complete unroll implied by the pipeline pragma (/home/changhong/prj/finn/deps/finn-hlslib/mvau.hpp:139:25)
INFO: [HLS 214-291] Loop 'VITIS_LOOP_141_3' is marked as complete unroll implied by the pipeline pragma (/home/changhong/prj/finn/deps/finn-hlslib/mvau.hpp:141:20)
INFO: [HLS 214-291] Loop 'VITIS_LOOP_150_4' is marked as complete unroll implied by the pipeline pragma (/home/changhong/prj/finn/deps/finn-hlslib/mvau.hpp:150:23)
INFO: [HLS 214-291] Loop 'VITIS_LOOP_134_1' is marked as complete unroll implied by the pipeline pragma (/home/changhong/prj/finn/deps/finn-hlslib/weights.hpp:134:22)
INFO: [HLS 214-291] Loop 'VITIS_LOOP_153_5' is marked as complete unroll implied by the pipeline pragma (/home/changhong/prj/finn/deps/finn-hlslib/mvau.hpp:153:25)
INFO: [HLS 214-291] Loop 'VITIS_LOOP_167_1' is marked as complete unroll implied by the pipeline pragma (/home/changhong/prj/finn/deps/finn-hlslib/mac.hpp:167:21)
INFO: [HLS 214-291] Loop 'VITIS_LOOP_164_6' is marked as complete unroll implied by the pipeline pragma (/home/changhong/prj/finn/deps/finn-hlslib/mvau.hpp:164:25)
INFO: [HLS 214-291] Loop 'VITIS_LOOP_166_7' is marked as complete unroll implied by the pipeline pragma (/home/changhong/prj/finn/deps/finn-hlslib/mvau.hpp:166:20)
INFO: [HLS 214-291] Loop 'VITIS_LOOP_216_1' is marked as complete unroll implied by the pipeline pragma (/home/changhong/prj/finn/deps/finn-hlslib/activations.hpp:216:20)
INFO: [HLS 214-186] Unrolling loop 'VITIS_LOOP_139_2' (/home/changhong/prj/finn/deps/finn-hlslib/mvau.hpp:139:25) in function 'Matrix_Vector_Activate_Batch<25u, 6u, 25u, 6u, 1u, Slice<ap_int<8>, 8u>, Slice<ap_uint<1>, 1u>, Identity, ap_uint<200>, ap_uint<6>, FixedPointWeights<25u, ap_int<2>, 6u, 1u>, ThresholdsActivation<1u, 6u, 1u, ap_int<13>, ap_uint<1>, 0, comp::less_equal<ap_int<13>, ap_int<13> > >, ap_resource_dflt>' completely with a factor of 6 (/home/changhong/prj/finn/deps/finn-hlslib/mvau.hpp:98:0)
INFO: [HLS 214-186] Unrolling loop 'VITIS_LOOP_141_3' (/home/changhong/prj/finn/deps/finn-hlslib/mvau.hpp:141:20) in function 'Matrix_Vector_Activate_Batch<25u, 6u, 25u, 6u, 1u, Slice<ap_int<8>, 8u>, Slice<ap_uint<1>, 1u>, Identity, ap_uint<200>, ap_uint<6>, FixedPointWeights<25u, ap_int<2>, 6u, 1u>, ThresholdsActivation<1u, 6u, 1u, ap_int<13>, ap_uint<1>, 0, comp::less_equal<ap_int<13>, ap_int<13> > >, ap_resource_dflt>' completely with a factor of 1 (/home/changhong/prj/finn/deps/finn-hlslib/mvau.hpp:98:0)
INFO: [HLS 214-186] Unrolling loop 'VITIS_LOOP_150_4' (/home/changhong/prj/finn/deps/finn-hlslib/mvau.hpp:150:23) in function 'Matrix_Vector_Activate_Batch<25u, 6u, 25u, 6u, 1u, Slice<ap_int<8>, 8u>, Slice<ap_uint<1>, 1u>, Identity, ap_uint<200>, ap_uint<6>, FixedPointWeights<25u, ap_int<2>, 6u, 1u>, ThresholdsActivation<1u, 6u, 1u, ap_int<13>, ap_uint<1>, 0, comp::less_equal<ap_int<13>, ap_int<13> > >, ap_resource_dflt>' completely with a factor of 6 (/home/changhong/prj/finn/deps/finn-hlslib/mvau.hpp:98:0)
INFO: [HLS 214-186] Unrolling loop 'VITIS_LOOP_153_5' (/home/changhong/prj/finn/deps/finn-hlslib/mvau.hpp:153:25) in function 'Matrix_Vector_Activate_Batch<25u, 6u, 25u, 6u, 1u, Slice<ap_int<8>, 8u>, Slice<ap_uint<1>, 1u>, Identity, ap_uint<200>, ap_uint<6>, FixedPointWeights<25u, ap_int<2>, 6u, 1u>, ThresholdsActivation<1u, 6u, 1u, ap_int<13>, ap_uint<1>, 0, comp::less_equal<ap_int<13>, ap_int<13> > >, ap_resource_dflt>' completely with a factor of 1 (/home/changhong/prj/finn/deps/finn-hlslib/mvau.hpp:98:0)
INFO: [HLS 214-186] Unrolling loop 'VITIS_LOOP_167_1' (/home/changhong/prj/finn/deps/finn-hlslib/mac.hpp:167:21) in function 'Matrix_Vector_Activate_Batch<25u, 6u, 25u, 6u, 1u, Slice<ap_int<8>, 8u>, Slice<ap_uint<1>, 1u>, Identity, ap_uint<200>, ap_uint<6>, FixedPointWeights<25u, ap_int<2>, 6u, 1u>, ThresholdsActivation<1u, 6u, 1u, ap_int<13>, ap_uint<1>, 0, comp::less_equal<ap_int<13>, ap_int<13> > >, ap_resource_dflt>' completely with a factor of 25 (/home/changhong/prj/finn/deps/finn-hlslib/mvau.hpp:98:0)
INFO: [HLS 214-186] Unrolling loop 'VITIS_LOOP_134_1' (/home/changhong/prj/finn/deps/finn-hlslib/weights.hpp:134:22) in function 'Matrix_Vector_Activate_Batch<25u, 6u, 25u, 6u, 1u, Slice<ap_int<8>, 8u>, Slice<ap_uint<1>, 1u>, Identity, ap_uint<200>, ap_uint<6>, FixedPointWeights<25u, ap_int<2>, 6u, 1u>, ThresholdsActivation<1u, 6u, 1u, ap_int<13>, ap_uint<1>, 0, comp::less_equal<ap_int<13>, ap_int<13> > >, ap_resource_dflt>' completely with a factor of 25 (/home/changhong/prj/finn/deps/finn-hlslib/mvau.hpp:98:0)
INFO: [HLS 214-186] Unrolling loop 'VITIS_LOOP_164_6' (/home/changhong/prj/finn/deps/finn-hlslib/mvau.hpp:164:25) in function 'Matrix_Vector_Activate_Batch<25u, 6u, 25u, 6u, 1u, Slice<ap_int<8>, 8u>, Slice<ap_uint<1>, 1u>, Identity, ap_uint<200>, ap_uint<6>, FixedPointWeights<25u, ap_int<2>, 6u, 1u>, ThresholdsActivation<1u, 6u, 1u, ap_int<13>, ap_uint<1>, 0, comp::less_equal<ap_int<13>, ap_int<13> > >, ap_resource_dflt>' completely with a factor of 6 (/home/changhong/prj/finn/deps/finn-hlslib/mvau.hpp:98:0)
INFO: [HLS 214-186] Unrolling loop 'VITIS_LOOP_166_7' (/home/changhong/prj/finn/deps/finn-hlslib/mvau.hpp:166:20) in function 'Matrix_Vector_Activate_Batch<25u, 6u, 25u, 6u, 1u, Slice<ap_int<8>, 8u>, Slice<ap_uint<1>, 1u>, Identity, ap_uint<200>, ap_uint<6>, FixedPointWeights<25u, ap_int<2>, 6u, 1u>, ThresholdsActivation<1u, 6u, 1u, ap_int<13>, ap_uint<1>, 0, comp::less_equal<ap_int<13>, ap_int<13> > >, ap_resource_dflt>' completely with a factor of 1 (/home/changhong/prj/finn/deps/finn-hlslib/mvau.hpp:98:0)
INFO: [HLS 214-186] Unrolling loop 'VITIS_LOOP_216_1' (/home/changhong/prj/finn/deps/finn-hlslib/activations.hpp:216:20) in function 'Matrix_Vector_Activate_Batch<25u, 6u, 25u, 6u, 1u, Slice<ap_int<8>, 8u>, Slice<ap_uint<1>, 1u>, Identity, ap_uint<200>, ap_uint<6>, FixedPointWeights<25u, ap_int<2>, 6u, 1u>, ThresholdsActivation<1u, 6u, 1u, ap_int<13>, ap_uint<1>, 0, comp::less_equal<ap_int<13>, ap_int<13> > >, ap_resource_dflt>' completely with a factor of 1 (/home/changhong/prj/finn/deps/finn-hlslib/mvau.hpp:98:0)
INFO: [HLS 214-178] Inlining function 'std::__array_traits<ap_int<2>, 25ul>::_S_ref(ap_int<2> const (&) [25], unsigned long)' into 'std::array<ap_int<2>, 25ul>::operator[](unsigned long)' (/tools/Xilinx/Vitis_HLS/2022.2/tps/lnx64/gcc-8.3.0/lib/gcc/x86_64-pc-linux-gnu/8.3.0/../../../../include/c++/8.3.0/array:186:0)
INFO: [HLS 214-178] Inlining function 'std::__array_traits<ap_int<2>, 25ul>::_S_ref(ap_int<2> const (&) [25], unsigned long)' into 'std::array<ap_int<2>, 25ul>::operator[](unsigned long) const' (/tools/Xilinx/Vitis_HLS/2022.2/tps/lnx64/gcc-8.3.0/lib/gcc/x86_64-pc-linux-gnu/8.3.0/../../../../include/c++/8.3.0/array:190:0)
INFO: [HLS 214-178] Inlining function 'std::array<ap_int<2>, 25ul>::operator[](unsigned long)' into 'void Matrix_Vector_Activate_Batch<25u, 6u, 25u, 6u, 1u, Slice<ap_int<8>, 8u>, Slice<ap_uint<1>, 1u>, Identity, ap_uint<200>, ap_uint<6>, FixedPointWeights<25u, ap_int<2>, 6u, 1u>, ThresholdsActivation<1u, 6u, 1u, ap_int<13>, ap_uint<1>, 0, comp::less_equal<ap_int<13>, ap_int<13> > >, ap_resource_dflt>(hls::stream<ap_uint<200>, 0>&, hls::stream<ap_uint<6>, 0>&, FixedPointWeights<25u, ap_int<2>, 6u, 1u> const&, ThresholdsActivation<1u, 6u, 1u, ap_int<13>, ap_uint<1>, 0, comp::less_equal<ap_int<13>, ap_int<13> > > const&, int, ap_resource_dflt const&)' (/home/changhong/prj/finn/deps/finn-hlslib/mvau.hpp:98:0)
INFO: [HLS 214-178] Inlining function 'std::array<ap_int<2>, 25ul>::operator[](unsigned long) const' into 'void Matrix_Vector_Activate_Batch<25u, 6u, 25u, 6u, 1u, Slice<ap_int<8>, 8u>, Slice<ap_uint<1>, 1u>, Identity, ap_uint<200>, ap_uint<6>, FixedPointWeights<25u, ap_int<2>, 6u, 1u>, ThresholdsActivation<1u, 6u, 1u, ap_int<13>, ap_uint<1>, 0, comp::less_equal<ap_int<13>, ap_int<13> > >, ap_resource_dflt>(hls::stream<ap_uint<200>, 0>&, hls::stream<ap_uint<6>, 0>&, FixedPointWeights<25u, ap_int<2>, 6u, 1u> const&, ThresholdsActivation<1u, 6u, 1u, ap_int<13>, ap_uint<1>, 0, comp::less_equal<ap_int<13>, ap_int<13> > > const&, int, ap_resource_dflt const&)' (/home/changhong/prj/finn/deps/finn-hlslib/mvau.hpp:98:0)
INFO: [HLS 214-178] Inlining function 'comp::less_equal<ap_int<13>, ap_int<13> >::operator()(ap_int<13> const&, ap_int<13> const&) const' into 'void Matrix_Vector_Activate_Batch<25u, 6u, 25u, 6u, 1u, Slice<ap_int<8>, 8u>, Slice<ap_uint<1>, 1u>, Identity, ap_uint<200>, ap_uint<6>, FixedPointWeights<25u, ap_int<2>, 6u, 1u>, ThresholdsActivation<1u, 6u, 1u, ap_int<13>, ap_uint<1>, 0, comp::less_equal<ap_int<13>, ap_int<13> > >, ap_resource_dflt>(hls::stream<ap_uint<200>, 0>&, hls::stream<ap_uint<6>, 0>&, FixedPointWeights<25u, ap_int<2>, 6u, 1u> const&, ThresholdsActivation<1u, 6u, 1u, ap_int<13>, ap_uint<1>, 0, comp::less_equal<ap_int<13>, ap_int<13> > > const&, int, ap_resource_dflt const&)' (/home/changhong/prj/finn/deps/finn-hlslib/mvau.hpp:98:0)
INFO: [HLS 214-248] Applying array_partition to '_ZL7threshs': Complete partitioning on dimension 1. Complete partitioning on dimension 3. (/home/changhong/prj/finn/notebooks/EF-US-Engine-Free-Unstructured-Sparsity-Design-Alleviates-Accelerator-Bottlenecks/casestudy1/LeNet_MNIST_BNN/tmp/unfold/code_gen_ipgen_MVAU_hls_0_viqcdo6f/thresh.h:1:0)
INFO: [HLS 214-248] Applying array_partition to 'weights': Complete partitioning on dimension 1.
INFO: [HLS 214-364] Automatically inlining function 'ap_int<8> Caster<ap_int<8> >::cast<8>(ap_int<8> const&)' to improve effectiveness of pipeline pragma in function 'void Matrix_Vector_Activate_Batch<25u, 6u, 25u, 6u, 1u, Slice<ap_int<8>, 8u>, Slice<ap_uint<1>, 1u>, Identity, ap_uint<200>, ap_uint<6>, FixedPointWeights<25u, ap_int<2>, 6u, 1u>, ThresholdsActivation<1u, 6u, 1u, ap_int<13>, ap_uint<1>, 0, comp::less_equal<ap_int<13>, ap_int<13> > >, ap_resource_dflt>(hls::stream<ap_uint<200>, 0>&, hls::stream<ap_uint<6>, 0>&, FixedPointWeights<25u, ap_int<2>, 6u, 1u> const&, ThresholdsActivation<1u, 6u, 1u, ap_int<13>, ap_uint<1>, 0, comp::less_equal<ap_int<13>, ap_int<13> > > const&, int, ap_resource_dflt const&)' (/home/changhong/prj/finn/deps/finn-hlslib/interpret.hpp:217:14)
INFO: [HLS 200-111] Finished Compiling Optimization and Transform: CPU user time: 3.2 seconds. CPU system time: 0.48 seconds. Elapsed time: 3.7 seconds; current allocated memory: 1.082 GB.
INFO: [HLS 200-111] Finished Checking Pragmas: CPU user time: 0 seconds. CPU system time: 0 seconds. Elapsed time: 0 seconds; current allocated memory: 1.082 GB.
INFO: [HLS 200-10] Starting code transformations ...
INFO: [HLS 200-111] Finished Standard Transforms: CPU user time: 0.03 seconds. CPU system time: 0.01 seconds. Elapsed time: 0.03 seconds; current allocated memory: 1.089 GB.
INFO: [HLS 200-10] Checking synthesizability ...
INFO: [HLS 200-111] Finished Checking Synthesizability: CPU user time: 0.05 seconds. CPU system time: 0.01 seconds. Elapsed time: 0.06 seconds; current allocated memory: 1.099 GB.
INFO: [XFORM 203-11] Balancing expressions in function 'Matrix_Vector_Activate_Batch<25u, 6u, 25u, 6u, 1u, Slice<ap_int<8>, 8u>, Slice<ap_uint<1>, 1u>, Identity, ap_uint<200>, ap_uint<6>, FixedPointWeights<25u, ap_int<2>, 6u, 1u>, ThresholdsActivation<1u, 6u, 1u, ap_int<13>, ap_uint<1>, 0, comp::less_equal<ap_int<13>, ap_int<13> > >, ap_resource_dflt>' (/home/changhong/prj/finn/deps/finn-hlslib/mvau.hpp:98:21)...136 expression(s) balanced.
INFO: [HLS 200-111] Finished Loop, function and other optimizations: CPU user time: 0.09 seconds. CPU system time: 0.01 seconds. Elapsed time: 0.11 seconds; current allocated memory: 1.130 GB.
INFO: [HLS 200-111] Finished Architecture Synthesis: CPU user time: 0.05 seconds. CPU system time: 0 seconds. Elapsed time: 0.05 seconds; current allocated memory: 1.139 GB.
INFO: [HLS 200-10] Starting hardware synthesis ...
INFO: [HLS 200-10] Synthesizing 'MVAU_hls_0' ...
INFO: [HLS 200-10] ----------------------------------------------------------------
INFO: [HLS 200-42] -- Implementing module 'Matrix_Vector_Activate_Batch' 
INFO: [HLS 200-10] ----------------------------------------------------------------
INFO: [SCHED 204-11] Starting scheduling ...
INFO: [SCHED 204-61] Pipelining loop 'VITIS_LOOP_123_1'.
INFO: [HLS 200-1470] Pipelining result : Target II = 1, Final II = 1, Depth = 2, loop 'VITIS_LOOP_123_1'
INFO: [SCHED 204-11] Finished scheduling.
INFO: [HLS 200-111] Finished Scheduling: CPU user time: 0.22 seconds. CPU system time: 0.03 seconds. Elapsed time: 0.25 seconds; current allocated memory: 1.139 GB.
INFO: [BIND 205-100] Starting micro-architecture generation ...
INFO: [BIND 205-101] Performing variable lifetime analysis.
INFO: [BIND 205-101] Exploring resource sharing.
INFO: [BIND 205-101] Binding ...
INFO: [BIND 205-100] Finished micro-architecture generation.
INFO: [HLS 200-111] Finished Binding: CPU user time: 0.18 seconds. CPU system time: 0.01 seconds. Elapsed time: 0.19 seconds; current allocated memory: 1.139 GB.
INFO: [HLS 200-10] ----------------------------------------------------------------
INFO: [HLS 200-42] -- Implementing module 'MVAU_hls_0' 
INFO: [HLS 200-10] ----------------------------------------------------------------
INFO: [SCHED 204-11] Starting scheduling ...
INFO: [SCHED 204-11] 