

================================================================
== Vitis HLS Report for 'Matrix_Vector_Activate_Batch'
================================================================
* Date:           Sun Jun 22 17:18:20 2025

* Version:        2022.2 (Build 3670227 on Oct 13 2022)
* Project:        project_MVAU_hls_4
* Solution:       sol1 (Vivado IP Flow Target)
* Product family: zynquplus
* Target device:  xczu7ev-ffvc1156-2-e


================================================================
== Performance Estimates
================================================================
+ Timing: 
    * Summary: 
    +--------+----------+----------+------------+
    |  Clock |  Target  | Estimated| Uncertainty|
    +--------+----------+----------+------------+
    |ap_clk  |  10.00 ns|  6.112 ns|     2.70 ns|
    +--------+----------+----------+------------+

+ Latency: 
    * Summary: 
    +---------+---------+-----------+-----------+-----+-----+---------+
    |  Latency (cycles) |   Latency (absolute)  |  Interval | Pipeline|
    |   min   |   max   |    min    |    max    | min | max |   Type  |
    +---------+---------+-----------+-----------+-----+-----+---------+
    |        1|        1|  10.000 ns|  10.000 ns|    1|    1|       no|
    +---------+---------+-----------+-----------+-----+-----+---------+

    + Detail: 
        * Instance: 
        N/A

        * Loop: 
        N/A



================================================================
== Utilization Estimates
================================================================
* Summary: 
+-----------------+---------+------+--------+--------+-----+
|       Name      | BRAM_18K|  DSP |   FF   |   LUT  | URAM|
+-----------------+---------+------+--------+--------+-----+
|DSP              |        -|     -|       -|       -|    -|
|Expression       |        -|     -|       0|    6131|    -|
|FIFO             |        -|     -|       -|       -|    -|
|Instance         |        -|     -|       -|       -|    -|
|Memory           |        -|     -|       -|       -|    -|
|Multiplexer      |        -|     -|       -|      32|    -|
|Register         |        -|     -|       2|       -|    -|
+-----------------+---------+------+--------+--------+-----+
|Total            |        0|     0|       2|    6163|    0|
+-----------------+---------+------+--------+--------+-----+
|Available        |      624|  1728|  460800|  230400|   96|
+-----------------+---------+------+--------+--------+-----+
|Utilization (%)  |        0|     0|      ~0|       2|    0|
+-----------------+---------+------+--------+--------+-----+

+ Detail: 
    * Instance: 
    N/A

    * DSP: 
    N/A

    * Memory: 
    N/A

    * FIFO: 
    N/A

    * Expression: 
    +--------------------------+----------+----+---+----+------------+------------+
    |       Variable Name      | Operation| DSP| FF| LUT| Bitwidth P0| Bitwidth P1|
    +--------------------------+----------+----+---+----+------------+------------+
    |add_ln840_100_fu_2921_p2  |         +|   0|  0|   2|           2|           2|
    |add_ln840_101_fu_2927_p2  |         +|   0|  0|   2|           2|           2|
    |add_ln840_102_fu_2937_p2  |         +|   0|  0|  10|           3|           3|
    |add_ln840_103_fu_2947_p2  |         +|   0|  0|  12|           4|           4|
    |add_ln840_104_fu_2957_p2  |         +|   0|  0|  12|           5|           5|
    |add_ln840_105_fu_2967_p2  |         +|   0|  0|   9|           2|           2|
    |add_ln840_106_fu_2977_p2  |         +|   0|  0|   9|           2|           2|
    |add_ln840_107_fu_2983_p2  |         +|   0|  0|   9|           2|           2|
    |add_ln840_108_fu_2993_p2  |         +|   0|  0|  10|           3|           3|
    |add_ln840_109_fu_3003_p2  |         +|   0|  0|   9|           2|           2|
    |add_ln840_10_fu_1807_p2   |         +|   0|  0|   2|           2|           2|
    |add_ln840_110_fu_3013_p2  |         +|   0|  0|   9|           2|           2|
    |add_ln840_111_fu_3019_p2  |         +|   0|  0|   9|           2|           2|
    |add_ln840_112_fu_3029_p2  |         +|   0|  0|  10|           3|           3|
    |add_ln840_113_fu_3039_p2  |         +|   0|  0|  12|           4|           4|
    |add_ln840_114_fu_3049_p2  |         +|   0|  0|   9|           2|           2|
    |add_ln840_115_fu_3059_p2  |         +|   0|  0|   9|           2|           2|
    |add_ln840_116_fu_3065_p2  |         +|   0|  0|   9|           2|           2|
    |add_ln840_117_fu_3075_p2  |         +|   0|  0|  10|           3|           3|
    |add_ln840_118_fu_3089_p2  |         +|   0|  0|   2|           2|           2|
    |add_ln840_119_fu_3095_p2  |         +|   0|  0|   2|           2|           2|
    |add_ln840_11_fu_1817_p2   |         +|   0|  0|  10|           3|           3|
    |add_ln840_120_fu_3105_p2  |         +|   0|  0|  10|           3|           3|
    |add_ln840_121_fu_3115_p2  |         +|   0|  0|  12|           4|           4|
    |add_ln840_122_fu_3125_p2  |         +|   0|  0|  12|           5|           5|
    |add_ln840_123_fu_3135_p2  |         +|   0|  0|  13|           6|           6|
    |add_ln840_124_fu_3145_p2  |         +|   0|  0|   9|           2|           2|
    |add_ln840_125_fu_3155_p2  |         +|   0|  0|   2|           2|           2|
    |add_ln840_126_fu_3161_p2  |         +|   0|  0|   2|           2|           2|
    |add_ln840_127_fu_3171_p2  |         +|   0|  0|  10|           3|           3|
    |add_ln840_128_fu_3181_p2  |         +|   0|  0|   9|           2|           2|
    |add_ln840_129_fu_3191_p2  |         +|   0|  0|   9|           2|           2|
    |add_ln840_12_fu_1827_p2   |         +|   0|  0|  12|           4|           4|
    |add_ln840_130_fu_3197_p2  |         +|   0|  0|   9|           2|           2|
    |add_ln840_131_fu_3207_p2  |         +|   0|  0|  10|           3|           3|
    |add_ln840_132_fu_3217_p2  |         +|   0|  0|  12|           4|           4|
    |add_ln840_133_fu_3227_p2  |         +|   0|  0|   9|           2|           2|
    |add_ln840_134_fu_3237_p2  |         +|   0|  0|   9|           2|           2|
    |add_ln840_135_fu_3243_p2  |         +|   0|  0|   9|           2|           2|
    |add_ln840_136_fu_3253_p2  |         +|   0|  0|  10|           3|           3|
    |add_ln840_137_fu_3263_p2  |         +|   0|  0|   9|           2|           2|
    |add_ln840_138_fu_3273_p2  |         +|   0|  0|   2|           2|           2|
    |add_ln840_139_fu_3279_p2  |         +|   0|  0|   2|           2|           2|
    |add_ln840_13_fu_1837_p2   |         +|   0|  0|   9|           2|           2|
    |add_ln840_140_fu_3289_p2  |         +|   0|  0|  10|           3|           3|
    |add_ln840_141_fu_3299_p2  |         +|   0|  0|  12|           4|           4|
    |add_ln840_142_fu_3309_p2  |         +|   0|  0|  12|           5|           5|
    |add_ln840_143_fu_3323_p2  |         +|   0|  0|   2|           2|           2|
    |add_ln840_144_fu_3329_p2  |         +|   0|  0|   2|           2|           2|
    |add_ln840_145_fu_3339_p2  |         +|   0|  0|  10|           3|           3|
    |add_ln840_146_fu_3349_p2  |         +|   0|  0|   9|           2|           2|
    |add_ln840_147_fu_3359_p2  |         +|   0|  0|   9|           2|           2|
    |add_ln840_148_fu_3369_p2  |         +|   0|  0|  10|           3|           3|
    |add_ln840_149_fu_3379_p2  |         +|   0|  0|  12|           4|           4|
    |add_ln840_14_fu_1847_p2   |         +|   0|  0|   2|           2|           2|
    |add_ln840_150_fu_3389_p2  |         +|   0|  0|   9|           2|           2|
    |add_ln840_151_fu_3399_p2  |         +|   0|  0|   9|           2|           2|
    |add_ln840_152_fu_3405_p2  |         +|   0|  0|   9|           2|           2|
    |add_ln840_153_fu_3415_p2  |         +|   0|  0|  10|           3|           3|
    |add_ln840_154_fu_3425_p2  |         +|   0|  0|   9|           2|           2|
    |add_ln840_155_fu_3435_p2  |         +|   0|  0|  10|           3|           3|
    |add_ln840_156_fu_3445_p2  |         +|   0|  0|  12|           4|           4|
    |add_ln840_157_fu_3451_p2  |         +|   0|  0|   7|           4|           4|
    |add_ln840_158_fu_3457_p2  |         +|   0|  0|   7|           4|           4|
    |add_ln840_159_fu_3467_p2  |         +|   0|  0|  12|           5|           5|
    |add_ln840_15_fu_1853_p2   |         +|   0|  0|   2|           2|           2|
    |add_ln840_160_fu_3477_p2  |         +|   0|  0|  13|           6|           6|
    |add_ln840_161_fu_3487_p2  |         +|   0|  0|  14|           7|           7|
    |add_ln840_162_fu_3497_p2  |         +|   0|  0|  10|           3|           3|
    |add_ln840_163_fu_3553_p2  |         +|   0|  0|   9|           2|           2|
    |add_ln840_164_fu_3563_p2  |         +|   0|  0|   9|           2|           2|
    |add_ln840_165_fu_3573_p2  |         +|   0|  0|  10|           3|           3|
    |add_ln840_166_fu_3583_p2  |         +|   0|  0|   9|           2|           2|
    |add_ln840_167_fu_3593_p2  |         +|   0|  0|   2|           2|           2|
    |add_ln840_168_fu_3599_p2  |         +|   0|  0|   2|           2|           2|
    |add_ln840_169_fu_3609_p2  |         +|   0|  0|  10|           3|           3|
    |add_ln840_16_fu_1863_p2   |         +|   0|  0|  10|           3|           3|
    |add_ln840_170_fu_3619_p2  |         +|   0|  0|  12|           4|           4|
    |add_ln840_171_fu_3629_p2  |         +|   0|  0|   9|           2|           2|
    |add_ln840_172_fu_3639_p2  |         +|   0|  0|   2|           2|           2|
    |add_ln840_173_fu_3645_p2  |         +|   0|  0|   2|           2|           2|
    |add_ln840_174_fu_3655_p2  |         +|   0|  0|  10|           3|           3|
    |add_ln840_175_fu_3665_p2  |         +|   0|  0|   9|           2|           2|
    |add_ln840_176_fu_3675_p2  |         +|   0|  0|   9|           2|           2|
    |add_ln840_177_fu_3681_p2  |         +|   0|  0|   9|           2|           2|
    |add_ln840_178_fu_3691_p2  |         +|   0|  0|  10|           3|           3|
    |add_ln840_179_fu_3701_p2  |         +|   0|  0|  12|           4|           4|
    |add_ln840_17_fu_1873_p2   |         +|   0|  0|   9|           2|           2|
    |add_ln840_180_fu_3711_p2  |         +|   0|  0|  12|           5|           5|
    |add_ln840_181_fu_3721_p2  |         +|   0|  0|   9|           2|           2|
    |add_ln840_182_fu_3731_p2  |         +|   0|  0|   9|           2|           2|
    |add_ln840_183_fu_3737_p2  |         +|   0|  0|   9|           2|           2|
    |add_ln840_184_fu_3747_p2  |         +|   0|  0|  10|           3|           3|
    |add_ln840_185_fu_3757_p2  |         +|   0|  0|   9|           2|           2|
    |add_ln840_186_fu_3767_p2  |         +|   0|  0|   2|           2|           2|
    |add_ln840_187_fu_3773_p2  |         +|   0|  0|   2|           2|           2|
    |add_ln840_188_fu_3783_p2  |         +|   0|  0|  10|           3|           3|
    |add_ln840_189_fu_3793_p2  |         +|   0|  0|  12|           4|           4|
    |add_ln840_18_fu_1883_p2   |         +|   0|  0|   2|           2|           2|
    |add_ln840_190_fu_3803_p2  |         +|   0|  0|   9|           2|           2|
    |add_ln840_191_fu_3813_p2  |         +|   0|  0|   9|           2|           2|
    |add_ln840_192_fu_3819_p2  |         +|   0|  0|   9|           2|           2|
    |add_ln840_193_fu_3829_p2  |         +|   0|  0|  10|           3|           3|
    |add_ln840_194_fu_3839_p2  |         +|   0|  0|   9|           2|           2|
    |add_ln840_195_fu_3849_p2  |         +|   0|  0|   2|           2|           2|
    |add_ln840_196_fu_3855_p2  |         +|   0|  0|   2|           2|           2|
    |add_ln840_197_fu_3865_p2  |         +|   0|  0|  10|           3|           3|
    |add_ln840_198_fu_3875_p2  |         +|   0|  0|  12|           4|           4|
    |add_ln840_199_fu_3885_p2  |         +|   0|  0|  12|           5|           5|
    |add_ln840_19_fu_1889_p2   |         +|   0|  0|   2|           2|           2|
    |add_ln840_1_fu_253_p2     |         +|   0|  0|   9|           2|           2|
    |add_ln840_200_fu_3895_p2  |         +|   0|  0|  13|           6|           6|
    |add_ln840_201_fu_3905_p2  |         +|   0|  0|   9|           2|           2|
    |add_ln840_202_fu_3915_p2  |         +|   0|  0|   2|           2|           2|
    |add_ln840_203_fu_3921_p2  |         +|   0|  0|   2|           2|           2|
    |add_ln840_204_fu_3931_p2  |         +|   0|  0|  10|           3|           3|
    |add_ln840_205_fu_3941_p2  |         +|   0|  0|   9|           2|           2|
    |add_ln840_206_fu_3951_p2  |         +|   0|  0|   2|           2|           2|
    |add_ln840_207_fu_3957_p2  |         +|   0|  0|   2|           2|           2|
    |add_ln840_208_fu_3967_p2  |         +|   0|  0|  10|           3|           3|
    |add_ln840_209_fu_3977_p2  |         +|   0|  0|  12|           4|           4|
    |add_ln840_20_fu_1899_p2   |         +|   0|  0|  10|           3|           3|
    |add_ln840_210_fu_3987_p2  |         +|   0|  0|   9|           2|           2|
    |add_ln840_211_fu_3997_p2  |         +|   0|  0|   9|           2|           2|
    |add_ln840_212_fu_4003_p2  |         +|   0|  0|   9|           2|           2|
    |add_ln840_213_fu_4013_p2  |         +|   0|  0|  10|           3|           3|
    |add_ln840_214_fu_4023_p2  |         +|   0|  0|   9|           2|           2|
    |add_ln840_215_fu_4033_p2  |         +|   0|  0|  10|           3|           3|
    |add_ln840_216_fu_4043_p2  |         +|   0|  0|  12|           4|           4|
    |add_ln840_217_fu_4053_p2  |         +|   0|  0|  12|           5|           5|
    |add_ln840_218_fu_4063_p2  |         +|   0|  0|   9|           2|           2|
    |add_ln840_219_fu_4073_p2  |         +|   0|  0|   2|           2|           2|
    |add_ln840_21_fu_1909_p2   |         +|   0|  0|  12|           4|           4|
    |add_ln840_220_fu_4079_p2  |         +|   0|  0|   2|           2|           2|
    |add_ln840_221_fu_4089_p2  |         +|   0|  0|  10|           3|           3|
    |add_ln840_222_fu_4099_p2  |         +|   0|  0|   9|           2|           2|
    |add_ln840_223_fu_4109_p2  |         +|   0|  0|   2|           2|           2|
    |add_ln840_224_fu_4115_p2  |         +|   0|  0|   2|           2|           2|
    |add_ln840_225_fu_4125_p2  |         +|   0|  0|  10|           3|           3|
    |add_ln840_226_fu_4135_p2  |         +|   0|  0|  12|           4|           4|
    |add_ln840_227_fu_4145_p2  |         +|   0|  0|   9|           2|           2|
    |add_ln840_228_fu_4155_p2  |         +|   0|  0|   9|           2|           2|
    |add_ln840_229_fu_4165_p2  |         +|   0|  0|  10|           3|           3|
    |add_ln840_22_fu_1919_p2   |         +|   0|  0|  12|           5|           5|
    |add_ln840_230_fu_4175_p2  |         +|   0|  0|   9|           2|           2|
    |add_ln840_231_fu_4185_p2  |         +|   0|  0|  10|           3|           3|
    |add_ln840_232_fu_4195_p2  |         +|   0|  0|  12|           4|           4|
    |add_ln840_233_fu_4201_p2  |         +|   0|  0|   7|           4|           4|
    |add_ln840_234_fu_4207_p2  |         +|   0|  0|   7|           4|           4|
    |add_ln840_235_fu_4217_p2  |         +|   0|  0|  12|           5|           5|
    |add_ln840_236_fu_4227_p2  |         +|   0|  0|  13|           6|           6|
    |add_ln840_237_fu_4237_p2  |         +|   0|  0|  14|           7|           7|
    |add_ln840_238_fu_4257_p2  |         +|   0|  0|   9|           2|           2|
    |add_ln840_239_fu_4267_p2  |         +|   0|  0|   9|           2|           2|
    |add_ln840_23_fu_1929_p2   |         +|   0|  0|   9|           2|           2|
    |add_ln840_240_fu_4277_p2  |         +|   0|  0|   9|           2|           2|
    |add_ln840_241_fu_4283_p2  |         +|   0|  0|   9|           2|           2|
    |add_ln840_242_fu_4293_p2  |         +|   0|  0|   9|           2|           2|
    |add_ln840_243_fu_4303_p2  |         +|   0|  0|  10|           3|           3|
    |add_ln840_244_fu_4313_p2  |         +|   0|  0|   9|           2|           2|
    |add_ln840_245_fu_4323_p2  |         +|   0|  0|   9|           2|           2|
    |add_ln840_246_fu_4329_p2  |         +|   0|  0|   9|           2|           2|
    |add_ln840_247_fu_4339_p2  |         +|   0|  0|  10|           3|           3|
    |add_ln840_248_fu_4349_p2  |         +|   0|  0|  12|           4|           4|
    |add_ln840_249_fu_4359_p2  |         +|   0|  0|   9|           2|           2|
    |add_ln840_24_fu_1939_p2   |         +|   0|  0|   2|           2|           2|
    |add_ln840_250_fu_4369_p2  |         +|   0|  0|   2|           2|           2|
    |add_ln840_251_fu_4375_p2  |         +|   0|  0|   2|           2|           2|
    |add_ln840_252_fu_4385_p2  |         +|   0|  0|  10|           3|           3|
    |add_ln840_253_fu_4395_p2  |         +|   0|  0|   9|           2|           2|
    |add_ln840_254_fu_4405_p2  |         +|   0|  0|   9|           2|           2|
    |add_ln840_255_fu_4415_p2  |         +|   0|  0|  10|           3|           3|
    |add_ln840_256_fu_4425_p2  |         +|   0|  0|  12|           4|           4|
    |add_ln840_257_fu_4435_p2  |         +|   0|  0|  12|           5|           5|
    |add_ln840_258_fu_4445_p2  |         +|   0|  0|   9|           2|           2|
    |add_ln840_259_fu_4455_p2  |         +|   0|  0|   9|           2|           2|
    |add_ln840_25_fu_1945_p2   |         +|   0|  0|   2|           2|           2|
    |add_ln840_260_fu_4461_p2  |         +|   0|  0|   9|           2|           2|
    |add_ln840_261_fu_4471_p2  |         +|   0|  0|  10|           3|           3|
    |add_ln840_262_fu_4481_p2  |         +|   0|  0|   9|           2|           2|
    |add_ln840_263_fu_4491_p2  |         +|   0|  0|   9|           2|           2|
    |add_ln840_264_fu_4501_p2  |         +|   0|  0|  10|           3|           3|
    |add_ln840_265_fu_4511_p2  |         +|   0|  0|  12|           4|           4|
    |add_ln840_266_fu_4521_p2  |         +|   0|  0|   9|           2|           2|
    |add_ln840_267_fu_4531_p2  |         +|   0|  0|   2|           2|           2|
    |add_ln840_268_fu_4537_p2  |         +|   0|  0|   2|           2|           2|
    |add_ln840_269_fu_4547_p2  |         +|   0|  0|  10|           3|           3|
    |add_ln840_26_fu_1955_p2   |         +|   0|  0|  10|           3|           3|
    |add_ln840_270_fu_4557_p2  |         +|   0|  0|   9|           2|           2|
    |add_ln840_271_fu_4567_p2  |         +|   0|  0|   2|           2|           2|
    |add_ln840_272_fu_4573_p2  |         +|   0|  0|   2|           2|           2|
    |add_ln840_273_fu_4583_p2  |         +|   0|  0|  10|           3|           3|
    |add_ln840_274_fu_4593_p2  |         +|   0|  0|  12|           4|           4|
    |add_ln840_275_fu_4603_p2  |         +|   0|  0|  12|           5|           5|
    |add_ln840_276_fu_4613_p2  |         +|   0|  0|  13|           6|           6|
    |add_ln840_277_fu_4623_p2  |         +|   0|  0|   9|           2|           2|
    |add_ln840_278_fu_4633_p2  |         +|   0|  0|   9|           2|           2|
    |add_ln840_279_fu_4643_p2  |         +|   0|  0|  10|           3|           3|
    |add_ln840_27_fu_1965_p2   |         +|   0|  0|   9|           2|           2|
    |add_ln840_280_fu_4657_p2  |         +|   0|  0|   9|           2|           2|
    |add_ln840_281_fu_4667_p2  |         +|   0|  0|  10|           3|           3|
    |add_ln840_282_fu_4677_p2  |         +|   0|  0|  12|           4|           4|
    |add_ln840_283_fu_4687_p2  |         +|   0|  0|   9|           2|           2|
    |add_ln840_284_fu_4697_p2  |         +|   0|  0|   2|           2|           2|
    |add_ln840_285_fu_4703_p2  |         +|   0|  0|   2|           2|           2|
    |add_ln840_286_fu_4713_p2  |         +|   0|  0|  10|           3|           3|
    |add_ln840_287_fu_4723_p2  |         +|   0|  0|   9|           2|           2|
    |add_ln840_288_fu_4733_p2  |         +|   0|  0|   2|           2|           2|
    |add_ln840_289_fu_4739_p2  |         +|   0|  0|   2|           2|           2|
    |add_ln840_28_fu_1975_p2   |         +|   0|  0|   2|           2|           2|
    |add_ln840_290_fu_4749_p2  |         +|   0|  0|  10|           3|           3|
    |add_ln840_291_fu_4759_p2  |         +|   0|  0|  12|           4|           4|
    |add_ln840_292_fu_4769_p2  |         +|   0|  0|  12|           5|           5|
    |add_ln840_293_fu_4779_p2  |         +|   0|  0|   9|           2|           2|
    |add_ln840_294_fu_4789_p2  |         +|   0|  0|   9|           2|           2|
    |add_ln840_295_fu_4799_p2  |         +|   0|  0|  10|           3|           3|
    |add_ln840_296_fu_4809_p2  |         +|   0|  0|   9|           2|           2|
    |add_ln840_297_fu_4819_p2  |         +|   0|  0|   2|           2|           2|
    |add_ln840_298_fu_4825_p2  |         +|   0|  0|   2|           2|           2|
    |add_ln840_299_fu_4835_p2  |         +|   0|  0|  10|           3|           3|
    |add_ln840_29_fu_1981_p2   |         +|   0|  0|   2|           2|           2|
    |add_ln840_2_fu_1739_p2    |         +|   0|  0|   9|           2|           2|
    |add_ln840_300_fu_4845_p2  |         +|   0|  0|  12|           4|           4|
    |add_ln840_301_fu_4855_p2  |         +|   0|  0|   9|           2|           2|
    |add_ln840_302_fu_4865_p2  |         +|   0|  0|   9|           2|           2|
    |add_ln840_303_fu_4875_p2  |         +|   0|  0|  10|           3|           3|
    |add_ln840_304_fu_4885_p2  |         +|   0|  0|   9|           2|           2|
    |add_ln840_305_fu_4895_p2  |         +|   0|  0|  10|           3|           3|
    |add_ln840_306_fu_4905_p2  |         +|   0|  0|  12|           4|           4|
    |add_ln840_307_fu_4911_p2  |         +|   0|  0|   7|           4|           4|
    |add_ln840_308_fu_4917_p2  |         +|   0|  0|   7|           4|           4|
    |add_ln840_309_fu_4927_p2  |         +|   0|  0|  12|           5|           5|
    |add_ln840_30_fu_1991_p2   |         +|   0|  0|  10|           3|           3|
    |add_ln840_310_fu_4937_p2  |         +|   0|  0|  13|           6|           6|
    |add_ln840_311_fu_4947_p2  |         +|   0|  0|  14|           7|           7|
    |add_ln840_312_fu_4977_p2  |         +|   0|  0|   9|           2|           2|
    |add_ln840_313_fu_4987_p2  |         +|   0|  0|   9|           2|           2|
    |add_ln840_314_fu_4997_p2  |         +|   0|  0|  10|           3|           3|
    |add_ln840_315_fu_5007_p2  |         +|   0|  0|   9|           2|           2|
    |add_ln840_316_fu_5017_p2  |         +|   0|  0|   2|           2|           2|
    |add_ln840_317_fu_5023_p2  |         +|   0|  0|   2|           2|           2|
    |add_ln840_318_fu_5033_p2  |         +|   0|  0|  10|           3|           3|
    |add_ln840_319_fu_5043_p2  |         +|   0|  0|  12|           4|           4|
    |add_ln840_31_fu_2001_p2   |         +|   0|  0|  12|           4|           4|
    |add_ln840_320_fu_5053_p2  |         +|   0|  0|   9|           2|           2|
    |add_ln840_321_fu_5063_p2  |         +|   0|  0|   2|           2|           2|
    |add_ln840_322_fu_5069_p2  |         +|   0|  0|   2|           2|           2|
    |add_ln840_323_fu_5079_p2  |         +|   0|  0|  10|           3|           3|
    |add_ln840_324_fu_5089_p2  |         +|   0|  0|   9|           2|           2|
    |add_ln840_325_fu_5099_p2  |         +|   0|  0|   2|           2|           2|
    |add_ln840_326_fu_5105_p2  |         +|   0|  0|   2|           2|           2|
    |add_ln840_327_fu_5115_p2  |         +|   0|  0|  10|           3|           3|
    |add_ln840_328_fu_5125_p2  |         +|   0|  0|  12|           4|           4|
    |add_ln840_329_fu_5135_p2  |         +|   0|  0|  12|           5|           5|
    |add_ln840_32_fu_2011_p2   |         +|   0|  0|   9|           2|           2|
    |add_ln840_330_fu_5145_p2  |         +|   0|  0|   9|           2|           2|
    |add_ln840_331_fu_5155_p2  |         +|   0|  0|   9|           2|           2|
    |add_ln840_332_fu_5165_p2  |         +|   0|  0|  10|           3|           3|
    |add_ln840_333_fu_5175_p2  |         +|   0|  0|   9|           2|           2|
    |add_ln840_334_fu_5185_p2  |         +|   0|  0|   9|           2|           2|
    |add_ln840_335_fu_5195_p2  |         +|   0|  0|  10|           3|           3|
    |add_ln840_336_fu_5205_p2  |         +|   0|  0|  12|           4|           4|
    |add_ln840_337_fu_5215_p2  |         +|   0|  0|   9|           2|           2|
    |add_ln840_338_fu_5225_p2  |         +|   0|  0|   2|           2|           2|
    |add_ln840_339_fu_5231_p2  |         +|   0|  0|   2|           2|           2|
    |add_ln840_33_fu_2021_p2   |         +|   0|  0|  10|           3|           3|
    |add_ln840_340_fu_5241_p2  |         +|   0|  0|  10|           3|           3|
    |add_ln840_341_fu_5251_p2  |         +|   0|  0|   9|           2|           2|
    |add_ln840_342_fu_5261_p2  |         +|   0|  0|   2|           2|           2|
    |add_ln840_343_fu_5267_p2  |         +|   0|  0|   2|           2|           2|
    |add_ln840_344_fu_5277_p2  |         +|   0|  0|  10|           3|           3|
    |add_ln840_345_fu_5287_p2  |         +|   0|  0|  12|           4|           4|
    |add_ln840_346_fu_5297_p2  |         +|   0|  0|  12|           5|           5|
    |add_ln840_347_fu_5307_p2  |         +|   0|  0|  13|           6|           6|
    |add_ln840_348_fu_5317_p2  |         +|   0|  0|   2|           2|           2|
    |add_ln840_349_fu_5323_p2  |         +|   0|  0|   2|           2|           2|
    |add_ln840_34_fu_2027_p2   |         +|   0|  0|   4|           3|           3|
    |add_ln840_350_fu_5333_p2  |         +|   0|  0|  10|           3|           3|
    |add_ln840_351_fu_5343_p2  |         +|   0|  0|   9|           2|           2|
    |add_ln840_352_fu_5353_p2  |         +|   0|  0|   2|           2|           2|
    |add_ln840_353_fu_5359_p2  |         +|   0|  0|   2|           2|           2|
    |add_ln840_354_fu_5369_p2  |         +|   0|  0|  10|           3|           3|
    |add_ln840_355_fu_5379_p2  |         +|   0|  0|  12|           4|           4|
    |add_ln840_356_fu_5389_p2  |         +|   0|  0|   9|           2|           2|
    |add_ln840_357_fu_5399_p2  |         +|   0|  0|   9|           2|           2|
    |add_ln840_358_fu_5405_p2  |         +|   0|  0|   9|           2|           2|
    |add_ln840_359_fu_5415_p2  |         +|   0|  0|  10|           3|           3|
    |add_ln840_35_fu_2033_p2   |         +|   0|  0|   4|           3|           3|
    |add_ln840_360_fu_5429_p2  |         +|   0|  0|   9|           2|           2|
    |add_ln840_361_fu_5435_p2  |         +|   0|  0|   9|           2|           2|
    |add_ln840_362_fu_5445_p2  |         +|   0|  0|  10|           3|           3|
    |add_ln840_363_fu_5455_p2  |         +|   0|  0|  12|           4|           4|
    |add_ln840_364_fu_5465_p2  |         +|   0|  0|  12|           5|           5|
    |add_ln840_365_fu_5475_p2  |         +|   0|  0|   9|           2|           2|
    |add_ln840_366_fu_5485_p2  |         +|   0|  0|  10|           3|           3|
    |add_ln840_367_fu_5495_p2  |         +|   0|  0|   9|           2|           2|
    |add_ln840_368_fu_5505_p2  |         +|   0|  0|   9|           2|           2|
    |add_ln840_369_fu_5511_p2  |         +|   0|  0|   9|           2|           2|
    |add_ln840_36_fu_2043_p2   |         +|   0|  0|   9|           2|           2|
    |add_ln840_370_fu_5521_p2  |         +|   0|  0|  10|           3|           3|
    |add_ln840_371_fu_5531_p2  |         +|   0|  0|  12|           4|           4|
    |add_ln840_372_fu_5541_p2  |         +|   0|  0|   2|           2|           2|
    |add_ln840_373_fu_5547_p2  |         +|   0|  0|   2|           2|           2|
    |add_ln840_374_fu_5557_p2  |         +|   0|  0|  10|           3|           3|
    |add_ln840_375_fu_5571_p2  |         +|   0|  0|  10|           3|           3|
    |add_ln840_376_fu_5581_p2  |         +|   0|  0|  12|           4|           4|
    |add_ln840_377_fu_5587_p2  |         +|   0|  0|   7|           4|           4|
    |add_ln840_378_fu_5593_p2  |         +|   0|  0|   7|           4|           4|
    |add_ln840_379_fu_5603_p2  |         +|   0|  0|  12|           5|           5|
    |add_ln840_37_fu_2053_p2   |         +|   0|  0|   9|           2|           2|
    |add_ln840_380_fu_5613_p2  |         +|   0|  0|  13|           6|           6|
    |add_ln840_381_fu_5623_p2  |         +|   0|  0|  14|           7|           7|
    |add_ln840_382_fu_5633_p2  |         +|   0|  0|   9|           2|           2|
    |add_ln840_383_fu_5639_p2  |         +|   0|  0|   9|           2|           2|
    |add_ln840_384_fu_5649_p2  |         +|   0|  0|  10|           3|           3|
    |add_ln840_385_fu_5655_p2  |         +|   0|  0|   9|           2|           2|
    |add_ln840_386_fu_5665_p2  |         +|   0|  0|  10|           3|           3|
    |add_ln840_387_fu_5675_p2  |         +|   0|  0|   9|           2|           2|
    |add_ln840_388_fu_5685_p2  |         +|   0|  0|   9|           2|           2|
    |add_ln840_389_fu_5695_p2  |         +|   0|  0|  10|           3|           3|
    |add_ln840_38_fu_2059_p2   |         +|   0|  0|   9|           2|           2|
    |add_ln840_390_fu_5705_p2  |         +|   0|  0|  12|           4|           4|
    |add_ln840_391_fu_5715_p2  |         +|   0|  0|   9|           2|           2|
    |add_ln840_392_fu_5725_p2  |         +|   0|  0|   2|           2|           2|
    |add_ln840_393_fu_5731_p2  |         +|   0|  0|   2|           2|           2|
    |add_ln840_394_fu_5741_p2  |         +|   0|  0|  10|           3|           3|
    |add_ln840_395_fu_5751_p2  |         +|   0|  0|   9|           2|           2|
    |add_ln840_396_fu_5761_p2  |         +|   0|  0|   2|           2|           2|
    |add_ln840_397_fu_5767_p2  |         +|   0|  0|   2|           2|           2|
    |add_ln840_398_fu_5777_p2  |         +|   0|  0|  10|           3|           3|
    |add_ln840_399_fu_5787_p2  |         +|   0|  0|  12|           4|           4|
    |add_ln840_39_fu_2069_p2   |         +|   0|  0|  10|           3|           3|
    |add_ln840_3_fu_1745_p2    |         +|   0|  0|   9|           2|           2|
    |add_ln840_400_fu_5797_p2  |         +|   0|  0|  12|           5|           5|
    |add_ln840_401_fu_5807_p2  |         +|   0|  0|   9|           2|           2|
    |add_ln840_402_fu_5817_p2  |         +|   0|  0|   2|           2|           2|
    |add_ln840_403_fu_5823_p2  |         +|   0|  0|   2|           2|           2|
    |add_ln840_404_fu_5833_p2  |         +|   0|  0|  10|           3|           3|
    |add_ln840_405_fu_5843_p2  |         +|   0|  0|   9|           2|           2|
    |add_ln840_406_fu_5853_p2  |         +|   0|  0|   2|           2|           2|
    |add_ln840_407_fu_5859_p2  |         +|   0|  0|   2|           2|           2|
    |add_ln840_408_fu_5869_p2  |         +|   0|  0|  10|           3|           3|
    |add_ln840_409_fu_5879_p2  |         +|   0|  0|  12|           4|           4|
    |add_ln840_40_fu_2079_p2   |         +|   0|  0|  12|           4|           4|
    |add_ln840_410_fu_5889_p2  |         +|   0|  0|   9|           2|           2|
    |add_ln840_411_fu_5899_p2  |         +|   0|  0|   2|           2|           2|
    |add_ln840_412_fu_5905_p2  |         +|   0|  0|   2|           2|           2|
    |add_ln840_413_fu_5915_p2  |         +|   0|  0|  10|           3|           3|
    |add_ln840_414_fu_5925_p2  |         +|   0|  0|   9|           2|           2|
    |add_ln840_415_fu_5935_p2  |         +|   0|  0|   2|           2|           2|
    |add_ln840_416_fu_5941_p2  |         +|   0|  0|   2|           2|           2|
    |add_ln840_417_fu_5951_p2  |         +|   0|  0|  10|           3|           3|
    |add_ln840_418_fu_5961_p2  |         +|   0|  0|  12|           4|           4|
    |add_ln840_419_fu_5971_p2  |         +|   0|  0|  12|           5|           5|
    |add_ln840_41_fu_2089_p2   |         +|   0|  0|  12|           5|           5|
    |add_ln840_420_fu_5981_p2  |         +|   0|  0|  13|           6|           6|
    |add_ln840_421_fu_5995_p2  |         +|   0|  0|   2|           2|           2|
    |add_ln840_422_fu_6001_p2  |         +|   0|  0|   2|           2|           2|
    |add_ln840_423_fu_6011_p2  |         +|   0|  0|  10|           3|           3|
    |add_ln840_424_fu_6021_p2  |         +|   0|  0|   9|           2|           2|
    |add_ln840_425_fu_6031_p2  |         +|   0|  0|   9|           2|           2|
    |add_ln840_426_fu_6041_p2  |         +|   0|  0|  10|           3|           3|
    |add_ln840_427_fu_6051_p2  |         +|   0|  0|  12|           4|           4|
    |add_ln840_428_fu_6061_p2  |         +|   0|  0|   9|           2|           2|
    |add_ln840_429_fu_6071_p2  |         +|   0|  0|   9|           2|           2|
    |add_ln840_42_fu_2099_p2   |         +|   0|  0|  13|           6|           6|
    |add_ln840_430_fu_6081_p2  |         +|   0|  0|  10|           3|           3|
    |add_ln840_431_fu_6091_p2  |         +|   0|  0|   9|           2|           2|
    |add_ln840_432_fu_6101_p2  |         +|   0|  0|   9|           2|           2|
    |add_ln840_433_fu_6111_p2  |         +|   0|  0|  10|           3|           3|
    |add_ln840_434_fu_6121_p2  |         +|   0|  0|  12|           4|           4|
    |add_ln840_435_fu_6131_p2  |         +|   0|  0|  12|           5|           5|
    |add_ln840_436_fu_6145_p2  |         +|   0|  0|   2|           2|           2|
    |add_ln840_437_fu_6151_p2  |         +|   0|  0|   2|           2|           2|
    |add_ln840_438_fu_6161_p2  |         +|   0|  0|  10|           3|           3|
    |add_ln840_439_fu_6171_p2  |         +|   0|  0|   9|           2|           2|
    |add_ln840_43_fu_2109_p2   |         +|   0|  0|   9|           2|           2|
    |add_ln840_440_fu_6181_p2  |         +|   0|  0|   9|           2|           2|
    |add_ln840_441_fu_6191_p2  |         +|   0|  0|  10|           3|           3|
    |add_ln840_442_fu_6201_p2  |         +|   0|  0|  12|           4|           4|
    |add_ln840_443_fu_6211_p2  |         +|   0|  0|   9|           2|           2|
    |add_ln840_444_fu_6221_p2  |         +|   0|  0|   2|           2|           2|
    |add_ln840_445_fu_6227_p2  |         +|   0|  0|   2|           2|           2|
    |add_ln840_446_fu_6237_p2  |         +|   0|  0|  10|           3|           3|
    |add_ln840_447_fu_6247_p2  |         +|   0|  0|   9|           2|           2|
    |add_ln840_448_fu_6257_p2  |         +|   0|  0|   4|           3|           3|
    |add_ln840_449_fu_6263_p2  |         +|   0|  0|   4|           3|           3|
    |add_ln840_44_fu_2119_p2   |         +|   0|  0|   9|           2|           2|
    |add_ln840_450_fu_6273_p2  |         +|   0|  0|   7|           4|           4|
    |add_ln840_451_fu_6279_p2  |         +|   0|  0|   7|           4|           4|
    |add_ln840_452_fu_6289_p2  |         +|   0|  0|  12|           5|           5|
    |add_ln840_453_fu_6299_p2  |         +|   0|  0|  13|           6|           6|
    |add_ln840_454_fu_6309_p2  |         +|   0|  0|  14|           7|           7|
    |add_ln840_455_fu_6319_p2  |         +|   0|  0|   9|           2|           2|
    |add_ln840_456_fu_6329_p2  |         +|   0|  0|   9|           2|           2|
    |add_ln840_457_fu_6339_p2  |         +|   0|  0|  10|           3|           3|
    |add_ln840_458_fu_6349_p2  |         +|   0|  0|   9|           2|           2|
    |add_ln840_459_fu_6359_p2  |         +|   0|  0|   2|           2|           2|
    |add_ln840_45_fu_2125_p2   |         +|   0|  0|   9|           2|           2|
    |add_ln840_460_fu_6365_p2  |         +|   0|  0|   2|           2|           2|
    |add_ln840_461_fu_6375_p2  |         +|   0|  0|  10|           3|           3|
    |add_ln840_462_fu_6385_p2  |         +|   0|  0|  12|           4|           4|
    |add_ln840_463_fu_6395_p2  |         +|   0|  0|   9|           2|           2|
    |add_ln840_464_fu_6405_p2  |         +|   0|  0|   2|           2|           2|
    |add_ln840_465_fu_6411_p2  |         +|   0|  0|   2|           2|           2|
    |add_ln840_466_fu_6421_p2  |         +|   0|  0|  10|           3|           3|
    |add_ln840_467_fu_6431_p2  |         +|   0|  0|   9|           2|           2|
    |add_ln840_468_fu_6441_p2  |         +|   0|  0|   2|           2|           2|
    |add_ln840_469_fu_6447_p2  |         +|   0|  0|   2|           2|           2|
    |add_ln840_46_fu_2135_p2   |         +|   0|  0|  10|           3|           3|
    |add_ln840_470_fu_6457_p2  |         +|   0|  0|  10|           3|           3|
    |add_ln840_471_fu_6467_p2  |         +|   0|  0|  12|           4|           4|
    |add_ln840_472_fu_6477_p2  |         +|   0|  0|  12|           5|           5|
    |add_ln840_473_fu_6487_p2  |         +|   0|  0|   9|           2|           2|
    |add_ln840_474_fu_6497_p2  |         +|   0|  0|   2|           2|           2|
    |add_ln840_475_fu_6503_p2  |         +|   0|  0|   2|           2|           2|
    |add_ln840_476_fu_6513_p2  |         +|   0|  0|  10|           3|           3|
    |add_ln840_477_fu_6523_p2  |         +|   0|  0|   9|           2|           2|
    |add_ln840_478_fu_6533_p2  |         +|   0|  0|   9|           2|           2|
    |add_ln840_479_fu_6543_p2  |         +|   0|  0|  10|           3|           3|
    |add_ln840_47_fu_2145_p2   |         +|   0|  0|   9|           2|           2|
    |add_ln840_480_fu_6553_p2  |         +|   0|  0|  12|           4|           4|
    |add_ln840_481_fu_6563_p2  |         +|   0|  0|   2|           2|           2|
    |add_ln840_482_fu_6569_p2  |         +|   0|  0|   2|           2|           2|
    |add_ln840_483_fu_6579_p2  |         +|   0|  0|  10|           3|           3|
    |add_ln840_484_fu_6589_p2  |         +|   0|  0|   9|           2|           2|
    |add_ln840_485_fu_6599_p2  |         +|   0|  0|   4|           3|           3|
    |add_ln840_486_fu_6605_p2  |         +|   0|  0|   9|           2|           2|
    |add_ln840_487_fu_6615_p2  |         +|   0|  0|   4|           3|           3|
    |add_ln840_488_fu_6625_p2  |         +|   0|  0|  12|           4|           4|
    |add_ln840_489_fu_6635_p2  |         +|   0|  0|  12|           5|           5|
    |add_ln840_48_fu_2155_p2   |         +|   0|  0|   9|           2|           2|
    |add_ln840_490_fu_6645_p2  |         +|   0|  0|  13|           6|           6|
    |add_ln840_491_fu_6659_p2  |         +|   0|  0|   2|           2|           2|
    |add_ln840_492_fu_6665_p2  |         +|   0|  0|   2|           2|           2|
    |add_ln840_493_fu_6675_p2  |         +|   0|  0|  10|           3|           3|
    |add_ln840_494_fu_6685_p2  |         +|   0|  0|   9|           2|           2|
    |add_ln840_495_fu_6695_p2  |         +|   0|  0|   2|           2|           2|
    |add_ln840_496_fu_6701_p2  |         +|   0|  0|   2|           2|           2|
    |add_ln840_497_fu_6711_p2  |         +|   0|  0|  10|           3|           3|
    |add_ln840_498_fu_6721_p2  |         +|   0|  0|  12|           4|           4|
    |add_ln840_499_fu_6731_p2  |         +|   0|  0|   9|           2|           2|
    |add_ln840_49_fu_2161_p2   |         +|   0|  0|   9|           2|           2|
    |add_ln840_4_fu_1755_p2    |         +|   0|  0|   9|           2|           2|
    |add_ln840_500_fu_6741_p2  |         +|   0|  0|   2|           2|           2|
    |add_ln840_501_fu_6747_p2  |         +|   0|  0|   2|           2|           2|
    |add_ln840_502_fu_6757_p2  |         +|   0|  0|  10|           3|           3|
    |add_ln840_503_fu_6767_p2  |         +|   0|  0|   9|           2|           2|
    |add_ln840_504_fu_6773_p2  |         +|   0|  0|   9|           2|           2|
    |add_ln840_505_fu_6783_p2  |         +|   0|  0|  10|           3|           3|
    |add_ln840_506_fu_6793_p2  |         +|   0|  0|  12|           4|           4|
    |add_ln840_507_fu_6803_p2  |         +|   0|  0|  12|           5|           5|
    |add_ln840_508_fu_6817_p2  |         +|   0|  0|   9|           2|           2|
    |add_ln840_509_fu_6827_p2  |         +|   0|  0|  10|           3|           3|
    |add_ln840_50_fu_2171_p2   |         +|   0|  0|  10|           3|           3|
    |add_ln840_510_fu_6837_p2  |         +|   0|  0|   9|           2|           2|
    |add_ln840_511_fu_6847_p2  |         +|   0|  0|   9|           2|           2|
    |add_ln840_512_fu_6853_p2  |         +|   0|  0|   9|           2|           2|
    |add_ln840_513_fu_6863_p2  |         +|   0|  0|  10|           3|           3|
    |add_ln840_514_fu_6873_p2  |         +|   0|  0|  12|           4|           4|
    |add_ln840_515_fu_6883_p2  |         +|   0|  0|   9|           2|           2|
    |add_ln840_516_fu_6893_p2  |         +|   0|  0|   9|           2|           2|
    |add_ln840_517_fu_6903_p2  |         +|   0|  0|  10|           3|           3|
    |add_ln840_518_fu_6913_p2  |         +|   0|  0|   9|           2|           2|
    |add_ln840_519_fu_6923_p2  |         +|   0|  0|  10|           3|           3|
    |add_ln840_51_fu_2181_p2   |         +|   0|  0|  12|           4|           4|
    |add_ln840_520_fu_6933_p2  |         +|   0|  0|  12|           4|           4|
    |add_ln840_521_fu_6943_p2  |         +|   0|  0|  12|           5|           5|
    |add_ln840_522_fu_6953_p2  |         +|   0|  0|  13|           6|           6|
    |add_ln840_523_fu_6963_p2  |         +|   0|  0|  14|           7|           7|
    |add_ln840_524_fu_6973_p2  |         +|   0|  0|   9|           2|           2|
    |add_ln840_525_fu_6983_p2  |         +|   0|  0|  10|           3|           3|
    |add_ln840_526_fu_6989_p2  |         +|   0|  0|   9|           2|           2|
    |add_ln840_527_fu_6999_p2  |         +|   0|  0|   2|           2|           2|
    |add_ln840_528_fu_7005_p2  |         +|   0|  0|   2|           2|           2|
    |add_ln840_529_fu_7015_p2  |         +|   0|  0|  10|           3|           3|
    |add_ln840_52_fu_2191_p2   |         +|   0|  0|   9|           2|           2|
    |add_ln840_530_fu_7025_p2  |         +|   0|  0|   9|           2|           2|
    |add_ln840_531_fu_7035_p2  |         +|   0|  0|   2|           2|           2|
    |add_ln840_532_fu_7041_p2  |         +|   0|  0|   2|           2|           2|
    |add_ln840_533_fu_7051_p2  |         +|   0|  0|  10|           3|           3|
    |add_ln840_534_fu_7061_p2  |         +|   0|  0|  12|           4|           4|
    |add_ln840_535_fu_7071_p2  |         +|   0|  0|   9|           2|           2|
    |add_ln840_536_fu_7081_p2  |         +|   0|  0|   2|           2|           2|
    |add_ln840_537_fu_7087_p2  |         +|   0|  0|   2|           2|           2|
    |add_ln840_538_fu_7097_p2  |         +|   0|  0|  10|           3|           3|
    |add_ln840_539_fu_7107_p2  |         +|   0|  0|   9|           2|           2|
    |add_ln840_53_fu_2201_p2   |         +|   0|  0|   2|           2|           2|
    |add_ln840_540_fu_7117_p2  |         +|   0|  0|   9|           2|           2|
    |add_ln840_541_fu_7123_p2  |         +|   0|  0|   9|           2|           2|
    |add_ln840_542_fu_7133_p2  |         +|   0|  0|  10|           3|           3|
    |add_ln840_543_fu_7143_p2  |         +|   0|  0|  12|           4|           4|
    |add_ln840_544_fu_7153_p2  |         +|   0|  0|  12|           5|           5|
    |add_ln840_545_fu_7163_p2  |         +|   0|  0|   9|           2|           2|
    |add_ln840_546_fu_7173_p2  |         +|   0|  0|   2|           2|           2|
    |add_ln840_547_fu_7179_p2  |         +|   0|  0|   2|           2|           2|
    |add_ln840_548_fu_7189_p2  |         +|   0|  0|  10|           3|           3|
    |add_ln840_549_fu_7199_p2  |         +|   0|  0|   9|           2|           2|
    |add_ln840_54_fu_2207_p2   |         +|   0|  0|   2|           2|           2|
    |add_ln840_550_fu_7209_p2  |         +|   0|  0|   9|           2|           2|
    |add_ln840_551_fu_7219_p2  |         +|   0|  0|  10|           3|           3|
    |add_ln840_552_fu_7229_p2  |         +|   0|  0|  12|           4|           4|
    |add_ln840_553_fu_7239_p2  |         +|   0|  0|   9|           2|           2|
    |add_ln840_554_fu_7249_p2  |         +|   0|  0|   2|           2|           2|
    |add_ln840_555_fu_7255_p2  |         +|   0|  0|   2|           2|           2|
    |add_ln840_556_fu_7265_p2  |         +|   0|  0|  10|           3|           3|
    |add_ln840_557_fu_7275_p2  |         +|   0|  0|   9|           2|           2|
    |add_ln840_558_fu_7285_p2  |         +|   0|  0|   2|           2|           2|
    |add_ln840_559_fu_7291_p2  |         +|   0|  0|   2|           2|           2|
    |add_ln840_55_fu_2217_p2   |         +|   0|  0|  10|           3|           3|
    |add_ln840_560_fu_7301_p2  |         +|   0|  0|  10|           3|           3|
    |add_ln840_561_fu_7311_p2  |         +|   0|  0|  12|           4|           4|
    |add_ln840_562_fu_7321_p2  |         +|   0|  0|  12|           5|           5|
    |add_ln840_563_fu_7331_p2  |         +|   0|  0|  13|           6|           6|
    |add_ln840_564_fu_7341_p2  |         +|   0|  0|   2|           2|           2|
    |add_ln840_565_fu_7347_p2  |         +|   0|  0|   2|           2|           2|
    |add_ln840_566_fu_7357_p2  |         +|   0|  0|  10|           3|           3|
    |add_ln840_567_fu_7367_p2  |         +|   0|  0|   9|           2|           2|
    |add_ln840_568_fu_7377_p2  |         +|   0|  0|   9|           2|           2|
    |add_ln840_569_fu_7387_p2  |         +|   0|  0|  10|           3|           3|
    |add_ln840_56_fu_2227_p2   |         +|   0|  0|   9|           2|           2|
    |add_ln840_570_fu_7397_p2  |         +|   0|  0|  12|           4|           4|
    |add_ln840_571_fu_7407_p2  |         +|   0|  0|   9|           2|           2|
    |add_ln840_572_fu_7417_p2  |         +|   0|  0|   9|           2|           2|
    |add_ln840_573_fu_7427_p2  |         +|   0|  0|  10|           3|           3|
    |add_ln840_574_fu_7437_p2  |         +|   0|  0|   9|           2|           2|
    |add_ln840_575_fu_7447_p2  |         +|   0|  0|   9|           2|           2|
    |add_ln840_576_fu_7453_p2  |         +|   0|  0|   9|           2|           2|
    |add_ln840_577_fu_7463_p2  |         +|   0|  0|  10|           3|           3|
    |add_ln840_578_fu_7473_p2  |         +|   0|  0|  12|           4|           4|
    |add_ln840_579_fu_7483_p2  |         +|   0|  0|  12|           5|           5|
    |add_ln840_57_fu_2237_p2   |         +|   0|  0|   9|           2|           2|
    |add_ln840_580_fu_7493_p2  |         +|   0|  0|   9|           2|           2|
    |add_ln840_581_fu_7503_p2  |         +|   0|  0|   9|           2|           2|
    |add_ln840_582_fu_7513_p2  |         +|   0|  0|  10|           3|           3|
    |add_ln840_583_fu_7523_p2  |         +|   0|  0|   9|           2|           2|
    |add_ln840_584_fu_7533_p2  |         +|   0|  0|  10|           3|           3|
    |add_ln840_585_fu_7543_p2  |         +|   0|  0|  12|           4|           4|
    |add_ln840_586_fu_7553_p2  |         +|   0|  0|  10|           3|           3|
    |add_ln840_587_fu_7567_p2  |         +|   0|  0|   4|           3|           3|
    |add_ln840_588_fu_7573_p2  |         +|   0|  0|   4|           3|           3|
    |add_ln840_589_fu_7583_p2  |         +|   0|  0|   7|           4|           4|
    |add_ln840_58_fu_2243_p2   |         +|   0|  0|   9|           2|           2|
    |add_ln840_590_fu_7589_p2  |         +|   0|  0|   7|           4|           4|
    |add_ln840_591_fu_7599_p2  |         +|   0|  0|  12|           5|           5|
    |add_ln840_592_fu_7609_p2  |         +|   0|  0|  13|           6|           6|
    |add_ln840_593_fu_7619_p2  |         +|   0|  0|  14|           7|           7|
    |add_ln840_594_fu_7629_p2  |         +|   0|  0|   9|           2|           2|
    |add_ln840_595_fu_7639_p2  |         +|   0|  0|   9|           2|           2|
    |add_ln840_596_fu_7649_p2  |         +|   0|  0|  10|           3|           3|
    |add_ln840_597_fu_7659_p2  |         +|   0|  0|   9|           2|           2|
    |add_ln840_598_fu_7669_p2  |         +|   0|  0|  10|           3|           3|
    |add_ln840_599_fu_7679_p2  |         +|   0|  0|  12|           4|           4|
    |add_ln840_59_fu_2253_p2   |         +|   0|  0|  10|           3|           3|
    |add_ln840_5_fu_1765_p2    |         +|   0|  0|   9|           2|           2|
    |add_ln840_600_fu_7689_p2  |         +|   0|  0|   9|           2|           2|
    |add_ln840_601_fu_7699_p2  |         +|   0|  0|   2|           2|           2|
    |add_ln840_602_fu_7705_p2  |         +|   0|  0|   2|           2|           2|
    |add_ln840_603_fu_7715_p2  |         +|   0|  0|  10|           3|           3|
    |add_ln840_604_fu_7725_p2  |         +|   0|  0|   9|           2|           2|
    |add_ln840_605_fu_7735_p2  |         +|   0|  0|   2|           2|           2|
    |add_ln840_606_fu_7741_p2  |         +|   0|  0|   2|           2|           2|
    |add_ln840_607_fu_7751_p2  |         +|   0|  0|  10|           3|           3|
    |add_ln840_608_fu_7761_p2  |         +|   0|  0|  12|           4|           4|
    |add_ln840_609_fu_7771_p2  |         +|   0|  0|  12|           5|           5|
    |add_ln840_60_fu_2263_p2   |         +|   0|  0|  12|           4|           4|
    |add_ln840_610_fu_7785_p2  |         +|   0|  0|   2|           2|           2|
    |add_ln840_611_fu_7791_p2  |         +|   0|  0|   2|           2|           2|
    |add_ln840_612_fu_7801_p2  |         +|   0|  0|  10|           3|           3|
    |add_ln840_613_fu_7815_p2  |         +|   0|  0|   2|           2|           2|
    |add_ln840_614_fu_7821_p2  |         +|   0|  0|   2|           2|           2|
    |add_ln840_615_fu_7831_p2  |         +|   0|  0|  10|           3|           3|
    |add_ln840_616_fu_7841_p2  |         +|   0|  0|  12|           4|           4|
    |add_ln840_617_fu_7851_p2  |         +|   0|  0|   2|           2|           2|
    |add_ln840_618_fu_7857_p2  |         +|   0|  0|   2|           2|           2|
    |add_ln840_619_fu_7867_p2  |         +|   0|  0|  10|           3|           3|
    |add_ln840_61_fu_2273_p2   |         +|   0|  0|  12|           5|           5|
    |add_ln840_620_fu_7881_p2  |         +|   0|  0|  10|           3|           3|
    |add_ln840_621_fu_7891_p2  |         +|   0|  0|  12|           4|           4|
    |add_ln840_622_fu_7901_p2  |         +|   0|  0|  12|           5|           5|
    |add_ln840_623_fu_7911_p2  |         +|   0|  0|  13|           6|           6|
    |add_ln840_624_fu_7921_p2  |         +|   0|  0|   9|           2|           2|
    |add_ln840_625_fu_7931_p2  |         +|   0|  0|  10|           3|           3|
    |add_ln840_626_fu_7941_p2  |         +|   0|  0|   9|           2|           2|
    |add_ln840_627_fu_7951_p2  |         +|   0|  0|  10|           3|           3|
    |add_ln840_628_fu_7961_p2  |         +|   0|  0|  12|           4|           4|
    |add_ln840_629_fu_7971_p2  |         +|   0|  0|   9|           2|           2|
    |add_ln840_62_fu_2283_p2   |         +|   0|  0|   9|           2|           2|
    |add_ln840_630_fu_7981_p2  |         +|   0|  0|  10|           3|           3|
    |add_ln840_631_fu_7991_p2  |         +|   0|  0|   9|           2|           2|
    |add_ln840_632_fu_8001_p2  |         +|   0|  0|   9|           2|           2|
    |add_ln840_633_fu_8011_p2  |         +|   0|  0|  10|           3|           3|
    |add_ln840_634_fu_8021_p2  |         +|   0|  0|  12|           4|           4|
    |add_ln840_635_fu_8031_p2  |         +|   0|  0|  12|           5|           5|
    |add_ln840_636_fu_8041_p2  |         +|   0|  0|   9|           2|           2|
    |add_ln840_637_fu_8051_p2  |         +|   0|  0|   9|           2|           2|
    |add_ln840_638_fu_8061_p2  |         +|   0|  0|  10|           3|           3|
    |add_ln840_639_fu_8071_p2  |         +|   0|  0|   9|           2|           2|
    |add_ln840_63_fu_2293_p2   |         +|   0|  0|   9|           2|           2|
    |add_ln840_640_fu_8081_p2  |         +|   0|  0|   9|           2|           2|
    |add_ln840_641_fu_8087_p2  |         +|   0|  0|   9|           2|           2|
    |add_ln840_642_fu_8097_p2  |         +|   0|  0|  10|           3|           3|
    |add_ln840_643_fu_8107_p2  |         +|   0|  0|  12|           4|           4|
    |add_ln840_644_fu_8117_p2  |         +|   0|  0|   9|           2|           2|
    |add_ln840_645_fu_8127_p2  |         +|   0|  0|   2|           2|           2|
    |add_ln840_646_fu_8133_p2  |         +|   0|  0|   2|           2|           2|
    |add_ln840_647_fu_8143_p2  |         +|   0|  0|  10|           3|           3|
    |add_ln840_648_fu_8153_p2  |         +|   0|  0|   9|           2|           2|
    |add_ln840_649_fu_8163_p2  |         +|   0|  0|  10|           3|           3|
    |add_ln840_64_fu_2299_p2   |         +|   0|  0|   9|           2|           2|
    |add_ln840_650_fu_8173_p2  |         +|   0|  0|  12|           4|           4|
    |add_ln840_651_fu_8179_p2  |         +|   0|  0|   7|           4|           4|
    |add_ln840_652_fu_8185_p2  |         +|   0|  0|   7|           4|           4|
    |add_ln840_653_fu_8195_p2  |         +|   0|  0|  12|           5|           5|
    |add_ln840_654_fu_8205_p2  |         +|   0|  0|  13|           6|           6|
    |add_ln840_655_fu_8215_p2  |         +|   0|  0|  14|           7|           7|
    |add_ln840_656_fu_8225_p2  |         +|   0|  0|   9|           2|           2|
    |add_ln840_657_fu_8235_p2  |         +|   0|  0|   2|           2|           2|
    |add_ln840_658_fu_8241_p2  |         +|   0|  0|   2|           2|           2|
    |add_ln840_659_fu_8251_p2  |         +|   0|  0|  10|           3|           3|
    |add_ln840_65_fu_2309_p2   |         +|   0|  0|  10|           3|           3|
    |add_ln840_660_fu_8261_p2  |         +|   0|  0|   9|           2|           2|
    |add_ln840_661_fu_8271_p2  |         +|   0|  0|   2|           2|           2|
    |add_ln840_662_fu_8277_p2  |         +|   0|  0|   2|           2|           2|
    |add_ln840_663_fu_8287_p2  |         +|   0|  0|  10|           3|           3|
    |add_ln840_664_fu_8297_p2  |         +|   0|  0|  12|           4|           4|
    |add_ln840_665_fu_8307_p2  |         +|   0|  0|   9|           2|           2|
    |add_ln840_666_fu_8317_p2  |         +|   0|  0|  10|           3|           3|
    |add_ln840_667_fu_8327_p2  |         +|   0|  0|   9|           2|           2|
    |add_ln840_668_fu_8337_p2  |         +|   0|  0|  10|           3|           3|
    |add_ln840_669_fu_8347_p2  |         +|   0|  0|  12|           4|           4|
    |add_ln840_66_fu_2319_p2   |         +|   0|  0|   9|           2|           2|
    |add_ln840_670_fu_8357_p2  |         +|   0|  0|  12|           5|           5|
    |add_ln840_671_fu_8371_p2  |         +|   0|  0|   2|           2|           2|
    |add_ln840_672_fu_8377_p2  |         +|   0|  0|   2|           2|           2|
    |add_ln840_673_fu_8387_p2  |         +|   0|  0|  10|           3|           3|
    |add_ln840_674_fu_8397_p2  |         +|   0|  0|   9|           2|           2|
    |add_ln840_675_fu_8407_p2  |         +|   0|  0|   2|           2|           2|
    |add_ln840_676_fu_8413_p2  |         +|   0|  0|   2|           2|           2|
    |add_ln840_677_fu_8423_p2  |         +|   0|  0|  10|           3|           3|
    |add_ln840_678_fu_8433_p2  |         +|   0|  0|  12|           4|           4|
    |add_ln840_679_fu_8443_p2  |         +|   0|  0|   9|           2|           2|
    |add_ln840_67_fu_2329_p2   |         +|   0|  0|   2|           2|           2|
    |add_ln840_680_fu_8453_p2  |         +|   0|  0|   9|           2|           2|
    |add_ln840_681_fu_8463_p2  |         +|   0|  0|  10|           3|           3|
    |add_ln840_682_fu_8473_p2  |         +|   0|  0|   2|           2|           2|
    |add_ln840_683_fu_8479_p2  |         +|   0|  0|   2|           2|           2|
    |add_ln840_684_fu_8489_p2  |         +|   0|  0|  10|           3|           3|
    |add_ln840_685_fu_8499_p2  |         +|   0|  0|  12|           4|           4|
    |add_ln840_686_fu_8509_p2  |         +|   0|  0|  12|           5|           5|
    |add_ln840_687_fu_8519_p2  |         +|   0|  0|  13|           6|           6|
    |add_ln840_688_fu_8529_p2  |         +|   0|  0|   9|           2|           2|
    |add_ln840_689_fu_8539_p2  |         +|   0|  0|   2|           2|           2|
    |add_ln840_68_fu_2335_p2   |         +|   0|  0|   2|           2|           2|
    |add_ln840_690_fu_8545_p2  |         +|   0|  0|   2|           2|           2|
    |add_ln840_691_fu_8555_p2  |         +|   0|  0|  10|           3|           3|
    |add_ln840_692_fu_8565_p2  |         +|   0|  0|   9|           2|           2|
    |add_ln840_693_fu_8575_p2  |         +|   0|  0|   9|           2|           2|
    |add_ln840_694_fu_8585_p2  |         +|   0|  0|  10|           3|           3|
    |add_ln840_695_fu_8595_p2  |         +|   0|  0|  12|           4|           4|
    |add_ln840_696_fu_8605_p2  |         +|   0|  0|   9|           2|           2|
    |add_ln840_697_fu_8615_p2  |         +|   0|  0|  10|           3|           3|
    |add_ln840_698_fu_8625_p2  |         +|   0|  0|   9|           2|           2|
    |add_ln840_699_fu_8635_p2  |         +|   0|  0|  10|           3|           3|
    |add_ln840_69_fu_2345_p2   |         +|   0|  0|  10|           3|           3|
    |add_ln840_6_fu_1771_p2    |         +|   0|  0|   9|           2|           2|
    |add_ln840_700_fu_8645_p2  |         +|   0|  0|  12|           4|           4|
    |add_ln840_701_fu_8655_p2  |         +|   0|  0|  12|           5|           5|
    |add_ln840_702_fu_8665_p2  |         +|   0|  0|  10|           3|           3|
    |add_ln840_703_fu_8679_p2  |         +|   0|  0|   2|           2|           2|
    |add_ln840_704_fu_8685_p2  |         +|   0|  0|   2|           2|           2|
    |add_ln840_705_fu_8695_p2  |         +|   0|  0|  10|           3|           3|
    |add_ln840_706_fu_8705_p2  |         +|   0|  0|  12|           4|           4|
    |add_ln840_707_fu_8719_p2  |         +|   0|  0|   2|           2|           2|
    |add_ln840_708_fu_8725_p2  |         +|   0|  0|   2|           2|           2|
    |add_ln840_709_fu_8735_p2  |         +|   0|  0|  10|           3|           3|
    |add_ln840_70_fu_2355_p2   |         +|   0|  0|  12|           4|           4|
    |add_ln840_710_fu_8745_p2  |         +|   0|  0|   9|           2|           2|
    |add_ln840_711_fu_8755_p2  |         +|   0|  0|   4|           3|           3|
    |add_ln840_712_fu_8761_p2  |         +|   0|  0|   4|           3|           3|
    |add_ln840_713_fu_8771_p2  |         +|   0|  0|   7|           4|           4|
    |add_ln840_714_fu_8777_p2  |         +|   0|  0|   7|           4|           4|
    |add_ln840_715_fu_8787_p2  |         +|   0|  0|  12|           5|           5|
    |add_ln840_716_fu_8797_p2  |         +|   0|  0|  13|           6|           6|
    |add_ln840_717_fu_8807_p2  |         +|   0|  0|  14|           7|           7|
    |add_ln840_71_fu_2365_p2   |         +|   0|  0|   9|           2|           2|
    |add_ln840_72_fu_2375_p2   |         +|   0|  0|   2|           2|           2|
    |add_ln840_73_fu_2381_p2   |         +|   0|  0|   2|           2|           2|
    |add_ln840_74_fu_2391_p2   |         +|   0|  0|  10|           3|           3|
    |add_ln840_75_fu_2401_p2   |         +|   0|  0|   9|           2|           2|
    |add_ln840_76_fu_2411_p2   |         +|   0|  0|  10|           3|           3|
    |add_ln840_77_fu_2417_p2   |         +|   0|  0|   4|           3|           3|
    |add_ln840_78_fu_2423_p2   |         +|   0|  0|   4|           3|           3|
    |add_ln840_79_fu_2433_p2   |         +|   0|  0|  12|           4|           4|
    |add_ln840_7_fu_1781_p2    |         +|   0|  0|  10|           3|           3|
    |add_ln840_80_fu_2443_p2   |         +|   0|  0|  12|           5|           5|
    |add_ln840_81_fu_2453_p2   |         +|   0|  0|  13|           6|           6|
    |add_ln840_82_fu_2463_p2   |         +|   0|  0|  14|           7|           7|
    |add_ln840_83_fu_2511_p2   |         +|   0|  0|   9|           2|           2|
    |add_ln840_84_fu_2521_p2   |         +|   0|  0|   9|           2|           2|
    |add_ln840_85_fu_2531_p2   |         +|   0|  0|  10|           3|           3|
    |add_ln840_86_fu_2785_p2   |         +|   0|  0|   9|           2|           2|
    |add_ln840_87_fu_2795_p2   |         +|   0|  0|   9|           2|           2|
    |add_ln840_88_fu_2805_p2   |         +|   0|  0|   9|           2|           2|
    |add_ln840_89_fu_2819_p2   |         +|   0|  0|  10|           3|           3|
    |add_ln840_8_fu_1791_p2    |         +|   0|  0|   9|           2|           2|
    |add_ln840_90_fu_2829_p2   |         +|   0|  0|   9|           2|           2|
    |add_ln840_91_fu_2839_p2   |         +|   0|  0|   2|           2|           2|
    |add_ln840_92_fu_2845_p2   |         +|   0|  0|   2|           2|           2|
    |add_ln840_93_fu_2855_p2   |         +|   0|  0|  10|           3|           3|
    |add_ln840_94_fu_2865_p2   |         +|   0|  0|  12|           4|           4|
    |add_ln840_95_fu_2875_p2   |         +|   0|  0|   9|           2|           2|
    |add_ln840_96_fu_2885_p2   |         +|   0|  0|   2|           2|           2|
    |add_ln840_97_fu_2891_p2   |         +|   0|  0|   2|           2|           2|
    |add_ln840_98_fu_2901_p2   |         +|   0|  0|  10|           3|           3|
    |add_ln840_99_fu_2911_p2   |         +|   0|  0|   9|           2|           2|
    |add_ln840_9_fu_1801_p2    |         +|   0|  0|   2|           2|           2|
    |add_ln840_fu_235_p2       |         +|   0|  0|   9|           2|           2|
    |ap_block_state1           |        or|   0|  0|   2|           1|           1|
    |xor_ln840_10_fu_509_p2    |       xor|   0|  0|   2|           1|           2|
    |xor_ln840_11_fu_531_p2    |       xor|   0|  0|   2|           1|           2|
    |xor_ln840_12_fu_577_p2    |       xor|   0|  0|   2|           1|           2|
    |xor_ln840_13_fu_623_p2    |       xor|   0|  0|   2|           1|           2|
    |xor_ln840_14_fu_657_p2    |       xor|   0|  0|   2|           1|           2|
    |xor_ln840_15_fu_703_p2    |       xor|   0|  0|   2|           1|           2|
    |xor_ln840_16_fu_725_p2    |       xor|   0|  0|   2|           1|           2|
    |xor_ln840_17_fu_759_p2    |       xor|   0|  0|   2|           1|           2|
    |xor_ln840_18_fu_817_p2    |       xor|   0|  0|   2|           1|           2|
    |xor_ln840_19_fu_839_p2    |       xor|   0|  0|   2|           1|           2|
    |xor_ln840_1_fu_287_p2     |       xor|   0|  0|   2|           1|           2|
    |xor_ln840_20_fu_861_p2    |       xor|   0|  0|   2|           1|           2|
    |xor_ln840_21_fu_895_p2    |       xor|   0|  0|   2|           1|           2|
    |xor_ln840_22_fu_917_p2    |       xor|   0|  0|   2|           1|           2|
    |xor_ln840_23_fu_939_p2    |       xor|   0|  0|   2|           1|           2|
    |xor_ln840_24_fu_973_p2    |       xor|   0|  0|   2|           1|           2|
    |xor_ln840_25_fu_1019_p2   |       xor|   0|  0|   2|           1|           2|
    |xor_ln840_26_fu_1041_p2   |       xor|   0|  0|   2|           1|           2|
    |xor_ln840_27_fu_1063_p2   |       xor|   0|  0|   2|           1|           2|
    |xor_ln840_28_fu_1085_p2   |       xor|   0|  0|   2|           1|           2|
    |xor_ln840_29_fu_1107_p2   |       xor|   0|  0|   2|           1|           2|
    |xor_ln840_2_fu_309_p2     |       xor|   0|  0|   2|           1|           2|
    |xor_ln840_30_fu_1129_p2   |       xor|   0|  0|   2|           1|           2|
    |xor_ln840_31_fu_1163_p2   |       xor|   0|  0|   2|           1|           2|
    |xor_ln840_32_fu_1209_p2   |       xor|   0|  0|   2|           1|           2|
    |xor_ln840_33_fu_1231_p2   |       xor|   0|  0|   2|           1|           2|
    |xor_ln840_34_fu_1253_p2   |       xor|   0|  0|   2|           1|           2|
    |xor_ln840_35_fu_1275_p2   |       xor|   0|  0|   2|           1|           2|
    |xor_ln840_36_fu_1297_p2   |       xor|   0|  0|   2|           1|           2|
    |xor_ln840_37_fu_1319_p2   |       xor|   0|  0|   2|           1|           2|
    |xor_ln840_38_fu_1377_p2   |       xor|   0|  0|   2|           1|           2|
    |xor_ln840_39_fu_1411_p2   |       xor|   0|  0|   2|           1|           2|
    |xor_ln840_3_fu_331_p2     |       xor|   0|  0|   2|           1|           2|
    |xor_ln840_40_fu_1433_p2   |       xor|   0|  0|   2|           1|           2|
    |xor_ln840_41_fu_1455_p2   |       xor|   0|  0|   2|           1|           2|
    |xor_ln840_42_fu_1489_p2   |       xor|   0|  0|   2|           1|           2|
    |xor_ln840_43_fu_1523_p2   |       xor|   0|  0|   2|           1|           2|
    |xor_ln840_44_fu_1557_p2   |       xor|   0|  0|   2|           1|           2|
    |xor_ln840_45_fu_1623_p2   |       xor|   0|  0|   2|           1|           2|
    |xor_ln840_46_fu_1645_p2   |       xor|   0|  0|   2|           1|           2|
    |xor_ln840_47_fu_1667_p2   |       xor|   0|  0|   2|           1|           2|
    |xor_ln840_48_fu_1713_p2   |       xor|   0|  0|   2|           1|           2|
    |xor_ln840_49_fu_2473_p2   |       xor|   0|  0|   2|           1|           2|
    |xor_ln840_4_fu_353_p2     |       xor|   0|  0|   2|           1|           2|
    |xor_ln840_50_fu_2483_p2   |       xor|   0|  0|   2|           1|           2|
    |xor_ln840_51_fu_2497_p2   |       xor|   0|  0|   2|           1|           2|
    |xor_ln840_52_fu_2537_p2   |       xor|   0|  0|   2|           1|           2|
    |xor_ln840_53_fu_2547_p2   |       xor|   0|  0|   2|           1|           2|
    |xor_ln840_54_fu_2557_p2   |       xor|   0|  0|   2|           1|           2|
    |xor_ln840_55_fu_2567_p2   |       xor|   0|  0|   2|           1|           2|
    |xor_ln840_56_fu_2577_p2   |       xor|   0|  0|   2|           1|           2|
    |xor_ln840_57_fu_2587_p2   |       xor|   0|  0|   2|           1|           2|
    |xor_ln840_58_fu_2597_p2   |       xor|   0|  0|   2|           1|           2|
    |xor_ln840_59_fu_2607_p2   |       xor|   0|  0|   2|           1|           2|
    |xor_ln840_5_fu_387_p2     |       xor|   0|  0|   2|           1|           2|
    |xor_ln840_60_fu_2617_p2   |       xor|   0|  0|   2|           1|           2|
    |xor_ln840_61_fu_2627_p2   |       xor|   0|  0|   2|           1|           2|
    |xor_ln840_62_fu_2637_p2   |       xor|   0|  0|   2|           1|           2|
    |xor_ln840_63_fu_2647_p2   |       xor|   0|  0|   2|           1|           2|
    |xor_ln840_64_fu_2657_p2   |       xor|   0|  0|   2|           1|           2|
    |xor_ln840_65_fu_2667_p2   |       xor|   0|  0|   2|           1|           2|
    |xor_ln840_66_fu_2677_p2   |       xor|   0|  0|   2|           1|           2|
    |xor_ln840_67_fu_2687_p2   |       xor|   0|  0|   2|           1|           2|
    |xor_ln840_68_fu_2697_p2   |       xor|   0|  0|   2|           1|           2|
    |xor_ln840_69_fu_2707_p2   |       xor|   0|  0|   2|           1|           2|
    |xor_ln840_6_fu_409_p2     |       xor|   0|  0|   2|           1|           2|
    |xor_ln840_70_fu_2717_p2   |       xor|   0|  0|   2|           1|           2|
    |xor_ln840_71_fu_2727_p2   |       xor|   0|  0|   2|           1|           2|
    |xor_ln840_72_fu_2737_p2   |       xor|   0|  0|   2|           1|           2|
    |xor_ln840_73_fu_2747_p2   |       xor|   0|  0|   2|           1|           2|
    |xor_ln840_74_fu_2757_p2   |       xor|   0|  0|   2|           1|           2|
    |xor_ln840_75_fu_2775_p2   |       xor|   0|  0|   2|           1|           2|
    |xor_ln840_76_fu_3503_p2   |       xor|   0|  0|   2|           1|           2|
    |xor_ln840_77_fu_3513_p2   |       xor|   0|  0|   2|           1|           2|
    |xor_ln840_78_fu_3523_p2   |       xor|   0|  0|   2|           1|           2|
    |xor_ln840_79_fu_3533_p2   |       xor|   0|  0|   2|           1|           2|
    |xor_ln840_7_fu_443_p2     |       xor|   0|  0|   2|           1|           2|
    |xor_ln840_80_fu_3543_p2   |       xor|   0|  0|   2|           1|           2|
    |xor_ln840_81_fu_4247_p2   |       xor|   0|  0|   2|           1|           2|
    |xor_ln840_82_fu_4957_p2   |       xor|   0|  0|   2|           1|           2|
    |xor_ln840_83_fu_4967_p2   |       xor|   0|  0|   2|           1|           2|
    |xor_ln840_8_fu_465_p2     |       xor|   0|  0|   2|           1|           2|
    |xor_ln840_9_fu_487_p2     |       xor|   0|  0|   2|           1|           2|
    |xor_ln840_fu_213_p2       |       xor|   0|  0|   2|           1|           2|
    +--------------------------+----------+----+---+----+------------+------------+
    |Total                     |          |   0|  0|6131|        2129|        2213|
    +--------------------------+----------+----+---+----+------------+------------+

    * Multiplexer: 
    +--------------------+----+-----------+-----+-----------+
    |        Name        | LUT| Input Size| Bits| Total Bits|
    +--------------------+----+-----------+-----+-----------+
    |ap_NS_fsm           |  14|          3|    1|          3|
    |in0_V_TDATA_blk_n   |   9|          2|    1|          2|
    |out0_V_TDATA_blk_n  |   9|          2|    1|          2|
    +--------------------+----+-----------+-----+-----------+
    |Total               |  32|          7|    3|          7|
    +--------------------+----+-----------+-----+-----------+

    * Register: 
    +-----------+---+----+-----+-----------+
    |    Name   | FF| LUT| Bits| Const Bits|
    +-----------+---+----+-----+-----------+
    |ap_CS_fsm  |  2|   0|    2|          0|
    +-----------+---+----+-----+-----------+
    |Total      |  2|   0|    2|          0|
    +-----------+---+----+-----+-----------+



================================================================
== Interface
================================================================
* Summary: 
+---------------+-----+-----+------------+------------------------------+--------------+
|   RTL Ports   | Dir | Bits|  Protocol  |         Source Object        |    C Type    |
+---------------+-----+-----+------------+------------------------------+--------------+
|ap_clk         |   in|    1|  ap_ctrl_hs|  Matrix_Vector_Activate_Batch|  return value|
|ap_rst         |   in|    1|  ap_ctrl_hs|  Matrix_Vector_Activate_Batch|  return value|
|ap_start       |   in|    1|  ap_ctrl_hs|  Matrix_Vector_Activate_Batch|  return value|
|ap_done        |  out|    1|  ap_ctrl_hs|  Matrix_Vector_Activate_Batch|  return value|
|ap_idle        |  out|    1|  ap_ctrl_hs|  Matrix_Vector_Activate_Batch|  return value|
|ap_ready       |  out|    1|  ap_ctrl_hs|  Matrix_Vector_Activate_Batch|  return value|
|in0_V_TDATA    |   in|   88|        axis|                         in0_V|       pointer|
|in0_V_TVALID   |   in|    1|        axis|                         in0_V|       pointer|
|in0_V_TREADY   |  out|    1|        axis|                         in0_V|       pointer|
|out0_V_TDATA   |  out|   80|        axis|                        out0_V|       pointer|
|out0_V_TVALID  |  out|    1|        axis|                        out0_V|       pointer|
|out0_V_TREADY  |   in|    1|        axis|                        out0_V|       pointer|
+---------------+-----+-----+------------+------------------------------+--------------+

