==============================================================
Vitis HLS - High-Level Synthesis from C, C++ and OpenCL v2022.2 (64-bit)
Tool Version Limit: 2019.12
Copyright 1986-2022 Xilinx, Inc. All Rights Reserved.
==============================================================
INFO: [HLS 200-1505] Using default flow_target 'vivado'
INFO: [HLS 200-435] Setting 'open_solution -flow_target vivado' configuration: config_interface -m_axi_latency=0
INFO: [HLS 200-1510] Running: set_part xczu7ev-ffvc1156-2-e 
INFO: [HLS 200-1611] Setting target device to 'xczu7ev-ffvc1156-2-e'
INFO: [HLS 200-1510] Running: config_compile -disable_unroll_code_size_check -pipeline_style flp 
WARNING: [XFORM 203-506] Disable code size check when do loop unroll.
WARNING: [HLS 200-643] The 'config_compile -disable_unroll_code_size_check' hidden command is deprecated and will be removed in a future release.
INFO: [HLS 200-1510] Running: config_interface -m_axi_addr64 
INFO: [HLS 200-1510] Running: config_rtl -module_auto_prefix 
INFO: [HLS 200-1510] Running: config_rtl -deadlock_detection none 
INFO: [HLS 200-1510] Running: create_clock -period 10.0 -name default 
INFO: [SYN 201-201] Setting up clock 'default' with a period of 10ns.
INFO: [HLS 200-1510] Running: csynth_design 
INFO: [HLS 200-111] Finished File checks and directory preparation: CPU user time: 0 seconds. CPU system time: 0.02 seconds. Elapsed time: 10.05 seconds; current allocated memory: 1.069 GB.
INFO: [HLS 200-10] Analyzing design file '/home/changhong/prj/finn/notebooks/EF-US-Engine-Free-Unstructured-Sparsity-Design-Alleviates-Accelerator-Bottlenecks/casestudy1/LeNet_MNIST_BNN/tmp/unfold/code_gen_ipgen_MVAU_hls_4_7zz0ni5a/top_MVAU_hls_4.cpp' ... 
INFO: [HLS 200-111] Finished Source Code Analysis and Preprocessing: CPU user time: 4.85 seconds. CPU system time: 0.59 seconds. Elapsed time: 5.44 seconds; current allocated memory: 1.077 GB.
INFO: [HLS 200-777] Using interface defaults for 'Vivado' flow target.
INFO: [HLS 214-131] Inlining function 'BinaryWeights<84u, 10u, 1u>::TileIndex::TileIndex(BinaryWeights<84u, 10u, 1u> const&, unsigned int)' into 'BinaryWeights<84u, 10u, 1u>::weights(unsigned int) const' (/home/changhong/prj/finn/deps/finn-hlslib/weights.hpp:96:9)
INFO: [HLS 214-131] Inlining function 'Recast<XnorMul>::Container<ap_uint<84> >::Container(ap_uint<84> const&)' into 'Recast<XnorMul>::Container<ap_uint<84> > Recast<XnorMul>::operator()<ap_uint<84> >(ap_uint<84> const&, unsigned int) const' (/home/changhong/prj/finn/deps/finn-hlslib/interpret.hpp:169:9)
INFO: [HLS 214-131] Inlining function 'XnorMul::XnorMul(ap_uint<1>)' into 'Recast<XnorMul>::Container<ap_uint<84> >::operator()(unsigned int, unsigned int) const' (/home/changhong/prj/finn/deps/finn-hlslib/interpret.hpp:152:9)
INFO: [HLS 214-131] Inlining function 'XnorMul::operator*(ap_uint<1> const&) const' into 'operator*(ap_uint<1> const&, XnorMul const&)' (/home/changhong/prj/finn/deps/finn-hlslib/interpret.hpp:73:10)
INFO: [HLS 214-131] Inlining function 'operator*(ap_uint<1> const&, XnorMul const&)' into 'decltype((fp) * (fp0)) mul<bool, XnorMul>(bool const&, XnorMul const&, ap_resource_dflt const&)' (/home/changhong/prj/finn/deps/finn-hlslib/mac.hpp:90:12)
INFO: [HLS 214-131] Inlining function 'decltype((fp) * (fp0)) mul<bool, XnorMul>(bool const&, XnorMul const&, ap_resource_dflt const&)' into 'ap_int<8> mac<84u, ap_int<8>, ap_uint<84>, Recast<XnorMul>::Container<ap_uint<84> >, ap_resource_dflt>(ap_int<8> const&, ap_uint<84> const&, Recast<XnorMul>::Container<ap_uint<84> > const&, ap_resource_dflt const&, unsigned int)' (/home/changhong/prj/finn/deps/finn-hlslib/mac.hpp:169:9)
INFO: [HLS 214-131] Inlining function 'Recast<XnorMul>::Container<ap_uint<84> >::operator()(unsigned int, unsigned int) const' into 'ap_int<8> mac<84u, ap_int<8>, ap_uint<84>, Recast<XnorMul>::Container<ap_uint<84> >, ap_resource_dflt>(ap_int<8> const&, ap_uint<84> const&, Recast<XnorMul>::Container<ap_uint<84> > const&, ap_resource_dflt const&, unsigned int)' (/home/changhong/prj/finn/deps/finn-hlslib/mac.hpp:169:19)
INFO: [HLS 214-131] Inlining function 'Slice<ap_int<8>, 8u>::Container<ap_uint<80> >::operator ap_uint<80> const&() const' into 'void Matrix_Vector_Activate_Batch<84u, 10u, 84u, 10u, 1u, Recast<XnorMul>, Slice<ap_int<8>, 8u>, Identity, ap_uint<84>, ap_uint<80>, BinaryWeights<84u, 10u, 1u>, PassThroughActivation<ap_int<8> >, ap_resource_dflt>(hls::stream<ap_uint<84>, 0>&, hls::stream<ap_uint<80>, 0>&, BinaryWeights<84u, 10u, 1u> const&, PassThroughActivation<ap_int<8> > const&, int, ap_resource_dflt const&)' (/home/changhong/prj/finn/deps/finn-hlslib/mvau.hpp:171:17)
INFO: [HLS 214-131] Inlining function 'Slice<ap_int<8>, 8u>::Container<ap_uint<80> >::operator()(unsigned int, unsigned int, bool) const' into 'void Matrix_Vector_Activate_Batch<84u, 10u, 84u, 10u, 1u, Recast<XnorMul>, Slice<ap_int<8>, 8u>, Identity, ap_uint<84>, ap_uint<80>, BinaryWeights<84u, 10u, 1u>, PassThroughActivation<ap_int<8> >, ap_resource_dflt>(hls::stream<ap_uint<84>, 0>&, hls::stream<ap_uint<80>, 0>&, BinaryWeights<84u, 10u, 1u> const&, PassThroughActivation<ap_int<8> > const&, int, ap_resource_dflt const&)' (/home/changhong/prj/finn/deps/finn-hlslib/mvau.hpp:168:2)
INFO: [HLS 214-131] Inlining function 'PassThroughActivation<ap_int<8> >::activate(unsigned int, unsigned int, ap_int<8> const&) const' into 'void Matrix_Vector_Activate_Batch<84u, 10u, 84u, 10u, 1u, Recast<XnorMul>, Slice<ap_int<8>, 8u>, Identity, ap_uint<84>, ap_uint<80>, BinaryWeights<84u, 10u, 1u>, PassThroughActivation<ap_int<8> >, ap_resource_dflt>(hls::stream<ap_uint<84>, 0>&, hls::stream<ap_uint<80>, 0>&, BinaryWeights<84u, 10u, 1u> const&, PassThroughActivation<ap_int<8> > const&, int, ap_resource_dflt const&)' (/home/changhong/prj/finn/deps/finn-hlslib/mvau.hpp:168:33)
INFO: [HLS 214-131] Inlining function 'ap_int<8> mac<84u, ap_int<8>, ap_uint<84>, Recast<XnorMul>::Container<ap_uint<84> >, ap_resource_dflt>(ap_int<8> const&, ap_uint<84> const&, Recast<XnorMul>::Container<ap_uint<84> > const&, ap_resource_dflt const&, unsigned int)' into 'void Matrix_Vector_Activate_Batch<84u, 10u, 84u, 10u, 1u, Recast<XnorMul>, Slice<ap_int<8>, 8u>, Identity, ap_uint<84>, ap_uint<80>, BinaryWeights<84u, 10u, 1u>, PassThroughActivation<ap_int<8> >, ap_resource_dflt>(hls::stream<ap_uint<84>, 0>&, hls::stream<ap_uint<80>, 0>&, BinaryWeights<84u, 10u, 1u> const&, PassThroughActivation<ap_int<8> > const&, int, ap_resource_dflt const&)' (/home/changhong/prj/finn/deps/finn-hlslib/mvau.hpp:155:25)
INFO: [HLS 214-131] Inlining function 'Recast<XnorMul>::Container<ap_uint<84> > Recast<XnorMul>::operator()<ap_uint<84> >(ap_uint<84> const&, unsigned int) const' into 'void Matrix_Vector_Activate_Batch<84u, 10u, 84u, 10u, 1u, Recast<XnorMul>, Slice<ap_int<8>, 8u>, Identity, ap_uint<84>, ap_uint<80>, BinaryWeights<84u, 10u, 1u>, PassThroughActivation<ap_int<8> >, ap_resource_dflt>(hls::stream<ap_uint<84>, 0>&, hls::stream<ap_uint<80>, 0>&, BinaryWeights<84u, 10u, 1u> const&, PassThroughActivation<ap_int<8> > const&, int, ap_resource_dflt const&)' (/home/changhong/prj/finn/deps/finn-hlslib/mvau.hpp:154:26)
INFO: [HLS 214-131] Inlining function 'ap_uint<84> const& Identity::operator()<ap_uint<84> >(ap_uint<84> const&) const' into 'void Matrix_Vector_Activate_Batch<84u, 10u, 84u, 10u, 1u, Recast<XnorMul>, Slice<ap_int<8>, 8u>, Identity, ap_uint<84>, ap_uint<80>, BinaryWeights<84u, 10u, 1u>, PassThroughActivation<ap_int<8> >, ap_resource_dflt>(hls::stream<ap_uint<84>, 0>&, hls::stream<ap_uint<80>, 0>&, BinaryWeights<84u, 10u, 1u> const&, PassThroughActivation<ap_int<8> > const&, int, ap_resource_dflt const&)' (/home/changhong/prj/finn/deps/finn-hlslib/mvau.hpp:152:19)
INFO: [HLS 214-131] Inlining function 'BinaryWeights<84u, 10u, 1u>::TileIndex::operator[](unsigned int) const' into 'void Matrix_Vector_Activate_Batch<84u, 10u, 84u, 10u, 1u, Recast<XnorMul>, Slice<ap_int<8>, 8u>, Identity, ap_uint<84>, ap_uint<80>, BinaryWeights<84u, 10u, 1u>, PassThroughActivation<ap_int<8> >, ap_resource_dflt>(hls::stream<ap_uint<84>, 0>&, hls::stream<ap_uint<80>, 0>&, BinaryWeights<84u, 10u, 1u> const&, PassThroughActivation<ap_int<8> > const&, int, ap_resource_dflt const&)' (/home/changhong/prj/finn/deps/finn-hlslib/mvau.hpp:152:30)
INFO: [HLS 214-131] Inlining function 'BinaryWeights<84u, 10u, 1u>::weights(unsigned int) const' into 'void Matrix_Vector_Activate_Batch<84u, 10u, 84u, 10u, 1u, Recast<XnorMul>, Slice<ap_int<8>, 8u>, Identity, ap_uint<84>, ap_uint<80>, BinaryWeights<84u, 10u, 1u>, PassThroughActivation<ap_int<8> >, ap_resource_dflt>(hls::stream<ap_uint<84>, 0>&, hls::stream<ap_uint<80>, 0>&, BinaryWeights<84u, 10u, 1u> const&, PassThroughActivation<ap_int<8> > const&, int, ap_resource_dflt const&)' (/home/changhong/prj/finn/deps/finn-hlslib/mvau.hpp:149:29)
INFO: [HLS 214-131] Inlining function 'Activation<ap_int<8>, ap_int<8> >::init(unsigned int, unsigned int) const' into 'void Matrix_Vector_Activate_Batch<84u, 10u, 84u, 10u, 1u, Recast<XnorMul>, Slice<ap_int<8>, 8u>, Identity, ap_uint<84>, ap_uint<80>, BinaryWeights<84u, 10u, 1u>, PassThroughActivation<ap_int<8> >, ap_resource_dflt>(hls::stream<ap_uint<84>, 0>&, hls::stream<ap_uint<80>, 0>&, BinaryWeights<84u, 10u, 1u> const&, PassThroughActivation<ap_int<8> > const&, int, ap_resource_dflt const&)' (/home/changhong/prj/finn/deps/finn-hlslib/mvau.hpp:143:29)
INFO: [HLS 214-377] Adding 'weights' into disaggregation list because there's array-partition pragma applied on the struct field (/home/changhong/prj/finn/notebooks/EF-US-Engine-Free-Unstructured-Sparsity-Design-Alleviates-Accelerator-Bottlenecks/casestudy1/LeNet_MNIST_BNN/tmp/unfold/code_gen_ipgen_MVAU_hls_4_7zz0ni5a/top_MVAU_hls_4.cpp:30:9)
INFO: [HLS 214-210] Disaggregating variable 'weights' (/home/changhong/prj/finn/notebooks/EF-US-Engine-Free-Unstructured-Sparsity-Design-Alleviates-Accelerator-Bottlenecks/casestudy1/LeNet_MNIST_BNN/tmp/unfold/code_gen_ipgen_MVAU_hls_4_7zz0ni5a/params.h:1:30)
INFO: [HLS 214-291] Loop 'VITIS_LOOP_139_2' is marked as complete unroll implied by the pipeline pragma (/home/changhong/prj/finn/deps/finn-hlslib/mvau.hpp:139:25)
INFO: [HLS 214-291] Loop 'VITIS_LOOP_141_3' is marked as complete unroll implied by the pipeline pragma (/home/changhong/prj/finn/deps/finn-hlslib/mvau.hpp:141:20)
INFO: [HLS 214-291] Loop 'VITIS_LOOP_150_4' is marked as complete unroll implied by the pipeline pragma (/home/changhong/prj/finn/deps/finn-hlslib/mvau.hpp:150:23)
INFO: [HLS 214-291] Loop 'VITIS_LOOP_153_5' is marked as complete unroll implied by the pipeline pragma (/home/changhong/prj/finn/deps/finn-hlslib/mvau.hpp:153:25)
INFO: [HLS 214-291] Loop 'VITIS_LOOP_167_1' is marked as complete unroll implied by the pipeline pragma (/home/changhong/prj/finn/deps/finn-hlslib/mac.hpp:167:21)
INFO: [HLS 214-291] Loop 'VITIS_LOOP_164_6' is marked as complete unroll implied by the pipeline pragma (/home/changhong/prj/finn/deps/finn-hlslib/mvau.hpp:164:25)
INFO: [HLS 214-291] Loop 'VITIS_LOOP_166_7' is marked as complete unroll implied by the pipeline pragma (/home/changhong/prj/finn/deps/finn-hlslib/mvau.hpp:166:20)
INFO: [HLS 214-186] Unrolling loop 'VITIS_LOOP_139_2' (/home/changhong/prj/finn/deps/finn-hlslib/mvau.hpp:139:25) in function 'Matrix_Vector_Activate_Batch<84u, 10u, 84u, 10u, 1u, Recast<XnorMul>, Slice<ap_int<8>, 8u>, Identity, ap_uint<84>, ap_uint<80>, BinaryWeights<84u, 10u, 1u>, PassThroughActivation<ap_int<8> >, ap_resource_dflt>' completely with a factor of 10 (/home/changhong/prj/finn/deps/finn-hlslib/mvau.hpp:98:0)
INFO: [HLS 214-186] Unrolling loop 'VITIS_LOOP_141_3' (/home/changhong/prj/finn/deps/finn-hlslib/mvau.hpp:141:20) in function 'Matrix_Vector_Activate_Batch<84u, 10u, 84u, 10u, 1u, Recast<XnorMul>, Slice<ap_int<8>, 8u>, Identity, ap_uint<84>, ap_uint<80>, BinaryWeights<84u, 10u, 1u>, PassThroughActivation<ap_int<8> >, ap_resource_dflt>' completely with a factor of 1 (/home/changhong/prj/finn/deps/finn-hlslib/mvau.hpp:98:0)
INFO: [HLS 214-186] Unrolling loop 'VITIS_LOOP_150_4' (/home/changhong/prj/finn/deps/finn-hlslib/mvau.hpp:150:23) in function 'Matrix_Vector_Activate_Batch<84u, 10u, 84u, 10u, 1u, Recast<XnorMul>, Slice<ap_int<8>, 8u>, Identity, ap_uint<84>, ap_uint<80>, BinaryWeights<84u, 10u, 1u>, PassThroughActivation<ap_int<8> >, ap_resource_dflt>' completely with a factor of 10 (/home/changhong/prj/finn/deps/finn-hlslib/mvau.hpp:98:0)
INFO: [HLS 214-186] Unrolling loop 'VITIS_LOOP_153_5' (/home/changhong/prj/finn/deps/finn-hlslib/mvau.hpp:153:25) in function 'Matrix_Vector_Activate_Batch<84u, 10u, 84u, 10u, 1u, Recast<XnorMul>, Slice<ap_int<8>, 8u>, Identity, ap_uint<84>, ap_uint<80>, BinaryWeights<84u, 10u, 1u>, PassThroughActivation<ap_int<8> >, ap_resource_dflt>' completely with a factor of 1 (/home/changhong/prj/finn/deps/finn-hlslib/mvau.hpp:98:0)
INFO: [HLS 214-186] Unrolling loop 'VITIS_LOOP_167_1' (/home/changhong/prj/finn/deps/finn-hlslib/mac.hpp:167:21) in function 'Matrix_Vector_Activate_Batch<84u, 10u, 84u, 10u, 1u, Recast<XnorMul>, Slice<ap_int<8>, 8u>, Identity, ap_uint<84>, ap_uint<80>, BinaryWeights<84u, 10u, 1u>, PassThroughActivation<ap_int<8> >, ap_resource_dflt>' completely with a factor of 84 (/home/changhong/prj/finn/deps/finn-hlslib/mvau.hpp:98:0)
INFO: [HLS 214-186] Unrolling loop 'VITIS_LOOP_164_6' (/home/changhong/prj/finn/deps/finn-hlslib/mvau.hpp:164:25) in function 'Matrix_Vector_Activate_Batch<84u, 10u, 84u, 10u, 1u, Recast<XnorMul>, Slice<ap_int<8>, 8u>, Identity, ap_uint<84>, ap_uint<80>, BinaryWeights<84u, 10u, 1u>, PassThroughActivation<ap_int<8> >, ap_resource_dflt>' completely with a factor of 10 (/home/changhong/prj/finn/deps/finn-hlslib/mvau.hpp:98:0)
INFO: [HLS 214-186] Unrolling loop 'VITIS_LOOP_166_7' (/home/changhong/prj/finn/deps/finn-hlslib/mvau.hpp:166:20) in function 'Matrix_Vector_Activate_Batch<84u, 10u, 84u, 10u, 1u, Recast<XnorMul>, Slice<ap_int<8>, 8u>, Identity, ap_uint<84>, ap_uint<80>, BinaryWeights<84u, 10u, 1u>, PassThroughActivation<ap_int<8> >, ap_resource_dflt>' completely with a factor of 1 (/home/changhong/prj/finn/deps/finn-hlslib/mvau.hpp:98:0)
INFO: [HLS 214-248] Applying array_partition to 'weights': Complete partitioning on dimension 1.
INFO: [HLS 200-111] Finished Compiling Optimization and Transform: CPU user time: 3.31 seconds. CPU system time: 0.45 seconds. Elapsed time: 3.78 seconds; current allocated memory: 1.078 GB.
INFO: [HLS 200-111] Finished Checking Pragmas: CPU user time: 0 seconds. CPU system time: 0 seconds. Elapsed time: 0 seconds; current allocated memory: 1.078 GB.
INFO: [HLS 200-10] Starting code transformations ...
INFO: [HLS 200-111] Finished Standard Transforms: CPU user time: 0.09 seconds. CPU system time: 0.01 seconds. Elapsed time: 0.11 seconds; current allocated memory: 1.088 GB.
INFO: [HLS 200-10] Checking synthesizability ...
INFO: [HLS 200-111] Finished Checking Synthesizability: CPU user time: 0.09 seconds. CPU system time: 0 seconds. Elapsed time: 0.08 seconds; current allocated memory: 1.095 GB.
INFO: [XFORM 203-11] Balancing expressions in function 'Matrix_Vector_Activate_Batch<84u, 10u, 84u, 10u, 1u, Recast<XnorMul>, Slice<ap_int<8>, 8u>, Identity, ap_uint<84>, ap_uint<80>, BinaryWeights<84u, 10u, 1u>, PassThroughActivation<ap_int<8> >, ap_resource_dflt>' (/home/changhong/prj/finn/deps/finn-hlslib/mvau.hpp:98:1)...789 expression(s) balanced.
INFO: [HLS 200-111] Finished Loop, function and other optimizations: CPU user time: 0.18 seconds. CPU system time: 0.02 seconds. Elapsed time: 0.2 seconds; current allocated memory: 1.131 GB.
INFO: [HLS 200-111] Finished Architecture Synthesis: CPU user time: 0.1 seconds. CPU system time: 0 seconds. Elapsed time: 0.1 seconds; current allocated memory: 1.141 GB.
INFO: [HLS 200-10] Starting hardware synthesis ...
INFO: [HLS 200-10] Synthesizing 'MVAU_hls_4' ...
INFO: [HLS 200-10] ----------------------------------------------------------------
INFO: [HLS 200-42] -- Implementing module 'Matrix_Vector_Activate_Batch' 
INFO: [HLS 200-10] ----------------------------------------------------------------
INFO: [SCHED 204-11] Starting scheduling ...
INFO: [SCHED 204-11] Finished scheduling.
INFO: [HLS 200-111] Finished Scheduling: CPU user time: 0.69 seconds. CPU system time: 0.06 seconds. Elapsed time: 0.75 seconds; current allocated memory: 1.154 GB.
INFO: [BIND 205-100] Starting micro-architecture generation ...
INFO: [BIND 205-101] Performing variable lifetime analysis.
INFO: [BIND 205-101] Exploring resource sharing.
INFO: [BIND 205-101] Binding ...
INFO: [BIND 205-100] Finished micro-architecture generation.
INFO: [HLS 200-111] Finished Binding: CPU user time: 0.92 seconds. CPU system time: 0 seconds. Elapsed time: 0.92 seconds; current allocated memory: 1.154 GB.
INFO: [HLS 200-10] ----------------------------------------------------------------
INFO: [HLS 200-42] -- Implementing module 'MVAU_hls_4' 
INFO: [HLS 200-10] ----------------------------------------------------------------
INFO: [SCHED 204-11] Starting scheduling ...
