

================================================================
== Vitis HLS Report for 'StreamingMaxPool_hls_1'
================================================================
* Date:           Sun Jun 22 17:18:14 2025

* Version:        2022.2 (Build 3670227 on Oct 13 2022)
* Project:        project_StreamingMaxPool_hls_1
* Solution:       sol1 (Vivado IP Flow Target)
* Product family: zynquplus
* Target device:  xczu7ev-ffvc1156-2-e


================================================================
== Performance Estimates
================================================================
+ Timing: 
    * Summary: 
    +--------+----------+----------+------------+
    |  Clock |  Target  | Estimated| Uncertainty|
    +--------+----------+----------+------------+
    |ap_clk  |  10.00 ns|  2.519 ns|     2.70 ns|
    +--------+----------+----------+------------+

+ Latency: 
    * Summary: 
    +---------+---------+----------+----------+-----+-----+---------+
    |  Latency (cycles) |  Latency (absolute) |  Interval | Pipeline|
    |   min   |   max   |    min   |    max   | min | max |   Type  |
    +---------+---------+----------+----------+-----+-----+---------+
    |      179|      179|  1.790 us|  1.790 us|  180|  180|       no|
    +---------+---------+----------+----------+-----+-----+---------+

    + Detail: 
        * Instance: 
        +--------------------------------------------------------------------------------------------+---------------------------------------------------------------------------------+---------+---------+-----------+-----------+-----+-----+---------+
        |                                                                                            |                                                                                 |  Latency (cycles) |   Latency (absolute)  |  Interval | Pipeline|
        |                                          Instance                                          |                                      Module                                     |   min   |   max   |    min    |    max    | min | max |   Type  |
        +--------------------------------------------------------------------------------------------+---------------------------------------------------------------------------------+---------+---------+-----------+-----------+-----+-----+---------+
        |grp_StreamingMaxPool_hls_1_Pipeline_VITIS_LOOP_79_3_VITIS_LOOP_80_4_VITIS_LOOP_82_5_fu_118  |StreamingMaxPool_hls_1_Pipeline_VITIS_LOOP_79_3_VITIS_LOOP_80_4_VITIS_LOOP_82_5  |       23|       23|   0.230 us|   0.230 us|   23|   23|       no|
        |grp_StreamingMaxPool_hls_1_Pipeline_VITIS_LOOP_90_6_fu_125                                  |StreamingMaxPool_hls_1_Pipeline_VITIS_LOOP_90_6                                  |        7|        7|  70.000 ns|  70.000 ns|    7|    7|       no|
        +--------------------------------------------------------------------------------------------+---------------------------------------------------------------------------------+---------+---------+-----------+-----------+-----+-----+---------+

        * Loop: 
        +-------------------+---------+---------+----------+-----------+-----------+------+----------+
        |                   |  Latency (cycles) | Iteration|  Initiation Interval  | Trip |          |
        |     Loop Name     |   min   |   max   |  Latency |  achieved |   target  | Count| Pipelined|
        +-------------------+---------+---------+----------+-----------+-----------+------+----------+
        |- VITIS_LOOP_78_2  |      175|      175|        35|          -|          -|     5|        no|
        +-------------------+---------+---------+----------+-----------+-----------+------+----------+



================================================================
== Utilization Estimates
================================================================
* Summary: 
+-----------------+---------+------+--------+--------+-----+
|       Name      | BRAM_18K|  DSP |   FF   |   LUT  | URAM|
+-----------------+---------+------+--------+--------+-----+
|DSP              |        -|     -|       -|       -|    -|
|Expression       |        -|     -|       0|      20|    -|
|FIFO             |        -|     -|       -|       -|    -|
|Instance         |        -|     -|      86|     338|    -|
|Memory           |        0|     -|      32|       2|    0|
|Multiplexer      |        -|     -|       -|     197|    -|
|Register         |        -|     -|      14|       -|    -|
+-----------------+---------+------+--------+--------+-----+
|Total            |        0|     0|     132|     557|    0|
+-----------------+---------+------+--------+--------+-----+
|Available        |      624|  1728|  460800|  230400|   96|
+-----------------+---------+------+--------+--------+-----+
|Utilization (%)  |        0|     0|      ~0|      ~0|    0|
+-----------------+---------+------+--------+--------+-----+

+ Detail: 
    * Instance: 
    +--------------------------------------------------------------------------------------------+---------------------------------------------------------------------------------+---------+----+----+-----+-----+
    |                                          Instance                                          |                                      Module                                     | BRAM_18K| DSP| FF | LUT | URAM|
    +--------------------------------------------------------------------------------------------+---------------------------------------------------------------------------------+---------+----+----+-----+-----+
    |grp_StreamingMaxPool_hls_1_Pipeline_VITIS_LOOP_79_3_VITIS_LOOP_80_4_VITIS_LOOP_82_5_fu_118  |StreamingMaxPool_hls_1_Pipeline_VITIS_LOOP_79_3_VITIS_LOOP_80_4_VITIS_LOOP_82_5  |        0|   0|  77|  257|    0|
    |grp_StreamingMaxPool_hls_1_Pipeline_VITIS_LOOP_90_6_fu_125                                  |StreamingMaxPool_hls_1_Pipeline_VITIS_LOOP_90_6                                  |        0|   0|   9|   81|    0|
    +--------------------------------------------------------------------------------------------+---------------------------------------------------------------------------------+---------+----+----+-----+-----+
    |Total                                                                                       |                                                                                 |        0|   0|  86|  338|    0|
    +--------------------------------------------------------------------------------------------+---------------------------------------------------------------------------------+---------+----+----+-----+-----+

    * DSP: 
    N/A

    * Memory: 
    +---------+---------------------+---------+----+----+-----+------+-----+------+-------------+
    |  Memory |        Module       | BRAM_18K| FF | LUT| URAM| Words| Bits| Banks| W*Bits*Banks|
    +---------+---------------------+---------+----+----+-----+------+-----+------+-------------+
    |buf_V_U  |buf_V_RAM_AUTO_1R1W  |        0|  32|   2|    0|     5|   16|     1|           80|
    +---------+---------------------+---------+----+----+-----+------+-----+------+-------------+
    |Total    |                     |        0|  32|   2|    0|     5|   16|     1|           80|
    +---------+---------------------+---------+----+----+-----+------+-----+------+-------------+

    * FIFO: 
    N/A

    * Expression: 
    +--------------------------------------------------------------------------+----------+----+---+----+------------+------------+
    |                               Variable Name                              | Operation| DSP| FF| LUT| Bitwidth P0| Bitwidth P1|
    +--------------------------------------------------------------------------+----------+----+---+----+------------+------------+
    |yp_2_fu_146_p2                                                            |         +|   0|  0|  10|           3|           1|
    |grp_StreamingMaxPool_hls_1_Pipeline_VITIS_LOOP_90_6_fu_125_out0_V_TREADY  |       and|   0|  0|   2|           1|           1|
    |icmp_ln78_fu_140_p2                                                       |      icmp|   0|  0|   8|           3|           3|
    +--------------------------------------------------------------------------+----------+----+---+----+------------+------------+
    |Total                                                                     |          |   0|  0|  20|           7|           5|
    +--------------------------------------------------------------------------+----------+----+---+----+------------+------------+

    * Multiplexer: 
    +---------------------------+----+-----------+-----+-----------+
    |            Name           | LUT| Input Size| Bits| Total Bits|
    +---------------------------+----+-----------+-----+-----------+
    |ap_NS_fsm                  |  54|         10|    1|         10|
    |buf_V_address0             |  31|          6|    3|         18|
    |buf_V_address1             |  20|          4|    3|         12|
    |buf_V_ce0                  |  20|          4|    1|          4|
    |buf_V_ce1                  |  14|          3|    1|          3|
    |buf_V_d0                   |  20|          4|   16|         64|
    |buf_V_we0                  |  20|          4|    1|          4|
    |in0_V_TREADY_int_regslice  |   9|          2|    1|          2|
    |yp_fu_58                   |   9|          2|    3|          6|
    +---------------------------+----+-----------+-----+-----------+
    |Total                      | 197|         39|   30|        123|
    +---------------------------+----+-----------+-----+-----------+

    * Register: 
    +---------------------------------------------------------------------------------------------------------+---+----+-----+-----------+
    |                                                   Name                                                  | FF| LUT| Bits| Const Bits|
    +---------------------------------------------------------------------------------------------------------+---+----+-----+-----------+
    |ap_CS_fsm                                                                                                |  9|   0|    9|          0|
    |grp_StreamingMaxPool_hls_1_Pipeline_VITIS_LOOP_79_3_VITIS_LOOP_80_4_VITIS_LOOP_82_5_fu_118_ap_start_reg  |  1|   0|    1|          0|
    |grp_StreamingMaxPool_hls_1_Pipeline_VITIS_LOOP_90_6_fu_125_ap_start_reg                                  |  1|   0|    1|          0|
    |yp_fu_58                                                                                                 |  3|   0|    3|          0|
    +---------------------------------------------------------------------------------------------------------+---+----+-----+-----------+
    |Total                                                                                                    | 14|   0|   14|          0|
    +---------------------------------------------------------------------------------------------------------+---+----+-----+-----------+



================================================================
== Interface
================================================================
* Summary: 
+---------------+-----+-----+--------------+------------------------+--------------+
|   RTL Ports   | Dir | Bits|   Protocol   |      Source Object     |    C Type    |
+---------------+-----+-----+--------------+------------------------+--------------+
|ap_clk         |   in|    1|  ap_ctrl_none|  StreamingMaxPool_hls_1|  return value|
|ap_rst_n       |   in|    1|  ap_ctrl_none|  StreamingMaxPool_hls_1|  return value|
|in0_V_TDATA    |   in|   16|          axis|                   in0_V|       pointer|
|in0_V_TVALID   |   in|    1|          axis|                   in0_V|       pointer|
|in0_V_TREADY   |  out|    1|          axis|                   in0_V|       pointer|
|out0_V_TDATA   |  out|   16|          axis|                  out0_V|       pointer|
|out0_V_TVALID  |  out|    1|          axis|                  out0_V|       pointer|
|out0_V_TREADY  |   in|    1|          axis|                  out0_V|       pointer|
+---------------+-----+-----+--------------+------------------------+--------------+

