

================================================================
== Synthesis Summary Report of 'MVAU_hls_0'
================================================================
+ General Information: 
    * Date:           Sun Jun 22 17:19:41 2025
    * Version:        2022.2 (Build 3670227 on Oct 13 2022)
    * Project:        project_MVAU_hls_0
    * Solution:       sol1 (Vivado IP Flow Target)
    * Product family: zynquplus
    * Target device:  xczu7ev-ffvc1156-2-e
    

+ Performance & Resource Estimates: 
    
    PS: '+' for module; 'o' for loop; '*' for dataflow
    +---------------------------------+------+------+---------+-----------+----------+---------+------+----------+------+----+----------+-----------+-----+
    |             Modules             | Issue|      | Latency |  Latency  | Iteration|         | Trip |          |      |    |          |           |     |
    |             & Loops             | Type | Slack| (cycles)|    (ns)   |  Latency | Interval| Count| Pipelined| BRAM | DSP|    FF    |    LUT    | URAM|
    +---------------------------------+------+------+---------+-----------+----------+---------+------+----------+------+----+----------+-----------+-----+
    |+ MVAU_hls_0                     |     -|  2.05|      789|  7.890e+03|         -|      790|     -|        no|     -|   -|  27 (~0%)|  3002 (1%)|    -|
    | + Matrix_Vector_Activate_Batch  |     -|  2.05|      786|  7.860e+03|         -|      786|     -|        no|     -|   -|  22 (~0%)|  2965 (1%)|    -|
    |  o VITIS_LOOP_123_1             |     -|  7.30|      784|  7.840e+03|         2|        1|   784|  yes(flp)|     -|   -|         -|          -|    -|
    +---------------------------------+------+------+---------+-----------+----------+---------+------+----------+------+----+----------+-----------+-----+


================================================================
== HW Interfaces
================================================================
* AXIS
+-----------+---------------+-------+--------+--------+
| Interface | Register Mode | TDATA | TREADY | TVALID |
+-----------+---------------+-------+--------+--------+
| in0_V     | both          | 200   | 1      | 1      |
| out0_V    | both          | 8     | 1      | 1      |
+-----------+---------------+-------+--------+--------+

* TOP LEVEL CONTROL
+-----------+--------------+----------+
| Interface | Type         | Ports    |
+-----------+--------------+----------+
| ap_clk    | clock        | ap_clk   |
| ap_rst_n  | reset        | ap_rst_n |
| ap_ctrl   | ap_ctrl_none |          |
+-----------+--------------+----------+


================================================================
== SW I/O Information
================================================================
* Top Function Arguments
+----------+-----------+--------------------------+
| Argument | Direction | Datatype                 |
+----------+-----------+--------------------------+
| in0_V    | in        | stream<ap_uint<200>, 0>& |
| out0_V   | out       | stream<ap_uint<6>, 0>&   |
+----------+-----------+--------------------------+

* SW-to-HW Mapping
+----------+--------------+-----------+
| Argument | HW Interface | HW Type   |
+----------+--------------+-----------+
| in0_V    | in0_V        | interface |
| out0_V   | out0_V       | interface |
+----------+--------------+-----------+


================================================================
== Bind Op Report
================================================================
+---------------------------------+-----+--------+--------------+-----+--------+---------+
| Name                            | DSP | Pragma | Variable     | Op  | Impl   | Latency |
+---------------------------------+-----+--------+--------------+-----+--------+---------+
| + MVAU_hls_0                    | 0   |        |              |     |        |         |
|  + Matrix_Vector_Activate_Batch | 0   |        |              |     |        |         |
|    i_2_fu_185_p2                | -   |        | i_2          | add | fabric | 0       |
|    ret_V_fu_199_p2              | -   |        | ret_V        | sub | fabric | 0       |
|    ret_V_1_fu_269_p2            | -   |        | ret_V_1      | sub | fabric | 0       |
|    ret_V_2_fu_293_p2            | -   |        | ret_V_2      | sub | fabric | 0       |
|    ret_V_3_fu_313_p2            | -   |        | ret_V_3      | sub | fabric | 0       |
|    ret_V_4_fu_337_p2            | -   |        | ret_V_4      | sub | fabric | 0       |
|    ret_V_5_fu_361_p2            | -   |        | ret_V_5      | sub | fabric | 0       |
|    ret_V_6_fu_385_p2            | -   |        | ret_V_6      | sub | fabric | 0       |
|    ret_V_7_fu_409_p2            | -   |        | ret_V_7      | sub | fabric | 0       |
|    ret_V_8_fu_433_p2            | -   |        | ret_V_8      | sub | fabric | 0       |
|    ret_V_9_fu_457_p2            | -   |        | ret_V_9      | sub | fabric | 0       |
|    ret_V_10_fu_481_p2           | -   |        | ret_V_10     | sub | fabric | 0       |
|    ret_V_11_fu_505_p2           | -   |        | ret_V_11     | sub | fabric | 0       |
|    ret_V_12_fu_529_p2           | -   |        | ret_V_12     | sub | fabric | 0       |
|    ret_V_13_fu_553_p2           | -   |        | ret_V_13     | sub | fabric | 0       |
|    ret_V_14_fu_577_p2           | -   |        | ret_V_14     | sub | fabric | 0       |
|    ret_V_15_fu_601_p2           | -   |        | ret_V_15     | sub | fabric | 0       |
|    ret_V_16_fu_625_p2           | -   |        | ret_V_16     | sub | fabric | 0       |
|    ret_V_17_fu_709_p2           | -   |        | ret_V_17     | sub | fabric | 0       |
|    sub_ln840_fu_715_p2          | -   |        | sub_ln840    | sub | fabric | 0       |
|    add_ln840_2_fu_769_p2        | -   |        | add_ln840_2  | add | fabric | 0       |
|    add_ln840_5_fu_819_p2        | -   |        | add_ln840_5  | add | fabric | 0       |
|    add_ln840_6_fu_829_p2        | -   |        | add_ln840_6  | add | fabric | 0       |
|    add_ln840_9_fu_883_p2        | -   |        | add_ln840_9  | add | fabric | 0       |
|    add_ln840_10_fu_893_p2       | -   |        | add_ln840_10 | add | fabric | 0       |
|    add_ln840_11_fu_903_p2       | -   |        | add_ln840_11 | add | fabric | 0       |
|    add_ln840_12_fu_913_p2       | -   |        | add_ln840_12 | add | fabric | 0       |
|    add_ln840_13_fu_923_p2       | -   |        | add_ln840_13 | add | fabric | 0       |
|    add_ln840_14_fu_933_p2       | -   |        | add_ln840_14 | add | fabric | 0       |
|    add_ln840_15_fu_943_p2       | -   |        | add_ln840_15 | add | fabric | 0       |
|    add_ln840_16_fu_953_p2       | -   |        | add_ln840_16 | add | fabric | 0       |
|    ret_V_18_fu_959_p2           | -   |        | ret_V_18     | sub | fabric | 0       |
|    ret_V_19_fu_989_p2           | -   |        | ret_V_19     | sub | fabric | 0       |
|    ret_V_20_fu_999_p2           | -   |        | ret_V_20     | sub | fabric | 0       |
|    ret_V_21_fu_1009_p2          | -   |        | ret_V_21     | sub | fabric | 0       |
|    add_ln840_22_fu_1095_p2      | -   |        | add_ln840_22 | add | fabric | 0       |
|    add_ln840_23_fu_1105_p2      | -   |        | add_ln840_23 | add | fabric | 0       |
|    sub_ln840_13_fu_1115_p2      | -   |        | sub_ln840_13 | sub | fabric | 0       |
|    sub_ln840_14_fu_1125_p2      | -   |        | sub_ln840_14 | sub | fabric | 0       |
|    add_ln840_24_fu_1135_p2      | -   |        | add_ln840_24 | add | fabric | 0       |
|    add_ln840_25_fu_1145_p2      | -   |        | add_ln840_25 | add | fabric | 0       |
|    add_ln840_26_fu_1155_p2      | -   |        | add_ln840_26 | add | fabric | 0       |
|    add_ln840_27_fu_1165_p2      | -   |        | add_ln840_27 | add | fabric | 0       |
|    add_ln840_28_fu_1175_p2      | -   |        | add_ln840_28 | add | fabric | 0       |
|    add_ln840_29_fu_1185_p2      | -   |        | add_ln840_29 | add | fabric | 0       |
|    add_ln840_30_fu_1195_p2      | -   |        | add_ln840_30 | add | fabric | 0       |
|    add_ln840_31_fu_1205_p2      | -   |        | add_ln840_31 | add | fabric | 0       |
|    add_ln840_32_fu_1215_p2      | -   |        | add_ln840_32 | add | fabric | 0       |
|    add_ln840_33_fu_1225_p2      | -   |        | add_ln840_33 | add | fabric | 0       |
|    ret_V_22_fu_1231_p2          | -   |        | ret_V_22     | sub | fabric | 0       |
|    add_ln840_38_fu_1317_p2      | -   |        | add_ln840_38 | add | fabric | 0       |
|    add_ln840_39_fu_1327_p2      | -   |        | add_ln840_39 | add | fabric | 0       |
|    add_ln840_40_fu_1337_p2      | -   |        | add_ln840_40 | add | fabric | 0       |
|    sub_ln840_19_fu_1351_p2      | -   |        | sub_ln840_19 | sub | fabric | 0       |
|    add_ln840_41_fu_1361_p2      | -   |        | add_ln840_41 | add | fabric | 0       |
|    add_ln840_42_fu_1371_p2      | -   |        | add_ln840_42 | add | fabric | 0       |
|    add_ln840_43_fu_1381_p2      | -   |        | add_ln840_43 | add | fabric | 0       |
|    add_ln840_44_fu_1391_p2      | -   |        | add_ln840_44 | add | fabric | 0       |
|    add_ln840_45_fu_1401_p2      | -   |        | add_ln840_45 | add | fabric | 0       |
|    add_ln840_46_fu_1411_p2      | -   |        | add_ln840_46 | add | fabric | 0       |
|    add_ln840_47_fu_1421_p2      | -   |        | add_ln840_47 | add | fabric | 0       |
|    add_ln840_48_fu_1431_p2      | -   |        | add_ln840_48 | add | fabric | 0       |
|    add_ln840_49_fu_1441_p2      | -   |        | add_ln840_49 | add | fabric | 0       |
|    add_ln840_50_fu_1447_p2      | -   |        | add_ln840_50 | add | fabric | 0       |
|    ret_V_23_fu_1457_p2          | -   |        | ret_V_23     | sub | fabric | 0       |
|    add_ln840_53_fu_1503_p2      | -   |        | add_ln840_53 | add | fabric | 0       |
|    sub_ln840_23_fu_1529_p2      | -   |        | sub_ln840_23 | sub | fabric | 0       |
|    sub_ln840_24_fu_1539_p2      | -   |        | sub_ln840_24 | sub | fabric | 0       |
|    add_ln840_55_fu_1549_p2      | -   |        | add_ln840_55 | add | fabric | 0       |
|    add_ln840_56_fu_1559_p2      | -   |        | add_ln840_56 | add | fabric | 0       |
|    add_ln840_57_fu_1569_p2      | -   |        | add_ln840_57 | add | fabric | 0       |
|    add_ln840_58_fu_1579_p2      | -   |        | add_ln840_58 | add | fabric | 0       |
|    add_ln840_59_fu_1589_p2      | -   |        | add_ln840_59 | add | fabric | 0       |
|    add_ln840_60_fu_1599_p2      | -   |        | add_ln840_60 | add | fabric | 0       |
|    add_ln840_61_fu_1609_p2      | -   |        | add_ln840_61 | add | fabric | 0       |
|    add_ln840_62_fu_1619_p2      | -   |        | add_ln840_62 | add | fabric | 0       |
|    add_ln840_63_fu_1629_p2      | -   |        | add_ln840_63 | add | fabric | 0       |
|    add_ln840_64_fu_1639_p2      | -   |        | add_ln840_64 | add | fabric | 0       |
|    add_ln840_65_fu_1649_p2      | -   |        | add_ln840_65 | add | fabric | 0       |
|    add_ln840_66_fu_1659_p2      | -   |        | add_ln840_66 | add | fabric | 0       |
|    add_ln840_67_fu_1669_p2      | -   |        | add_ln840_67 | add | fabric | 0       |
|    add_ln840_68_fu_1679_p2      | -   |        | add_ln840_68 | add | fabric | 0       |
|    add_ln840_70_fu_1701_p2      | -   |        | add_ln840_70 | add | fabric | 0       |
|    add_ln840_73_fu_1747_p2      | -   |        | add_ln840_73 | add | fabric | 0       |
|    add_ln840_74_fu_1757_p2      | -   |        | add_ln840_74 | add | fabric | 0       |
|    add_ln840_75_fu_1767_p2      | -   |        | add_ln840_75 | add | fabric | 0       |
|    sub_ln840_28_fu_1781_p2      | -   |        | sub_ln840_28 | sub | fabric | 0       |
|    add_ln840_76_fu_1791_p2      | -   |        | add_ln840_76 | add | fabric | 0       |
|    add_ln840_77_fu_1801_p2      | -   |        | add_ln840_77 | add | fabric | 0       |
|    add_ln840_78_fu_1811_p2      | -   |        | add_ln840_78 | add | fabric | 0       |
|    add_ln840_79_fu_1821_p2      | -   |        | add_ln840_79 | add | fabric | 0       |
|    add_ln840_80_fu_1831_p2      | -   |        | add_ln840_80 | add | fabric | 0       |
|    add_ln840_81_fu_1841_p2      | -   |        | add_ln840_81 | add | fabric | 0       |
|    add_ln840_82_fu_1851_p2      | -   |        | add_ln840_82 | add | fabric | 0       |
|    add_ln840_83_fu_1861_p2      | -   |        | add_ln840_83 | add | fabric | 0       |
|    sub_ln840_2_fu_1867_p2       | -   |        | sub_ln840_2  | sub | fabric | 0       |
|    add_ln840_86_fu_1917_p2      | -   |        | add_ln840_86 | add | fabric | 0       |
|    add_ln840_89_fu_1959_p2      | -   |        | add_ln840_89 | add | fabric | 0       |
|    add_ln840_90_fu_1969_p2      | -   |        | add_ln840_90 | add | fabric | 0       |
|    add_ln840_93_fu_2019_p2      | -   |        | add_ln840_93 | add | fabric | 0       |
|    sub_ln840_36_fu_2049_p2      | -   |        | sub_ln840_36 | sub | fabric | 0       |
|    sub_ln840_37_fu_2063_p2      | -   |        | sub_ln840_37 | sub | fabric | 0       |
|    add_ln840_95_fu_2073_p2      | -   |        | add_ln840_95 | add | fabric | 0       |
|    add_ln840_96_fu_2083_p2      | -   |        | add_ln840_96 | add | fabric | 0       |
|    add_ln840_97_fu_2093_p2      | -   |        | add_ln840_97 | add | fabric | 0       |
+---------------------------------+-----+--------+--------------+-----+--------+---------+


================================================================
== Bind Storage Report
================================================================
  No bind storage info in design

================================================================
== Pragma Report
================================================================
* Valid Pragma Syntax
+-----------------+---------------------------------------------------+--------------------------------------------------------------------------------------------------------------------------------+
| Type            | Options                                           | Location                                                                                                                       |
+-----------------+---------------------------------------------------+--------------------------------------------------------------------------------------------------------------------------------+
| inline          |                                                   | ../../../../../../../deps/finn-hlslib/activations.hpp:145 in init                                                              |
| inline          |                                                   | ../../../../../../../deps/finn-hlslib/activations.hpp:163 in activate                                                          |
| inline          |                                                   | ../../../../../../../deps/finn-hlslib/activations.hpp:180 in thresholdactivation<ta, compare>                                  |
| inline          |                                                   | ../../../../../../../deps/finn-hlslib/activations.hpp:185 in activate                                                          |
| inline          |                                                   | ../../../../../../../deps/finn-hlslib/activations.hpp:208 in init                                                              |
| inline          |                                                   | ../../../../../../../deps/finn-hlslib/activations.hpp:214 in activate                                                          |
| unroll          |                                                   | ../../../../../../../deps/finn-hlslib/activations.hpp:217 in activate                                                          |
| inline          |                                                   | ../../../../../../../deps/finn-hlslib/activations.hpp:247 in init                                                              |
| inline          |                                                   | ../../../../../../../deps/finn-hlslib/activations.hpp:252 in activate                                                          |
| pipeline        | style=flp II=1                                    | ../../../../../../../deps/finn-hlslib/activations.hpp:296 in thresholding_batch                                                |
| unroll          |                                                   | ../../../../../../../deps/finn-hlslib/activations.hpp:302 in thresholding_batch                                                |
| array_partition | variable=internal_thr.m_thresholds complete dim=0 | ../../../../../../../deps/finn-hlslib/activations.hpp:352 in thresholding_stream_batch, internal_thr.m_thresholds              |
| pipeline        | style=flp II=1                                    | ../../../../../../../deps/finn-hlslib/activations.hpp:358 in thresholding_stream_batch                                         |
| unroll          |                                                   | ../../../../../../../deps/finn-hlslib/activations.hpp:371 in thresholding_stream_batch                                         |
| unroll          |                                                   | ../../../../../../../deps/finn-hlslib/activations.hpp:376 in thresholding_stream_batch                                         |
| inline          |                                                   | ../../../../../../../deps/finn-hlslib/convlayer.h:113 in convlayer_batch                                                       |
| inline          |                                                   | ../../../../../../../deps/finn-hlslib/convlayer.h:198 in convlayer_batch_tmr                                                   |
| inline          |                                                   | ../../../../../../../deps/finn-hlslib/convlayer.h:284 in convlayer_batch_mmv                                                   |
| pipeline        | style=flp II=1                                    | ../../../../../../../deps/finn-hlslib/dma.h:141 in mem2stream                                                                  |
| pipeline        | style=flp II=1                                    | ../../../../../../../deps/finn-hlslib/dma.h:154 in stream2mem                                                                  |
| pipeline        | style=flp II=1                                    | ../../../../../../../deps/finn-hlslib/dma.h:224 in genparamstream                                                              |
| inline          |                                                   | ../../../../../../../deps/finn-hlslib/interpret.hpp:62 in xnormul                                                              |
| inline          |                                                   | ../../../../../../../deps/finn-hlslib/interpret.hpp:67 in operator*                                                            |
| inline          |                                                   | ../../../../../../../deps/finn-hlslib/interpret.hpp:72 in operator*                                                            |
| inline          |                                                   | ../../../../../../../deps/finn-hlslib/interpret.hpp:80 in binary                                                               |
| inline          |                                                   | ../../../../../../../deps/finn-hlslib/interpret.hpp:89 in operator*                                                            |
| inline          |                                                   | ../../../../../../../deps/finn-hlslib/interpret.hpp:97 in operator*                                                            |
| inline          |                                                   | ../../../../../../../deps/finn-hlslib/interpret.hpp:102 in operator*                                                           |
| inline          |                                                   | ../../../../../../../deps/finn-hlslib/interpret.hpp:116 in operator()                                                          |
| inline          |                                                   | ../../../../../../../deps/finn-hlslib/interpret.hpp:122 in operator()                                                          |
| inline          |                                                   | ../../../../../../../deps/finn-hlslib/interpret.hpp:138 in container<tv>                                                       |
| inline          |                                                   | ../../../../../../../deps/finn-hlslib/interpret.hpp:143 in operator[]                                                          |
| inline          |                                                   | ../../../../../../../deps/finn-hlslib/interpret.hpp:147 in operator[]                                                          |
| inline          |                                                   | ../../../../../../../deps/finn-hlslib/interpret.hpp:151 in operator()                                                          |
| inline          |                                                   | ../../../../../../../deps/finn-hlslib/interpret.hpp:155 in operator const type-parameter-1-0 &                                 |
| inline          |                                                   | ../../../../../../../deps/finn-hlslib/interpret.hpp:163 in operator()                                                          |
| inline          |                                                   | ../../../../../../../deps/finn-hlslib/interpret.hpp:168 in operator()                                                          |
| inline          |                                                   | ../../../../../../../deps/finn-hlslib/interpret.hpp:173 in operator()                                                          |
| inline          |                                                   | ../../../../../../../deps/finn-hlslib/interpret.hpp:204 in container<tv>                                                       |
| inline          |                                                   | ../../../../../../../deps/finn-hlslib/interpret.hpp:207 in container<tv>                                                       |
| inline          |                                                   | ../../../../../../../deps/finn-hlslib/interpret.hpp:211 in operator()                                                          |
| inline          |                                                   | ../../../../../../../deps/finn-hlslib/interpret.hpp:215 in operator()                                                          |
| inline          |                                                   | ../../../../../../../deps/finn-hlslib/interpret.hpp:220 in operator[]                                                          |
| inline          |                                                   | ../../../../../../../deps/finn-hlslib/interpret.hpp:224 in operator const type-parameter-1-0 &                                 |
| inline          |                                                   | ../../../../../../../deps/finn-hlslib/interpret.hpp:232 in operator()                                                          |
| inline          |                                                   | ../../../../../../../deps/finn-hlslib/interpret.hpp:237 in operator()                                                          |
| inline          |                                                   | ../../../../../../../deps/finn-hlslib/interpret.hpp:242 in operator()                                                          |
| inline          |                                                   | ../../../../../../../deps/finn-hlslib/interpret.hpp:261 in container<tv>                                                       |
| inline          |                                                   | ../../../../../../../deps/finn-hlslib/interpret.hpp:264 in container<tv>                                                       |
| inline          |                                                   | ../../../../../../../deps/finn-hlslib/interpret.hpp:267 in container<tv>                                                       |
| inline          |                                                   | ../../../../../../../deps/finn-hlslib/interpret.hpp:271 in operator const type-parameter-1-0 &                                 |
| inline          |                                                   | ../../../../../../../deps/finn-hlslib/interpret.hpp:275 in operator()                                                          |
| inline          |                                                   | ../../../../../../../deps/finn-hlslib/interpret.hpp:279 in operator()                                                          |
| inline          |                                                   | ../../../../../../../deps/finn-hlslib/interpret.hpp:284 in operator[]                                                          |
| inline          |                                                   | ../../../../../../../deps/finn-hlslib/interpret.hpp:292 in operator()                                                          |
| inline          |                                                   | ../../../../../../../deps/finn-hlslib/interpret.hpp:297 in operator()                                                          |
| inline          |                                                   | ../../../../../../../deps/finn-hlslib/interpret.hpp:302 in operator()                                                          |
| inline          |                                                   | ../../../../../../../deps/finn-hlslib/mac.hpp:89 in mul                                                                        |
| inline          |                                                   | ../../../../../../../deps/finn-hlslib/mac.hpp:114 in mul                                                                       |
| bind_op         | variable=res op=mul impl=fabric                   | ../../../../../../../deps/finn-hlslib/mac.hpp:116 in mul, res                                                                  |
| inline          |                                                   | ../../../../../../../deps/finn-hlslib/mac.hpp:140 in mul                                                                       |
| bind_op         | variable=res op=mul impl=dsp                      | ../../../../../../../deps/finn-hlslib/mac.hpp:142 in mul, res                                                                  |
| inline          |                                                   | ../../../../../../../deps/finn-hlslib/mac.hpp:165 in mac                                                                       |
| unroll          |                                                   | ../../../../../../../deps/finn-hlslib/mac.hpp:168 in mac                                                                       |
| inline          |                                                   | ../../../../../../../deps/finn-hlslib/mac.hpp:192 in mac                                                                       |
| unroll          |                                                   | ../../../../../../../deps/finn-hlslib/mac.hpp:195 in mac                                                                       |
| inline          |                                                   | ../../../../../../../deps/finn-hlslib/mac.hpp:202 in mac                                                                       |
| unroll          |                                                   | ../../../../../../../deps/finn-hlslib/maxpool.h:74 in streamingmaxpool                                                         |
| pipeline        | style=flp II=1                                    | ../../../../../../../deps/finn-hlslib/maxpool.h:83 in streamingmaxpool                                                         |
| pipeline        | style=flp II=1                                    | ../../../../../../../deps/finn-hlslib/maxpool.h:91 in streamingmaxpool                                                         |
| array_partition | variable=buf complete dim=2                       | ../../../../../../../deps/finn-hlslib/maxpool.h:146 in streamingmaxpool_precision, buf                                         |
| unroll          |                                                   | ../../../../../../../deps/finn-hlslib/maxpool.h:149 in streamingmaxpool_precision                                              |
| pipeline        | style=flp II=1                                    | ../../../../../../../deps/finn-hlslib/maxpool.h:159 in streamingmaxpool_precision                                              |
| unroll          |                                                   | ../../../../../../../deps/finn-hlslib/maxpool.h:162 in streamingmaxpool_precision                                              |
| unroll          |                                                   | ../../../../../../../deps/finn-hlslib/maxpool.h:176 in streamingmaxpool_precision                                              |
| inline          |                                                   | ../../../../../../../deps/finn-hlslib/maxpool.h:210 in streamingmaxpool_precision_batch                                        |
| array_partition | variable=buf complete dim=2                       | ../../../../../../../deps/finn-hlslib/maxpool.h:255 in streamingmaxpool_precision_1d, buf                                      |
| pipeline        | style=flp II=1                                    | ../../../../../../../deps/finn-hlslib/maxpool.h:258 in streamingmaxpool_precision_1d                                           |
| unroll          |                                                   | ../../../../../../../deps/finn-hlslib/maxpool.h:260 in streamingmaxpool_precision_1d                                           |
| pipeline        | style=flp II=1                                    | ../../../../../../../deps/finn-hlslib/maxpool.h:272 in streamingmaxpool_precision_1d                                           |
| unroll          |                                                   | ../../../../../../../deps/finn-hlslib/maxpool.h:275 in streamingmaxpool_precision_1d                                           |
| pipeline        | style=flp II=1                                    | ../../../../../../../deps/finn-hlslib/maxpool.h:288 in streamingmaxpool_precision_1d                                           |
| unroll          |                                                   | ../../../../../../../deps/finn-hlslib/maxpool.h:290 in streamingmaxpool_precision_1d                                           |
| pipeline        | style=flp II=1                                    | ../../../../../../../deps/finn-hlslib/maxpool.h:302 in streamingmaxpool_precision_1d                                           |
| inline          |                                                   | ../../../../../../../deps/finn-hlslib/maxpool.h:331 in streamingmaxpool_precision_batch_1d                                     |
| pipeline        | style=flp II=1                                    | ../../../../../../../deps/finn-hlslib/maxpool.h:370 in relu_batch                                                              |
| unroll          |                                                   | ../../../../../../../deps/finn-hlslib/maxpool.h:373 in relu_batch                                                              |
| bind_storage    | variable=accumulators type=RAM_2P impl=LUTRAM     | ../../../../../../../deps/finn-hlslib/maxpool.h:415 in accpool_batch, accumulators                                             |
| pipeline        | style=flp II=1                                    | ../../../../../../../deps/finn-hlslib/maxpool.h:421 in accpool_batch                                                           |
| unroll          |                                                   | ../../../../../../../deps/finn-hlslib/maxpool.h:425 in accpool_batch                                                           |
| array_partition | variable=topval complete dim=1                    | ../../../../../../../deps/finn-hlslib/maxpool.h:477 in labelselect_batch, topval                                               |
| array_partition | variable=toplabels complete dim=1                 | ../../../../../../../deps/finn-hlslib/maxpool.h:479 in labelselect_batch, toplabels                                            |
| unroll          |                                                   | ../../../../../../../deps/finn-hlslib/maxpool.h:484 in labelselect_batch                                                       |
| pipeline        | style=flp II=1                                    | ../../../../../../../deps/finn-hlslib/maxpool.h:489 in labelselect_batch                                                       |
| unroll          |                                                   | ../../../../../../../deps/finn-hlslib/maxpool.h:492 in labelselect_batch                                                       |
| unroll          |                                                   | ../../../../../../../deps/finn-hlslib/maxpool.h:501 in labelselect_batch                                                       |
| unroll          |                                                   | ../../../../../../../deps/finn-hlslib/maxpool.h:508 in labelselect_batch                                                       |
| array_partition | variable=accu complete dim=0                      | ../../../../../../../deps/finn-hlslib/maxpool.h:570 in pool_batch, accu                                                        |
| pipeline        | style=flp II=1                                    | ../../../../../../../deps/finn-hlslib/maxpool.h:576 in pool_batch                                                              |
| unroll          |                                                   | ../../../../../../../deps/finn-hlslib/maxpool.h:583 in pool_batch                                                              |
| unroll          |                                                   | ../../../../../../../deps/finn-hlslib/maxpool.h:590 in pool_batch                                                              |
| unroll          |                                                   | ../../../../../../../deps/finn-hlslib/maxpool.h:599 in pool_batch                                                              |
| inline          |                                                   | ../../../../../../../deps/finn-hlslib/mmv.hpp:53 in operator[]                                                                 |
| array_partition | variable=inputBuf complete dim=0                  | ../../../../../../../deps/finn-hlslib/mvau.hpp:110 in matrix_vector_activate_batch, inputBuf                                   |
| array_partition | variable=accu complete dim=0                      | ../../../../../../../deps/finn-hlslib/mvau.hpp:114 in matrix_vector_activate_batch, accu                                       |
| pipeline        | style=flp II=1                                    | ../../../../../../../deps/finn-hlslib/mvau.hpp:124 in matrix_vector_activate_batch                                             |
| unroll          |                                                   | ../../../../../../../deps/finn-hlslib/mvau.hpp:140 in matrix_vector_activate_batch                                             |
| unroll          |                                                   | ../../../../../../../deps/finn-hlslib/mvau.hpp:142 in matrix_vector_activate_batch                                             |
| unroll          |                                                   | ../../../../../../../deps/finn-hlslib/mvau.hpp:151 in matrix_vector_activate_batch                                             |
| unroll          |                                                   | ../../../../../../../deps/finn-hlslib/mvau.hpp:165 in matrix_vector_activate_batch                                             |
| unroll          |                                                   | ../../../../../../../deps/finn-hlslib/mvau.hpp:167 in matrix_vector_activate_batch                                             |
| array_partition | variable=inputBuf complete dim=1                  | ../../../../../../../deps/finn-hlslib/mvau.hpp:232 in matrix_vector_activate_stream_batch, inputBuf                            |
| array_partition | variable=accu complete dim=0                      | ../../../../../../../deps/finn-hlslib/mvau.hpp:235 in matrix_vector_activate_stream_batch, accu                                |
| array_partition | variable=w.m_weights complete dim=0               | ../../../../../../../deps/finn-hlslib/mvau.hpp:238 in matrix_vector_activate_stream_batch, w.m_weights                         |
| pipeline        | style=flp II=1                                    | ../../../../../../../deps/finn-hlslib/mvau.hpp:250 in matrix_vector_activate_stream_batch                                      |
| unroll          |                                                   | ../../../../../../../deps/finn-hlslib/mvau.hpp:267 in matrix_vector_activate_stream_batch                                      |
| unroll          |                                                   | ../../../../../../../deps/finn-hlslib/mvau.hpp:274 in matrix_vector_activate_stream_batch                                      |
| unroll          |                                                   | ../../../../../../../deps/finn-hlslib/mvau.hpp:281 in matrix_vector_activate_stream_batch                                      |
| unroll          |                                                   | ../../../../../../../deps/finn-hlslib/mvau.hpp:294 in matrix_vector_activate_stream_batch                                      |
| bind_storage    | variable=inputBuf type=RAM_2P                     | ../../../../../../../deps/finn-hlslib/slidingwindow.h:74 in memory_resource, inputBuf                                          |
| bind_storage    | variable=inputBuf type=RAM_S2P impl=BRAM          | ../../../../../../../deps/finn-hlslib/slidingwindow.h:95 in memory_resource, inputBuf                                          |
| bind_storage    | variable=inputBuf type=RAM_S2P impl=URAM          | ../../../../../../../deps/finn-hlslib/slidingwindow.h:116 in memory_resource, inputBuf                                         |
| bind_storage    | variable=inputBuf type=RAM_S2P impl=LUTRAM        | ../../../../../../../deps/finn-hlslib/slidingwindow.h:137 in memory_resource, inputBuf                                         |
| array_partition | variable=inputBuf complete dim=1                  | ../../../../../../../deps/finn-hlslib/slidingwindow.h:177 in convolutioninputgenerator, inputBuf                               |
| pipeline        | style=flp II=1                                    | ../../../../../../../deps/finn-hlslib/slidingwindow.h:192 in convolutioninputgenerator                                         |
| dependence      | variable=inputBuf intra false                     | ../../../../../../../deps/finn-hlslib/slidingwindow.h:243 in convolutioninputgenerator, inputBuf                               |
| dependence      | variable=inputBuf inter false                     | ../../../../../../../deps/finn-hlslib/slidingwindow.h:244 in convolutioninputgenerator, inputBuf                               |
| dependence      | variable=current_block_write intra false          | ../../../../../../../deps/finn-hlslib/slidingwindow.h:254 in convolutioninputgenerator, current_block_write                    |
| dependence      | variable=inputBuf inter false                     | ../../../../../../../deps/finn-hlslib/slidingwindow.h:308 in convolutioninputgenerator_mmv, inputBuf                           |
| dependence      | variable=inputBuf intra false                     | ../../../../../../../deps/finn-hlslib/slidingwindow.h:309 in convolutioninputgenerator_mmv, inputBuf                           |
| array_partition | variable=inputBuf complete dim=1                  | ../../../../../../../deps/finn-hlslib/slidingwindow.h:310 in convolutioninputgenerator_mmv, inputBuf                           |
| array_partition | variable=inputBuf complete dim=2                  | ../../../../../../../deps/finn-hlslib/slidingwindow.h:311 in convolutioninputgenerator_mmv, inputBuf                           |
| pipeline        | style=flp II=1                                    | ../../../../../../../deps/finn-hlslib/slidingwindow.h:326 in convolutioninputgenerator_mmv                                     |
| unroll          |                                                   | ../../../../../../../deps/finn-hlslib/slidingwindow.h:333 in convolutioninputgenerator_mmv                                     |
| unroll          |                                                   | ../../../../../../../deps/finn-hlslib/slidingwindow.h:359 in convolutioninputgenerator_mmv                                     |
| unroll          |                                                   | ../../../../../../../deps/finn-hlslib/slidingwindow.h:392 in convolutioninputgenerator_mmv                                     |
| dependence      | variable=inputBuf intra false                     | ../../../../../../../deps/finn-hlslib/slidingwindow.h:394 in convolutioninputgenerator_mmv, inputBuf                           |
| dependence      | variable=inputBuf inter false                     | ../../../../../../../deps/finn-hlslib/slidingwindow.h:395 in convolutioninputgenerator_mmv, inputBuf                           |
| dependence      | variable=current_block_write intra false          | ../../../../../../../deps/finn-hlslib/slidingwindow.h:406 in convolutioninputgenerator_mmv, current_block_write                |
| array_partition | variable=inputBuf complete dim=1                  | ../../../../../../../deps/finn-hlslib/slidingwindow.h:466 in convolutioninputgenerator_kernel_stride, inputBuf                 |
| dependence      | variable=inputBuf inter false                     | ../../../../../../../deps/finn-hlslib/slidingwindow.h:467 in convolutioninputgenerator_kernel_stride, inputBuf                 |
| dependence      | variable=inputBuf intra false                     | ../../../../../../../deps/finn-hlslib/slidingwindow.h:468 in convolutioninputgenerator_kernel_stride, inputBuf                 |
| dependence      | variable=current_block_write intra false          | ../../../../../../../deps/finn-hlslib/slidingwindow.h:476 in convolutioninputgenerator_kernel_stride, current_block_write      |
| pipeline        | style=flp II=1                                    | ../../../../../../../deps/finn-hlslib/slidingwindow.h:479 in convolutioninputgenerator_kernel_stride                           |
| dependence      | variable=inputBuf inter false                     | ../../../../../../../deps/finn-hlslib/slidingwindow.h:544 in convolutioninputgenerator_kernel_stride, inputBuf                 |
| dependence      | variable=inputBuf intra false                     | ../../../../../../../deps/finn-hlslib/slidingwindow.h:545 in convolutioninputgenerator_kernel_stride, inputBuf                 |
| dependence      | variable=current_block_write intra false          | ../../../../../../../deps/finn-hlslib/slidingwindow.h:554 in convolutioninputgenerator_kernel_stride, current_block_write      |
| dependence      | variable=inputBuf inter false                     | ../../../../../../../deps/finn-hlslib/slidingwindow.h:610 in convolutioninputgenerator_kernel_stride_mmv, inputBuf             |
| dependence      | variable=inputBuf intra false                     | ../../../../../../../deps/finn-hlslib/slidingwindow.h:611 in convolutioninputgenerator_kernel_stride_mmv, inputBuf             |
| array_partition | variable=inputBuf complete dim=1                  | ../../../../../../../deps/finn-hlslib/slidingwindow.h:612 in convolutioninputgenerator_kernel_stride_mmv, inputBuf             |
| array_partition | variable=inputBuf complete dim=2                  | ../../../../../../../deps/finn-hlslib/slidingwindow.h:613 in convolutioninputgenerator_kernel_stride_mmv, inputBuf             |
| dependence      | variable=current_block_write intra false          | ../../../../../../../deps/finn-hlslib/slidingwindow.h:628 in convolutioninputgenerator_kernel_stride_mmv, current_block_write  |
| pipeline        | style=flp II=1                                    | ../../../../../../../deps/finn-hlslib/slidingwindow.h:631 in convolutioninputgenerator_kernel_stride_mmv                       |
| unroll          |                                                   | ../../../../../../../deps/finn-hlslib/slidingwindow.h:638 in convolutioninputgenerator_kernel_stride_mmv                       |
| unroll          |                                                   | ../../../../../../../deps/finn-hlslib/slidingwindow.h:672 in convolutioninputgenerator_kernel_stride_mmv                       |
| unroll          |                                                   | ../../../../../../../deps/finn-hlslib/slidingwindow.h:705 in convolutioninputgenerator_kernel_stride_mmv                       |
| dependence      | variable=current_block_write intra false          | ../../../../../../../deps/finn-hlslib/slidingwindow.h:716 in convolutioninputgenerator_kernel_stride_mmv, current_block_write  |
| array_partition | variable=inputBuf complete dim=1                  | ../../../../../../../deps/finn-hlslib/slidingwindow.h:767 in convolutioninputgenerator_dws, inputBuf                           |
| pipeline        | style=flp II=1                                    | ../../../../../../../deps/finn-hlslib/slidingwindow.h:782 in convolutioninputgenerator_dws                                     |
| dependence      | variable=inputBuf intra false                     | ../../../../../../../deps/finn-hlslib/slidingwindow.h:833 in convolutioninputgenerator_dws, inputBuf                           |
| dependence      | variable=inputBuf inter false                     | ../../../../../../../deps/finn-hlslib/slidingwindow.h:834 in convolutioninputgenerator_dws, inputBuf                           |
| dependence      | variable=current_block_write intra false          | ../../../../../../../deps/finn-hlslib/slidingwindow.h:844 in convolutioninputgenerator_dws, current_block_write                |
| array_partition | variable=inputBuf complete dim=1                  | ../../../../../../../deps/finn-hlslib/slidingwindow.h:903 in convolutioninputgenerator_kernel_stride_dws, inputBuf             |
| dependence      | variable=inputBuf inter false                     | ../../../../../../../deps/finn-hlslib/slidingwindow.h:904 in convolutioninputgenerator_kernel_stride_dws, inputBuf             |
| dependence      | variable=inputBuf intra false                     | ../../../../../../../deps/finn-hlslib/slidingwindow.h:905 in convolutioninputgenerator_kernel_stride_dws, inputBuf             |
| pipeline        | style=flp II=1                                    | ../../../../../../../deps/finn-hlslib/slidingwindow.h:915 in convolutioninputgenerator_kernel_stride_dws                       |
| dependence      | variable=current_block_write intra false          | ../../../../../../../deps/finn-hlslib/slidingwindow.h:917 in convolutioninputgenerator_kernel_stride_dws, current_block_write  |
| dependence      | variable=inputBuf inter false                     | ../../../../../../../deps/finn-hlslib/slidingwindow.h:983 in convolutioninputgenerator_kernel_stride_dws, inputBuf             |
| dependence      | variable=inputBuf intra false                     | ../../../../../../../deps/finn-hlslib/slidingwindow.h:984 in convolutioninputgenerator_kernel_stride_dws, inputBuf             |
| dependence      | variable=current_block_write intra false          | ../../../../../../../deps/finn-hlslib/slidingwindow.h:993 in convolutioninputgenerator_kernel_stride_dws, current_block_write  |
| dependence      | variable=inputBuf inter false                     | ../../../../../../../deps/finn-hlslib/slidingwindow.h:1048 in convolutioninputgenerator_dws_mmv, inputBuf                      |
| dependence      | variable=inputBuf intra false                     | ../../../../../../../deps/finn-hlslib/slidingwindow.h:1049 in convolutioninputgenerator_dws_mmv, inputBuf                      |
| array_partition | variable=inputBuf complete dim=1                  | ../../../../../../../deps/finn-hlslib/slidingwindow.h:1050 in convolutioninputgenerator_dws_mmv, inputBuf                      |
| array_partition | variable=inputBuf complete dim=2                  | ../../../../../../../deps/finn-hlslib/slidingwindow.h:1051 in convolutioninputgenerator_dws_mmv, inputBuf                      |
| pipeline        | style=flp II=1                                    | ../../../../../../../deps/finn-hlslib/slidingwindow.h:1066 in convolutioninputgenerator_dws_mmv                                |
| unroll          |                                                   | ../../../../../../../deps/finn-hlslib/slidingwindow.h:1073 in convolutioninputgenerator_dws_mmv                                |
| unroll          |                                                   | ../../../../../../../deps/finn-hlslib/slidingwindow.h:1099 in convolutioninputgenerator_dws_mmv                                |
| unroll          |                                                   | ../../../../../../../deps/finn-hlslib/slidingwindow.h:1132 in convolutioninputgenerator_dws_mmv                                |
| dependence      | variable=inputBuf intra false                     | ../../../../../../../deps/finn-hlslib/slidingwindow.h:1134 in convolutioninputgenerator_dws_mmv, inputBuf                      |
| dependence      | variable=inputBuf inter false                     | ../../../../../../../deps/finn-hlslib/slidingwindow.h:1135 in convolutioninputgenerator_dws_mmv, inputBuf                      |
| dependence      | variable=current_block_write intra false          | ../../../../../../../deps/finn-hlslib/slidingwindow.h:1146 in convolutioninputgenerator_dws_mmv, current_block_write           |
| performance     | target_ti=IFMDim*IFMDim*IFMChannels/SIMD          | ../../../../../../../deps/finn-hlslib/slidingwindow.h:1191 in convolutioninputgenerator_2d_kernel1                             |
| pipeline        | style=flp II=IFMChannels/SIMD                     | ../../../../../../../deps/finn-hlslib/slidingwindow.h:1198 in convolutioninputgenerator_2d_kernel1                             |
| pipeline        | style=flp II=1                                    | ../../../../../../../deps/finn-hlslib/slidingwindow.h:1245 in convolutioninputgenerator_1d_kernel1                             |
| array_partition | variable=inputBuf complete dim=1                  | ../../../../../../../deps/finn-hlslib/slidingwindow.h:1300 in convolutioninputgenerator_nonsquare, inputBuf                    |
| pipeline        | style=flp II=1                                    | ../../../../../../../deps/finn-hlslib/slidingwindow.h:1315 in convolutioninputgenerator_nonsquare                              |
| dependence      | variable=inputBuf intra false                     | ../../../../../../../deps/finn-hlslib/slidingwindow.h:1366 in convolutioninputgenerator_nonsquare, inputBuf                    |
| dependence      | variable=inputBuf inter false                     | ../../../../../../../deps/finn-hlslib/slidingwindow.h:1367 in convolutioninputgenerator_nonsquare, inputBuf                    |
| dependence      | variable=current_block_write intra false          | ../../../../../../../deps/finn-hlslib/slidingwindow.h:1377 in convolutioninputgenerator_nonsquare, current_block_write         |
| array_partition | variable=inputBuf complete dim=1                  | ../../../../../../../deps/finn-hlslib/slidingwindow.h:1434 in convolutioninputgenerator_nonsquare_dws, inputBuf                |
| pipeline        | style=flp II=1                                    | ../../../../../../../deps/finn-hlslib/slidingwindow.h:1449 in convolutioninputgenerator_nonsquare_dws                          |
| dependence      | variable=inputBuf intra false                     | ../../../../../../../deps/finn-hlslib/slidingwindow.h:1500 in convolutioninputgenerator_nonsquare_dws, inputBuf                |
| dependence      | variable=inputBuf inter false                     | ../../../../../../../deps/finn-hlslib/slidingwindow.h:1501 in convolutioninputgenerator_nonsquare_dws, inputBuf                |
| dependence      | variable=current_block_write intra false          | ../../../../../../../deps/finn-hlslib/slidingwindow.h:1511 in convolutioninputgenerator_nonsquare_dws, current_block_write     |
| array_partition | variable=inputBuf complete dim=1                  | ../../../../../../../deps/finn-hlslib/slidingwindow.h:1575 in convolutioninputgenerator_nonsquare_dilated, inputBuf            |
| pipeline        | style=flp II=1                                    | ../../../../../../../deps/finn-hlslib/slidingwindow.h:1590 in convolutioninputgenerator_nonsquare_dilated                      |
| dependence      | variable=inputBuf intra false                     | ../../../../../../../deps/finn-hlslib/slidingwindow.h:1642 in convolutioninputgenerator_nonsquare_dilated, inputBuf            |
| dependence      | variable=inputBuf inter false                     | ../../../../../../../deps/finn-hlslib/slidingwindow.h:1643 in convolutioninputgenerator_nonsquare_dilated, inputBuf            |
| dependence      | variable=current_block_write intra false          | ../../../../../../../deps/finn-hlslib/slidingwindow.h:1653 in convolutioninputgenerator_nonsquare_dilated, current_block_write |
| array_partition | variable=inputBuf complete                        | ../../../../../../../deps/finn-hlslib/slidingwindow.h:1710 in convolutioninputgenerator_1d_parallel, inputBuf                  |
| pipeline        | style=flp II=1                                    | ../../../../../../../deps/finn-hlslib/slidingwindow.h:1718 in convolutioninputgenerator_1d_parallel                            |
| unroll          |                                                   | ../../../../../../../deps/finn-hlslib/slidingwindow.h:1739 in convolutioninputgenerator_1d_parallel                            |
| dependence      | variable=inputBuf intra false                     | ../../../../../../../deps/finn-hlslib/slidingwindow.h:1760 in convolutioninputgenerator_1d_parallel, inputBuf                  |
| dependence      | variable=inputBuf inter false                     | ../../../../../../../deps/finn-hlslib/slidingwindow.h:1761 in convolutioninputgenerator_1d_parallel, inputBuf                  |
| dependence      | variable=current_block_write intra false          | ../../../../../../../deps/finn-hlslib/slidingwindow.h:1768 in convolutioninputgenerator_1d_parallel, current_block_write       |
| pipeline        | style=flp II=1                                    | ../../../../../../../deps/finn-hlslib/slidingwindow.h:1824 in convolutioninputgenerator_1d_dws_naive                           |
| pipeline        | style=flp II=1                                    | ../../../../../../../deps/finn-hlslib/slidingwindow.h:1908 in convolutioninputgenerator_1d                                     |
| pipeline        | style=flp II=1                                    | ../../../../../../../deps/finn-hlslib/slidingwindow.h:1984 in convolutioninputgenerator_1d_dws                                 |
| pipeline        | style=flp II=1                                    | ../../../../../../../deps/finn-hlslib/slidingwindow.h:2063 in convolutioninputgenerator_1d_dws_stride                          |
| pipeline        | style=flp II=1                                    | ../../../../../../../deps/finn-hlslib/streamtools.h:77 in streamlimiter                                                        |
| pipeline        | style=flp II=1                                    | ../../../../../../../deps/finn-hlslib/streamtools.h:160 in sameresize                                                          |
| pipeline        | style=flp II=1                                    | ../../../../../../../deps/finn-hlslib/streamtools.h:234 in streamingcast                                                       |
| pipeline        | style=flp II=1                                    | ../../../../../../../deps/finn-hlslib/streamtools.h:280 in fmpadding_nonsquare                                                 |
| inline          |                                                   | ../../../../../../../deps/finn-hlslib/streamtools.h:374 in fmpadding                                                           |
| pipeline        | II=1 style=flp                                    | ../../../../../../../deps/finn-hlslib/streamtools.h:457 in fmpadding_pixel_nonsquare                                           |
| pipeline        | style=flp II=1                                    | ../../../../../../../deps/finn-hlslib/streamtools.h:527 in streamingdatawidthconverter_batch                                   |
| pipeline        | style=flp II=1                                    | ../../../../../../../deps/finn-hlslib/streamtools.h:547 in streamingdatawidthconverter_batch                                   |
| pipeline        | style=flp II=1                                    | ../../../../../../../deps/finn-hlslib/streamtools.h:558 in streamingdatawidthconverter_batch                                   |
| pipeline        | style=flp II=1                                    | ../../../../../../../deps/finn-hlslib/streamtools.h:667 in duplicatestreams                                                    |
| pipeline        | style=flp II=1                                    | ../../../../../../../deps/finn-hlslib/streamtools.h:725 in addstreams                                                          |
| unroll          |                                                   | ../../../../../../../deps/finn-hlslib/streamtools.h:730 in addstreams                                                          |
| inline          |                                                   | ../../../../../../../deps/finn-hlslib/streamtools.h:799 in addstreamslayer_batch                                               |
| pipeline        | style=flp II=1                                    | ../../../../../../../deps/finn-hlslib/streamtools.h:846 in multichandatawidthconverter_batch                                   |
| unroll          |                                                   | ../../../../../../../deps/finn-hlslib/streamtools.h:853 in multichandatawidthconverter_batch                                   |
| pipeline        | style=flp II=1                                    | ../../../../../../../deps/finn-hlslib/streamtools.h:869 in multichandatawidthconverter_batch                                   |
| unroll          |                                                   | ../../../../../../../deps/finn-hlslib/streamtools.h:875 in multichandatawidthconverter_batch                                   |
| pipeline        | style=flp II=1                                    | ../../../../../../../deps/finn-hlslib/streamtools.h:887 in multichandatawidthconverter_batch                                   |
| unroll          |                                                   | ../../../../../../../deps/finn-hlslib/streamtools.h:891 in multichandatawidthconverter_batch                                   |
| pipeline        | style=flp II=1                                    | ../../../../../../../deps/finn-hlslib/streamtools.h:927 in flattenmultichandata                                                |
| unroll          |                                                   | ../../../../../../../deps/finn-hlslib/streamtools.h:931 in flattenmultichandata                                                |
| pipeline        | style=flp II=1                                    | ../../../../../../../deps/finn-hlslib/streamtools.h:958 in packmultichandata                                                   |
| unroll          |                                                   | ../../../../../../../deps/finn-hlslib/streamtools.h:962 in packmultichandata                                                   |
| pipeline        | style=flp II=1                                    | ../../../../../../../deps/finn-hlslib/streamtools.h:1051 in qdma2stream_batch                                                  |
| pipeline        | style=flp II=1                                    | ../../../../../../../deps/finn-hlslib/streamtools.h:1074 in stream2qdma_batch                                                  |
| array_partition | variable=red_ch_index complete dim=0              | ../../../../../../../deps/finn-hlslib/tmrcheck.hpp:82 in tmrcheck, red_ch_index                                                |
| pipeline        | style=flp II=1                                    | ../../../../../../../deps/finn-hlslib/tmrcheck.hpp:91 in tmrcheck                                                              |
| array_partition | variable=numerrors complete dim=0                 | ../../../../../../../deps/finn-hlslib/tmrcheck.hpp:99 in tmrcheck, numerrors                                                   |
| unroll          |                                                   | ../../../../../../../deps/finn-hlslib/tmrcheck.hpp:103 in tmrcheck                                                             |
| array_partition | variable=compute complete dim=0                   | ../../../../../../../deps/finn-hlslib/tmrcheck.hpp:129 in tmrcheck, compute                                                    |
| unroll          |                                                   | ../../../../../../../deps/finn-hlslib/tmrcheck.hpp:132 in tmrcheck                                                             |
| pipeline        | style=flp II=1                                    | ../../../../../../../deps/finn-hlslib/upsample.hpp:86 in upsamplenearestneighbour                                              |
| pipeline        | II=1 style=flp                                    | ../../../../../../../deps/finn-hlslib/upsample.hpp:175 in upsamplenearestneighbour_1d                                          |
| array_partition | variable=accu complete dim=0                      | ../../../../../../../deps/finn-hlslib/vvau.hpp:101 in vector_vector_activate_batch, accu                                       |
| pipeline        | style=flp II=1                                    | ../../../../../../../deps/finn-hlslib/vvau.hpp:110 in vector_vector_activate_batch                                             |
| unroll          |                                                   | ../../../../../../../deps/finn-hlslib/vvau.hpp:117 in vector_vector_activate_batch                                             |
| unroll          |                                                   | ../../../../../../../deps/finn-hlslib/vvau.hpp:126 in vector_vector_activate_batch                                             |
| unroll          |                                                   | ../../../../../../../deps/finn-hlslib/vvau.hpp:147 in vector_vector_activate_batch                                             |
| unroll          |                                                   | ../../../../../../../deps/finn-hlslib/vvau.hpp:149 in vector_vector_activate_batch                                             |
| array_partition | variable=accu complete dim=0                      | ../../../../../../../deps/finn-hlslib/vvau.hpp:216 in vector_vector_activate_stream_batch, accu                                |
| pipeline        | style=flp II=1                                    | ../../../../../../../deps/finn-hlslib/vvau.hpp:226 in vector_vector_activate_stream_batch                                      |
| unroll          |                                                   | ../../../../../../../deps/finn-hlslib/vvau.hpp:233 in vector_vector_activate_stream_batch                                      |
| array_partition | variable=w.m_weights complete dim=0               | ../../../../../../../deps/finn-hlslib/vvau.hpp:242 in vector_vector_activate_stream_batch, w.m_weights                         |
| unroll          |                                                   | ../../../../../../../deps/finn-hlslib/vvau.hpp:244 in vector_vector_activate_stream_batch                                      |
| unroll          |                                                   | ../../../../../../../deps/finn-hlslib/vvau.hpp:249 in vector_vector_activate_stream_batch                                      |
| unroll          |                                                   | ../../../../../../../deps/finn-hlslib/vvau.hpp:270 in vector_vector_activate_stream_batch                                      |
| unroll          |                                                   | ../../../../../../../deps/finn-hlslib/vvau.hpp:272 in vector_vector_activate_stream_batch                                      |
| inline          |                                                   | ../../../../../../../deps/finn-hlslib/weights.hpp:83 in tileindex                                                              |
| inline          |                                                   | ../../../../../../../deps/finn-hlslib/weights.hpp:88 in operator[]                                                             |
| inline          |                                                   | ../../../../../../../deps/finn-hlslib/weights.hpp:95 in weights                                                                |
| inline          |                                                   | ../../../../../../../deps/finn-hlslib/weights.hpp:127 in tileindex                                                             |
| inline          |                                                   | ../../../../../../../deps/finn-hlslib/weights.hpp:132 in operator[]                                                            |
| unroll          |                                                   | ../../../../../../../deps/finn-hlslib/weights.hpp:135 in operator[]                                                            |
| inline          |                                                   | ../../../../../../../deps/finn-hlslib/weights.hpp:145 in weights                                                               |
| inline          |                                                   | ../../../../../../../deps/finn-hlslib/weights.hpp:157 in operator[]                                                            |
| unroll          |                                                   | ../../../../../../../deps/finn-hlslib/weights.hpp:160 in operator[]                                                            |
| interface       | axis port=in0_V                                   | top_MVAU_hls_0.cpp:27 in mvau_hls_0, in0_V                                                                                     |
| interface       | axis port=out0_V                                  | top_MVAU_hls_0.cpp:28 in mvau_hls_0, out0_V                                                                                    |
| interface       | ap_ctrl_none port=return                          | top_MVAU_hls_0.cpp:29 in mvau_hls_0, return                                                                                    |
| array_partition | variable=weights.m_weights complete dim=1         | top_MVAU_hls_0.cpp:31 in mvau_hls_0, weights.m_weights                                                                         |
| array_partition | variable=threshs.m_thresholds complete dim=1      | top_MVAU_hls_0.cpp:32 in mvau_hls_0, threshs.m_thresholds                                                                      |
| array_partition | variable=threshs.m_thresholds complete dim=3      | top_MVAU_hls_0.cpp:33 in mvau_hls_0, threshs.m_thresholds                                                                      |
+-----------------+---------------------------------------------------+--------------------------------------------------------------------------------------------------------------------------------+


