

================================================================
== Vitis HLS Report for 'Matrix_Vector_Activate_Batch'
================================================================
* Date:           Sun Jun 22 17:19:39 2025

* Version:        2022.2 (Build 3670227 on Oct 13 2022)
* Project:        project_MVAU_hls_0
* Solution:       sol1 (Vivado IP Flow Target)
* Product family: zynquplus
* Target device:  xczu7ev-ffvc1156-2-e


================================================================
== Performance Estimates
================================================================
+ Timing: 
    * Summary: 
    +--------+----------+----------+------------+
    |  Clock |  Target  | Estimated| Uncertainty|
    +--------+----------+----------+------------+
    |ap_clk  |  10.00 ns|  5.254 ns|     2.70 ns|
    +--------+----------+----------+------------+

+ Latency: 
    * Summary: 
    +---------+---------+----------+----------+-----+-----+---------+
    |  Latency (cycles) |  Latency (absolute) |  Interval | Pipeline|
    |   min   |   max   |    min   |    max   | min | max |   Type  |
    +---------+---------+----------+----------+-----+-----+---------+
    |      786|      786|  7.860 us|  7.860 us|  786|  786|       no|
    +---------+---------+----------+----------+-----+-----+---------+

    + Detail: 
        * Instance: 
        N/A

        * Loop: 
        +--------------------+---------+---------+----------+-----------+-----------+------+----------+
        |                    |  Latency (cycles) | Iteration|  Initiation Interval  | Trip |          |
        |      Loop Name     |   min   |   max   |  Latency |  achieved |   target  | Count| Pipelined|
        +--------------------+---------+---------+----------+-----------+-----------+------+----------+
        |- VITIS_LOOP_123_1  |      784|      784|         2|          1|          1|   784|  yes(flp)|
        +--------------------+---------+---------+----------+-----------+-----------+------+----------+



================================================================
== Utilization Estimates
================================================================
* Summary: 
+-----------------+---------+------+--------+--------+-----+
|       Name      | BRAM_18K|  DSP |   FF   |   LUT  | URAM|
+-----------------+---------+------+--------+--------+-----+
|DSP              |        -|     -|       -|       -|    -|
|Expression       |        -|     -|       0|    2897|    -|
|FIFO             |        -|     -|       -|       -|    -|
|Instance         |        -|     -|       -|       -|    -|
|Memory           |        -|     -|       -|       -|    -|
|Multiplexer      |        -|     -|       -|      68|    -|
|Register         |        -|     -|      22|       -|    -|
+-----------------+---------+------+--------+--------+-----+
|Total            |        0|     0|      22|    2965|    0|
+-----------------+---------+------+--------+--------+-----+
|Available        |      624|  1728|  460800|  230400|   96|
+-----------------+---------+------+--------+--------+-----+
|Utilization (%)  |        0|     0|      ~0|       1|    0|
+-----------------+---------+------+--------+--------+-----+

+ Detail: 
    * Instance: 
    N/A

    * DSP: 
    N/A

    * Memory: 
    N/A

    * FIFO: 
    N/A

    * Expression: 
    +----------------------------------+----------+----+---+----+------------+------------+
    |           Variable Name          | Operation| DSP| FF| LUT| Bitwidth P0| Bitwidth P1|
    +----------------------------------+----------+----+---+----+------------+------------+
    |add_ln840_10_fu_893_p2            |         +|   0|  0|  16|           9|           9|
    |add_ln840_11_fu_903_p2            |         +|   0|  0|  17|          10|          10|
    |add_ln840_12_fu_913_p2            |         +|   0|  0|  16|           9|           9|
    |add_ln840_13_fu_923_p2            |         +|   0|  0|  17|          10|          10|
    |add_ln840_14_fu_933_p2            |         +|   0|  0|  18|          11|          11|
    |add_ln840_15_fu_943_p2            |         +|   0|  0|  19|          12|          12|
    |add_ln840_16_fu_953_p2            |         +|   0|  0|  20|          13|          13|
    |add_ln840_17_fu_979_p2            |         +|   0|  0|  18|          10|          10|
    |add_ln840_18_fu_1035_p2           |         +|   0|  0|  18|          10|          10|
    |add_ln840_19_fu_1045_p2           |         +|   0|  0|  17|          11|          11|
    |add_ln840_1_fu_759_p2             |         +|   0|  0|  18|          10|          10|
    |add_ln840_20_fu_1065_p2           |         +|   0|  0|  18|          10|          10|
    |add_ln840_21_fu_1085_p2           |         +|   0|  0|  18|          10|          10|
    |add_ln840_22_fu_1095_p2           |         +|   0|  0|  18|          11|          11|
    |add_ln840_23_fu_1105_p2           |         +|   0|  0|  19|          12|          12|
    |add_ln840_24_fu_1135_p2           |         +|   0|  0|  16|           9|           9|
    |add_ln840_25_fu_1145_p2           |         +|   0|  0|  17|          10|          10|
    |add_ln840_26_fu_1155_p2           |         +|   0|  0|  18|          11|          11|
    |add_ln840_27_fu_1165_p2           |         +|   0|  0|  16|           9|           9|
    |add_ln840_28_fu_1175_p2           |         +|   0|  0|  17|          10|          10|
    |add_ln840_29_fu_1185_p2           |         +|   0|  0|  16|           9|           9|
    |add_ln840_2_fu_769_p2             |         +|   0|  0|  18|          11|          11|
    |add_ln840_30_fu_1195_p2           |         +|   0|  0|  17|          10|          10|
    |add_ln840_31_fu_1205_p2           |         +|   0|  0|  18|          11|          11|
    |add_ln840_32_fu_1215_p2           |         +|   0|  0|  19|          12|          12|
    |add_ln840_33_fu_1225_p2           |         +|   0|  0|  20|          13|          13|
    |add_ln840_34_fu_1261_p2           |         +|   0|  0|  18|          10|          10|
    |add_ln840_35_fu_1271_p2           |         +|   0|  0|  17|          11|          11|
    |add_ln840_36_fu_1287_p2           |         +|   0|  0|  18|          10|          10|
    |add_ln840_37_fu_1307_p2           |         +|   0|  0|  18|          10|          10|
    |add_ln840_38_fu_1317_p2           |         +|   0|  0|  18|          11|          11|
    |add_ln840_39_fu_1327_p2           |         +|   0|  0|  19|          12|          12|
    |add_ln840_3_fu_789_p2             |         +|   0|  0|  18|          10|          10|
    |add_ln840_40_fu_1337_p2           |         +|   0|  0|  16|           9|           9|
    |add_ln840_41_fu_1361_p2           |         +|   0|  0|  16|           9|           9|
    |add_ln840_42_fu_1371_p2           |         +|   0|  0|  17|          10|          10|
    |add_ln840_43_fu_1381_p2           |         +|   0|  0|  18|          11|          11|
    |add_ln840_44_fu_1391_p2           |         +|   0|  0|  16|           9|           9|
    |add_ln840_45_fu_1401_p2           |         +|   0|  0|  17|          10|          10|
    |add_ln840_46_fu_1411_p2           |         +|   0|  0|  17|          10|          10|
    |add_ln840_47_fu_1421_p2           |         +|   0|  0|  18|          11|          11|
    |add_ln840_48_fu_1431_p2           |         +|   0|  0|  19|          12|          12|
    |add_ln840_49_fu_1441_p2           |         +|   0|  0|  20|          13|          13|
    |add_ln840_4_fu_809_p2             |         +|   0|  0|  18|          10|          10|
    |add_ln840_50_fu_1447_p2           |         +|   0|  0|  16|           9|           9|
    |add_ln840_51_fu_1473_p2           |         +|   0|  0|  18|          10|          10|
    |add_ln840_52_fu_1493_p2           |         +|   0|  0|  18|          10|          10|
    |add_ln840_53_fu_1503_p2           |         +|   0|  0|  18|          11|          11|
    |add_ln840_54_fu_1519_p2           |         +|   0|  0|  18|          10|          10|
    |add_ln840_55_fu_1549_p2           |         +|   0|  0|  18|          11|          11|
    |add_ln840_56_fu_1559_p2           |         +|   0|  0|  19|          12|          12|
    |add_ln840_57_fu_1569_p2           |         +|   0|  0|  16|           9|           9|
    |add_ln840_58_fu_1579_p2           |         +|   0|  0|  17|          10|          10|
    |add_ln840_59_fu_1589_p2           |         +|   0|  0|  16|           9|           9|
    |add_ln840_5_fu_819_p2             |         +|   0|  0|  18|          11|          11|
    |add_ln840_60_fu_1599_p2           |         +|   0|  0|  17|          10|          10|
    |add_ln840_61_fu_1609_p2           |         +|   0|  0|  18|          11|          11|
    |add_ln840_62_fu_1619_p2           |         +|   0|  0|  16|           9|           9|
    |add_ln840_63_fu_1629_p2           |         +|   0|  0|  17|          10|          10|
    |add_ln840_64_fu_1639_p2           |         +|   0|  0|  16|           9|           9|
    |add_ln840_65_fu_1649_p2           |         +|   0|  0|  17|          10|          10|
    |add_ln840_66_fu_1659_p2           |         +|   0|  0|  18|          11|          11|
    |add_ln840_67_fu_1669_p2           |         +|   0|  0|  19|          12|          12|
    |add_ln840_68_fu_1679_p2           |         +|   0|  0|  20|          13|          13|
    |add_ln840_69_fu_1691_p2           |         +|   0|  0|  18|          10|          10|
    |add_ln840_6_fu_829_p2             |         +|   0|  0|  19|          12|          12|
    |add_ln840_70_fu_1701_p2           |         +|   0|  0|  18|          11|          11|
    |add_ln840_71_fu_1717_p2           |         +|   0|  0|  18|          10|          10|
    |add_ln840_72_fu_1737_p2           |         +|   0|  0|  18|          10|          10|
    |add_ln840_73_fu_1747_p2           |         +|   0|  0|  18|          11|          11|
    |add_ln840_74_fu_1757_p2           |         +|   0|  0|  19|          12|          12|
    |add_ln840_75_fu_1767_p2           |         +|   0|  0|  16|           9|           9|
    |add_ln840_76_fu_1791_p2           |         +|   0|  0|  18|          11|          11|
    |add_ln840_77_fu_1801_p2           |         +|   0|  0|  16|           9|           9|
    |add_ln840_78_fu_1811_p2           |         +|   0|  0|  17|          10|          10|
    |add_ln840_79_fu_1821_p2           |         +|   0|  0|  16|           9|           9|
    |add_ln840_7_fu_849_p2             |         +|   0|  0|  18|          10|          10|
    |add_ln840_80_fu_1831_p2           |         +|   0|  0|  17|          10|          10|
    |add_ln840_81_fu_1841_p2           |         +|   0|  0|  18|          11|          11|
    |add_ln840_82_fu_1851_p2           |         +|   0|  0|  19|          12|          12|
    |add_ln840_83_fu_1861_p2           |         +|   0|  0|  20|          13|          13|
    |add_ln840_84_fu_1887_p2           |         +|   0|  0|  18|          10|          10|
    |add_ln840_85_fu_1907_p2           |         +|   0|  0|  18|          10|          10|
    |add_ln840_86_fu_1917_p2           |         +|   0|  0|  18|          11|          11|
    |add_ln840_87_fu_1933_p2           |         +|   0|  0|  18|          10|          10|
    |add_ln840_88_fu_1949_p2           |         +|   0|  0|  18|          10|          10|
    |add_ln840_89_fu_1959_p2           |         +|   0|  0|  18|          11|          11|
    |add_ln840_8_fu_873_p2             |         +|   0|  0|  18|          10|          10|
    |add_ln840_90_fu_1969_p2           |         +|   0|  0|  19|          12|          12|
    |add_ln840_91_fu_1985_p2           |         +|   0|  0|  18|          10|          10|
    |add_ln840_92_fu_2009_p2           |         +|   0|  0|  18|          10|          10|
    |add_ln840_93_fu_2019_p2           |         +|   0|  0|  18|          11|          11|
    |add_ln840_94_fu_2039_p2           |         +|   0|  0|  18|          10|          10|
    |add_ln840_95_fu_2073_p2           |         +|   0|  0|  18|          11|          11|
    |add_ln840_96_fu_2083_p2           |         +|   0|  0|  19|          12|          12|
    |add_ln840_97_fu_2093_p2           |         +|   0|  0|  20|          13|          13|
    |add_ln840_9_fu_883_p2             |         +|   0|  0|  18|          11|          11|
    |add_ln840_fu_739_p2               |         +|   0|  0|  18|          10|          10|
    |i_2_fu_185_p2                     |         +|   0|  0|  17|          10|           1|
    |ret_V_10_fu_481_p2                |         -|   0|  0|  16|           1|           9|
    |ret_V_11_fu_505_p2                |         -|   0|  0|  16|           1|           9|
    |ret_V_12_fu_529_p2                |         -|   0|  0|  16|           1|           9|
    |ret_V_13_fu_553_p2                |         -|   0|  0|  16|           1|           9|
    |ret_V_14_fu_577_p2                |         -|   0|  0|  16|           1|           9|
    |ret_V_15_fu_601_p2                |         -|   0|  0|  16|           1|           9|
    |ret_V_16_fu_625_p2                |         -|   0|  0|  16|           1|           9|
    |ret_V_17_fu_709_p2                |         -|   0|  0|  16|           1|           9|
    |ret_V_18_fu_959_p2                |         -|   0|  0|  16|           1|           9|
    |ret_V_19_fu_989_p2                |         -|   0|  0|  16|           1|           9|
    |ret_V_1_fu_269_p2                 |         -|   0|  0|  16|           1|           9|
    |ret_V_20_fu_999_p2                |         -|   0|  0|  16|           1|           9|
    |ret_V_21_fu_1009_p2               |         -|   0|  0|  16|           1|           9|
    |ret_V_22_fu_1231_p2               |         -|   0|  0|  16|           1|           9|
    |ret_V_23_fu_1457_p2               |         -|   0|  0|  16|           1|           9|
    |ret_V_2_fu_293_p2                 |         -|   0|  0|  16|           1|           9|
    |ret_V_3_fu_313_p2                 |         -|   0|  0|  16|           1|           9|
    |ret_V_4_fu_337_p2                 |         -|   0|  0|  16|           1|           9|
    |ret_V_5_fu_361_p2                 |         -|   0|  0|  16|           1|           9|
    |ret_V_6_fu_385_p2                 |         -|   0|  0|  16|           1|           9|
    |ret_V_7_fu_409_p2                 |         -|   0|  0|  16|           1|           9|
    |ret_V_8_fu_433_p2                 |         -|   0|  0|  16|           1|           9|
    |ret_V_9_fu_457_p2                 |         -|   0|  0|  16|           1|           9|
    |ret_V_fu_199_p2                   |         -|   0|  0|  16|           1|           9|
    |sub_ln840_10_fu_1029_p2           |         -|   0|  0|  18|          10|          10|
    |sub_ln840_11_fu_1059_p2           |         -|   0|  0|  18|          10|          10|
    |sub_ln840_12_fu_1079_p2           |         -|   0|  0|  18|          10|          10|
    |sub_ln840_13_fu_1115_p2           |         -|   0|  0|  16|           9|           9|
    |sub_ln840_14_fu_1125_p2           |         -|   0|  0|  17|          10|          10|
    |sub_ln840_15_fu_1245_p2           |         -|   0|  0|  17|          11|          11|
    |sub_ln840_16_fu_1255_p2           |         -|   0|  0|  18|          10|          10|
    |sub_ln840_17_fu_1281_p2           |         -|   0|  0|  18|          10|          10|
    |sub_ln840_18_fu_1301_p2           |         -|   0|  0|  18|          10|          10|
    |sub_ln840_19_fu_1351_p2           |         -|   0|  0|  17|          10|          10|
    |sub_ln840_1_fu_973_p2             |         -|   0|  0|  18|          10|          10|
    |sub_ln840_20_fu_1467_p2           |         -|   0|  0|  18|          10|          10|
    |sub_ln840_21_fu_1487_p2           |         -|   0|  0|  18|          10|          10|
    |sub_ln840_22_fu_1513_p2           |         -|   0|  0|  18|          10|          10|
    |sub_ln840_23_fu_1529_p2           |         -|   0|  0|  16|           9|           9|
    |sub_ln840_24_fu_1539_p2           |         -|   0|  0|  17|          10|          10|
    |sub_ln840_25_fu_1685_p2           |         -|   0|  0|  18|          10|          10|
    |sub_ln840_26_fu_1711_p2           |         -|   0|  0|  18|          10|          10|
    |sub_ln840_27_fu_1731_p2           |         -|   0|  0|  18|          10|          10|
    |sub_ln840_28_fu_1781_p2           |         -|   0|  0|  17|          10|          10|
    |sub_ln840_29_fu_1881_p2           |         -|   0|  0|  18|          10|          10|
    |sub_ln840_2_fu_1867_p2            |         -|   0|  0|  16|           9|           9|
    |sub_ln840_30_fu_1901_p2           |         -|   0|  0|  18|          10|          10|
    |sub_ln840_31_fu_1927_p2           |         -|   0|  0|  18|          10|          10|
    |sub_ln840_32_fu_1943_p2           |         -|   0|  0|  18|          10|          10|
    |sub_ln840_33_fu_1979_p2           |         -|   0|  0|  18|          10|          10|
    |sub_ln840_34_fu_2003_p2           |         -|   0|  0|  18|          10|          10|
    |sub_ln840_35_fu_2033_p2           |         -|   0|  0|  18|          10|          10|
    |sub_ln840_36_fu_2049_p2           |         -|   0|  0|  16|           9|           9|
    |sub_ln840_37_fu_2063_p2           |         -|   0|  0|  17|          10|          10|
    |sub_ln840_3_fu_733_p2             |         -|   0|  0|  18|          10|          10|
    |sub_ln840_4_fu_753_p2             |         -|   0|  0|  18|          10|          10|
    |sub_ln840_5_fu_783_p2             |         -|   0|  0|  18|          10|          10|
    |sub_ln840_6_fu_803_p2             |         -|   0|  0|  18|          10|          10|
    |sub_ln840_7_fu_843_p2             |         -|   0|  0|  18|          10|          10|
    |sub_ln840_8_fu_867_p2             |         -|   0|  0|  18|          10|          10|
    |sub_ln840_9_fu_1023_p2            |         -|   0|  0|  17|          11|          11|
    |sub_ln840_fu_715_p2               |         -|   0|  0|  16|           9|           9|
    |ap_block_state2_io                |       and|   0|  0|   2|           1|           1|
    |ap_condition_1545                 |       and|   0|  0|   2|           1|           1|
    |icmp_ln123_fu_179_p2              |      icmp|   0|  0|  11|          10|           9|
    |result_V_1_fu_2105_p2             |      icmp|   0|  0|  12|          13|          11|
    |result_V_2_fu_2111_p2             |      icmp|   0|  0|  12|          13|           7|
    |result_V_3_fu_2117_p2             |      icmp|   0|  0|  12|          13|          11|
    |result_V_4_fu_2123_p2             |      icmp|   0|  0|  12|          13|          10|
    |result_V_5_fu_2129_p2             |      icmp|   0|  0|  12|          13|          12|
    |result_V_fu_2099_p2               |      icmp|   0|  0|  12|          13|           8|
    |ap_block_state1_pp0_stage0_iter0  |        or|   0|  0|   2|           1|           1|
    +----------------------------------+----------+----+---+----+------------+------------+
    |Total                             |          |   0|  0|2897|        1532|        1695|
    +----------------------------------+----------+----+---+----+------------+------------+

    * Multiplexer: 
    +----------------------------------+----+-----------+-----+-----------+
    |               Name               | LUT| Input Size| Bits| Total Bits|
    +----------------------------------+----+-----------+-----+-----------+
    |ap_NS_iter1_fsm                   |  14|          3|    2|          6|
    |ap_done_int                       |   9|          2|    1|          2|
    |ap_loop_exit_ready_pp0_iter1_reg  |   9|          2|    1|          2|
    |ap_sig_allocacmp_i_1              |   9|          2|   10|         20|
    |i_fu_154                          |   9|          2|   10|         20|
    |in0_V_TDATA_blk_n                 |   9|          2|    1|          2|
    |out0_V_TDATA_blk_n                |   9|          2|    1|          2|
    +----------------------------------+----+-----------+-----+-----------+
    |Total                             |  68|         15|   26|         54|
    +----------------------------------+----+-----------+-----+-----------+

    * Register: 
    +----------------------------------+----+----+-----+-----------+
    |               Name               | FF | LUT| Bits| Const Bits|
    +----------------------------------+----+----+-----+-----------+
    |ap_CS_iter0_fsm                   |   1|   0|    1|          0|
    |ap_CS_iter1_fsm                   |   2|   0|    2|          0|
    |ap_done_reg                       |   1|   0|    1|          0|
    |ap_loop_exit_ready_pp0_iter1_reg  |   1|   0|    1|          0|
    |i_fu_154                          |  10|   0|   10|          0|
    |icmp_ln123_reg_2162               |   1|   0|    1|          0|
    |result_V_1_reg_2171               |   1|   0|    1|          0|
    |result_V_2_reg_2176               |   1|   0|    1|          0|
    |result_V_3_reg_2181               |   1|   0|    1|          0|
    |result_V_4_reg_2186               |   1|   0|    1|          0|
    |result_V_5_reg_2191               |   1|   0|    1|          0|
    |result_V_reg_2166                 |   1|   0|    1|          0|
    +----------------------------------+----+----+-----+-----------+
    |Total                             |  22|   0|   22|          0|
    +----------------------------------+----+----+-----+-----------+



================================================================
== Interface
================================================================
* Summary: 
+---------------+-----+-----+------------+------------------------------+--------------+
|   RTL Ports   | Dir | Bits|  Protocol  |         Source Object        |    C Type    |
+---------------+-----+-----+------------+------------------------------+--------------+
|ap_clk         |   in|    1|  ap_ctrl_hs|  Matrix_Vector_Activate_Batch|  return value|
|ap_rst         |   in|    1|  ap_ctrl_hs|  Matrix_Vector_Activate_Batch|  return value|
|ap_start       |   in|    1|  ap_ctrl_hs|  Matrix_Vector_Activate_Batch|  return value|
|ap_done        |  out|    1|  ap_ctrl_hs|  Matrix_Vector_Activate_Batch|  return value|
|ap_idle        |  out|    1|  ap_ctrl_hs|  Matrix_Vector_Activate_Batch|  return value|
|ap_ready       |  out|    1|  ap_ctrl_hs|  Matrix_Vector_Activate_Batch|  return value|
|in0_V_TVALID   |   in|    1|        axis|                         in0_V|       pointer|
|in0_V_TDATA    |   in|  200|        axis|                         in0_V|       pointer|
|in0_V_TREADY   |  out|    1|        axis|                         in0_V|       pointer|
|out0_V_TREADY  |   in|    1|        axis|                        out0_V|       pointer|
|out0_V_TDATA   |  out|    8|        axis|                        out0_V|       pointer|
|out0_V_TVALID  |  out|    1|        axis|                        out0_V|       pointer|
+---------------+-----+-----+------------+------------------------------+--------------+

