

================================================================
== Vitis HLS Report for 'StreamingMaxPool_hls_1_Pipeline_VITIS_LOOP_79_3_VITIS_LOOP_80_4_VITIS_LOOP_82_5'
================================================================
* Date:           Sun Jun 22 17:08:23 2025

* Version:        2022.2 (Build 3670227 on Oct 13 2022)
* Project:        project_StreamingMaxPool_hls_1
* Solution:       sol1 (Vivado IP Flow Target)
* Product family: zynquplus
* Target device:  xczu7ev-ffvc1156-2-e


================================================================
== Performance Estimates
================================================================
+ Timing: 
    * Summary: 
    +--------+----------+----------+------------+
    |  Clock |  Target  | Estimated| Uncertainty|
    +--------+----------+----------+------------+
    |ap_clk  |  10.00 ns|  2.519 ns|     2.70 ns|
    +--------+----------+----------+------------+

+ Latency: 
    * Summary: 
    +---------+---------+----------+----------+-----+-----+---------+
    |  Latency (cycles) |  Latency (absolute) |  Interval | Pipeline|
    |   min   |   max   |    min   |    max   | min | max |   Type  |
    +---------+---------+----------+----------+-----+-----+---------+
    |       23|       23|  0.230 us|  0.230 us|   23|   23|       no|
    +---------+---------+----------+----------+-----+-----+---------+

    + Detail: 
        * Instance: 
        N/A

        * Loop: 
        +---------------------------------------------------+---------+---------+----------+-----------+-----------+------+----------+
        |                                                   |  Latency (cycles) | Iteration|  Initiation Interval  | Trip |          |
        |                     Loop Name                     |   min   |   max   |  Latency |  achieved |   target  | Count| Pipelined|
        +---------------------------------------------------+---------+---------+----------+-----------+-----------+------+----------+
        |- VITIS_LOOP_79_3_VITIS_LOOP_80_4_VITIS_LOOP_82_5  |       21|       21|         3|          1|          1|    20|  yes(flp)|
        +---------------------------------------------------+---------+---------+----------+-----------+-----------+------+----------+



================================================================
== Utilization Estimates
================================================================
* Summary: 
+-----------------+---------+------+--------+--------+-----+
|       Name      | BRAM_18K|  DSP |   FF   |   LUT  | URAM|
+-----------------+---------+------+--------+--------+-----+
|DSP              |        -|     -|       -|       -|    -|
|Expression       |        -|     -|       0|     148|    -|
|FIFO             |        -|     -|       -|       -|    -|
|Instance         |        -|     -|       -|       -|    -|
|Memory           |        -|     -|       -|       -|    -|
|Multiplexer      |        -|     -|       -|     109|    -|
|Register         |        -|     -|      77|       -|    -|
+-----------------+---------+------+--------+--------+-----+
|Total            |        0|     0|      77|     257|    0|
+-----------------+---------+------+--------+--------+-----+
|Available        |      624|  1728|  460800|  230400|   96|
+-----------------+---------+------+--------+--------+-----+
|Utilization (%)  |        0|     0|      ~0|      ~0|    0|
+-----------------+---------+------+--------+--------+-----+

+ Detail: 
    * Instance: 
    N/A

    * DSP: 
    N/A

    * Memory: 
    N/A

    * FIFO: 
    N/A

    * Expression: 
    +----------------------------------+----------+----+---+----+------------+------------+
    |           Variable Name          | Operation| DSP| FF| LUT| Bitwidth P0| Bitwidth P1|
    +----------------------------------+----------+----+---+----+------------+------------+
    |add_ln79_fu_137_p2                |         +|   0|  0|  12|           5|           1|
    |add_ln80_1_fu_250_p2              |         +|   0|  0|  12|           5|           1|
    |add_ln80_fu_192_p2                |         +|   0|  0|  10|           3|           1|
    |add_ln82_fu_230_p2                |         +|   0|  0|   9|           2|           1|
    |and_ln79_fu_186_p2                |       and|   0|  0|   2|           1|           1|
    |ap_condition_278                  |       and|   0|  0|   2|           1|           1|
    |icmp_ln79_fu_131_p2               |      icmp|   0|  0|   9|           5|           5|
    |icmp_ln80_fu_160_p2               |      icmp|   0|  0|   9|           5|           4|
    |icmp_ln82_1_fu_244_p2             |      icmp|   0|  0|   8|           2|           3|
    |icmp_ln82_fu_180_p2               |      icmp|   0|  0|   8|           2|           3|
    |ap_block_state1_pp0_stage0_iter0  |        or|   0|  0|   2|           1|           1|
    |buf_V_d0                          |        or|   0|  0|  16|          16|          16|
    |or_ln80_fu_198_p2                 |        or|   0|  0|   2|           1|           1|
    |ret_V_fu_225_p2                   |        or|   0|  0|  16|          16|          16|
    |kx_1_fu_236_p3                    |    select|   0|  0|   2|           1|           1|
    |select_ln79_fu_166_p3             |    select|   0|  0|   3|           1|           1|
    |select_ln80_1_fu_212_p3           |    select|   0|  0|   3|           1|           3|
    |select_ln80_2_fu_256_p3           |    select|   0|  0|   5|           1|           1|
    |select_ln80_fu_204_p3             |    select|   0|  0|  16|           1|           1|
    |xor_ln79_fu_174_p2                |       xor|   0|  0|   2|           1|           2|
    +----------------------------------+----------+----+---+----+------------+------------+
    |Total                             |          |   0|  0| 148|          71|          64|
    +----------------------------------+----------+----+---+----+------------+------------+

    * Multiplexer: 
    +----------------------------------------+----+-----------+-----+-----------+
    |                  Name                  | LUT| Input Size| Bits| Total Bits|
    +----------------------------------------+----+-----------+-----+-----------+
    |ap_NS_iter1_fsm                         |  14|          3|    2|          6|
    |ap_NS_iter2_fsm                         |  14|          3|    2|          6|
    |ap_done_int                             |   9|          2|    1|          2|
    |ap_loop_exit_ready_pp0_iter2_reg        |   9|          2|    1|          2|
    |ap_sig_allocacmp_indvar_flatten14_load  |   9|          2|    5|         10|
    |in0_V_TDATA_blk_n                       |   9|          2|    1|          2|
    |indvar_flatten14_fu_76                  |   9|          2|    5|         10|
    |indvar_flatten_fu_72                    |   9|          2|    5|         10|
    |kx_fu_64                                |   9|          2|    2|          4|
    |lhs_V_fu_60                             |   9|          2|   16|         32|
    |xp_fu_68                                |   9|          2|    3|          6|
    +----------------------------------------+----+-----------+-----+-----------+
    |Total                                   | 109|         24|   43|         90|
    +----------------------------------------+----+-----------+-----+-----------+

    * Register: 
    +----------------------------------+----+----+-----+-----------+
    |               Name               | FF | LUT| Bits| Const Bits|
    +----------------------------------+----+----+-----+-----------+
    |ap_CS_iter0_fsm                   |   1|   0|    1|          0|
    |ap_CS_iter1_fsm                   |   2|   0|    2|          0|
    |ap_CS_iter2_fsm                   |   2|   0|    2|          0|
    |ap_done_reg                       |   1|   0|    1|          0|
    |ap_loop_exit_ready_pp0_iter1_reg  |   1|   0|    1|          0|
    |ap_loop_exit_ready_pp0_iter2_reg  |   1|   0|    1|          0|
    |buf_V_addr_reg_343                |   3|   0|    3|          0|
    |icmp_ln79_reg_325                 |   1|   0|    1|          0|
    |icmp_ln79_reg_325_pp0_iter1_reg   |   1|   0|    1|          0|
    |icmp_ln82_1_reg_339               |   1|   0|    1|          0|
    |indvar_flatten14_fu_76            |   5|   0|    5|          0|
    |indvar_flatten_fu_72              |   5|   0|    5|          0|
    |kx_fu_64                          |   2|   0|    2|          0|
    |lhs_V_fu_60                       |  16|   0|   16|          0|
    |ret_V_reg_334                     |  16|   0|   16|          0|
    |rhs_V_reg_329                     |  16|   0|   16|          0|
    |xp_fu_68                          |   3|   0|    3|          0|
    +----------------------------------+----+----+-----+-----------+
    |Total                             |  77|   0|   77|          0|
    +----------------------------------+----+----+-----+-----------+



================================================================
== Interface
================================================================
* Summary: 
+----------------+-----+-----+------------+---------------------------------------------------------------------------------+--------------+
|    RTL Ports   | Dir | Bits|  Protocol  |                                  Source Object                                  |    C Type    |
+----------------+-----+-----+------------+---------------------------------------------------------------------------------+--------------+
|ap_clk          |   in|    1|  ap_ctrl_hs|  StreamingMaxPool_hls_1_Pipeline_VITIS_LOOP_79_3_VITIS_LOOP_80_4_VITIS_LOOP_82_5|  return value|
|ap_rst          |   in|    1|  ap_ctrl_hs|  StreamingMaxPool_hls_1_Pipeline_VITIS_LOOP_79_3_VITIS_LOOP_80_4_VITIS_LOOP_82_5|  return value|
|ap_start        |   in|    1|  ap_ctrl_hs|  StreamingMaxPool_hls_1_Pipeline_VITIS_LOOP_79_3_VITIS_LOOP_80_4_VITIS_LOOP_82_5|  return value|
|ap_done         |  out|    1|  ap_ctrl_hs|  StreamingMaxPool_hls_1_Pipeline_VITIS_LOOP_79_3_VITIS_LOOP_80_4_VITIS_LOOP_82_5|  return value|
|ap_idle         |  out|    1|  ap_ctrl_hs|  StreamingMaxPool_hls_1_Pipeline_VITIS_LOOP_79_3_VITIS_LOOP_80_4_VITIS_LOOP_82_5|  return value|
|ap_ready        |  out|    1|  ap_ctrl_hs|  StreamingMaxPool_hls_1_Pipeline_VITIS_LOOP_79_3_VITIS_LOOP_80_4_VITIS_LOOP_82_5|  return value|
|in0_V_TVALID    |   in|    1|        axis|                                                                            in0_V|       pointer|
|in0_V_TDATA     |   in|   16|        axis|                                                                            in0_V|       pointer|
|in0_V_TREADY    |  out|    1|        axis|                                                                            in0_V|       pointer|
|buf_V_address0  |  out|    3|   ap_memory|                                                                            buf_V|         array|
|buf_V_ce0       |  out|    1|   ap_memory|                                                                            buf_V|         array|
|buf_V_we0       |  out|    1|   ap_memory|                                                                            buf_V|         array|
|buf_V_d0        |  out|   16|   ap_memory|                                                                            buf_V|         array|
|buf_V_address1  |  out|    3|   ap_memory|                                                                            buf_V|         array|
|buf_V_ce1       |  out|    1|   ap_memory|                                                                            buf_V|         array|
|buf_V_q1        |   in|   16|   ap_memory|                                                                            buf_V|         array|
+----------------+-----+-----+------------+---------------------------------------------------------------------------------+--------------+

