

================================================================
== Synthesis Summary Report of 'MVAU_hls_0'
================================================================
+ General Information: 
    * Date:           Sun Jun 22 17:09:12 2025
    * Version:        2022.2 (Build 3670227 on Oct 13 2022)
    * Project:        project_MVAU_hls_0
    * Solution:       sol1 (Vivado IP Flow Target)
    * Product family: zynquplus
    * Target device:  xczu7ev-ffvc1156-2-e
    

+ Performance & Resource Estimates: 
    
    PS: '+' for module; 'o' for loop; '*' for dataflow
    +----------------------------------------+------+------+---------+-----------+----------+---------+------+----------+------+---------+------------+-----------+-----+
    |                 Modules                | Issue|      | Latency |  Latency  | Iteration|         | Trip |          |      |         |            |           |     |
    |                 & Loops                | Type | Slack| (cycles)|    (ns)   |  Latency | Interval| Count| Pipelined| BRAM |   DSP   |     FF     |    LUT    | URAM|
    +----------------------------------------+------+------+---------+-----------+----------+---------+------+----------+------+---------+------------+-----------+-----+
    |+ MVAU_hls_0                            |     -|  3.15|      793|  7.930e+03|         -|      794|     -|        no|     -|  96 (5%)|  1117 (~0%)|  3321 (1%)|    -|
    | + Matrix_Vector_Activate_Stream_Batch  |     -|  3.15|      790|  7.900e+03|         -|      790|     -|        no|     -|  96 (5%)|  1112 (~0%)|  3275 (1%)|    -|
    |  o VITIS_LOOP_249_1                    |     -|  7.30|      788|  7.880e+03|         6|        1|   784|  yes(flp)|     -|        -|           -|          -|    -|
    +----------------------------------------+------+------+---------+-----------+----------+---------+------+----------+------+---------+------------+-----------+-----+


================================================================
== HW Interfaces
================================================================
* AXIS
+-----------+---------------+-------+--------+--------+
| Interface | Register Mode | TDATA | TREADY | TVALID |
+-----------+---------------+-------+--------+--------+
| in0_V     | both          | 200   | 1      | 1      |
| in1_V     | both          | 304   | 1      | 1      |
| out0_V    | both          | 8     | 1      | 1      |
+-----------+---------------+-------+--------+--------+

* TOP LEVEL CONTROL
+-----------+--------------+----------+
| Interface | Type         | Ports    |
+-----------+--------------+----------+
| ap_clk    | clock        | ap_clk   |
| ap_rst_n  | reset        | ap_rst_n |
| ap_ctrl   | ap_ctrl_none |          |
+-----------+--------------+----------+


================================================================
== SW I/O Information
================================================================
* Top Function Arguments
+----------+-----------+--------------------------+
| Argument | Direction | Datatype                 |
+----------+-----------+--------------------------+
| in0_V    | in        | stream<ap_uint<200>, 0>& |
| in1_V    | in        | stream<ap_uint<300>, 0>& |
| out0_V   | out       | stream<ap_uint<6>, 0>&   |
+----------+-----------+--------------------------+

* SW-to-HW Mapping
+----------+--------------+-----------+
| Argument | HW Interface | HW Type   |
+----------+--------------+-----------+
| in0_V    | in0_V        | interface |
| in1_V    | in1_V        | interface |
| out0_V   | out0_V       | interface |
+----------+--------------+-----------+


================================================================
== Bind Op Report
================================================================
+----------------------------------------+-----+--------+---------------+-----+--------+---------+
| Name                                   | DSP | Pragma | Variable      | Op  | Impl   | Latency |
+----------------------------------------+-----+--------+---------------+-----+--------+---------+
| + MVAU_hls_0                           | 96  |        |               |     |        |         |
|  + Matrix_Vector_Activate_Stream_Batch | 96  |        |               |     |        |         |
|    i_2_fu_693_p2                       | -   |        | i_2           | add | fabric | 0       |
|    mul_8s_2s_10_1_1_U1                 | -   |        | ret_V         | mul | auto   | 0       |
|    mac_muladd_8s_2s_11s_11_4_1_U97     | 1   |        | ret_V_1       | mul | dsp48  | 3       |
|    mac_muladd_8s_2s_10s_11_4_1_U55     | 1   |        | ret_V_2       | mul | dsp48  | 3       |
|    mac_muladd_8s_2s_11s_11_4_1_U98     | 1   |        | ret_V_3       | mul | dsp48  | 3       |
|    mul_8s_2s_10_1_1_U2                 | -   |        | ret_V_4       | mul | auto   | 0       |
|    mac_muladd_8s_2s_10s_11_4_1_U56     | 1   |        | ret_V_5       | mul | dsp48  | 3       |
|    mac_muladd_8s_2s_11s_11_4_1_U99     | 1   |        | ret_V_6       | mul | dsp48  | 3       |
|    mul_8s_2s_10_1_1_U3                 | -   |        | ret_V_7       | mul | auto   | 0       |
|    mac_muladd_8s_2s_10s_11_4_1_U57     | 1   |        | ret_V_8       | mul | dsp48  | 3       |
|    mac_muladd_8s_2s_11s_11_4_1_U100    | 1   |        | ret_V_9       | mul | dsp48  | 3       |
|    mul_8s_2s_10_1_1_U4                 | -   |        | ret_V_10      | mul | auto   | 0       |
|    mac_muladd_8s_2s_10s_11_4_1_U58     | 1   |        | ret_V_11      | mul | dsp48  | 3       |
|    mac_muladd_8s_2s_11s_11_4_1_U101    | 1   |        | ret_V_12      | mul | dsp48  | 3       |
|    mul_8s_2s_10_1_1_U5                 | -   |        | ret_V_13      | mul | auto   | 0       |
|    mac_muladd_8s_2s_10s_11_4_1_U59     | 1   |        | ret_V_14      | mul | dsp48  | 3       |
|    mac_muladd_8s_2s_11s_11_4_1_U102    | 1   |        | ret_V_15      | mul | dsp48  | 3       |
|    mul_8s_2s_10_1_1_U6                 | -   |        | ret_V_16      | mul | auto   | 0       |
|    mac_muladd_8s_2s_10s_11_4_1_U60     | 1   |        | ret_V_17      | mul | dsp48  | 3       |
|    mac_muladd_8s_2s_11s_11_4_1_U103    | 1   |        | ret_V_18      | mul | dsp48  | 3       |
|    mul_8s_2s_10_1_1_U7                 | -   |        | ret_V_19      | mul | auto   | 0       |
|    mac_muladd_8s_2s_10s_11_4_1_U61     | 1   |        | ret_V_20      | mul | dsp48  | 3       |
|    mul_8s_2s_10_1_1_U43                | -   |        | ret_V_21      | mul | auto   | 0       |
|    mac_muladd_8s_2s_10s_11_4_1_U104    | 1   |        | ret_V_22      | mul | dsp48  | 3       |
|    mul_8s_2s_10_1_1_U44                | -   |        | ret_V_23      | mul | auto   | 0       |
|    mac_muladd_8s_2s_10s_11_4_1_U105    | 1   |        | ret_V_24      | mul | dsp48  | 3       |
|    mac_muladd_8s_2s_10s_11_4_1_U55     | 1   |        | add_ln840     | add | dsp48  | 3       |
|    mac_muladd_8s_2s_11s_11_4_1_U97     | 1   |        | add_ln840_1   | add | dsp48  | 3       |
|    mac_muladd_8s_2s_10s_11_4_1_U56     | 1   |        | add_ln840_2   | add | dsp48  | 3       |
|    mac_muladd_8s_2s_11s_11_4_1_U98     | 1   |        | add_ln840_3   | add | dsp48  | 3       |
|    add_ln840_4_fu_3513_p2              | -   |        | add_ln840_4   | add | fabric | 0       |
|    mac_muladd_8s_2s_10s_11_4_1_U57     | 1   |        | add_ln840_5   | add | dsp48  | 3       |
|    mac_muladd_8s_2s_11s_11_4_1_U99     | 1   |        | add_ln840_6   | add | dsp48  | 3       |
|    mac_muladd_8s_2s_10s_11_4_1_U58     | 1   |        | add_ln840_7   | add | dsp48  | 3       |
|    mac_muladd_8s_2s_11s_11_4_1_U100    | 1   |        | add_ln840_8   | add | dsp48  | 3       |
|    add_ln840_9_fu_3529_p2              | -   |        | add_ln840_9   | add | fabric | 0       |
|    mac_muladd_8s_2s_10s_11_4_1_U59     | 1   |        | add_ln840_11  | add | dsp48  | 3       |
|    mac_muladd_8s_2s_11s_11_4_1_U101    | 1   |        | add_ln840_12  | add | dsp48  | 3       |
|    mac_muladd_8s_2s_10s_11_4_1_U60     | 1   |        | add_ln840_13  | add | dsp48  | 3       |
|    mac_muladd_8s_2s_11s_11_4_1_U102    | 1   |        | add_ln840_14  | add | dsp48  | 3       |
|    add_ln840_15_fu_3551_p2             | -   |        | add_ln840_15  | add | fabric | 0       |
|    mac_muladd_8s_2s_10s_11_4_1_U61     | 1   |        | add_ln840_16  | add | dsp48  | 3       |
|    mac_muladd_8s_2s_11s_11_4_1_U103    | 1   |        | add_ln840_17  | add | dsp48  | 3       |
|    mac_muladd_8s_2s_10s_11_4_1_U104    | 1   |        | add_ln840_18  | add | dsp48  | 3       |
|    mac_muladd_8s_2s_10s_11_4_1_U105    | 1   |        | add_ln840_19  | add | dsp48  | 3       |
|    add_ln840_22_fu_3586_p2             | -   |        | add_ln840_22  | add | fabric | 0       |
|    mul_8s_2s_10_1_1_U8                 | -   |        | ret_V_25      | mul | auto   | 0       |
|    mac_muladd_8s_2s_11s_11_4_1_U106    | 1   |        | ret_V_26      | mul | dsp48  | 3       |
|    mac_muladd_8s_2s_10s_11_4_1_U62     | 1   |        | ret_V_27      | mul | dsp48  | 3       |
|    mac_muladd_8s_2s_11s_11_4_1_U107    | 1   |        | ret_V_28      | mul | dsp48  | 3       |
|    mul_8s_2s_10_1_1_U9                 | -   |        | ret_V_29      | mul | auto   | 0       |
|    mac_muladd_8s_2s_10s_11_4_1_U63     | 1   |        | ret_V_30      | mul | dsp48  | 3       |
|    mac_muladd_8s_2s_11s_11_4_1_U108    | 1   |        | ret_V_31      | mul | dsp48  | 3       |
|    mul_8s_2s_10_1_1_U10                | -   |        | ret_V_32      | mul | auto   | 0       |
|    mac_muladd_8s_2s_10s_11_4_1_U64     | 1   |        | ret_V_33      | mul | dsp48  | 3       |
|    mac_muladd_8s_2s_11s_11_4_1_U109    | 1   |        | ret_V_34      | mul | dsp48  | 3       |
|    mul_8s_2s_10_1_1_U11                | -   |        | ret_V_35      | mul | auto   | 0       |
|    mac_muladd_8s_2s_10s_11_4_1_U65     | 1   |        | ret_V_36      | mul | dsp48  | 3       |
|    mac_muladd_8s_2s_11s_11_4_1_U110    | 1   |        | ret_V_37      | mul | dsp48  | 3       |
|    mul_8s_2s_10_1_1_U12                | -   |        | ret_V_38      | mul | auto   | 0       |
|    mac_muladd_8s_2s_10s_11_4_1_U66     | 1   |        | ret_V_39      | mul | dsp48  | 3       |
|    mac_muladd_8s_2s_11s_11_4_1_U111    | 1   |        | ret_V_40      | mul | dsp48  | 3       |
|    mul_8s_2s_10_1_1_U13                | -   |        | ret_V_41      | mul | auto   | 0       |
|    mac_muladd_8s_2s_10s_11_4_1_U67     | 1   |        | ret_V_42      | mul | dsp48  | 3       |
|    mac_muladd_8s_2s_11s_11_4_1_U112    | 1   |        | ret_V_43      | mul | dsp48  | 3       |
|    mul_8s_2s_10_1_1_U14                | -   |        | ret_V_44      | mul | auto   | 0       |
|    mac_muladd_8s_2s_10s_11_4_1_U68     | 1   |        | ret_V_45      | mul | dsp48  | 3       |
|    mul_8s_2s_10_1_1_U45                | -   |        | ret_V_46      | mul | auto   | 0       |
|    mac_muladd_8s_2s_10s_11_4_1_U113    | 1   |        | ret_V_47      | mul | dsp48  | 3       |
|    mul_8s_2s_10_1_1_U46                | -   |        | ret_V_48      | mul | auto   | 0       |
|    mac_muladd_8s_2s_10s_11_4_1_U114    | 1   |        | ret_V_49      | mul | dsp48  | 3       |
|    mac_muladd_8s_2s_10s_11_4_1_U62     | 1   |        | add_ln840_24  | add | dsp48  | 3       |
|    mac_muladd_8s_2s_11s_11_4_1_U106    | 1   |        | add_ln840_25  | add | dsp48  | 3       |
|    mac_muladd_8s_2s_10s_11_4_1_U63     | 1   |        | add_ln840_26  | add | dsp48  | 3       |
|    mac_muladd_8s_2s_11s_11_4_1_U107    | 1   |        | add_ln840_27  | add | dsp48  | 3       |
|    add_ln840_28_fu_3604_p2             | -   |        | add_ln840_28  | add | fabric | 0       |
|    mac_muladd_8s_2s_10s_11_4_1_U64     | 1   |        | add_ln840_29  | add | dsp48  | 3       |
|    mac_muladd_8s_2s_11s_11_4_1_U108    | 1   |        | add_ln840_30  | add | dsp48  | 3       |
|    mac_muladd_8s_2s_10s_11_4_1_U65     | 1   |        | add_ln840_31  | add | dsp48  | 3       |
|    mac_muladd_8s_2s_11s_11_4_1_U109    | 1   |        | add_ln840_32  | add | dsp48  | 3       |
|    add_ln840_33_fu_3620_p2             | -   |        | add_ln840_33  | add | fabric | 0       |
|    mac_muladd_8s_2s_10s_11_4_1_U66     | 1   |        | add_ln840_35  | add | dsp48  | 3       |
|    mac_muladd_8s_2s_11s_11_4_1_U110    | 1   |        | add_ln840_36  | add | dsp48  | 3       |
|    mac_muladd_8s_2s_10s_11_4_1_U67     | 1   |        | add_ln840_37  | add | dsp48  | 3       |
|    mac_muladd_8s_2s_11s_11_4_1_U111    | 1   |        | add_ln840_38  | add | dsp48  | 3       |
|    add_ln840_39_fu_3642_p2             | -   |        | add_ln840_39  | add | fabric | 0       |
|    mac_muladd_8s_2s_10s_11_4_1_U68     | 1   |        | add_ln840_40  | add | dsp48  | 3       |
|    mac_muladd_8s_2s_11s_11_4_1_U112    | 1   |        | add_ln840_41  | add | dsp48  | 3       |
|    mac_muladd_8s_2s_10s_11_4_1_U113    | 1   |        | add_ln840_42  | add | dsp48  | 3       |
|    mac_muladd_8s_2s_10s_11_4_1_U114    | 1   |        | add_ln840_43  | add | dsp48  | 3       |
|    add_ln840_46_fu_3677_p2             | -   |        | add_ln840_46  | add | fabric | 0       |
|    mul_8s_2s_10_1_1_U15                | -   |        | ret_V_50      | mul | auto   | 0       |
|    mac_muladd_8s_2s_11s_11_4_1_U115    | 1   |        | ret_V_51      | mul | dsp48  | 3       |
|    mac_muladd_8s_2s_10s_11_4_1_U69     | 1   |        | ret_V_52      | mul | dsp48  | 3       |
|    mac_muladd_8s_2s_11s_11_4_1_U116    | 1   |        | ret_V_53      | mul | dsp48  | 3       |
|    mul_8s_2s_10_1_1_U16                | -   |        | ret_V_54      | mul | auto   | 0       |
|    mac_muladd_8s_2s_10s_11_4_1_U70     | 1   |        | ret_V_55      | mul | dsp48  | 3       |
|    mac_muladd_8s_2s_11s_11_4_1_U117    | 1   |        | ret_V_56      | mul | dsp48  | 3       |
|    mul_8s_2s_10_1_1_U17                | -   |        | ret_V_57      | mul | auto   | 0       |
|    mac_muladd_8s_2s_10s_11_4_1_U71     | 1   |        | ret_V_58      | mul | dsp48  | 3       |
|    mac_muladd_8s_2s_11s_11_4_1_U118    | 1   |        | ret_V_59      | mul | dsp48  | 3       |
|    mul_8s_2s_10_1_1_U18                | -   |        | ret_V_60      | mul | auto   | 0       |
|    mac_muladd_8s_2s_10s_11_4_1_U72     | 1   |        | ret_V_61      | mul | dsp48  | 3       |
|    mac_muladd_8s_2s_11s_11_4_1_U119    | 1   |        | ret_V_62      | mul | dsp48  | 3       |
|    mul_8s_2s_10_1_1_U19                | -   |        | ret_V_63      | mul | auto   | 0       |
|    mac_muladd_8s_2s_10s_11_4_1_U73     | 1   |        | ret_V_64      | mul | dsp48  | 3       |
|    mac_muladd_8s_2s_11s_11_4_1_U120    | 1   |        | ret_V_65      | mul | dsp48  | 3       |
|    mul_8s_2s_10_1_1_U20                | -   |        | ret_V_66      | mul | auto   | 0       |
|    mac_muladd_8s_2s_10s_11_4_1_U74     | 1   |        | ret_V_67      | mul | dsp48  | 3       |
|    mac_muladd_8s_2s_11s_11_4_1_U121    | 1   |        | ret_V_68      | mul | dsp48  | 3       |
|    mul_8s_2s_10_1_1_U21                | -   |        | ret_V_69      | mul | auto   | 0       |
|    mac_muladd_8s_2s_10s_11_4_1_U75     | 1   |        | ret_V_70      | mul | dsp48  | 3       |
|    mul_8s_2s_10_1_1_U47                | -   |        | ret_V_71      | mul | auto   | 0       |
|    mac_muladd_8s_2s_10s_11_4_1_U122    | 1   |        | ret_V_72      | mul | dsp48  | 3       |
|    mul_8s_2s_10_1_1_U48                | -   |        | ret_V_73      | mul | auto   | 0       |
|    mac_muladd_8s_2s_10s_11_4_1_U123    | 1   |        | ret_V_74      | mul | dsp48  | 3       |
|    mac_muladd_8s_2s_10s_11_4_1_U69     | 1   |        | add_ln840_48  | add | dsp48  | 3       |
|    mac_muladd_8s_2s_11s_11_4_1_U115    | 1   |        | add_ln840_49  | add | dsp48  | 3       |
|    mac_muladd_8s_2s_10s_11_4_1_U70     | 1   |        | add_ln840_50  | add | dsp48  | 3       |
|    mac_muladd_8s_2s_11s_11_4_1_U116    | 1   |        | add_ln840_51  | add | dsp48  | 3       |
|    add_ln840_52_fu_3695_p2             | -   |        | add_ln840_52  | add | fabric | 0       |
|    mac_muladd_8s_2s_10s_11_4_1_U71     | 1   |        | add_ln840_53  | add | dsp48  | 3       |
|    mac_muladd_8s_2s_11s_11_4_1_U117    | 1   |        | add_ln840_54  | add | dsp48  | 3       |
|    mac_muladd_8s_2s_10s_11_4_1_U72     | 1   |        | add_ln840_55  | add | dsp48  | 3       |
|    mac_muladd_8s_2s_11s_11_4_1_U118    | 1   |        | add_ln840_56  | add | dsp48  | 3       |
|    add_ln840_57_fu_3711_p2             | -   |        | add_ln840_57  | add | fabric | 0       |
|    mac_muladd_8s_2s_10s_11_4_1_U73     | 1   |        | add_ln840_59  | add | dsp48  | 3       |
|    mac_muladd_8s_2s_11s_11_4_1_U119    | 1   |        | add_ln840_60  | add | dsp48  | 3       |
|    mac_muladd_8s_2s_10s_11_4_1_U74     | 1   |        | add_ln840_61  | add | dsp48  | 3       |
|    mac_muladd_8s_2s_11s_11_4_1_U120    | 1   |        | add_ln840_62  | add | dsp48  | 3       |
|    add_ln840_63_fu_3733_p2             | -   |        | add_ln840_63  | add | fabric | 0       |
|    mac_muladd_8s_2s_10s_11_4_1_U75     | 1   |        | add_ln840_64  | add | dsp48  | 3       |
|    mac_muladd_8s_2s_11s_11_4_1_U121    | 1   |        | add_ln840_65  | add | dsp48  | 3       |
|    mac_muladd_8s_2s_10s_11_4_1_U122    | 1   |        | add_ln840_66  | add | dsp48  | 3       |
|    mac_muladd_8s_2s_10s_11_4_1_U123    | 1   |        | add_ln840_67  | add | dsp48  | 3       |
|    add_ln840_70_fu_3768_p2             | -   |        | add_ln840_70  | add | fabric | 0       |
|    mul_8s_2s_10_1_1_U22                | -   |        | ret_V_75      | mul | auto   | 0       |
|    mac_muladd_8s_2s_11s_11_4_1_U124    | 1   |        | ret_V_76      | mul | dsp48  | 3       |
|    mac_muladd_8s_2s_10s_11_4_1_U76     | 1   |        | ret_V_77      | mul | dsp48  | 3       |
|    mac_muladd_8s_2s_11s_11_4_1_U125    | 1   |        | ret_V_78      | mul | dsp48  | 3       |
|    mul_8s_2s_10_1_1_U23                | -   |        | ret_V_79      | mul | auto   | 0       |
|    mac_muladd_8s_2s_10s_11_4_1_U77     | 1   |        | ret_V_80      | mul | dsp48  | 3       |
|    mac_muladd_8s_2s_11s_11_4_1_U126    | 1   |        | ret_V_81      | mul | dsp48  | 3       |
|    mul_8s_2s_10_1_1_U24                | -   |        | ret_V_82      | mul | auto   | 0       |
|    mac_muladd_8s_2s_10s_11_4_1_U78     | 1   |        | ret_V_83      | mul | dsp48  | 3       |
|    mac_muladd_8s_2s_11s_11_4_1_U127    | 1   |        | ret_V_84      | mul | dsp48  | 3       |
|    mul_8s_2s_10_1_1_U25                | -   |        | ret_V_85      | mul | auto   | 0       |
|    mac_muladd_8s_2s_10s_11_4_1_U79     | 1   |        | ret_V_86      | mul | dsp48  | 3       |
|    mac_muladd_8s_2s_11s_11_4_1_U128    | 1   |        | ret_V_87      | mul | dsp48  | 3       |
|    mul_8s_2s_10_1_1_U26                | -   |        | ret_V_88      | mul | auto   | 0       |
|    mac_muladd_8s_2s_10s_11_4_1_U80     | 1   |        | ret_V_89      | mul | dsp48  | 3       |
|    mac_muladd_8s_2s_11s_11_4_1_U129    | 1   |        | ret_V_90      | mul | dsp48  | 3       |
|    mul_8s_2s_10_1_1_U27                | -   |        | ret_V_91      | mul | auto   | 0       |
|    mac_muladd_8s_2s_10s_11_4_1_U81     | 1   |        | ret_V_92      | mul | dsp48  | 3       |
|    mac_muladd_8s_2s_11s_11_4_1_U130    | 1   |        | ret_V_93      | mul | dsp48  | 3       |
|    mul_8s_2s_10_1_1_U28                | -   |        | ret_V_94      | mul | auto   | 0       |
|    mac_muladd_8s_2s_10s_11_4_1_U82     | 1   |        | ret_V_95      | mul | dsp48  | 3       |
|    mul_8s_2s_10_1_1_U49                | -   |        | ret_V_96      | mul | auto   | 0       |
|    mac_muladd_8s_2s_10s_11_4_1_U131    | 1   |        | ret_V_97      | mul | dsp48  | 3       |
|    mul_8s_2s_10_1_1_U50                | -   |        | ret_V_98      | mul | auto   | 0       |
|    mac_muladd_8s_2s_10s_11_4_1_U132    | 1   |        | ret_V_99      | mul | dsp48  | 3       |
|    mac_muladd_8s_2s_10s_11_4_1_U76     | 1   |        | add_ln840_72  | add | dsp48  | 3       |
|    mac_muladd_8s_2s_11s_11_4_1_U124    | 1   |        | add_ln840_73  | add | dsp48  | 3       |
|    mac_muladd_8s_2s_10s_11_4_1_U77     | 1   |        | add_ln840_74  | add | dsp48  | 3       |
|    mac_muladd_8s_2s_11s_11_4_1_U125    | 1   |        | add_ln840_75  | add | dsp48  | 3       |
|    add_ln840_76_fu_3786_p2             | -   |        | add_ln840_76  | add | fabric | 0       |
|    mac_muladd_8s_2s_10s_11_4_1_U78     | 1   |        | add_ln840_77  | add | dsp48  | 3       |
|    mac_muladd_8s_2s_11s_11_4_1_U126    | 1   |        | add_ln840_78  | add | dsp48  | 3       |
|    mac_muladd_8s_2s_10s_11_4_1_U79     | 1   |        | add_ln840_79  | add | dsp48  | 3       |
|    mac_muladd_8s_2s_11s_11_4_1_U127    | 1   |        | add_ln840_80  | add | dsp48  | 3       |
|    add_ln840_81_fu_3802_p2             | -   |        | add_ln840_81  | add | fabric | 0       |
|    mac_muladd_8s_2s_10s_11_4_1_U80     | 1   |        | add_ln840_83  | add | dsp48  | 3       |
|    mac_muladd_8s_2s_11s_11_4_1_U128    | 1   |        | add_ln840_84  | add | dsp48  | 3       |
|    mac_muladd_8s_2s_10s_11_4_1_U81     | 1   |        | add_ln840_85  | add | dsp48  | 3       |
|    mac_muladd_8s_2s_11s_11_4_1_U129    | 1   |        | add_ln840_86  | add | dsp48  | 3       |
|    add_ln840_87_fu_3824_p2             | -   |        | add_ln840_87  | add | fabric | 0       |
|    mac_muladd_8s_2s_10s_11_4_1_U82     | 1   |        | add_ln840_88  | add | dsp48  | 3       |
|    mac_muladd_8s_2s_11s_11_4_1_U130    | 1   |        | add_ln840_89  | add | dsp48  | 3       |
|    mac_muladd_8s_2s_10s_11_4_1_U131    | 1   |        | add_ln840_90  | add | dsp48  | 3       |
|    mac_muladd_8s_2s_10s_11_4_1_U132    | 1   |        | add_ln840_91  | add | dsp48  | 3       |
|    add_ln840_94_fu_3859_p2             | -   |        | add_ln840_94  | add | fabric | 0       |
|    mul_8s_2s_10_1_1_U29                | -   |        | ret_V_100     | mul | auto   | 0       |
|    mac_muladd_8s_2s_11s_11_4_1_U133    | 1   |        | ret_V_101     | mul | dsp48  | 3       |
|    mac_muladd_8s_2s_10s_11_4_1_U83     | 1   |        | ret_V_102     | mul | dsp48  | 3       |
|    mac_muladd_8s_2s_11s_11_4_1_U134    | 1   |        | ret_V_103     | mul | dsp48  | 3       |
|    mul_8s_2s_10_1_1_U30                | -   |        | ret_V_104     | mul | auto   | 0       |
|    mac_muladd_8s_2s_10s_11_4_1_U84     | 1   |        | ret_V_105     | mul | dsp48  | 3       |
|    mac_muladd_8s_2s_11s_11_4_1_U135    | 1   |        | ret_V_106     | mul | dsp48  | 3       |
|    mul_8s_2s_10_1_1_U31                | -   |        | ret_V_107     | mul | auto   | 0       |
|    mac_muladd_8s_2s_10s_11_4_1_U85     | 1   |        | ret_V_108     | mul | dsp48  | 3       |
|    mac_muladd_8s_2s_11s_11_4_1_U136    | 1   |        | ret_V_109     | mul | dsp48  | 3       |
|    mul_8s_2s_10_1_1_U32                | -   |        | ret_V_110     | mul | auto   | 0       |
|    mac_muladd_8s_2s_10s_11_4_1_U86     | 1   |        | ret_V_111     | mul | dsp48  | 3       |
|    mac_muladd_8s_2s_11s_11_4_1_U137    | 1   |        | ret_V_112     | mul | dsp48  | 3       |
|    mul_8s_2s_10_1_1_U33                | -   |        | ret_V_113     | mul | auto   | 0       |
|    mac_muladd_8s_2s_10s_11_4_1_U87     | 1   |        | ret_V_114     | mul | dsp48  | 3       |
|    mac_muladd_8s_2s_11s_11_4_1_U138    | 1   |        | ret_V_115     | mul | dsp48  | 3       |
|    mul_8s_2s_10_1_1_U34                | -   |        | ret_V_116     | mul | auto   | 0       |
|    mac_muladd_8s_2s_10s_11_4_1_U88     | 1   |        | ret_V_117     | mul | dsp48  | 3       |
|    mac_muladd_8s_2s_11s_11_4_1_U139    | 1   |        | ret_V_118     | mul | dsp48  | 3       |
|    mul_8s_2s_10_1_1_U35                | -   |        | ret_V_119     | mul | auto   | 0       |
|    mac_muladd_8s_2s_10s_11_4_1_U89     | 1   |        | ret_V_120     | mul | dsp48  | 3       |
|    mul_8s_2s_10_1_1_U51                | -   |        | ret_V_121     | mul | auto   | 0       |
|    mac_muladd_8s_2s_10s_11_4_1_U140    | 1   |        | ret_V_122     | mul | dsp48  | 3       |
|    mul_8s_2s_10_1_1_U52                | -   |        | ret_V_123     | mul | auto   | 0       |
|    mac_muladd_8s_2s_10s_11_4_1_U141    | 1   |        | ret_V_124     | mul | dsp48  | 3       |
|    mac_muladd_8s_2s_10s_11_4_1_U83     | 1   |        | add_ln840_96  | add | dsp48  | 3       |
|    mac_muladd_8s_2s_11s_11_4_1_U133    | 1   |        | add_ln840_97  | add | dsp48  | 3       |
|    mac_muladd_8s_2s_10s_11_4_1_U84     | 1   |        | add_ln840_98  | add | dsp48  | 3       |
|    mac_muladd_8s_2s_11s_11_4_1_U134    | 1   |        | add_ln840_99  | add | dsp48  | 3       |
|    add_ln840_100_fu_3877_p2            | -   |        | add_ln840_100 | add | fabric | 0       |
|    mac_muladd_8s_2s_10s_11_4_1_U85     | 1   |        | add_ln840_101 | add | dsp48  | 3       |
|    mac_muladd_8s_2s_11s_11_4_1_U135    | 1   |        | add_ln840_102 | add | dsp48  | 3       |
|    mac_muladd_8s_2s_10s_11_4_1_U86     | 1   |        | add_ln840_103 | add | dsp48  | 3       |
|    mac_muladd_8s_2s_11s_11_4_1_U136    | 1   |        | add_ln840_104 | add | dsp48  | 3       |
|    add_ln840_105_fu_3893_p2            | -   |        | add_ln840_105 | add | fabric | 0       |
|    mac_muladd_8s_2s_10s_11_4_1_U87     | 1   |        | add_ln840_107 | add | dsp48  | 3       |
|    mac_muladd_8s_2s_11s_11_4_1_U137    | 1   |        | add_ln840_108 | add | dsp48  | 3       |
|    mac_muladd_8s_2s_10s_11_4_1_U88     | 1   |        | add_ln840_109 | add | dsp48  | 3       |
|    mac_muladd_8s_2s_11s_11_4_1_U138    | 1   |        | add_ln840_110 | add | dsp48  | 3       |
|    add_ln840_111_fu_3915_p2            | -   |        | add_ln840_111 | add | fabric | 0       |
|    mac_muladd_8s_2s_10s_11_4_1_U89     | 1   |        | add_ln840_112 | add | dsp48  | 3       |
|    mac_muladd_8s_2s_11s_11_4_1_U139    | 1   |        | add_ln840_113 | add | dsp48  | 3       |
|    mac_muladd_8s_2s_10s_11_4_1_U140    | 1   |        | add_ln840_114 | add | dsp48  | 3       |
|    mac_muladd_8s_2s_10s_11_4_1_U141    | 1   |        | add_ln840_115 | add | dsp48  | 3       |
|    add_ln840_118_fu_3950_p2            | -   |        | add_ln840_118 | add | fabric | 0       |
|    mul_8s_2s_10_1_1_U36                | -   |        | ret_V_125     | mul | auto   | 0       |
|    mac_muladd_8s_2s_11s_11_4_1_U142    | 1   |        | ret_V_126     | mul | dsp48  | 3       |
|    mac_muladd_8s_2s_10s_11_4_1_U90     | 1   |        | ret_V_127     | mul | dsp48  | 3       |
|    mac_muladd_8s_2s_11s_11_4_1_U143    | 1   |        | ret_V_128     | mul | dsp48  | 3       |
|    mul_8s_2s_10_1_1_U37                | -   |        | ret_V_129     | mul | auto   | 0       |
|    mac_muladd_8s_2s_10s_11_4_1_U91     | 1   |        | ret_V_130     | mul | dsp48  | 3       |
|    mac_muladd_8s_2s_11s_11_4_1_U144    | 1   |        | ret_V_131     | mul | dsp48  | 3       |
|    mul_8s_2s_10_1_1_U38                | -   |        | ret_V_132     | mul | auto   | 0       |
|    mac_muladd_8s_2s_10s_11_4_1_U92     | 1   |        | ret_V_133     | mul | dsp48  | 3       |
|    mac_muladd_8s_2s_11s_11_4_1_U145    | 1   |        | ret_V_134     | mul | dsp48  | 3       |
|    mul_8s_2s_10_1_1_U39                | -   |        | ret_V_135     | mul | auto   | 0       |
|    mac_muladd_8s_2s_10s_11_4_1_U93     | 1   |        | ret_V_136     | mul | dsp48  | 3       |
|    mac_muladd_8s_2s_11s_11_4_1_U146    | 1   |        | ret_V_137     | mul | dsp48  | 3       |
|    mul_8s_2s_10_1_1_U40                | -   |        | ret_V_138     | mul | auto   | 0       |
|    mac_muladd_8s_2s_10s_11_4_1_U94     | 1   |        | ret_V_139     | mul | dsp48  | 3       |
|    mac_muladd_8s_2s_11s_11_4_1_U147    | 1   |        | ret_V_140     | mul | dsp48  | 3       |
|    mul_8s_2s_10_1_1_U41                | -   |        | ret_V_141     | mul | auto   | 0       |
|    mac_muladd_8s_2s_10s_11_4_1_U95     | 1   |        | ret_V_142     | mul | dsp48  | 3       |
|    mac_muladd_8s_2s_11s_11_4_1_U148    | 1   |        | ret_V_143     | mul | dsp48  | 3       |
|    mul_8s_2s_10_1_1_U42                | -   |        | ret_V_144     | mul | auto   | 0       |
|    mac_muladd_8s_2s_10s_11_4_1_U96     | 1   |        | ret_V_145     | mul | dsp48  | 3       |
|    mul_8s_2s_10_1_1_U53                | -   |        | ret_V_146     | mul | auto   | 0       |
|    mac_muladd_8s_2s_10s_11_4_1_U149    | 1   |        | ret_V_147     | mul | dsp48  | 3       |
|    mul_8s_2s_10_1_1_U54                | -   |        | ret_V_148     | mul | auto   | 0       |
|    mac_muladd_8s_2s_10s_11_4_1_U150    | 1   |        | ret_V_149     | mul | dsp48  | 3       |
|    mac_muladd_8s_2s_10s_11_4_1_U90     | 1   |        | add_ln840_120 | add | dsp48  | 3       |
|    mac_muladd_8s_2s_11s_11_4_1_U142    | 1   |        | add_ln840_121 | add | dsp48  | 3       |
|    mac_muladd_8s_2s_10s_11_4_1_U91     | 1   |        | add_ln840_122 | add | dsp48  | 3       |
|    mac_muladd_8s_2s_11s_11_4_1_U143    | 1   |        | add_ln840_123 | add | dsp48  | 3       |
|    add_ln840_124_fu_3968_p2            | -   |        | add_ln840_124 | add | fabric | 0       |
|    mac_muladd_8s_2s_10s_11_4_1_U92     | 1   |        | add_ln840_125 | add | dsp48  | 3       |
|    mac_muladd_8s_2s_11s_11_4_1_U144    | 1   |        | add_ln840_126 | add | dsp48  | 3       |
|    mac_muladd_8s_2s_10s_11_4_1_U93     | 1   |        | add_ln840_127 | add | dsp48  | 3       |
|    mac_muladd_8s_2s_11s_11_4_1_U145    | 1   |        | add_ln840_128 | add | dsp48  | 3       |
|    add_ln840_129_fu_3984_p2            | -   |        | add_ln840_129 | add | fabric | 0       |
|    mac_muladd_8s_2s_10s_11_4_1_U94     | 1   |        | add_ln840_131 | add | dsp48  | 3       |
|    mac_muladd_8s_2s_11s_11_4_1_U146    | 1   |        | add_ln840_132 | add | dsp48  | 3       |
|    mac_muladd_8s_2s_10s_11_4_1_U95     | 1   |        | add_ln840_133 | add | dsp48  | 3       |
|    mac_muladd_8s_2s_11s_11_4_1_U147    | 1   |        | add_ln840_134 | add | dsp48  | 3       |
|    add_ln840_135_fu_4006_p2            | -   |        | add_ln840_135 | add | fabric | 0       |
|    mac_muladd_8s_2s_10s_11_4_1_U96     | 1   |        | add_ln840_136 | add | dsp48  | 3       |
|    mac_muladd_8s_2s_11s_11_4_1_U148    | 1   |        | add_ln840_137 | add | dsp48  | 3       |
|    mac_muladd_8s_2s_10s_11_4_1_U149    | 1   |        | add_ln840_138 | add | dsp48  | 3       |
|    mac_muladd_8s_2s_10s_11_4_1_U150    | 1   |        | add_ln840_139 | add | dsp48  | 3       |
|    add_ln840_142_fu_4041_p2            | -   |        | add_ln840_142 | add | fabric | 0       |
+----------------------------------------+-----+--------+---------------+-----+--------+---------+


================================================================
== Bind Storage Report
================================================================
  No bind storage info in design

================================================================
== Pragma Report
================================================================
* Valid Pragma Syntax
+-----------------+---------------------------------------------------+--------------------------------------------------------------------------------------------------------------------------------------------------------------+
| Type            | Options                                           | Location                                                                                                                                                     |
+-----------------+---------------------------------------------------+--------------------------------------------------------------------------------------------------------------------------------------------------------------+
| inline          |                                                   | ../../../../../../../../../../../../../../../../../deps/finn-hlslib/activations.hpp:145 in init                                                              |
| inline          |                                                   | ../../../../../../../../../../../../../../../../../deps/finn-hlslib/activations.hpp:163 in activate                                                          |
| inline          |                                                   | ../../../../../../../../../../../../../../../../../deps/finn-hlslib/activations.hpp:180 in thresholdactivation<ta, compare>                                  |
| inline          |                                                   | ../../../../../../../../../../../../../../../../../deps/finn-hlslib/activations.hpp:185 in activate                                                          |
| inline          |                                                   | ../../../../../../../../../../../../../../../../../deps/finn-hlslib/activations.hpp:208 in init                                                              |
| inline          |                                                   | ../../../../../../../../../../../../../../../../../deps/finn-hlslib/activations.hpp:214 in activate                                                          |
| unroll          |                                                   | ../../../../../../../../../../../../../../../../../deps/finn-hlslib/activations.hpp:217 in activate                                                          |
| inline          |                                                   | ../../../../../../../../../../../../../../../../../deps/finn-hlslib/activations.hpp:247 in init                                                              |
| inline          |                                                   | ../../../../../../../../../../../../../../../../../deps/finn-hlslib/activations.hpp:252 in activate                                                          |
| pipeline        | style=flp II=1                                    | ../../../../../../../../../../../../../../../../../deps/finn-hlslib/activations.hpp:296 in thresholding_batch                                                |
| unroll          |                                                   | ../../../../../../../../../../../../../../../../../deps/finn-hlslib/activations.hpp:302 in thresholding_batch                                                |
| array_partition | variable=internal_thr.m_thresholds complete dim=0 | ../../../../../../../../../../../../../../../../../deps/finn-hlslib/activations.hpp:352 in thresholding_stream_batch, internal_thr.m_thresholds              |
| pipeline        | style=flp II=1                                    | ../../../../../../../../../../../../../../../../../deps/finn-hlslib/activations.hpp:358 in thresholding_stream_batch                                         |
| unroll          |                                                   | ../../../../../../../../../../../../../../../../../deps/finn-hlslib/activations.hpp:371 in thresholding_stream_batch                                         |
| unroll          |                                                   | ../../../../../../../../../../../../../../../../../deps/finn-hlslib/activations.hpp:376 in thresholding_stream_batch                                         |
| inline          |                                                   | ../../../../../../../../../../../../../../../../../deps/finn-hlslib/convlayer.h:113 in convlayer_batch                                                       |
| inline          |                                                   | ../../../../../../../../../../../../../../../../../deps/finn-hlslib/convlayer.h:198 in convlayer_batch_tmr                                                   |
| inline          |                                                   | ../../../../../../../../../../../../../../../../../deps/finn-hlslib/convlayer.h:284 in convlayer_batch_mmv                                                   |
| pipeline        | style=flp II=1                                    | ../../../../../../../../../../../../../../../../../deps/finn-hlslib/dma.h:141 in mem2stream                                                                  |
| pipeline        | style=flp II=1                                    | ../../../../../../../../../../../../../../../../../deps/finn-hlslib/dma.h:154 in stream2mem                                                                  |
| pipeline        | style=flp II=1                                    | ../../../../../../../../../../../../../../../../../deps/finn-hlslib/dma.h:224 in genparamstream                                                              |
| inline          |                                                   | ../../../../../../../../../../../../../../../../../deps/finn-hlslib/interpret.hpp:62 in xnormul                                                              |
| inline          |                                                   | ../../../../../../../../../../../../../../../../../deps/finn-hlslib/interpret.hpp:67 in operator*                                                            |
| inline          |                                                   | ../../../../../../../../../../../../../../../../../deps/finn-hlslib/interpret.hpp:72 in operator*                                                            |
| inline          |                                                   | ../../../../../../../../../../../../../../../../../deps/finn-hlslib/interpret.hpp:80 in binary                                                               |
| inline          |                                                   | ../../../../../../../../../../../../../../../../../deps/finn-hlslib/interpret.hpp:89 in operator*                                                            |
| inline          |                                                   | ../../../../../../../../../../../../../../../../../deps/finn-hlslib/interpret.hpp:97 in operator*                                                            |
| inline          |                                                   | ../../../../../../../../../../../../../../../../../deps/finn-hlslib/interpret.hpp:102 in operator*                                                           |
| inline          |                                                   | ../../../../../../../../../../../../../../../../../deps/finn-hlslib/interpret.hpp:116 in operator()                                                          |
| inline          |                                                   | ../../../../../../../../../../../../../../../../../deps/finn-hlslib/interpret.hpp:122 in operator()                                                          |
| inline          |                                                   | ../../../../../../../../../../../../../../../../../deps/finn-hlslib/interpret.hpp:138 in container<tv>                                                       |
| inline          |                                                   | ../../../../../../../../../../../../../../../../../deps/finn-hlslib/interpret.hpp:143 in operator[]                                                          |
| inline          |                                                   | ../../../../../../../../../../../../../../../../../deps/finn-hlslib/interpret.hpp:147 in operator[]                                                          |
| inline          |                                                   | ../../../../../../../../../../../../../../../../../deps/finn-hlslib/interpret.hpp:151 in operator()                                                          |
| inline          |                                                   | ../../../../../../../../../../../../../../../../../deps/finn-hlslib/interpret.hpp:155 in operator const type-parameter-1-0 &                                 |
| inline          |                                                   | ../../../../../../../../../../../../../../../../../deps/finn-hlslib/interpret.hpp:163 in operator()                                                          |
| inline          |                                                   | ../../../../../../../../../../../../../../../../../deps/finn-hlslib/interpret.hpp:168 in operator()                                                          |
| inline          |                                                   | ../../../../../../../../../../../../../../../../../deps/finn-hlslib/interpret.hpp:173 in operator()                                                          |
| inline          |                                                   | ../../../../../../../../../../../../../../../../../deps/finn-hlslib/interpret.hpp:204 in container<tv>                                                       |
| inline          |                                                   | ../../../../../../../../../../../../../../../../../deps/finn-hlslib/interpret.hpp:207 in container<tv>                                                       |
| inline          |                                                   | ../../../../../../../../../../../../../../../../../deps/finn-hlslib/interpret.hpp:211 in operator()                                                          |
| inline          |                                                   | ../../../../../../../../../../../../../../../../../deps/finn-hlslib/interpret.hpp:215 in operator()                                                          |
| inline          |                                                   | ../../../../../../../../../../../../../../../../../deps/finn-hlslib/interpret.hpp:220 in operator[]                                                          |
| inline          |                                                   | ../../../../../../../../../../../../../../../../../deps/finn-hlslib/interpret.hpp:224 in operator const type-parameter-1-0 &                                 |
| inline          |                                                   | ../../../../../../../../../../../../../../../../../deps/finn-hlslib/interpret.hpp:232 in operator()                                                          |
| inline          |                                                   | ../../../../../../../../../../../../../../../../../deps/finn-hlslib/interpret.hpp:237 in operator()                                                          |
| inline          |                                                   | ../../../../../../../../../../../../../../../../../deps/finn-hlslib/interpret.hpp:242 in operator()                                                          |
| inline          |                                                   | ../../../../../../../../../../../../../../../../../deps/finn-hlslib/interpret.hpp:261 in container<tv>                                                       |
| inline          |                                                   | ../../../../../../../../../../../../../../../../../deps/finn-hlslib/interpret.hpp:264 in container<tv>                                                       |
| inline          |                                                   | ../../../../../../../../../../../../../../../../../deps/finn-hlslib/interpret.hpp:267 in container<tv>                                                       |
| inline          |                                                   | ../../../../../../../../../../../../../../../../../deps/finn-hlslib/interpret.hpp:271 in operator const type-parameter-1-0 &                                 |
| inline          |                                                   | ../../../../../../../../../../../../../../../../../deps/finn-hlslib/interpret.hpp:275 in operator()                                                          |
| inline          |                                                   | ../../../../../../../../../../../../../../../../../deps/finn-hlslib/interpret.hpp:279 in operator()                                                          |
| inline          |                                                   | ../../../../../../../../../../../../../../../../../deps/finn-hlslib/interpret.hpp:284 in operator[]                                                          |
| inline          |                                                   | ../../../../../../../../../../../../../../../../../deps/finn-hlslib/interpret.hpp:292 in operator()                                                          |
| inline          |                                                   | ../../../../../../../../../../../../../../../../../deps/finn-hlslib/interpret.hpp:297 in operator()                                                          |
| inline          |                                                   | ../../../../../../../../../../../../../../../../../deps/finn-hlslib/interpret.hpp:302 in operator()                                                          |
| inline          |                                                   | ../../../../../../../../../../../../../../../../../deps/finn-hlslib/mac.hpp:89 in mul                                                                        |
| inline          |                                                   | ../../../../../../../../../../../../../../../../../deps/finn-hlslib/mac.hpp:114 in mul                                                                       |
| bind_op         | variable=res op=mul impl=fabric                   | ../../../../../../../../../../../../../../../../../deps/finn-hlslib/mac.hpp:116 in mul, res                                                                  |
| inline          |                                                   | ../../../../../../../../../../../../../../../../../deps/finn-hlslib/mac.hpp:140 in mul                                                                       |
| bind_op         | variable=res op=mul impl=dsp                      | ../../../../../../../../../../../../../../../../../deps/finn-hlslib/mac.hpp:142 in mul, res                                                                  |
| inline          |                                                   | ../../../../../../../../../../../../../../../../../deps/finn-hlslib/mac.hpp:165 in mac                                                                       |
| unroll          |                                                   | ../../../../../../../../../../../../../../../../../deps/finn-hlslib/mac.hpp:168 in mac                                                                       |
| inline          |                                                   | ../../../../../../../../../../../../../../../../../deps/finn-hlslib/mac.hpp:192 in mac                                                                       |
| unroll          |                                                   | ../../../../../../../../../../../../../../../../../deps/finn-hlslib/mac.hpp:195 in mac                                                                       |
| inline          |                                                   | ../../../../../../../../../../../../../../../../../deps/finn-hlslib/mac.hpp:202 in mac                                                                       |
| unroll          |                                                   | ../../../../../../../../../../../../../../../../../deps/finn-hlslib/maxpool.h:74 in streamingmaxpool                                                         |
| pipeline        | style=flp II=1                                    | ../../../../../../../../../../../../../../../../../deps/finn-hlslib/maxpool.h:83 in streamingmaxpool                                                         |
| pipeline        | style=flp II=1                                    | ../../../../../../../../../../../../../../../../../deps/finn-hlslib/maxpool.h:91 in streamingmaxpool                                                         |
| array_partition | variable=buf complete dim=2                       | ../../../../../../../../../../../../../../../../../deps/finn-hlslib/maxpool.h:146 in streamingmaxpool_precision, buf                                         |
| unroll          |                                                   | ../../../../../../../../../../../../../../../../../deps/finn-hlslib/maxpool.h:149 in streamingmaxpool_precision                                              |
| pipeline        | style=flp II=1                                    | ../../../../../../../../../../../../../../../../../deps/finn-hlslib/maxpool.h:159 in streamingmaxpool_precision                                              |
| unroll          |                                                   | ../../../../../../../../../../../../../../../../../deps/finn-hlslib/maxpool.h:162 in streamingmaxpool_precision                                              |
| unroll          |                                                   | ../../../../../../../../../../../../../../../../../deps/finn-hlslib/maxpool.h:176 in streamingmaxpool_precision                                              |
| inline          |                                                   | ../../../../../../../../../../../../../../../../../deps/finn-hlslib/maxpool.h:210 in streamingmaxpool_precision_batch                                        |
| array_partition | variable=buf complete dim=2                       | ../../../../../../../../../../../../../../../../../deps/finn-hlslib/maxpool.h:255 in streamingmaxpool_precision_1d, buf                                      |
| pipeline        | style=flp II=1                                    | ../../../../../../../../../../../../../../../../../deps/finn-hlslib/maxpool.h:258 in streamingmaxpool_precision_1d                                           |
| unroll          |                                                   | ../../../../../../../../../../../../../../../../../deps/finn-hlslib/maxpool.h:260 in streamingmaxpool_precision_1d                                           |
| pipeline        | style=flp II=1                                    | ../../../../../../../../../../../../../../../../../deps/finn-hlslib/maxpool.h:272 in streamingmaxpool_precision_1d                                           |
| unroll          |                                                   | ../../../../../../../../../../../../../../../../../deps/finn-hlslib/maxpool.h:275 in streamingmaxpool_precision_1d                                           |
| pipeline        | style=flp II=1                                    | ../../../../../../../../../../../../../../../../../deps/finn-hlslib/maxpool.h:288 in streamingmaxpool_precision_1d                                           |
| unroll          |                                                   | ../../../../../../../../../../../../../../../../../deps/finn-hlslib/maxpool.h:290 in streamingmaxpool_precision_1d                                           |
| pipeline        | style=flp II=1                                    | ../../../../../../../../../../../../../../../../../deps/finn-hlslib/maxpool.h:302 in streamingmaxpool_precision_1d                                           |
| inline          |                                                   | ../../../../../../../../../../../../../../../../../deps/finn-hlslib/maxpool.h:331 in streamingmaxpool_precision_batch_1d                                     |
| pipeline        | style=flp II=1                                    | ../../../../../../../../../../../../../../../../../deps/finn-hlslib/maxpool.h:370 in relu_batch                                                              |
| unroll          |                                                   | ../../../../../../../../../../../../../../../../../deps/finn-hlslib/maxpool.h:373 in relu_batch                                                              |
| bind_storage    | variable=accumulators type=RAM_2P impl=LUTRAM     | ../../../../../../../../../../../../../../../../../deps/finn-hlslib/maxpool.h:415 in accpool_batch, accumulators                                             |
| pipeline        | style=flp II=1                                    | ../../../../../../../../../../../../../../../../../deps/finn-hlslib/maxpool.h:421 in accpool_batch                                                           |
| unroll          |                                                   | ../../../../../../../../../../../../../../../../../deps/finn-hlslib/maxpool.h:425 in accpool_batch                                                           |
| array_partition | variable=topval complete dim=1                    | ../../../../../../../../../../../../../../../../../deps/finn-hlslib/maxpool.h:477 in labelselect_batch, topval                                               |
| array_partition | variable=toplabels complete dim=1                 | ../../../../../../../../../../../../../../../../../deps/finn-hlslib/maxpool.h:479 in labelselect_batch, toplabels                                            |
| unroll          |                                                   | ../../../../../../../../../../../../../../../../../deps/finn-hlslib/maxpool.h:484 in labelselect_batch                                                       |
| pipeline        | style=flp II=1                                    | ../../../../../../../../../../../../../../../../../deps/finn-hlslib/maxpool.h:489 in labelselect_batch                                                       |
| unroll          |                                                   | ../../../../../../../../../../../../../../../../../deps/finn-hlslib/maxpool.h:492 in labelselect_batch                                                       |
| unroll          |                                                   | ../../../../../../../../../../../../../../../../../deps/finn-hlslib/maxpool.h:501 in labelselect_batch                                                       |
| unroll          |                                                   | ../../../../../../../../../../../../../../../../../deps/finn-hlslib/maxpool.h:508 in labelselect_batch                                                       |
| array_partition | variable=accu complete dim=0                      | ../../../../../../../../../../../../../../../../../deps/finn-hlslib/maxpool.h:570 in pool_batch, accu                                                        |
| pipeline        | style=flp II=1                                    | ../../../../../../../../../../../../../../../../../deps/finn-hlslib/maxpool.h:576 in pool_batch                                                              |
| unroll          |                                                   | ../../../../../../../../../../../../../../../../../deps/finn-hlslib/maxpool.h:583 in pool_batch                                                              |
| unroll          |                                                   | ../../../../../../../../../../../../../../../../../deps/finn-hlslib/maxpool.h:590 in pool_batch                                                              |
| unroll          |                                                   | ../../../../../../../../../../../../../../../../../deps/finn-hlslib/maxpool.h:599 in pool_batch                                                              |
| inline          |                                                   | ../../../../../../../../../../../../../../../../../deps/finn-hlslib/mmv.hpp:53 in operator[]                                                                 |
| array_partition | variable=inputBuf complete dim=0                  | ../../../../../../../../../../../../../../../../../deps/finn-hlslib/mvau.hpp:110 in matrix_vector_activate_batch, inputBuf                                   |
| array_partition | variable=accu complete dim=0                      | ../../../../../../../../../../../../../../../../../deps/finn-hlslib/mvau.hpp:114 in matrix_vector_activate_batch, accu                                       |
| pipeline        | style=flp II=1                                    | ../../../../../../../../../../../../../../../../../deps/finn-hlslib/mvau.hpp:124 in matrix_vector_activate_batch                                             |
| unroll          |                                                   | ../../../../../../../../../../../../../../../../../deps/finn-hlslib/mvau.hpp:140 in matrix_vector_activate_batch                                             |
| unroll          |                                                   | ../../../../../../../../../../../../../../../../../deps/finn-hlslib/mvau.hpp:142 in matrix_vector_activate_batch                                             |
| unroll          |                                                   | ../../../../../../../../../../../../../../../../../deps/finn-hlslib/mvau.hpp:151 in matrix_vector_activate_batch                                             |
| unroll          |                                                   | ../../../../../../../../../../../../../../../../../deps/finn-hlslib/mvau.hpp:165 in matrix_vector_activate_batch                                             |
| unroll          |                                                   | ../../../../../../../../../../../../../../../../../deps/finn-hlslib/mvau.hpp:167 in matrix_vector_activate_batch                                             |
| array_partition | variable=inputBuf complete dim=1                  | ../../../../../../../../../../../../../../../../../deps/finn-hlslib/mvau.hpp:232 in matrix_vector_activate_stream_batch, inputBuf                            |
| array_partition | variable=accu complete dim=0                      | ../../../../../../../../../../../../../../../../../deps/finn-hlslib/mvau.hpp:235 in matrix_vector_activate_stream_batch, accu                                |
| array_partition | variable=w.m_weights complete dim=0               | ../../../../../../../../../../../../../../../../../deps/finn-hlslib/mvau.hpp:238 in matrix_vector_activate_stream_batch, w.m_weights                         |
| pipeline        | style=flp II=1                                    | ../../../../../../../../../../../../../../../../../deps/finn-hlslib/mvau.hpp:250 in matrix_vector_activate_stream_batch                                      |
| unroll          |                                                   | ../../../../../../../../../../../../../../../../../deps/finn-hlslib/mvau.hpp:267 in matrix_vector_activate_stream_batch                                      |
| unroll          |                                                   | ../../../../../../../../../../../../../../../../../deps/finn-hlslib/mvau.hpp:274 in matrix_vector_activate_stream_batch                                      |
| unroll          |                                                   | ../../../../../../../../../../../../../../../../../deps/finn-hlslib/mvau.hpp:281 in matrix_vector_activate_stream_batch                                      |
| unroll          |                                                   | ../../../../../../../../../../../../../../../../../deps/finn-hlslib/mvau.hpp:294 in matrix_vector_activate_stream_batch                                      |
| bind_storage    | variable=inputBuf type=RAM_2P                     | ../../../../../../../../../../../../../../../../../deps/finn-hlslib/slidingwindow.h:74 in memory_resource, inputBuf                                          |
| bind_storage    | variable=inputBuf type=RAM_S2P impl=BRAM          | ../../../../../../../../../../../../../../../../../deps/finn-hlslib/slidingwindow.h:95 in memory_resource, inputBuf                                          |
| bind_storage    | variable=inputBuf type=RAM_S2P impl=URAM          | ../../../../../../../../../../../../../../../../../deps/finn-hlslib/slidingwindow.h:116 in memory_resource, inputBuf                                         |
| bind_storage    | variable=inputBuf type=RAM_S2P impl=LUTRAM        | ../../../../../../../../../../../../../../../../../deps/finn-hlslib/slidingwindow.h:137 in memory_resource, inputBuf                                         |
| array_partition | variable=inputBuf complete dim=1                  | ../../../../../../../../../../../../../../../../../deps/finn-hlslib/slidingwindow.h:177 in convolutioninputgenerator, inputBuf                               |
| pipeline        | style=flp II=1                                    | ../../../../../../../../../../../../../../../../../deps/finn-hlslib/slidingwindow.h:192 in convolutioninputgenerator                                         |
| dependence      | variable=inputBuf intra false                     | ../../../../../../../../../../../../../../../../../deps/finn-hlslib/slidingwindow.h:243 in convolutioninputgenerator, inputBuf                               |
| dependence      | variable=inputBuf inter false                     | ../../../../../../../../../../../../../../../../../deps/finn-hlslib/slidingwindow.h:244 in convolutioninputgenerator, inputBuf                               |
| dependence      | variable=current_block_write intra false          | ../../../../../../../../../../../../../../../../../deps/finn-hlslib/slidingwindow.h:254 in convolutioninputgenerator, current_block_write                    |
| dependence      | variable=inputBuf inter false                     | ../../../../../../../../../../../../../../../../../deps/finn-hlslib/slidingwindow.h:308 in convolutioninputgenerator_mmv, inputBuf                           |
| dependence      | variable=inputBuf intra false                     | ../../../../../../../../../../../../../../../../../deps/finn-hlslib/slidingwindow.h:309 in convolutioninputgenerator_mmv, inputBuf                           |
| array_partition | variable=inputBuf complete dim=1                  | ../../../../../../../../../../../../../../../../../deps/finn-hlslib/slidingwindow.h:310 in convolutioninputgenerator_mmv, inputBuf                           |
| array_partition | variable=inputBuf complete dim=2                  | ../../../../../../../../../../../../../../../../../deps/finn-hlslib/slidingwindow.h:311 in convolutioninputgenerator_mmv, inputBuf                           |
| pipeline        | style=flp II=1                                    | ../../../../../../../../../../../../../../../../../deps/finn-hlslib/slidingwindow.h:326 in convolutioninputgenerator_mmv                                     |
| unroll          |                                                   | ../../../../../../../../../../../../../../../../../deps/finn-hlslib/slidingwindow.h:333 in convolutioninputgenerator_mmv                                     |
| unroll          |                                                   | ../../../../../../../../../../../../../../../../../deps/finn-hlslib/slidingwindow.h:359 in convolutioninputgenerator_mmv                                     |
| unroll          |                                                   | ../../../../../../../../../../../../../../../../../deps/finn-hlslib/slidingwindow.h:392 in convolutioninputgenerator_mmv                                     |
| dependence      | variable=inputBuf intra false                     | ../../../../../../../../../../../../../../../../../deps/finn-hlslib/slidingwindow.h:394 in convolutioninputgenerator_mmv, inputBuf                           |
| dependence      | variable=inputBuf inter false                     | ../../../../../../../../../../../../../../../../../deps/finn-hlslib/slidingwindow.h:395 in convolutioninputgenerator_mmv, inputBuf                           |
| dependence      | variable=current_block_write intra false          | ../../../../../../../../../../../../../../../../../deps/finn-hlslib/slidingwindow.h:406 in convolutioninputgenerator_mmv, current_block_write                |
| array_partition | variable=inputBuf complete dim=1                  | ../../../../../../../../../../../../../../../../../deps/finn-hlslib/slidingwindow.h:466 in convolutioninputgenerator_kernel_stride, inputBuf                 |
| dependence      | variable=inputBuf inter false                     | ../../../../../../../../../../../../../../../../../deps/finn-hlslib/slidingwindow.h:467 in convolutioninputgenerator_kernel_stride, inputBuf                 |
| dependence      | variable=inputBuf intra false                     | ../../../../../../../../../../../../../../../../../deps/finn-hlslib/slidingwindow.h:468 in convolutioninputgenerator_kernel_stride, inputBuf                 |
| dependence      | variable=current_block_write intra false          | ../../../../../../../../../../../../../../../../../deps/finn-hlslib/slidingwindow.h:476 in convolutioninputgenerator_kernel_stride, current_block_write      |
| pipeline        | style=flp II=1                                    | ../../../../../../../../../../../../../../../../../deps/finn-hlslib/slidingwindow.h:479 in convolutioninputgenerator_kernel_stride                           |
| dependence      | variable=inputBuf inter false                     | ../../../../../../../../../../../../../../../../../deps/finn-hlslib/slidingwindow.h:544 in convolutioninputgenerator_kernel_stride, inputBuf                 |
| dependence      | variable=inputBuf intra false                     | ../../../../../../../../../../../../../../../../../deps/finn-hlslib/slidingwindow.h:545 in convolutioninputgenerator_kernel_stride, inputBuf                 |
| dependence      | variable=current_block_write intra false          | ../../../../../../../../../../../../../../../../../deps/finn-hlslib/slidingwindow.h:554 in convolutioninputgenerator_kernel_stride, current_block_write      |
| dependence      | variable=inputBuf inter false                     | ../../../../../../../../../../../../../../../../../deps/finn-hlslib/slidingwindow.h:610 in convolutioninputgenerator_kernel_stride_mmv, inputBuf             |
| dependence      | variable=inputBuf intra false                     | ../../../../../../../../../../../../../../../../../deps/finn-hlslib/slidingwindow.h:611 in convolutioninputgenerator_kernel_stride_mmv, inputBuf             |
| array_partition | variable=inputBuf complete dim=1                  | ../../../../../../../../../../../../../../../../../deps/finn-hlslib/slidingwindow.h:612 in convolutioninputgenerator_kernel_stride_mmv, inputBuf             |
| array_partition | variable=inputBuf complete dim=2                  | ../../../../../../../../../../../../../../../../../deps/finn-hlslib/slidingwindow.h:613 in convolutioninputgenerator_kernel_stride_mmv, inputBuf             |
| dependence      | variable=current_block_write intra false          | ../../../../../../../../../../../../../../../../../deps/finn-hlslib/slidingwindow.h:628 in convolutioninputgenerator_kernel_stride_mmv, current_block_write  |
| pipeline        | style=flp II=1                                    | ../../../../../../../../../../../../../../../../../deps/finn-hlslib/slidingwindow.h:631 in convolutioninputgenerator_kernel_stride_mmv                       |
| unroll          |                                                   | ../../../../../../../../../../../../../../../../../deps/finn-hlslib/slidingwindow.h:638 in convolutioninputgenerator_kernel_stride_mmv                       |
| unroll          |                                                   | ../../../../../../../../../../../../../../../../../deps/finn-hlslib/slidingwindow.h:672 in convolutioninputgenerator_kernel_stride_mmv                       |
| unroll          |                                                   | ../../../../../../../../../../../../../../../../../deps/finn-hlslib/slidingwindow.h:705 in convolutioninputgenerator_kernel_stride_mmv                       |
| dependence      | variable=current_block_write intra false          | ../../../../../../../../../../../../../../../../../deps/finn-hlslib/slidingwindow.h:716 in convolutioninputgenerator_kernel_stride_mmv, current_block_write  |
| array_partition | variable=inputBuf complete dim=1                  | ../../../../../../../../../../../../../../../../../deps/finn-hlslib/slidingwindow.h:767 in convolutioninputgenerator_dws, inputBuf                           |
| pipeline        | style=flp II=1                                    | ../../../../../../../../../../../../../../../../../deps/finn-hlslib/slidingwindow.h:782 in convolutioninputgenerator_dws                                     |
| dependence      | variable=inputBuf intra false                     | ../../../../../../../../../../../../../../../../../deps/finn-hlslib/slidingwindow.h:833 in convolutioninputgenerator_dws, inputBuf                           |
| dependence      | variable=inputBuf inter false                     | ../../../../../../../../../../../../../../../../../deps/finn-hlslib/slidingwindow.h:834 in convolutioninputgenerator_dws, inputBuf                           |
| dependence      | variable=current_block_write intra false          | ../../../../../../../../../../../../../../../../../deps/finn-hlslib/slidingwindow.h:844 in convolutioninputgenerator_dws, current_block_write                |
| array_partition | variable=inputBuf complete dim=1                  | ../../../../../../../../../../../../../../../../../deps/finn-hlslib/slidingwindow.h:903 in convolutioninputgenerator_kernel_stride_dws, inputBuf             |
| dependence      | variable=inputBuf inter false                     | ../../../../../../../../../../../../../../../../../deps/finn-hlslib/slidingwindow.h:904 in convolutioninputgenerator_kernel_stride_dws, inputBuf             |
| dependence      | variable=inputBuf intra false                     | ../../../../../../../../../../../../../../../../../deps/finn-hlslib/slidingwindow.h:905 in convolutioninputgenerator_kernel_stride_dws, inputBuf             |
| pipeline        | style=flp II=1                                    | ../../../../../../../../../../../../../../../../../deps/finn-hlslib/slidingwindow.h:915 in convolutioninputgenerator_kernel_stride_dws                       |
| dependence      | variable=current_block_write intra false          | ../../../../../../../../../../../../../../../../../deps/finn-hlslib/slidingwindow.h:917 in convolutioninputgenerator_kernel_stride_dws, current_block_write  |
| dependence      | variable=inputBuf inter false                     | ../../../../../../../../../../../../../../../../../deps/finn-hlslib/slidingwindow.h:983 in convolutioninputgenerator_kernel_stride_dws, inputBuf             |
| dependence      | variable=inputBuf intra false                     | ../../../../../../../../../../../../../../../../../deps/finn-hlslib/slidingwindow.h:984 in convolutioninputgenerator_kernel_stride_dws, inputBuf             |
| dependence      | variable=current_block_write intra false          | ../../../../../../../../../../../../../../../../../deps/finn-hlslib/slidingwindow.h:993 in convolutioninputgenerator_kernel_stride_dws, current_block_write  |
| dependence      | variable=inputBuf inter false                     | ../../../../../../../../../../../../../../../../../deps/finn-hlslib/slidingwindow.h:1048 in convolutioninputgenerator_dws_mmv, inputBuf                      |
| dependence      | variable=inputBuf intra false                     | ../../../../../../../../../../../../../../../../../deps/finn-hlslib/slidingwindow.h:1049 in convolutioninputgenerator_dws_mmv, inputBuf                      |
| array_partition | variable=inputBuf complete dim=1                  | ../../../../../../../../../../../../../../../../../deps/finn-hlslib/slidingwindow.h:1050 in convolutioninputgenerator_dws_mmv, inputBuf                      |
| array_partition | variable=inputBuf complete dim=2                  | ../../../../../../../../../../../../../../../../../deps/finn-hlslib/slidingwindow.h:1051 in convolutioninputgenerator_dws_mmv, inputBuf                      |
| pipeline        | style=flp II=1                                    | ../../../../../../../../../../../../../../../../../deps/finn-hlslib/slidingwindow.h:1066 in convolutioninputgenerator_dws_mmv                                |
| unroll          |                                                   | ../../../../../../../../../../../../../../../../../deps/finn-hlslib/slidingwindow.h:1073 in convolutioninputgenerator_dws_mmv                                |
| unroll          |                                                   | ../../../../../../../../../../../../../../../../../deps/finn-hlslib/slidingwindow.h:1099 in convolutioninputgenerator_dws_mmv                                |
| unroll          |                                                   | ../../../../../../../../../../../../../../../../../deps/finn-hlslib/slidingwindow.h:1132 in convolutioninputgenerator_dws_mmv                                |
| dependence      | variable=inputBuf intra false                     | ../../../../../../../../../../../../../../../../../deps/finn-hlslib/slidingwindow.h:1134 in convolutioninputgenerator_dws_mmv, inputBuf                      |
| dependence      | variable=inputBuf inter false                     | ../../../../../../../../../../../../../../../../../deps/finn-hlslib/slidingwindow.h:1135 in convolutioninputgenerator_dws_mmv, inputBuf                      |
| dependence      | variable=current_block_write intra false          | ../../../../../../../../../../../../../../../../../deps/finn-hlslib/slidingwindow.h:1146 in convolutioninputgenerator_dws_mmv, current_block_write           |
| performance     | target_ti=IFMDim*IFMDim*IFMChannels/SIMD          | ../../../../../../../../../../../../../../../../../deps/finn-hlslib/slidingwindow.h:1191 in convolutioninputgenerator_2d_kernel1                             |
| pipeline        | style=flp II=IFMChannels/SIMD                     | ../../../../../../../../../../../../../../../../../deps/finn-hlslib/slidingwindow.h:1198 in convolutioninputgenerator_2d_kernel1                             |
| pipeline        | style=flp II=1                                    | ../../../../../../../../../../../../../../../../../deps/finn-hlslib/slidingwindow.h:1245 in convolutioninputgenerator_1d_kernel1                             |
| array_partition | variable=inputBuf complete dim=1                  | ../../../../../../../../../../../../../../../../../deps/finn-hlslib/slidingwindow.h:1300 in convolutioninputgenerator_nonsquare, inputBuf                    |
| pipeline        | style=flp II=1                                    | ../../../../../../../../../../../../../../../../../deps/finn-hlslib/slidingwindow.h:1315 in convolutioninputgenerator_nonsquare                              |
| dependence      | variable=inputBuf intra false                     | ../../../../../../../../../../../../../../../../../deps/finn-hlslib/slidingwindow.h:1366 in convolutioninputgenerator_nonsquare, inputBuf                    |
| dependence      | variable=inputBuf inter false                     | ../../../../../../../../../../../../../../../../../deps/finn-hlslib/slidingwindow.h:1367 in convolutioninputgenerator_nonsquare, inputBuf                    |
| dependence      | variable=current_block_write intra false          | ../../../../../../../../../../../../../../../../../deps/finn-hlslib/slidingwindow.h:1377 in convolutioninputgenerator_nonsquare, current_block_write         |
| array_partition | variable=inputBuf complete dim=1                  | ../../../../../../../../../../../../../../../../../deps/finn-hlslib/slidingwindow.h:1434 in convolutioninputgenerator_nonsquare_dws, inputBuf                |
| pipeline        | style=flp II=1                                    | ../../../../../../../../../../../../../../../../../deps/finn-hlslib/slidingwindow.h:1449 in convolutioninputgenerator_nonsquare_dws                          |
| dependence      | variable=inputBuf intra false                     | ../../../../../../../../../../../../../../../../../deps/finn-hlslib/slidingwindow.h:1500 in convolutioninputgenerator_nonsquare_dws, inputBuf                |
| dependence      | variable=inputBuf inter false                     | ../../../../../../../../../../../../../../../../../deps/finn-hlslib/slidingwindow.h:1501 in convolutioninputgenerator_nonsquare_dws, inputBuf                |
| dependence      | variable=current_block_write intra false          | ../../../../../../../../../../../../../../../../../deps/finn-hlslib/slidingwindow.h:1511 in convolutioninputgenerator_nonsquare_dws, current_block_write     |
| array_partition | variable=inputBuf complete dim=1                  | ../../../../../../../../../../../../../../../../../deps/finn-hlslib/slidingwindow.h:1575 in convolutioninputgenerator_nonsquare_dilated, inputBuf            |
| pipeline        | style=flp II=1                                    | ../../../../../../../../../../../../../../../../../deps/finn-hlslib/slidingwindow.h:1590 in convolutioninputgenerator_nonsquare_dilated                      |
| dependence      | variable=inputBuf intra false                     | ../../../../../../../../../../../../../../../../../deps/finn-hlslib/slidingwindow.h:1642 in convolutioninputgenerator_nonsquare_dilated, inputBuf            |
| dependence      | variable=inputBuf inter false                     | ../../../../../../../../../../../../../../../../../deps/finn-hlslib/slidingwindow.h:1643 in convolutioninputgenerator_nonsquare_dilated, inputBuf            |
| dependence      | variable=current_block_write intra false          | ../../../../../../../../../../../../../../../../../deps/finn-hlslib/slidingwindow.h:1653 in convolutioninputgenerator_nonsquare_dilated, current_block_write |
| array_partition | variable=inputBuf complete                        | ../../../../../../../../../../../../../../../../../deps/finn-hlslib/slidingwindow.h:1710 in convolutioninputgenerator_1d_parallel, inputBuf                  |
| pipeline        | style=flp II=1                                    | ../../../../../../../../../../../../../../../../../deps/finn-hlslib/slidingwindow.h:1718 in convolutioninputgenerator_1d_parallel                            |
| unroll          |                                                   | ../../../../../../../../../../../../../../../../../deps/finn-hlslib/slidingwindow.h:1739 in convolutioninputgenerator_1d_parallel                            |
| dependence      | variable=inputBuf intra false                     | ../../../../../../../../../../../../../../../../../deps/finn-hlslib/slidingwindow.h:1760 in convolutioninputgenerator_1d_parallel, inputBuf                  |
| dependence      | variable=inputBuf inter false                     | ../../../../../../../../../../../../../../../../../deps/finn-hlslib/slidingwindow.h:1761 in convolutioninputgenerator_1d_parallel, inputBuf                  |
| dependence      | variable=current_block_write intra false          | ../../../../../../../../../../../../../../../../../deps/finn-hlslib/slidingwindow.h:1768 in convolutioninputgenerator_1d_parallel, current_block_write       |
| pipeline        | style=flp II=1                                    | ../../../../../../../../../../../../../../../../../deps/finn-hlslib/slidingwindow.h:1824 in convolutioninputgenerator_1d_dws_naive                           |
| pipeline        | style=flp II=1                                    | ../../../../../../../../../../../../../../../../../deps/finn-hlslib/slidingwindow.h:1908 in convolutioninputgenerator_1d                                     |
| pipeline        | style=flp II=1                                    | ../../../../../../../../../../../../../../../../../deps/finn-hlslib/slidingwindow.h:1984 in convolutioninputgenerator_1d_dws                                 |
| pipeline        | style=flp II=1                                    | ../../../../../../../../../../../../../../../../../deps/finn-hlslib/slidingwindow.h:2063 in convolutioninputgenerator_1d_dws_stride                          |
| pipeline        | style=flp II=1                                    | ../../../../../../../../../../../../../../../../../deps/finn-hlslib/streamtools.h:77 in streamlimiter                                                        |
| pipeline        | style=flp II=1                                    | ../../../../../../../../../../../../../../../../../deps/finn-hlslib/streamtools.h:160 in sameresize                                                          |
| pipeline        | style=flp II=1                                    | ../../../../../../../../../../../../../../../../../deps/finn-hlslib/streamtools.h:234 in streamingcast                                                       |
| pipeline        | style=flp II=1                                    | ../../../../../../../../../../../../../../../../../deps/finn-hlslib/streamtools.h:280 in fmpadding_nonsquare                                                 |
| inline          |                                                   | ../../../../../../../../../../../../../../../../../deps/finn-hlslib/streamtools.h:374 in fmpadding                                                           |
| pipeline        | II=1 style=flp                                    | ../../../../../../../../../../../../../../../../../deps/finn-hlslib/streamtools.h:457 in fmpadding_pixel_nonsquare                                           |
| pipeline        | style=flp II=1                                    | ../../../../../../../../../../../../../../../../../deps/finn-hlslib/streamtools.h:527 in streamingdatawidthconverter_batch                                   |
| pipeline        | style=flp II=1                                    | ../../../../../../../../../../../../../../../../../deps/finn-hlslib/streamtools.h:547 in streamingdatawidthconverter_batch                                   |
| pipeline        | style=flp II=1                                    | ../../../../../../../../../../../../../../../../../deps/finn-hlslib/streamtools.h:558 in streamingdatawidthconverter_batch                                   |
| pipeline        | style=flp II=1                                    | ../../../../../../../../../../../../../../../../../deps/finn-hlslib/streamtools.h:667 in duplicatestreams                                                    |
| pipeline        | style=flp II=1                                    | ../../../../../../../../../../../../../../../../../deps/finn-hlslib/streamtools.h:725 in addstreams                                                          |
| unroll          |                                                   | ../../../../../../../../../../../../../../../../../deps/finn-hlslib/streamtools.h:730 in addstreams                                                          |
| inline          |                                                   | ../../../../../../../../../../../../../../../../../deps/finn-hlslib/streamtools.h:799 in addstreamslayer_batch                                               |
| pipeline        | style=flp II=1                                    | ../../../../../../../../../../../../../../../../../deps/finn-hlslib/streamtools.h:846 in multichandatawidthconverter_batch                                   |
| unroll          |                                                   | ../../../../../../../../../../../../../../../../../deps/finn-hlslib/streamtools.h:853 in multichandatawidthconverter_batch                                   |
| pipeline        | style=flp II=1                                    | ../../../../../../../../../../../../../../../../../deps/finn-hlslib/streamtools.h:869 in multichandatawidthconverter_batch                                   |
| unroll          |                                                   | ../../../../../../../../../../../../../../../../../deps/finn-hlslib/streamtools.h:875 in multichandatawidthconverter_batch                                   |
| pipeline        | style=flp II=1                                    | ../../../../../../../../../../../../../../../../../deps/finn-hlslib/streamtools.h:887 in multichandatawidthconverter_batch                                   |
| unroll          |                                                   | ../../../../../../../../../../../../../../../../../deps/finn-hlslib/streamtools.h:891 in multichandatawidthconverter_batch                                   |
| pipeline        | style=flp II=1                                    | ../../../../../../../../../../../../../../../../../deps/finn-hlslib/streamtools.h:927 in flattenmultichandata                                                |
| unroll          |                                                   | ../../../../../../../../../../../../../../../../../deps/finn-hlslib/streamtools.h:931 in flattenmultichandata                                                |
| pipeline        | style=flp II=1                                    | ../../../../../../../../../../../../../../../../../deps/finn-hlslib/streamtools.h:958 in packmultichandata                                                   |
| unroll          |                                                   | ../../../../../../../../../../../../../../../../../deps/finn-hlslib/streamtools.h:962 in packmultichandata                                                   |
| pipeline        | style=flp II=1                                    | ../../../../../../../../../../../../../../../../../deps/finn-hlslib/streamtools.h:1051 in qdma2stream_batch                                                  |
| pipeline        | style=flp II=1                                    | ../../../../../../../../../../../../../../../../../deps/finn-hlslib/streamtools.h:1074 in stream2qdma_batch                                                  |
| array_partition | variable=red_ch_index complete dim=0              | ../../../../../../../../../../../../../../../../../deps/finn-hlslib/tmrcheck.hpp:82 in tmrcheck, red_ch_index                                                |
| pipeline        | style=flp II=1                                    | ../../../../../../../../../../../../../../../../../deps/finn-hlslib/tmrcheck.hpp:91 in tmrcheck                                                              |
| array_partition | variable=numerrors complete dim=0                 | ../../../../../../../../../../../../../../../../../deps/finn-hlslib/tmrcheck.hpp:99 in tmrcheck, numerrors                                                   |
| unroll          |                                                   | ../../../../../../../../../../../../../../../../../deps/finn-hlslib/tmrcheck.hpp:103 in tmrcheck                                                             |
| array_partition | variable=compute complete dim=0                   | ../../../../../../../../../../../../../../../../../deps/finn-hlslib/tmrcheck.hpp:129 in tmrcheck, compute                                                    |
| unroll          |                                                   | ../../../../../../../../../../../../../../../../../deps/finn-hlslib/tmrcheck.hpp:132 in tmrcheck                                                             |
| pipeline        | style=flp II=1                                    | ../../../../../../../../../../../../../../../../../deps/finn-hlslib/upsample.hpp:86 in upsamplenearestneighbour                                              |
| pipeline        | II=1 style=flp                                    | ../../../../../../../../../../../../../../../../../deps/finn-hlslib/upsample.hpp:175 in upsamplenearestneighbour_1d                                          |
| array_partition | variable=accu complete dim=0                      | ../../../../../../../../../../../../../../../../../deps/finn-hlslib/vvau.hpp:101 in vector_vector_activate_batch, accu                                       |
| pipeline        | style=flp II=1                                    | ../../../../../../../../../../../../../../../../../deps/finn-hlslib/vvau.hpp:110 in vector_vector_activate_batch                                             |
| unroll          |                                                   | ../../../../../../../../../../../../../../../../../deps/finn-hlslib/vvau.hpp:117 in vector_vector_activate_batch                                             |
| unroll          |                                                   | ../../../../../../../../../../../../../../../../../deps/finn-hlslib/vvau.hpp:126 in vector_vector_activate_batch                                             |
| unroll          |                                                   | ../../../../../../../../../../../../../../../../../deps/finn-hlslib/vvau.hpp:147 in vector_vector_activate_batch                                             |
| unroll          |                                                   | ../../../../../../../../../../../../../../../../../deps/finn-hlslib/vvau.hpp:149 in vector_vector_activate_batch                                             |
| array_partition | variable=accu complete dim=0                      | ../../../../../../../../../../../../../../../../../deps/finn-hlslib/vvau.hpp:216 in vector_vector_activate_stream_batch, accu                                |
| pipeline        | style=flp II=1                                    | ../../../../../../../../../../../../../../../../../deps/finn-hlslib/vvau.hpp:226 in vector_vector_activate_stream_batch                                      |
| unroll          |                                                   | ../../../../../../../../../../../../../../../../../deps/finn-hlslib/vvau.hpp:233 in vector_vector_activate_stream_batch                                      |
| array_partition | variable=w.m_weights complete dim=0               | ../../../../../../../../../../../../../../../../../deps/finn-hlslib/vvau.hpp:242 in vector_vector_activate_stream_batch, w.m_weights                         |
| unroll          |                                                   | ../../../../../../../../../../../../../../../../../deps/finn-hlslib/vvau.hpp:244 in vector_vector_activate_stream_batch                                      |
| unroll          |                                                   | ../../../../../../../../../../../../../../../../../deps/finn-hlslib/vvau.hpp:249 in vector_vector_activate_stream_batch                                      |
| unroll          |                                                   | ../../../../../../../../../../../../../../../../../deps/finn-hlslib/vvau.hpp:270 in vector_vector_activate_stream_batch                                      |
| unroll          |                                                   | ../../../../../../../../../../../../../../../../../deps/finn-hlslib/vvau.hpp:272 in vector_vector_activate_stream_batch                                      |
| inline          |                                                   | ../../../../../../../../../../../../../../../../../deps/finn-hlslib/weights.hpp:83 in tileindex                                                              |
| inline          |                                                   | ../../../../../../../../../../../../../../../../../deps/finn-hlslib/weights.hpp:88 in operator[]                                                             |
| inline          |                                                   | ../../../../../../../../../../../../../../../../../deps/finn-hlslib/weights.hpp:95 in weights                                                                |
| inline          |                                                   | ../../../../../../../../../../../../../../../../../deps/finn-hlslib/weights.hpp:127 in tileindex                                                             |
| inline          |                                                   | ../../../../../../../../../../../../../../../../../deps/finn-hlslib/weights.hpp:132 in operator[]                                                            |
| unroll          |                                                   | ../../../../../../../../../../../../../../../../../deps/finn-hlslib/weights.hpp:135 in operator[]                                                            |
| inline          |                                                   | ../../../../../../../../../../../../../../../../../deps/finn-hlslib/weights.hpp:145 in weights                                                               |
| inline          |                                                   | ../../../../../../../../../../../../../../../../../deps/finn-hlslib/weights.hpp:157 in operator[]                                                            |
| unroll          |                                                   | ../../../../../../../../../../../../../../../../../deps/finn-hlslib/weights.hpp:160 in operator[]                                                            |
| interface       | axis port=in0_V                                   | top_MVAU_hls_0.cpp:31 in mvau_hls_0, in0_V                                                                                                                   |
| interface       | axis port=out0_V                                  | top_MVAU_hls_0.cpp:32 in mvau_hls_0, out0_V                                                                                                                  |
| interface       | ap_ctrl_none port=return                          | top_MVAU_hls_0.cpp:33 in mvau_hls_0, return                                                                                                                  |
| interface       | axis port=in1_V                                   | top_MVAU_hls_0.cpp:34 in mvau_hls_0, in1_V                                                                                                                   |
| array_partition | variable=threshs.m_thresholds complete dim=1      | top_MVAU_hls_0.cpp:35 in mvau_hls_0, threshs.m_thresholds                                                                                                    |
| array_partition | variable=threshs.m_thresholds complete dim=3      | top_MVAU_hls_0.cpp:36 in mvau_hls_0, threshs.m_thresholds                                                                                                    |
+-----------------+---------------------------------------------------+--------------------------------------------------------------------------------------------------------------------------------------------------------------+


