

================================================================
== Vitis HLS Report for 'Matrix_Vector_Activate_Stream_Batch'
================================================================
* Date:           Sun Jun 22 17:09:11 2025

* Version:        2022.2 (Build 3670227 on Oct 13 2022)
* Project:        project_MVAU_hls_0
* Solution:       sol1 (Vivado IP Flow Target)
* Product family: zynquplus
* Target device:  xczu7ev-ffvc1156-2-e


================================================================
== Performance Estimates
================================================================
+ Timing: 
    * Summary: 
    +--------+----------+----------+------------+
    |  Clock |  Target  | Estimated| Uncertainty|
    +--------+----------+----------+------------+
    |ap_clk  |  10.00 ns|  4.154 ns|     2.70 ns|
    +--------+----------+----------+------------+

+ Latency: 
    * Summary: 
    +---------+---------+----------+----------+-----+-----+---------+
    |  Latency (cycles) |  Latency (absolute) |  Interval | Pipeline|
    |   min   |   max   |    min   |    max   | min | max |   Type  |
    +---------+---------+----------+----------+-----+-----+---------+
    |      790|      790|  7.900 us|  7.900 us|  790|  790|       no|
    +---------+---------+----------+----------+-----+-----+---------+

    + Detail: 
        * Instance: 
        N/A

        * Loop: 
        +--------------------+---------+---------+----------+-----------+-----------+------+----------+
        |                    |  Latency (cycles) | Iteration|  Initiation Interval  | Trip |          |
        |      Loop Name     |   min   |   max   |  Latency |  achieved |   target  | Count| Pipelined|
        +--------------------+---------+---------+----------+-----------+-----------+------+----------+
        |- VITIS_LOOP_249_1  |      788|      788|         6|          1|          1|   784|  yes(flp)|
        +--------------------+---------+---------+----------+-----------+-----------+------+----------+



================================================================
== Utilization Estimates
================================================================
* Summary: 
+-----------------+---------+------+--------+--------+-----+
|       Name      | BRAM_18K|  DSP |   FF   |   LUT  | URAM|
+-----------------+---------+------+--------+--------+-----+
|DSP              |        -|    96|       -|       -|    -|
|Expression       |        -|     -|       0|     982|    -|
|FIFO             |        -|     -|       -|       -|    -|
|Instance         |        -|     0|       0|    2160|    -|
|Memory           |        -|     -|       -|       -|    -|
|Multiplexer      |        -|     -|       -|     133|    -|
|Register         |        -|     -|    1112|       -|    -|
+-----------------+---------+------+--------+--------+-----+
|Total            |        0|    96|    1112|    3275|    0|
+-----------------+---------+------+--------+--------+-----+
|Available        |      624|  1728|  460800|  230400|   96|
+-----------------+---------+------+--------+--------+-----+
|Utilization (%)  |        0|     5|      ~0|       1|    0|
+-----------------+---------+------+--------+--------+-----+

+ Detail: 
    * Instance: 
    +----------------------+------------------+---------+----+---+----+-----+
    |       Instance       |      Module      | BRAM_18K| DSP| FF| LUT| URAM|
    +----------------------+------------------+---------+----+---+----+-----+
    |mul_8s_2s_10_1_1_U1   |mul_8s_2s_10_1_1  |        0|   0|  0|  40|    0|
    |mul_8s_2s_10_1_1_U2   |mul_8s_2s_10_1_1  |        0|   0|  0|  40|    0|
    |mul_8s_2s_10_1_1_U3   |mul_8s_2s_10_1_1  |        0|   0|  0|  40|    0|
    |mul_8s_2s_10_1_1_U4   |mul_8s_2s_10_1_1  |        0|   0|  0|  40|    0|
    |mul_8s_2s_10_1_1_U5   |mul_8s_2s_10_1_1  |        0|   0|  0|  40|    0|
    |mul_8s_2s_10_1_1_U6   |mul_8s_2s_10_1_1  |        0|   0|  0|  40|    0|
    |mul_8s_2s_10_1_1_U7   |mul_8s_2s_10_1_1  |        0|   0|  0|  40|    0|
    |mul_8s_2s_10_1_1_U8   |mul_8s_2s_10_1_1  |        0|   0|  0|  40|    0|
    |mul_8s_2s_10_1_1_U9   |mul_8s_2s_10_1_1  |        0|   0|  0|  40|    0|
    |mul_8s_2s_10_1_1_U10  |mul_8s_2s_10_1_1  |        0|   0|  0|  40|    0|
    |mul_8s_2s_10_1_1_U11  |mul_8s_2s_10_1_1  |        0|   0|  0|  40|    0|
    |mul_8s_2s_10_1_1_U12  |mul_8s_2s_10_1_1  |        0|   0|  0|  40|    0|
    |mul_8s_2s_10_1_1_U13  |mul_8s_2s_10_1_1  |        0|   0|  0|  40|    0|
    |mul_8s_2s_10_1_1_U14  |mul_8s_2s_10_1_1  |        0|   0|  0|  40|    0|
    |mul_8s_2s_10_1_1_U15  |mul_8s_2s_10_1_1  |        0|   0|  0|  40|    0|
    |mul_8s_2s_10_1_1_U16  |mul_8s_2s_10_1_1  |        0|   0|  0|  40|    0|
    |mul_8s_2s_10_1_1_U17  |mul_8s_2s_10_1_1  |        0|   0|  0|  40|    0|
    |mul_8s_2s_10_1_1_U18  |mul_8s_2s_10_1_1  |        0|   0|  0|  40|    0|
    |mul_8s_2s_10_1_1_U19  |mul_8s_2s_10_1_1  |        0|   0|  0|  40|    0|
    |mul_8s_2s_10_1_1_U20  |mul_8s_2s_10_1_1  |        0|   0|  0|  40|    0|
    |mul_8s_2s_10_1_1_U21  |mul_8s_2s_10_1_1  |        0|   0|  0|  40|    0|
    |mul_8s_2s_10_1_1_U22  |mul_8s_2s_10_1_1  |        0|   0|  0|  40|    0|
    |mul_8s_2s_10_1_1_U23  |mul_8s_2s_10_1_1  |        0|   0|  0|  40|    0|
    |mul_8s_2s_10_1_1_U24  |mul_8s_2s_10_1_1  |        0|   0|  0|  40|    0|
    |mul_8s_2s_10_1_1_U25  |mul_8s_2s_10_1_1  |        0|   0|  0|  40|    0|
    |mul_8s_2s_10_1_1_U26  |mul_8s_2s_10_1_1  |        0|   0|  0|  40|    0|
    |mul_8s_2s_10_1_1_U27  |mul_8s_2s_10_1_1  |        0|   0|  0|  40|    0|
    |mul_8s_2s_10_1_1_U28  |mul_8s_2s_10_1_1  |        0|   0|  0|  40|    0|
    |mul_8s_2s_10_1_1_U29  |mul_8s_2s_10_1_1  |        0|   0|  0|  40|    0|
    |mul_8s_2s_10_1_1_U30  |mul_8s_2s_10_1_1  |        0|   0|  0|  40|    0|
    |mul_8s_2s_10_1_1_U31  |mul_8s_2s_10_1_1  |        0|   0|  0|  40|    0|
    |mul_8s_2s_10_1_1_U32  |mul_8s_2s_10_1_1  |        0|   0|  0|  40|    0|
    |mul_8s_2s_10_1_1_U33  |mul_8s_2s_10_1_1  |        0|   0|  0|  40|    0|
    |mul_8s_2s_10_1_1_U34  |mul_8s_2s_10_1_1  |        0|   0|  0|  40|    0|
    |mul_8s_2s_10_1_1_U35  |mul_8s_2s_10_1_1  |        0|   0|  0|  40|    0|
    |mul_8s_2s_10_1_1_U36  |mul_8s_2s_10_1_1  |        0|   0|  0|  40|    0|
    |mul_8s_2s_10_1_1_U37  |mul_8s_2s_10_1_1  |        0|   0|  0|  40|    0|
    |mul_8s_2s_10_1_1_U38  |mul_8s_2s_10_1_1  |        0|   0|  0|  40|    0|
    |mul_8s_2s_10_1_1_U39  |mul_8s_2s_10_1_1  |        0|   0|  0|  40|    0|
    |mul_8s_2s_10_1_1_U40  |mul_8s_2s_10_1_1  |        0|   0|  0|  40|    0|
    |mul_8s_2s_10_1_1_U41  |mul_8s_2s_10_1_1  |        0|   0|  0|  40|    0|
    |mul_8s_2s_10_1_1_U42  |mul_8s_2s_10_1_1  |        0|   0|  0|  40|    0|
    |mul_8s_2s_10_1_1_U43  |mul_8s_2s_10_1_1  |        0|   0|  0|  40|    0|
    |mul_8s_2s_10_1_1_U44  |mul_8s_2s_10_1_1  |        0|   0|  0|  40|    0|
    |mul_8s_2s_10_1_1_U45  |mul_8s_2s_10_1_1  |        0|   0|  0|  40|    0|
    |mul_8s_2s_10_1_1_U46  |mul_8s_2s_10_1_1  |        0|   0|  0|  40|    0|
    |mul_8s_2s_10_1_1_U47  |mul_8s_2s_10_1_1  |        0|   0|  0|  40|    0|
    |mul_8s_2s_10_1_1_U48  |mul_8s_2s_10_1_1  |        0|   0|  0|  40|    0|
    |mul_8s_2s_10_1_1_U49  |mul_8s_2s_10_1_1  |        0|   0|  0|  40|    0|
    |mul_8s_2s_10_1_1_U50  |mul_8s_2s_10_1_1  |        0|   0|  0|  40|    0|
    |mul_8s_2s_10_1_1_U51  |mul_8s_2s_10_1_1  |        0|   0|  0|  40|    0|
    |mul_8s_2s_10_1_1_U52  |mul_8s_2s_10_1_1  |        0|   0|  0|  40|    0|
    |mul_8s_2s_10_1_1_U53  |mul_8s_2s_10_1_1  |        0|   0|  0|  40|    0|
    |mul_8s_2s_10_1_1_U54  |mul_8s_2s_10_1_1  |        0|   0|  0|  40|    0|
    +----------------------+------------------+---------+----+---+----+-----+
    |Total                 |                  |        0|   0|  0|2160|    0|
    +----------------------+------------------+---------+----+---+----+-----+

    * DSP: 
    +----------------------------------+-----------------------------+--------------+
    |             Instance             |            Module           |  Expression  |
    +----------------------------------+-----------------------------+--------------+
    |mac_muladd_8s_2s_10s_11_4_1_U55   |mac_muladd_8s_2s_10s_11_4_1  |  i0 + i1 * i2|
    |mac_muladd_8s_2s_10s_11_4_1_U56   |mac_muladd_8s_2s_10s_11_4_1  |  i0 + i1 * i2|
    |mac_muladd_8s_2s_10s_11_4_1_U57   |mac_muladd_8s_2s_10s_11_4_1  |  i0 + i1 * i2|
    |mac_muladd_8s_2s_10s_11_4_1_U58   |mac_muladd_8s_2s_10s_11_4_1  |  i0 + i1 * i2|
    |mac_muladd_8s_2s_10s_11_4_1_U59   |mac_muladd_8s_2s_10s_11_4_1  |  i0 + i1 * i2|
    |mac_muladd_8s_2s_10s_11_4_1_U60   |mac_muladd_8s_2s_10s_11_4_1  |  i0 + i1 * i2|
    |mac_muladd_8s_2s_10s_11_4_1_U61   |mac_muladd_8s_2s_10s_11_4_1  |  i0 + i1 * i2|
    |mac_muladd_8s_2s_10s_11_4_1_U62   |mac_muladd_8s_2s_10s_11_4_1  |  i0 + i1 * i2|
    |mac_muladd_8s_2s_10s_11_4_1_U63   |mac_muladd_8s_2s_10s_11_4_1  |  i0 + i1 * i2|
    |mac_muladd_8s_2s_10s_11_4_1_U64   |mac_muladd_8s_2s_10s_11_4_1  |  i0 + i1 * i2|
    |mac_muladd_8s_2s_10s_11_4_1_U65   |mac_muladd_8s_2s_10s_11_4_1  |  i0 + i1 * i2|
    |mac_muladd_8s_2s_10s_11_4_1_U66   |mac_muladd_8s_2s_10s_11_4_1  |  i0 + i1 * i2|
    |mac_muladd_8s_2s_10s_11_4_1_U67   |mac_muladd_8s_2s_10s_11_4_1  |  i0 + i1 * i2|
    |mac_muladd_8s_2s_10s_11_4_1_U68   |mac_muladd_8s_2s_10s_11_4_1  |  i0 + i1 * i2|
    |mac_muladd_8s_2s_10s_11_4_1_U69   |mac_muladd_8s_2s_10s_11_4_1  |  i0 + i1 * i2|
    |mac_muladd_8s_2s_10s_11_4_1_U70   |mac_muladd_8s_2s_10s_11_4_1  |  i0 + i1 * i2|
    |mac_muladd_8s_2s_10s_11_4_1_U71   |mac_muladd_8s_2s_10s_11_4_1  |  i0 + i1 * i2|
    |mac_muladd_8s_2s_10s_11_4_1_U72   |mac_muladd_8s_2s_10s_11_4_1  |  i0 + i1 * i2|
    |mac_muladd_8s_2s_10s_11_4_1_U73   |mac_muladd_8s_2s_10s_11_4_1  |  i0 + i1 * i2|
    |mac_muladd_8s_2s_10s_11_4_1_U74   |mac_muladd_8s_2s_10s_11_4_1  |  i0 + i1 * i2|
    |mac_muladd_8s_2s_10s_11_4_1_U75   |mac_muladd_8s_2s_10s_11_4_1  |  i0 + i1 * i2|
    |mac_muladd_8s_2s_10s_11_4_1_U76   |mac_muladd_8s_2s_10s_11_4_1  |  i0 + i1 * i2|
    |mac_muladd_8s_2s_10s_11_4_1_U77   |mac_muladd_8s_2s_10s_11_4_1  |  i0 + i1 * i2|
    |mac_muladd_8s_2s_10s_11_4_1_U78   |mac_muladd_8s_2s_10s_11_4_1  |  i0 + i1 * i2|
    |mac_muladd_8s_2s_10s_11_4_1_U79   |mac_muladd_8s_2s_10s_11_4_1  |  i0 + i1 * i2|
    |mac_muladd_8s_2s_10s_11_4_1_U80   |mac_muladd_8s_2s_10s_11_4_1  |  i0 + i1 * i2|
    |mac_muladd_8s_2s_10s_11_4_1_U81   |mac_muladd_8s_2s_10s_11_4_1  |  i0 + i1 * i2|
    |mac_muladd_8s_2s_10s_11_4_1_U82   |mac_muladd_8s_2s_10s_11_4_1  |  i0 + i1 * i2|
    |mac_muladd_8s_2s_10s_11_4_1_U83   |mac_muladd_8s_2s_10s_11_4_1  |  i0 + i1 * i2|
    |mac_muladd_8s_2s_10s_11_4_1_U84   |mac_muladd_8s_2s_10s_11_4_1  |  i0 + i1 * i2|
    |mac_muladd_8s_2s_10s_11_4_1_U85   |mac_muladd_8s_2s_10s_11_4_1  |  i0 + i1 * i2|
    |mac_muladd_8s_2s_10s_11_4_1_U86   |mac_muladd_8s_2s_10s_11_4_1  |  i0 + i1 * i2|
    |mac_muladd_8s_2s_10s_11_4_1_U87   |mac_muladd_8s_2s_10s_11_4_1  |  i0 + i1 * i2|
    |mac_muladd_8s_2s_10s_11_4_1_U88   |mac_muladd_8s_2s_10s_11_4_1  |  i0 + i1 * i2|
    |mac_muladd_8s_2s_10s_11_4_1_U89   |mac_muladd_8s_2s_10s_11_4_1  |  i0 + i1 * i2|
    |mac_muladd_8s_2s_10s_11_4_1_U90   |mac_muladd_8s_2s_10s_11_4_1  |  i0 + i1 * i2|
    |mac_muladd_8s_2s_10s_11_4_1_U91   |mac_muladd_8s_2s_10s_11_4_1  |  i0 + i1 * i2|
    |mac_muladd_8s_2s_10s_11_4_1_U92   |mac_muladd_8s_2s_10s_11_4_1  |  i0 + i1 * i2|
    |mac_muladd_8s_2s_10s_11_4_1_U93   |mac_muladd_8s_2s_10s_11_4_1  |  i0 + i1 * i2|
    |mac_muladd_8s_2s_10s_11_4_1_U94   |mac_muladd_8s_2s_10s_11_4_1  |  i0 + i1 * i2|
    |mac_muladd_8s_2s_10s_11_4_1_U95   |mac_muladd_8s_2s_10s_11_4_1  |  i0 + i1 * i2|
    |mac_muladd_8s_2s_10s_11_4_1_U96   |mac_muladd_8s_2s_10s_11_4_1  |  i0 + i1 * i2|
    |mac_muladd_8s_2s_10s_11_4_1_U104  |mac_muladd_8s_2s_10s_11_4_1  |  i0 + i1 * i2|
    |mac_muladd_8s_2s_10s_11_4_1_U105  |mac_muladd_8s_2s_10s_11_4_1  |  i0 + i1 * i2|
    |mac_muladd_8s_2s_10s_11_4_1_U113  |mac_muladd_8s_2s_10s_11_4_1  |  i0 + i1 * i2|
    |mac_muladd_8s_2s_10s_11_4_1_U114  |mac_muladd_8s_2s_10s_11_4_1  |  i0 + i1 * i2|
    |mac_muladd_8s_2s_10s_11_4_1_U122  |mac_muladd_8s_2s_10s_11_4_1  |  i0 + i1 * i2|
    |mac_muladd_8s_2s_10s_11_4_1_U123  |mac_muladd_8s_2s_10s_11_4_1  |  i0 + i1 * i2|
    |mac_muladd_8s_2s_10s_11_4_1_U131  |mac_muladd_8s_2s_10s_11_4_1  |  i0 + i1 * i2|
    |mac_muladd_8s_2s_10s_11_4_1_U132  |mac_muladd_8s_2s_10s_11_4_1  |  i0 + i1 * i2|
    |mac_muladd_8s_2s_10s_11_4_1_U140  |mac_muladd_8s_2s_10s_11_4_1  |  i0 + i1 * i2|
    |mac_muladd_8s_2s_10s_11_4_1_U141  |mac_muladd_8s_2s_10s_11_4_1  |  i0 + i1 * i2|
    |mac_muladd_8s_2s_10s_11_4_1_U149  |mac_muladd_8s_2s_10s_11_4_1  |  i0 + i1 * i2|
    |mac_muladd_8s_2s_10s_11_4_1_U150  |mac_muladd_8s_2s_10s_11_4_1  |  i0 + i1 * i2|
    |mac_muladd_8s_2s_11s_11_4_1_U97   |mac_muladd_8s_2s_11s_11_4_1  |  i0 + i1 * i2|
    |mac_muladd_8s_2s_11s_11_4_1_U98   |mac_muladd_8s_2s_11s_11_4_1  |  i0 + i1 * i2|
    |mac_muladd_8s_2s_11s_11_4_1_U99   |mac_muladd_8s_2s_11s_11_4_1  |  i0 + i1 * i2|
    |mac_muladd_8s_2s_11s_11_4_1_U100  |mac_muladd_8s_2s_11s_11_4_1  |  i0 + i1 * i2|
    |mac_muladd_8s_2s_11s_11_4_1_U101  |mac_muladd_8s_2s_11s_11_4_1  |  i0 + i1 * i2|
    |mac_muladd_8s_2s_11s_11_4_1_U102  |mac_muladd_8s_2s_11s_11_4_1  |  i0 + i1 * i2|
    |mac_muladd_8s_2s_11s_11_4_1_U103  |mac_muladd_8s_2s_11s_11_4_1  |  i0 + i1 * i2|
    |mac_muladd_8s_2s_11s_11_4_1_U106  |mac_muladd_8s_2s_11s_11_4_1  |  i0 + i1 * i2|
    |mac_muladd_8s_2s_11s_11_4_1_U107  |mac_muladd_8s_2s_11s_11_4_1  |  i0 + i1 * i2|
    |mac_muladd_8s_2s_11s_11_4_1_U108  |mac_muladd_8s_2s_11s_11_4_1  |  i0 + i1 * i2|
    |mac_muladd_8s_2s_11s_11_4_1_U109  |mac_muladd_8s_2s_11s_11_4_1  |  i0 + i1 * i2|
    |mac_muladd_8s_2s_11s_11_4_1_U110  |mac_muladd_8s_2s_11s_11_4_1  |  i0 + i1 * i2|
    |mac_muladd_8s_2s_11s_11_4_1_U111  |mac_muladd_8s_2s_11s_11_4_1  |  i0 + i1 * i2|
    |mac_muladd_8s_2s_11s_11_4_1_U112  |mac_muladd_8s_2s_11s_11_4_1  |  i0 + i1 * i2|
    |mac_muladd_8s_2s_11s_11_4_1_U115  |mac_muladd_8s_2s_11s_11_4_1  |  i0 + i1 * i2|
    |mac_muladd_8s_2s_11s_11_4_1_U116  |mac_muladd_8s_2s_11s_11_4_1  |  i0 + i1 * i2|
    |mac_muladd_8s_2s_11s_11_4_1_U117  |mac_muladd_8s_2s_11s_11_4_1  |  i0 + i1 * i2|
    |mac_muladd_8s_2s_11s_11_4_1_U118  |mac_muladd_8s_2s_11s_11_4_1  |  i0 + i1 * i2|
    |mac_muladd_8s_2s_11s_11_4_1_U119  |mac_muladd_8s_2s_11s_11_4_1  |  i0 + i1 * i2|
    |mac_muladd_8s_2s_11s_11_4_1_U120  |mac_muladd_8s_2s_11s_11_4_1  |  i0 + i1 * i2|
    |mac_muladd_8s_2s_11s_11_4_1_U121  |mac_muladd_8s_2s_11s_11_4_1  |  i0 + i1 * i2|
    |mac_muladd_8s_2s_11s_11_4_1_U124  |mac_muladd_8s_2s_11s_11_4_1  |  i0 + i1 * i2|
    |mac_muladd_8s_2s_11s_11_4_1_U125  |mac_muladd_8s_2s_11s_11_4_1  |  i0 + i1 * i2|
    |mac_muladd_8s_2s_11s_11_4_1_U126  |mac_muladd_8s_2s_11s_11_4_1  |  i0 + i1 * i2|
    |mac_muladd_8s_2s_11s_11_4_1_U127  |mac_muladd_8s_2s_11s_11_4_1  |  i0 + i1 * i2|
    |mac_muladd_8s_2s_11s_11_4_1_U128  |mac_muladd_8s_2s_11s_11_4_1  |  i0 + i1 * i2|
    |mac_muladd_8s_2s_11s_11_4_1_U129  |mac_muladd_8s_2s_11s_11_4_1  |  i0 + i1 * i2|
    |mac_muladd_8s_2s_11s_11_4_1_U130  |mac_muladd_8s_2s_11s_11_4_1  |  i0 + i1 * i2|
    |mac_muladd_8s_2s_11s_11_4_1_U133  |mac_muladd_8s_2s_11s_11_4_1  |  i0 + i1 * i2|
    |mac_muladd_8s_2s_11s_11_4_1_U134  |mac_muladd_8s_2s_11s_11_4_1  |  i0 + i1 * i2|
    |mac_muladd_8s_2s_11s_11_4_1_U135  |mac_muladd_8s_2s_11s_11_4_1  |  i0 + i1 * i2|
    |mac_muladd_8s_2s_11s_11_4_1_U136  |mac_muladd_8s_2s_11s_11_4_1  |  i0 + i1 * i2|
    |mac_muladd_8s_2s_11s_11_4_1_U137  |mac_muladd_8s_2s_11s_11_4_1  |  i0 + i1 * i2|
    |mac_muladd_8s_2s_11s_11_4_1_U138  |mac_muladd_8s_2s_11s_11_4_1  |  i0 + i1 * i2|
    |mac_muladd_8s_2s_11s_11_4_1_U139  |mac_muladd_8s_2s_11s_11_4_1  |  i0 + i1 * i2|
    |mac_muladd_8s_2s_11s_11_4_1_U142  |mac_muladd_8s_2s_11s_11_4_1  |  i0 + i1 * i2|
    |mac_muladd_8s_2s_11s_11_4_1_U143  |mac_muladd_8s_2s_11s_11_4_1  |  i0 + i1 * i2|
    |mac_muladd_8s_2s_11s_11_4_1_U144  |mac_muladd_8s_2s_11s_11_4_1  |  i0 + i1 * i2|
    |mac_muladd_8s_2s_11s_11_4_1_U145  |mac_muladd_8s_2s_11s_11_4_1  |  i0 + i1 * i2|
    |mac_muladd_8s_2s_11s_11_4_1_U146  |mac_muladd_8s_2s_11s_11_4_1  |  i0 + i1 * i2|
    |mac_muladd_8s_2s_11s_11_4_1_U147  |mac_muladd_8s_2s_11s_11_4_1  |  i0 + i1 * i2|
    |mac_muladd_8s_2s_11s_11_4_1_U148  |mac_muladd_8s_2s_11s_11_4_1  |  i0 + i1 * i2|
    +----------------------------------+-----------------------------+--------------+

    * Memory: 
    N/A

    * FIFO: 
    N/A

    * Expression: 
    +----------------------------------+----------+----+---+----+------------+------------+
    |           Variable Name          | Operation| DSP| FF| LUT| Bitwidth P0| Bitwidth P1|
    +----------------------------------+----------+----+---+----+------------+------------+
    |add_ln840_100_fu_3877_p2          |         +|   0|  0|  19|          12|          12|
    |add_ln840_105_fu_3893_p2          |         +|   0|  0|  19|          12|          12|
    |add_ln840_106_fu_3903_p2          |         +|   0|  0|  17|          13|          13|
    |add_ln840_10_fu_3539_p2           |         +|   0|  0|  17|          13|          13|
    |add_ln840_111_fu_3915_p2          |         +|   0|  0|  19|          12|          12|
    |add_ln840_116_fu_3934_p2          |         +|   0|  0|  17|          12|          12|
    |add_ln840_117_fu_3940_p2          |         +|   0|  0|  17|          12|          12|
    |add_ln840_118_fu_3950_p2          |         +|   0|  0|  20|          13|          13|
    |add_ln840_119_fu_3956_p2          |         +|   0|  0|  17|          13|          13|
    |add_ln840_124_fu_3968_p2          |         +|   0|  0|  19|          12|          12|
    |add_ln840_129_fu_3984_p2          |         +|   0|  0|  19|          12|          12|
    |add_ln840_130_fu_3994_p2          |         +|   0|  0|  17|          13|          13|
    |add_ln840_135_fu_4006_p2          |         +|   0|  0|  19|          12|          12|
    |add_ln840_140_fu_4025_p2          |         +|   0|  0|  17|          12|          12|
    |add_ln840_141_fu_4031_p2          |         +|   0|  0|  17|          12|          12|
    |add_ln840_142_fu_4041_p2          |         +|   0|  0|  20|          13|          13|
    |add_ln840_143_fu_4047_p2          |         +|   0|  0|  17|          13|          13|
    |add_ln840_15_fu_3551_p2           |         +|   0|  0|  19|          12|          12|
    |add_ln840_20_fu_3570_p2           |         +|   0|  0|  17|          12|          12|
    |add_ln840_21_fu_3576_p2           |         +|   0|  0|  17|          12|          12|
    |add_ln840_22_fu_3586_p2           |         +|   0|  0|  20|          13|          13|
    |add_ln840_23_fu_3592_p2           |         +|   0|  0|  17|          13|          13|
    |add_ln840_28_fu_3604_p2           |         +|   0|  0|  19|          12|          12|
    |add_ln840_33_fu_3620_p2           |         +|   0|  0|  19|          12|          12|
    |add_ln840_34_fu_3630_p2           |         +|   0|  0|  17|          13|          13|
    |add_ln840_39_fu_3642_p2           |         +|   0|  0|  19|          12|          12|
    |add_ln840_44_fu_3661_p2           |         +|   0|  0|  17|          12|          12|
    |add_ln840_45_fu_3667_p2           |         +|   0|  0|  17|          12|          12|
    |add_ln840_46_fu_3677_p2           |         +|   0|  0|  20|          13|          13|
    |add_ln840_47_fu_3683_p2           |         +|   0|  0|  17|          13|          13|
    |add_ln840_4_fu_3513_p2            |         +|   0|  0|  19|          12|          12|
    |add_ln840_52_fu_3695_p2           |         +|   0|  0|  19|          12|          12|
    |add_ln840_57_fu_3711_p2           |         +|   0|  0|  19|          12|          12|
    |add_ln840_58_fu_3721_p2           |         +|   0|  0|  17|          13|          13|
    |add_ln840_63_fu_3733_p2           |         +|   0|  0|  19|          12|          12|
    |add_ln840_68_fu_3752_p2           |         +|   0|  0|  17|          12|          12|
    |add_ln840_69_fu_3758_p2           |         +|   0|  0|  17|          12|          12|
    |add_ln840_70_fu_3768_p2           |         +|   0|  0|  20|          13|          13|
    |add_ln840_71_fu_3774_p2           |         +|   0|  0|  17|          13|          13|
    |add_ln840_76_fu_3786_p2           |         +|   0|  0|  19|          12|          12|
    |add_ln840_81_fu_3802_p2           |         +|   0|  0|  19|          12|          12|
    |add_ln840_82_fu_3812_p2           |         +|   0|  0|  17|          13|          13|
    |add_ln840_87_fu_3824_p2           |         +|   0|  0|  19|          12|          12|
    |add_ln840_92_fu_3843_p2           |         +|   0|  0|  17|          12|          12|
    |add_ln840_93_fu_3849_p2           |         +|   0|  0|  17|          12|          12|
    |add_ln840_94_fu_3859_p2           |         +|   0|  0|  20|          13|          13|
    |add_ln840_95_fu_3865_p2           |         +|   0|  0|  17|          13|          13|
    |add_ln840_9_fu_3529_p2            |         +|   0|  0|  19|          12|          12|
    |i_2_fu_693_p2                     |         +|   0|  0|  17|          10|           1|
    |ap_block_state3_pp0_stage0_iter2  |       and|   0|  0|   2|           1|           1|
    |ap_block_state4_pp0_stage0_iter3  |       and|   0|  0|   2|           1|           1|
    |ap_block_state5_pp0_stage0_iter4  |       and|   0|  0|   2|           1|           1|
    |ap_block_state6_io                |       and|   0|  0|   2|           1|           1|
    |ap_condition_4329                 |       and|   0|  0|   2|           1|           1|
    |icmp_ln249_fu_687_p2              |      icmp|   0|  0|  11|          10|           9|
    |result_V_1_fu_4059_p2             |      icmp|   0|  0|  12|          13|          11|
    |result_V_2_fu_4065_p2             |      icmp|   0|  0|  12|          13|           7|
    |result_V_3_fu_4071_p2             |      icmp|   0|  0|  12|          13|          11|
    |result_V_4_fu_4077_p2             |      icmp|   0|  0|  12|          13|          10|
    |result_V_5_fu_4083_p2             |      icmp|   0|  0|  12|          13|          12|
    |result_V_fu_4053_p2               |      icmp|   0|  0|  12|          13|           8|
    |ap_block_state1_pp0_stage0_iter0  |        or|   0|  0|   2|           1|           1|
    +----------------------------------+----------+----+---+----+------------+------------+
    |Total                             |          |   0|  0| 982|         698|         669|
    +----------------------------------+----------+----+---+----+------------+------------+

    * Multiplexer: 
    +----------------------------------+----+-----------+-----+-----------+
    |               Name               | LUT| Input Size| Bits| Total Bits|
    +----------------------------------+----+-----------+-----+-----------+
    |ap_NS_iter1_fsm                   |  14|          3|    2|          6|
    |ap_NS_iter2_fsm                   |  14|          3|    2|          6|
    |ap_NS_iter3_fsm                   |  14|          3|    2|          6|
    |ap_NS_iter4_fsm                   |  14|          3|    2|          6|
    |ap_NS_iter5_fsm                   |  14|          3|    2|          6|
    |ap_done_int                       |   9|          2|    1|          2|
    |ap_loop_exit_ready_pp0_iter5_reg  |   9|          2|    1|          2|
    |ap_sig_allocacmp_i_1              |   9|          2|   10|         20|
    |i_fu_656                          |   9|          2|   10|         20|
    |in0_V_TDATA_blk_n                 |   9|          2|    1|          2|
    |in1_V_TDATA_blk_n                 |   9|          2|    1|          2|
    |out0_V_TDATA_blk_n                |   9|          2|    1|          2|
    +----------------------------------+----+-----------+-----+-----------+
    |Total                             | 133|         29|   35|         80|
    +----------------------------------+----+-----------+-----+-----------+

    * Register: 
    +-----------------------------------------+----+----+-----+-----------+
    |                   Name                  | FF | LUT| Bits| Const Bits|
    +-----------------------------------------+----+----+-----+-----------+
    |ap_CS_iter0_fsm                          |   1|   0|    1|          0|
    |ap_CS_iter1_fsm                          |   2|   0|    2|          0|
    |ap_CS_iter2_fsm                          |   2|   0|    2|          0|
    |ap_CS_iter3_fsm                          |   2|   0|    2|          0|
    |ap_CS_iter4_fsm                          |   2|   0|    2|          0|
    |ap_CS_iter5_fsm                          |   2|   0|    2|          0|
    |ap_done_reg                              |   1|   0|    1|          0|
    |ap_loop_exit_ready_pp0_iter1_reg         |   1|   0|    1|          0|
    |ap_loop_exit_ready_pp0_iter2_reg         |   1|   0|    1|          0|
    |ap_loop_exit_ready_pp0_iter3_reg         |   1|   0|    1|          0|
    |ap_loop_exit_ready_pp0_iter4_reg         |   1|   0|    1|          0|
    |ap_loop_exit_ready_pp0_iter5_reg         |   1|   0|    1|          0|
    |i_fu_656                                 |  10|   0|   10|          0|
    |icmp_ln249_reg_4939                      |   1|   0|    1|          0|
    |icmp_ln249_reg_4939_pp0_iter1_reg        |   1|   0|    1|          0|
    |icmp_ln249_reg_4939_pp0_iter2_reg        |   1|   0|    1|          0|
    |icmp_ln249_reg_4939_pp0_iter3_reg        |   1|   0|    1|          0|
    |icmp_ln249_reg_4939_pp0_iter4_reg        |   1|   0|    1|          0|
    |local_temp_V_100_reg_5568                |   2|   0|    2|          0|
    |local_temp_V_100_reg_5568_pp0_iter1_reg  |   2|   0|    2|          0|
    |local_temp_V_100_reg_5568_pp0_iter2_reg  |   2|   0|    2|          0|
    |local_temp_V_101_reg_5573                |   2|   0|    2|          0|
    |local_temp_V_101_reg_5573_pp0_iter1_reg  |   2|   0|    2|          0|
    |local_temp_V_102_reg_5578                |   2|   0|    2|          0|
    |local_temp_V_103_reg_5583                |   2|   0|    2|          0|
    |local_temp_V_103_reg_5583_pp0_iter1_reg  |   2|   0|    2|          0|
    |local_temp_V_104_reg_5588                |   2|   0|    2|          0|
    |local_temp_V_104_reg_5588_pp0_iter1_reg  |   2|   0|    2|          0|
    |local_temp_V_104_reg_5588_pp0_iter2_reg  |   2|   0|    2|          0|
    |local_temp_V_105_reg_5593                |   2|   0|    2|          0|
    |local_temp_V_106_reg_5598                |   2|   0|    2|          0|
    |local_temp_V_106_reg_5598_pp0_iter1_reg  |   2|   0|    2|          0|
    |local_temp_V_107_reg_5603                |   2|   0|    2|          0|
    |local_temp_V_107_reg_5603_pp0_iter1_reg  |   2|   0|    2|          0|
    |local_temp_V_107_reg_5603_pp0_iter2_reg  |   2|   0|    2|          0|
    |local_temp_V_108_reg_5608                |   2|   0|    2|          0|
    |local_temp_V_109_reg_5613                |   2|   0|    2|          0|
    |local_temp_V_109_reg_5613_pp0_iter1_reg  |   2|   0|    2|          0|
    |local_temp_V_110_reg_5618                |   2|   0|    2|          0|
    |local_temp_V_110_reg_5618_pp0_iter1_reg  |   2|   0|    2|          0|
    |local_temp_V_110_reg_5618_pp0_iter2_reg  |   2|   0|    2|          0|
    |local_temp_V_111_reg_5623                |   2|   0|    2|          0|
    |local_temp_V_112_reg_5628                |   2|   0|    2|          0|
    |local_temp_V_112_reg_5628_pp0_iter1_reg  |   2|   0|    2|          0|
    |local_temp_V_113_reg_5633                |   2|   0|    2|          0|
    |local_temp_V_113_reg_5633_pp0_iter1_reg  |   2|   0|    2|          0|
    |local_temp_V_113_reg_5633_pp0_iter2_reg  |   2|   0|    2|          0|
    |local_temp_V_114_reg_5638                |   2|   0|    2|          0|
    |local_temp_V_115_reg_5643                |   2|   0|    2|          0|
    |local_temp_V_115_reg_5643_pp0_iter1_reg  |   2|   0|    2|          0|
    |local_temp_V_116_reg_5648                |   2|   0|    2|          0|
    |local_temp_V_116_reg_5648_pp0_iter1_reg  |   2|   0|    2|          0|
    |local_temp_V_116_reg_5648_pp0_iter2_reg  |   2|   0|    2|          0|
    |local_temp_V_117_reg_5653                |   2|   0|    2|          0|
    |local_temp_V_118_reg_5658                |   2|   0|    2|          0|
    |local_temp_V_118_reg_5658_pp0_iter1_reg  |   2|   0|    2|          0|
    |local_temp_V_119_reg_5663                |   2|   0|    2|          0|
    |local_temp_V_119_reg_5663_pp0_iter1_reg  |   2|   0|    2|          0|
    |local_temp_V_119_reg_5663_pp0_iter2_reg  |   2|   0|    2|          0|
    |local_temp_V_120_reg_5668                |   2|   0|    2|          0|
    |local_temp_V_121_reg_5673                |   2|   0|    2|          0|
    |local_temp_V_121_reg_5673_pp0_iter1_reg  |   2|   0|    2|          0|
    |local_temp_V_121_reg_5673_pp0_iter2_reg  |   2|   0|    2|          0|
    |local_temp_V_121_reg_5673_pp0_iter3_reg  |   2|   0|    2|          0|
    |local_temp_V_122_reg_5678                |   2|   0|    2|          0|
    |local_temp_V_122_reg_5678_pp0_iter1_reg  |   2|   0|    2|          0|
    |local_temp_V_123_reg_5683                |   2|   0|    2|          0|
    |local_temp_V_123_reg_5683_pp0_iter1_reg  |   2|   0|    2|          0|
    |local_temp_V_123_reg_5683_pp0_iter2_reg  |   2|   0|    2|          0|
    |local_temp_V_123_reg_5683_pp0_iter3_reg  |   2|   0|    2|          0|
    |local_temp_V_124_reg_5688                |   2|   0|    2|          0|
    |local_temp_V_124_reg_5688_pp0_iter1_reg  |   2|   0|    2|          0|
    |local_temp_V_125_reg_5693                |   2|   0|    2|          0|
    |local_temp_V_125_reg_5693_pp0_iter1_reg  |   2|   0|    2|          0|
    |local_temp_V_125_reg_5693_pp0_iter2_reg  |   2|   0|    2|          0|
    |local_temp_V_126_reg_5698                |   2|   0|    2|          0|
    |local_temp_V_126_reg_5698_pp0_iter1_reg  |   2|   0|    2|          0|
    |local_temp_V_127_reg_5703                |   2|   0|    2|          0|
    |local_temp_V_128_reg_5708                |   2|   0|    2|          0|
    |local_temp_V_128_reg_5708_pp0_iter1_reg  |   2|   0|    2|          0|
    |local_temp_V_129_reg_5713                |   2|   0|    2|          0|
    |local_temp_V_129_reg_5713_pp0_iter1_reg  |   2|   0|    2|          0|
    |local_temp_V_129_reg_5713_pp0_iter2_reg  |   2|   0|    2|          0|
    |local_temp_V_130_reg_5718                |   2|   0|    2|          0|
    |local_temp_V_131_reg_5723                |   2|   0|    2|          0|
    |local_temp_V_131_reg_5723_pp0_iter1_reg  |   2|   0|    2|          0|
    |local_temp_V_132_reg_5728                |   2|   0|    2|          0|
    |local_temp_V_132_reg_5728_pp0_iter1_reg  |   2|   0|    2|          0|
    |local_temp_V_132_reg_5728_pp0_iter2_reg  |   2|   0|    2|          0|
    |local_temp_V_133_reg_5733                |   2|   0|    2|          0|
    |local_temp_V_134_reg_5738                |   2|   0|    2|          0|
    |local_temp_V_134_reg_5738_pp0_iter1_reg  |   2|   0|    2|          0|
    |local_temp_V_135_reg_5743                |   2|   0|    2|          0|
    |local_temp_V_135_reg_5743_pp0_iter1_reg  |   2|   0|    2|          0|
    |local_temp_V_135_reg_5743_pp0_iter2_reg  |   2|   0|    2|          0|
    |local_temp_V_136_reg_5748                |   2|   0|    2|          0|
    |local_temp_V_137_reg_5753                |   2|   0|    2|          0|
    |local_temp_V_137_reg_5753_pp0_iter1_reg  |   2|   0|    2|          0|
    |local_temp_V_138_reg_5758                |   2|   0|    2|          0|
    |local_temp_V_138_reg_5758_pp0_iter1_reg  |   2|   0|    2|          0|
    |local_temp_V_138_reg_5758_pp0_iter2_reg  |   2|   0|    2|          0|
    |local_temp_V_139_reg_5763                |   2|   0|    2|          0|
    |local_temp_V_140_reg_5768                |   2|   0|    2|          0|
    |local_temp_V_140_reg_5768_pp0_iter1_reg  |   2|   0|    2|          0|
    |local_temp_V_141_reg_5773                |   2|   0|    2|          0|
    |local_temp_V_141_reg_5773_pp0_iter1_reg  |   2|   0|    2|          0|
    |local_temp_V_141_reg_5773_pp0_iter2_reg  |   2|   0|    2|          0|
    |local_temp_V_142_reg_5778                |   2|   0|    2|          0|
    |local_temp_V_143_reg_5783                |   2|   0|    2|          0|
    |local_temp_V_143_reg_5783_pp0_iter1_reg  |   2|   0|    2|          0|
    |local_temp_V_144_reg_5788                |   2|   0|    2|          0|
    |local_temp_V_144_reg_5788_pp0_iter1_reg  |   2|   0|    2|          0|
    |local_temp_V_144_reg_5788_pp0_iter2_reg  |   2|   0|    2|          0|
    |local_temp_V_145_reg_5793                |   2|   0|    2|          0|
    |local_temp_V_146_reg_5798                |   2|   0|    2|          0|
    |local_temp_V_146_reg_5798_pp0_iter1_reg  |   2|   0|    2|          0|
    |local_temp_V_146_reg_5798_pp0_iter2_reg  |   2|   0|    2|          0|
    |local_temp_V_146_reg_5798_pp0_iter3_reg  |   2|   0|    2|          0|
    |local_temp_V_147_reg_5803                |   2|   0|    2|          0|
    |local_temp_V_147_reg_5803_pp0_iter1_reg  |   2|   0|    2|          0|
    |local_temp_V_148_reg_5808                |   2|   0|    2|          0|
    |local_temp_V_148_reg_5808_pp0_iter1_reg  |   2|   0|    2|          0|
    |local_temp_V_148_reg_5808_pp0_iter2_reg  |   2|   0|    2|          0|
    |local_temp_V_148_reg_5808_pp0_iter3_reg  |   2|   0|    2|          0|
    |local_temp_V_149_reg_5813                |   2|   0|    2|          0|
    |local_temp_V_149_reg_5813_pp0_iter1_reg  |   2|   0|    2|          0|
    |local_temp_V_150_reg_4943                |   2|   0|    2|          0|
    |local_temp_V_150_reg_4943_pp0_iter1_reg  |   2|   0|    2|          0|
    |local_temp_V_150_reg_4943_pp0_iter2_reg  |   2|   0|    2|          0|
    |local_temp_V_151_reg_4948                |   2|   0|    2|          0|
    |local_temp_V_151_reg_4948_pp0_iter1_reg  |   2|   0|    2|          0|
    |local_temp_V_152_reg_4953                |   2|   0|    2|          0|
    |local_temp_V_153_reg_4958                |   2|   0|    2|          0|
    |local_temp_V_153_reg_4958_pp0_iter1_reg  |   2|   0|    2|          0|
    |local_temp_V_154_reg_4963                |   2|   0|    2|          0|
    |local_temp_V_154_reg_4963_pp0_iter1_reg  |   2|   0|    2|          0|
    |local_temp_V_154_reg_4963_pp0_iter2_reg  |   2|   0|    2|          0|
    |local_temp_V_155_reg_4968                |   2|   0|    2|          0|
    |local_temp_V_156_reg_4973                |   2|   0|    2|          0|
    |local_temp_V_156_reg_4973_pp0_iter1_reg  |   2|   0|    2|          0|
    |local_temp_V_157_reg_4978                |   2|   0|    2|          0|
    |local_temp_V_157_reg_4978_pp0_iter1_reg  |   2|   0|    2|          0|
    |local_temp_V_157_reg_4978_pp0_iter2_reg  |   2|   0|    2|          0|
    |local_temp_V_158_reg_4983                |   2|   0|    2|          0|
    |local_temp_V_159_reg_4988                |   2|   0|    2|          0|
    |local_temp_V_159_reg_4988_pp0_iter1_reg  |   2|   0|    2|          0|
    |local_temp_V_160_reg_4993                |   2|   0|    2|          0|
    |local_temp_V_160_reg_4993_pp0_iter1_reg  |   2|   0|    2|          0|
    |local_temp_V_160_reg_4993_pp0_iter2_reg  |   2|   0|    2|          0|
    |local_temp_V_161_reg_4998                |   2|   0|    2|          0|
    |local_temp_V_162_reg_5003                |   2|   0|    2|          0|
    |local_temp_V_162_reg_5003_pp0_iter1_reg  |   2|   0|    2|          0|
    |local_temp_V_163_reg_5008                |   2|   0|    2|          0|
    |local_temp_V_163_reg_5008_pp0_iter1_reg  |   2|   0|    2|          0|
    |local_temp_V_163_reg_5008_pp0_iter2_reg  |   2|   0|    2|          0|
    |local_temp_V_164_reg_5013                |   2|   0|    2|          0|
    |local_temp_V_165_reg_5018                |   2|   0|    2|          0|
    |local_temp_V_165_reg_5018_pp0_iter1_reg  |   2|   0|    2|          0|
    |local_temp_V_166_reg_5023                |   2|   0|    2|          0|
    |local_temp_V_166_reg_5023_pp0_iter1_reg  |   2|   0|    2|          0|
    |local_temp_V_166_reg_5023_pp0_iter2_reg  |   2|   0|    2|          0|
    |local_temp_V_167_reg_5028                |   2|   0|    2|          0|
    |local_temp_V_168_reg_5033                |   2|   0|    2|          0|
    |local_temp_V_168_reg_5033_pp0_iter1_reg  |   2|   0|    2|          0|
    |local_temp_V_169_reg_5038                |   2|   0|    2|          0|
    |local_temp_V_169_reg_5038_pp0_iter1_reg  |   2|   0|    2|          0|
    |local_temp_V_169_reg_5038_pp0_iter2_reg  |   2|   0|    2|          0|
    |local_temp_V_170_reg_5043                |   2|   0|    2|          0|
    |local_temp_V_171_reg_5048                |   2|   0|    2|          0|
    |local_temp_V_171_reg_5048_pp0_iter1_reg  |   2|   0|    2|          0|
    |local_temp_V_171_reg_5048_pp0_iter2_reg  |   2|   0|    2|          0|
    |local_temp_V_171_reg_5048_pp0_iter3_reg  |   2|   0|    2|          0|
    |local_temp_V_172_reg_5053                |   2|   0|    2|          0|
    |local_temp_V_172_reg_5053_pp0_iter1_reg  |   2|   0|    2|          0|
    |local_temp_V_173_reg_5058                |   2|   0|    2|          0|
    |local_temp_V_173_reg_5058_pp0_iter1_reg  |   2|   0|    2|          0|
    |local_temp_V_173_reg_5058_pp0_iter2_reg  |   2|   0|    2|          0|
    |local_temp_V_173_reg_5058_pp0_iter3_reg  |   2|   0|    2|          0|
    |local_temp_V_174_reg_5063                |   2|   0|    2|          0|
    |local_temp_V_174_reg_5063_pp0_iter1_reg  |   2|   0|    2|          0|
    |local_temp_V_26_reg_5198                 |   2|   0|    2|          0|
    |local_temp_V_26_reg_5198_pp0_iter1_reg   |   2|   0|    2|          0|
    |local_temp_V_27_reg_5203                 |   2|   0|    2|          0|
    |local_temp_V_28_reg_5208                 |   2|   0|    2|          0|
    |local_temp_V_28_reg_5208_pp0_iter1_reg   |   2|   0|    2|          0|
    |local_temp_V_29_reg_5213                 |   2|   0|    2|          0|
    |local_temp_V_29_reg_5213_pp0_iter1_reg   |   2|   0|    2|          0|
    |local_temp_V_29_reg_5213_pp0_iter2_reg   |   2|   0|    2|          0|
    |local_temp_V_30_reg_5218                 |   2|   0|    2|          0|
    |local_temp_V_31_reg_5223                 |   2|   0|    2|          0|
    |local_temp_V_31_reg_5223_pp0_iter1_reg   |   2|   0|    2|          0|
    |local_temp_V_32_reg_5228                 |   2|   0|    2|          0|
    |local_temp_V_32_reg_5228_pp0_iter1_reg   |   2|   0|    2|          0|
    |local_temp_V_32_reg_5228_pp0_iter2_reg   |   2|   0|    2|          0|
    |local_temp_V_33_reg_5233                 |   2|   0|    2|          0|
    |local_temp_V_34_reg_5238                 |   2|   0|    2|          0|
    |local_temp_V_34_reg_5238_pp0_iter1_reg   |   2|   0|    2|          0|
    |local_temp_V_35_reg_5243                 |   2|   0|    2|          0|
    |local_temp_V_35_reg_5243_pp0_iter1_reg   |   2|   0|    2|          0|
    |local_temp_V_35_reg_5243_pp0_iter2_reg   |   2|   0|    2|          0|
    |local_temp_V_36_reg_5248                 |   2|   0|    2|          0|
    |local_temp_V_37_reg_5253                 |   2|   0|    2|          0|
    |local_temp_V_37_reg_5253_pp0_iter1_reg   |   2|   0|    2|          0|
    |local_temp_V_38_reg_5258                 |   2|   0|    2|          0|
    |local_temp_V_38_reg_5258_pp0_iter1_reg   |   2|   0|    2|          0|
    |local_temp_V_38_reg_5258_pp0_iter2_reg   |   2|   0|    2|          0|
    |local_temp_V_39_reg_5263                 |   2|   0|    2|          0|
    |local_temp_V_40_reg_5268                 |   2|   0|    2|          0|
    |local_temp_V_40_reg_5268_pp0_iter1_reg   |   2|   0|    2|          0|
    |local_temp_V_41_reg_5273                 |   2|   0|    2|          0|
    |local_temp_V_41_reg_5273_pp0_iter1_reg   |   2|   0|    2|          0|
    |local_temp_V_41_reg_5273_pp0_iter2_reg   |   2|   0|    2|          0|
    |local_temp_V_42_reg_5278                 |   2|   0|    2|          0|
    |local_temp_V_43_reg_5283                 |   2|   0|    2|          0|
    |local_temp_V_43_reg_5283_pp0_iter1_reg   |   2|   0|    2|          0|
    |local_temp_V_44_reg_5288                 |   2|   0|    2|          0|
    |local_temp_V_44_reg_5288_pp0_iter1_reg   |   2|   0|    2|          0|
    |local_temp_V_44_reg_5288_pp0_iter2_reg   |   2|   0|    2|          0|
    |local_temp_V_45_reg_5293                 |   2|   0|    2|          0|
    |local_temp_V_46_reg_5298                 |   2|   0|    2|          0|
    |local_temp_V_46_reg_5298_pp0_iter1_reg   |   2|   0|    2|          0|
    |local_temp_V_46_reg_5298_pp0_iter2_reg   |   2|   0|    2|          0|
    |local_temp_V_46_reg_5298_pp0_iter3_reg   |   2|   0|    2|          0|
    |local_temp_V_47_reg_5303                 |   2|   0|    2|          0|
    |local_temp_V_47_reg_5303_pp0_iter1_reg   |   2|   0|    2|          0|
    |local_temp_V_48_reg_5308                 |   2|   0|    2|          0|
    |local_temp_V_48_reg_5308_pp0_iter1_reg   |   2|   0|    2|          0|
    |local_temp_V_48_reg_5308_pp0_iter2_reg   |   2|   0|    2|          0|
    |local_temp_V_48_reg_5308_pp0_iter3_reg   |   2|   0|    2|          0|
    |local_temp_V_49_reg_5313                 |   2|   0|    2|          0|
    |local_temp_V_49_reg_5313_pp0_iter1_reg   |   2|   0|    2|          0|
    |local_temp_V_50_reg_5318                 |   2|   0|    2|          0|
    |local_temp_V_50_reg_5318_pp0_iter1_reg   |   2|   0|    2|          0|
    |local_temp_V_50_reg_5318_pp0_iter2_reg   |   2|   0|    2|          0|
    |local_temp_V_51_reg_5323                 |   2|   0|    2|          0|
    |local_temp_V_51_reg_5323_pp0_iter1_reg   |   2|   0|    2|          0|
    |local_temp_V_52_reg_5328                 |   2|   0|    2|          0|
    |local_temp_V_53_reg_5333                 |   2|   0|    2|          0|
    |local_temp_V_53_reg_5333_pp0_iter1_reg   |   2|   0|    2|          0|
    |local_temp_V_54_reg_5338                 |   2|   0|    2|          0|
    |local_temp_V_54_reg_5338_pp0_iter1_reg   |   2|   0|    2|          0|
    |local_temp_V_54_reg_5338_pp0_iter2_reg   |   2|   0|    2|          0|
    |local_temp_V_55_reg_5343                 |   2|   0|    2|          0|
    |local_temp_V_56_reg_5348                 |   2|   0|    2|          0|
    |local_temp_V_56_reg_5348_pp0_iter1_reg   |   2|   0|    2|          0|
    |local_temp_V_57_reg_5353                 |   2|   0|    2|          0|
    |local_temp_V_57_reg_5353_pp0_iter1_reg   |   2|   0|    2|          0|
    |local_temp_V_57_reg_5353_pp0_iter2_reg   |   2|   0|    2|          0|
    |local_temp_V_58_reg_5358                 |   2|   0|    2|          0|
    |local_temp_V_59_reg_5363                 |   2|   0|    2|          0|
    |local_temp_V_59_reg_5363_pp0_iter1_reg   |   2|   0|    2|          0|
    |local_temp_V_60_reg_5368                 |   2|   0|    2|          0|
    |local_temp_V_60_reg_5368_pp0_iter1_reg   |   2|   0|    2|          0|
    |local_temp_V_60_reg_5368_pp0_iter2_reg   |   2|   0|    2|          0|
    |local_temp_V_61_reg_5373                 |   2|   0|    2|          0|
    |local_temp_V_62_reg_5378                 |   2|   0|    2|          0|
    |local_temp_V_62_reg_5378_pp0_iter1_reg   |   2|   0|    2|          0|
    |local_temp_V_63_reg_5383                 |   2|   0|    2|          0|
    |local_temp_V_63_reg_5383_pp0_iter1_reg   |   2|   0|    2|          0|
    |local_temp_V_63_reg_5383_pp0_iter2_reg   |   2|   0|    2|          0|
    |local_temp_V_64_reg_5388                 |   2|   0|    2|          0|
    |local_temp_V_65_reg_5393                 |   2|   0|    2|          0|
    |local_temp_V_65_reg_5393_pp0_iter1_reg   |   2|   0|    2|          0|
    |local_temp_V_66_reg_5398                 |   2|   0|    2|          0|
    |local_temp_V_66_reg_5398_pp0_iter1_reg   |   2|   0|    2|          0|
    |local_temp_V_66_reg_5398_pp0_iter2_reg   |   2|   0|    2|          0|
    |local_temp_V_67_reg_5403                 |   2|   0|    2|          0|
    |local_temp_V_68_reg_5408                 |   2|   0|    2|          0|
    |local_temp_V_68_reg_5408_pp0_iter1_reg   |   2|   0|    2|          0|
    |local_temp_V_69_reg_5413                 |   2|   0|    2|          0|
    |local_temp_V_69_reg_5413_pp0_iter1_reg   |   2|   0|    2|          0|
    |local_temp_V_69_reg_5413_pp0_iter2_reg   |   2|   0|    2|          0|
    |local_temp_V_70_reg_5418                 |   2|   0|    2|          0|
    |local_temp_V_71_reg_5423                 |   2|   0|    2|          0|
    |local_temp_V_71_reg_5423_pp0_iter1_reg   |   2|   0|    2|          0|
    |local_temp_V_71_reg_5423_pp0_iter2_reg   |   2|   0|    2|          0|
    |local_temp_V_71_reg_5423_pp0_iter3_reg   |   2|   0|    2|          0|
    |local_temp_V_72_reg_5428                 |   2|   0|    2|          0|
    |local_temp_V_72_reg_5428_pp0_iter1_reg   |   2|   0|    2|          0|
    |local_temp_V_73_reg_5433                 |   2|   0|    2|          0|
    |local_temp_V_73_reg_5433_pp0_iter1_reg   |   2|   0|    2|          0|
    |local_temp_V_73_reg_5433_pp0_iter2_reg   |   2|   0|    2|          0|
    |local_temp_V_73_reg_5433_pp0_iter3_reg   |   2|   0|    2|          0|
    |local_temp_V_74_reg_5438                 |   2|   0|    2|          0|
    |local_temp_V_74_reg_5438_pp0_iter1_reg   |   2|   0|    2|          0|
    |local_temp_V_75_reg_5443                 |   2|   0|    2|          0|
    |local_temp_V_75_reg_5443_pp0_iter1_reg   |   2|   0|    2|          0|
    |local_temp_V_75_reg_5443_pp0_iter2_reg   |   2|   0|    2|          0|
    |local_temp_V_76_reg_5448                 |   2|   0|    2|          0|
    |local_temp_V_76_reg_5448_pp0_iter1_reg   |   2|   0|    2|          0|
    |local_temp_V_77_reg_5453                 |   2|   0|    2|          0|
    |local_temp_V_78_reg_5458                 |   2|   0|    2|          0|
    |local_temp_V_78_reg_5458_pp0_iter1_reg   |   2|   0|    2|          0|
    |local_temp_V_79_reg_5463                 |   2|   0|    2|          0|
    |local_temp_V_79_reg_5463_pp0_iter1_reg   |   2|   0|    2|          0|
    |local_temp_V_79_reg_5463_pp0_iter2_reg   |   2|   0|    2|          0|
    |local_temp_V_80_reg_5468                 |   2|   0|    2|          0|
    |local_temp_V_81_reg_5473                 |   2|   0|    2|          0|
    |local_temp_V_81_reg_5473_pp0_iter1_reg   |   2|   0|    2|          0|
    |local_temp_V_82_reg_5478                 |   2|   0|    2|          0|
    |local_temp_V_82_reg_5478_pp0_iter1_reg   |   2|   0|    2|          0|
    |local_temp_V_82_reg_5478_pp0_iter2_reg   |   2|   0|    2|          0|
    |local_temp_V_83_reg_5483                 |   2|   0|    2|          0|
    |local_temp_V_84_reg_5488                 |   2|   0|    2|          0|
    |local_temp_V_84_reg_5488_pp0_iter1_reg   |   2|   0|    2|          0|
    |local_temp_V_85_reg_5493                 |   2|   0|    2|          0|
    |local_temp_V_85_reg_5493_pp0_iter1_reg   |   2|   0|    2|          0|
    |local_temp_V_85_reg_5493_pp0_iter2_reg   |   2|   0|    2|          0|
    |local_temp_V_86_reg_5498                 |   2|   0|    2|          0|
    |local_temp_V_87_reg_5503                 |   2|   0|    2|          0|
    |local_temp_V_87_reg_5503_pp0_iter1_reg   |   2|   0|    2|          0|
    |local_temp_V_88_reg_5508                 |   2|   0|    2|          0|
    |local_temp_V_88_reg_5508_pp0_iter1_reg   |   2|   0|    2|          0|
    |local_temp_V_88_reg_5508_pp0_iter2_reg   |   2|   0|    2|          0|
    |local_temp_V_89_reg_5513                 |   2|   0|    2|          0|
    |local_temp_V_90_reg_5518                 |   2|   0|    2|          0|
    |local_temp_V_90_reg_5518_pp0_iter1_reg   |   2|   0|    2|          0|
    |local_temp_V_91_reg_5523                 |   2|   0|    2|          0|
    |local_temp_V_91_reg_5523_pp0_iter1_reg   |   2|   0|    2|          0|
    |local_temp_V_91_reg_5523_pp0_iter2_reg   |   2|   0|    2|          0|
    |local_temp_V_92_reg_5528                 |   2|   0|    2|          0|
    |local_temp_V_93_reg_5533                 |   2|   0|    2|          0|
    |local_temp_V_93_reg_5533_pp0_iter1_reg   |   2|   0|    2|          0|
    |local_temp_V_94_reg_5538                 |   2|   0|    2|          0|
    |local_temp_V_94_reg_5538_pp0_iter1_reg   |   2|   0|    2|          0|
    |local_temp_V_94_reg_5538_pp0_iter2_reg   |   2|   0|    2|          0|
    |local_temp_V_95_reg_5543                 |   2|   0|    2|          0|
    |local_temp_V_96_reg_5548                 |   2|   0|    2|          0|
    |local_temp_V_96_reg_5548_pp0_iter1_reg   |   2|   0|    2|          0|
    |local_temp_V_96_reg_5548_pp0_iter2_reg   |   2|   0|    2|          0|
    |local_temp_V_96_reg_5548_pp0_iter3_reg   |   2|   0|    2|          0|
    |local_temp_V_97_reg_5553                 |   2|   0|    2|          0|
    |local_temp_V_97_reg_5553_pp0_iter1_reg   |   2|   0|    2|          0|
    |local_temp_V_98_reg_5558                 |   2|   0|    2|          0|
    |local_temp_V_98_reg_5558_pp0_iter1_reg   |   2|   0|    2|          0|
    |local_temp_V_98_reg_5558_pp0_iter2_reg   |   2|   0|    2|          0|
    |local_temp_V_98_reg_5558_pp0_iter3_reg   |   2|   0|    2|          0|
    |local_temp_V_99_reg_5563                 |   2|   0|    2|          0|
    |local_temp_V_99_reg_5563_pp0_iter1_reg   |   2|   0|    2|          0|
    |local_temp_V_reg_5193                    |   2|   0|    2|          0|
    |local_temp_V_reg_5193_pp0_iter1_reg      |   2|   0|    2|          0|
    |local_temp_V_reg_5193_pp0_iter2_reg      |   2|   0|    2|          0|
    |r_V_10_reg_5118                          |   8|   0|    8|          0|
    |r_V_10_reg_5118_pp0_iter1_reg            |   8|   0|    8|          0|
    |r_V_10_reg_5118_pp0_iter2_reg            |   8|   0|    8|          0|
    |r_V_11_reg_5123                          |   8|   0|    8|          0|
    |r_V_12_reg_5128                          |   8|   0|    8|          0|
    |r_V_12_reg_5128_pp0_iter1_reg            |   8|   0|    8|          0|
    |r_V_13_reg_5133                          |   8|   0|    8|          0|
    |r_V_13_reg_5133_pp0_iter1_reg            |   8|   0|    8|          0|
    |r_V_13_reg_5133_pp0_iter2_reg            |   8|   0|    8|          0|
    |r_V_14_reg_5138                          |   8|   0|    8|          0|
    |r_V_15_reg_5143                          |   8|   0|    8|          0|
    |r_V_15_reg_5143_pp0_iter1_reg            |   8|   0|    8|          0|
    |r_V_16_reg_5148                          |   8|   0|    8|          0|
    |r_V_16_reg_5148_pp0_iter1_reg            |   8|   0|    8|          0|
    |r_V_16_reg_5148_pp0_iter2_reg            |   8|   0|    8|          0|
    |r_V_17_reg_5153                          |   8|   0|    8|          0|
    |r_V_18_reg_5158                          |   8|   0|    8|          0|
    |r_V_18_reg_5158_pp0_iter1_reg            |   8|   0|    8|          0|
    |r_V_19_reg_5163                          |   8|   0|    8|          0|
    |r_V_19_reg_5163_pp0_iter1_reg            |   8|   0|    8|          0|
    |r_V_19_reg_5163_pp0_iter2_reg            |   8|   0|    8|          0|
    |r_V_1_reg_5073                           |   8|   0|    8|          0|
    |r_V_1_reg_5073_pp0_iter1_reg             |   8|   0|    8|          0|
    |r_V_20_reg_5168                          |   8|   0|    8|          0|
    |r_V_21_reg_5173                          |   8|   0|    8|          0|
    |r_V_21_reg_5173_pp0_iter1_reg            |   8|   0|    8|          0|
    |r_V_21_reg_5173_pp0_iter2_reg            |   8|   0|    8|          0|
    |r_V_21_reg_5173_pp0_iter3_reg            |   8|   0|    8|          0|
    |r_V_22_reg_5178                          |   8|   0|    8|          0|
    |r_V_22_reg_5178_pp0_iter1_reg            |   8|   0|    8|          0|
    |r_V_23_reg_5183                          |   8|   0|    8|          0|
    |r_V_23_reg_5183_pp0_iter1_reg            |   8|   0|    8|          0|
    |r_V_23_reg_5183_pp0_iter2_reg            |   8|   0|    8|          0|
    |r_V_23_reg_5183_pp0_iter3_reg            |   8|   0|    8|          0|
    |r_V_24_reg_5188                          |   8|   0|    8|          0|
    |r_V_24_reg_5188_pp0_iter1_reg            |   8|   0|    8|          0|
    |r_V_2_reg_5078                           |   8|   0|    8|          0|
    |r_V_3_reg_5083                           |   8|   0|    8|          0|
    |r_V_3_reg_5083_pp0_iter1_reg             |   8|   0|    8|          0|
    |r_V_4_reg_5088                           |   8|   0|    8|          0|
    |r_V_4_reg_5088_pp0_iter1_reg             |   8|   0|    8|          0|
    |r_V_4_reg_5088_pp0_iter2_reg             |   8|   0|    8|          0|
    |r_V_5_reg_5093                           |   8|   0|    8|          0|
    |r_V_6_reg_5098                           |   8|   0|    8|          0|
    |r_V_6_reg_5098_pp0_iter1_reg             |   8|   0|    8|          0|
    |r_V_7_reg_5103                           |   8|   0|    8|          0|
    |r_V_7_reg_5103_pp0_iter1_reg             |   8|   0|    8|          0|
    |r_V_7_reg_5103_pp0_iter2_reg             |   8|   0|    8|          0|
    |r_V_8_reg_5108                           |   8|   0|    8|          0|
    |r_V_9_reg_5113                           |   8|   0|    8|          0|
    |r_V_9_reg_5113_pp0_iter1_reg             |   8|   0|    8|          0|
    |r_V_reg_5068                             |   8|   0|    8|          0|
    |r_V_reg_5068_pp0_iter1_reg               |   8|   0|    8|          0|
    |r_V_reg_5068_pp0_iter2_reg               |   8|   0|    8|          0|
    +-----------------------------------------+----+----+-----+-----------+
    |Total                                    |1112|   0| 1112|          0|
    +-----------------------------------------+----+----+-----+-----------+



================================================================
== Interface
================================================================
* Summary: 
+---------------+-----+-----+------------+-------------------------------------+--------------+
|   RTL Ports   | Dir | Bits|  Protocol  |            Source Object            |    C Type    |
+---------------+-----+-----+------------+-------------------------------------+--------------+
|ap_clk         |   in|    1|  ap_ctrl_hs|  Matrix_Vector_Activate_Stream_Batch|  return value|
|ap_rst         |   in|    1|  ap_ctrl_hs|  Matrix_Vector_Activate_Stream_Batch|  return value|
|ap_start       |   in|    1|  ap_ctrl_hs|  Matrix_Vector_Activate_Stream_Batch|  return value|
|ap_done        |  out|    1|  ap_ctrl_hs|  Matrix_Vector_Activate_Stream_Batch|  return value|
|ap_idle        |  out|    1|  ap_ctrl_hs|  Matrix_Vector_Activate_Stream_Batch|  return value|
|ap_ready       |  out|    1|  ap_ctrl_hs|  Matrix_Vector_Activate_Stream_Batch|  return value|
|in0_V_TVALID   |   in|    1|        axis|                                in0_V|       pointer|
|in0_V_TDATA    |   in|  200|        axis|                                in0_V|       pointer|
|in0_V_TREADY   |  out|    1|        axis|                                in0_V|       pointer|
|in1_V_TVALID   |   in|    1|        axis|                                in1_V|       pointer|
|in1_V_TDATA    |   in|  304|        axis|                                in1_V|       pointer|
|in1_V_TREADY   |  out|    1|        axis|                                in1_V|       pointer|
|out0_V_TREADY  |   in|    1|        axis|                               out0_V|       pointer|
|out0_V_TDATA   |  out|    8|        axis|                               out0_V|       pointer|
|out0_V_TVALID  |  out|    1|        axis|                               out0_V|       pointer|
+---------------+-----+-----+------------+-------------------------------------+--------------+

