

================================================================
== Vitis HLS Report for 'StreamingMaxPool_hls_1_Pipeline_VITIS_LOOP_79_3_VITIS_LOOP_80_4_VITIS_LOOP_82_5'
================================================================
* Date:           Sun Jun 22 17:18:13 2025

* Version:        2022.2 (Build 3670227 on Oct 13 2022)
* Project:        project_StreamingMaxPool_hls_1
* Solution:       sol1 (Vivado IP Flow Target)
* Product family: zynquplus
* Target device:  xczu7ev-ffvc1156-2-e


================================================================
== Performance Estimates
================================================================
+ Timing: 
    * Summary: 
    +--------+----------+----------+------------+
    |  Clock |  Target  | Estimated| Uncertainty|
    +--------+----------+----------+------------+
    |ap_clk  |  10.00 ns|  2.519 ns|     2.70 ns|
    +--------+----------+----------+------------+

+ Latency: 
    * Summary: 
    +---------+---------+----------+----------+-----+-----+---------+
    |  Latency (cycles) |  Latency (absolute) |  Interval | Pipeline|
    |   min   |   max   |    min   |    max   | min | max |   Type  |
    +---------+---------+----------+----------+-----+-----+---------+
    |       23|       23|  0.230 us|  0.230 us|   23|   23|       no|
    +---------+---------+----------+----------+-----+-----+---------+

    + Detail: 
        * Instance: 
        N/A

        * Loop: 
        +---------------------------------------------------+---------+---------+----------+-----------+-----------+------+----------+
        |                                                   |  Latency (cycles) | Iteration|  Initiation Interval  | Trip |          |
        |                     Loop Name                     |   min   |   max   |  Latency |  achieved |   target  | Count| Pipelined|
        +---------------------------------------------------+---------+---------+----------+-----------+-----------+------+----------+
        |- VITIS_LOOP_79_3_VITIS_LOOP_80_4_VITIS_LOOP_82_5  |       21|       21|         3|          1|          1|    20|  yes(flp)|
        +---------------------------------------------------+---------+---------+----------+-----------+-----------+------+----------+

============================================================
+ Verbose Summary: Synthesis Manager
============================================================
InlineROM: 1
ExposeGlobal: 0
============================================================
+ Verbose Summary: CDFG Model
============================================================
IsTopModel: 0
ResetActiveHigh: 1
IsCombinational: 0
IsDatapathOnly: 0
HasWiredReturn: 1
HasMFsm: 1
HasVarLatency: 1
IsPipeline: 0
IsRtlPipelined: 0
IsInstanceOverlapped: 0
IsDontTouch: 0
HasImplIP: 0
IsGatedGlobalClock: 0

+ Individual pipeline summary: 
  * Pipeline-0: initiation interval (II) = 1, depth = 3


============================================================
+ Verbose Summary: Schedule
============================================================
* Number of FSM states : 3
* Pipeline : 1
  Pipeline-0 : II = 1, D = 3, States = { 1 2 3 }
* Dataflow Pipeline: 0

* FSM state transitions: 
1 --> 2 
2 --> 3 
3 --> 

* FSM state operations: 

State 1 <SV = 0> <Delay = 1.21>
ST_1 : Operation 6 [1/1] (0.00ns)   --->   "%lhs_V = alloca i32 1"   --->   Operation 6 'alloca' 'lhs_V' <Predicate = true> <Delay = 0.00>
ST_1 : Operation 7 [1/1] (0.00ns)   --->   "%kx = alloca i32 1"   --->   Operation 7 'alloca' 'kx' <Predicate = true> <Delay = 0.00>
ST_1 : Operation 8 [1/1] (0.00ns)   --->   "%xp = alloca i32 1"   --->   Operation 8 'alloca' 'xp' <Predicate = true> <Delay = 0.00>
ST_1 : Operation 9 [1/1] (0.00ns)   --->   "%indvar_flatten = alloca i32 1"   --->   Operation 9 'alloca' 'indvar_flatten' <Predicate = true> <Delay = 0.00>
ST_1 : Operation 10 [1/1] (0.00ns)   --->   "%indvar_flatten14 = alloca i32 1"   --->   Operation 10 'alloca' 'indvar_flatten14' <Predicate = true> <Delay = 0.00>
ST_1 : Operation 11 [1/1] (0.00ns)   --->   "%specinterface_ln0 = specinterface void @_ssdm_op_SpecInterface, i16 %in0_V, void @empty, i32 0, i32 0, void @empty_0, i32 0, i32 0, void @empty_1, void @empty_1, void @empty_1, i32 0, i32 0, i32 0, i32 0, void @empty_1, void @empty_1, i32 4294967295, i32 0"   --->   Operation 11 'specinterface' 'specinterface_ln0' <Predicate = true> <Delay = 0.00>
ST_1 : Operation 12 [1/1] (0.42ns)   --->   "%store_ln0 = store i5 0, i5 %indvar_flatten14"   --->   Operation 12 'store' 'store_ln0' <Predicate = true> <Delay = 0.42>
ST_1 : Operation 13 [1/1] (0.42ns)   --->   "%store_ln0 = store i5 0, i5 %indvar_flatten"   --->   Operation 13 'store' 'store_ln0' <Predicate = true> <Delay = 0.42>
ST_1 : Operation 14 [1/1] (0.42ns)   --->   "%store_ln0 = store i3 0, i3 %xp"   --->   Operation 14 'store' 'store_ln0' <Predicate = true> <Delay = 0.42>
ST_1 : Operation 15 [1/1] (0.42ns)   --->   "%store_ln0 = store i2 0, i2 %kx"   --->   Operation 15 'store' 'store_ln0' <Predicate = true> <Delay = 0.42>
ST_1 : Operation 16 [1/1] (0.42ns)   --->   "%store_ln0 = store i16 0, i16 %lhs_V"   --->   Operation 16 'store' 'store_ln0' <Predicate = true> <Delay = 0.42>
ST_1 : Operation 17 [1/1] (0.00ns)   --->   "%br_ln0 = br void %for.inc21.i"   --->   Operation 17 'br' 'br_ln0' <Predicate = true> <Delay = 0.00>
ST_1 : Operation 18 [1/1] (0.00ns)   --->   "%indvar_flatten14_load = load i5 %indvar_flatten14" [/home/changhong/prj/finn/deps/finn-hlslib/maxpool.h:79]   --->   Operation 18 'load' 'indvar_flatten14_load' <Predicate = true> <Delay = 0.00>
ST_1 : Operation 19 [1/1] (0.75ns)   --->   "%icmp_ln79 = icmp_eq  i5 %indvar_flatten14_load, i5 20" [/home/changhong/prj/finn/deps/finn-hlslib/maxpool.h:79]   --->   Operation 19 'icmp' 'icmp_ln79' <Predicate = true> <Delay = 0.75> <CoreInst = "Cmp">   --->   Core 9 'Cmp' <Latency = 0> <II = 1> <Delay = 0.75> <FuncUnit> <Opcode : 'icmp'> <InPorts = 2> <OutPorts = 1>
ST_1 : Operation 20 [1/1] (0.78ns)   --->   "%add_ln79 = add i5 %indvar_flatten14_load, i5 1" [/home/changhong/prj/finn/deps/finn-hlslib/maxpool.h:79]   --->   Operation 20 'add' 'add_ln79' <Predicate = true> <Delay = 0.78> <CoreInst = "Adder">   --->   Core 1 'Adder' <Latency = 0> <II = 1> <Delay = 0.78> <FuncUnit> <Opcode : 'add' 'sub'> <InPorts = 2> <OutPorts = 1>
ST_1 : Operation 21 [1/1] (0.00ns)   --->   "%br_ln79 = br i1 %icmp_ln79, void %for.inc29.i, void %for.inc41.i.preheader.exitStub" [/home/changhong/prj/finn/deps/finn-hlslib/maxpool.h:79]   --->   Operation 21 'br' 'br_ln79' <Predicate = true> <Delay = 0.00>
ST_1 : Operation 22 [1/1] (0.00ns)   --->   "%rhs_V = read i16 @_ssdm_op_Read.axis.volatile.i16P128A, i16 %in0_V" [/home/changhong/prj/finn/deps/finn-hlslib/maxpool.h:84]   --->   Operation 22 'read' 'rhs_V' <Predicate = (!icmp_ln79)> <Delay = 0.00> <CoreInst = "axis">   --->   Core 123 'axis' <Latency = 0> <II = 1> <Delay = 1.00> <Adapter> <Opcode : >
ST_1 : Operation 23 [1/1] (0.42ns)   --->   "%store_ln79 = store i5 %add_ln79, i5 %indvar_flatten14" [/home/changhong/prj/finn/deps/finn-hlslib/maxpool.h:79]   --->   Operation 23 'store' 'store_ln79' <Predicate = (!icmp_ln79)> <Delay = 0.42>

State 2 <SV = 1> <Delay = 2.51>
ST_2 : Operation 24 [1/1] (0.00ns)   --->   "%indvar_flatten_load = load i5 %indvar_flatten" [/home/changhong/prj/finn/deps/finn-hlslib/maxpool.h:80]   --->   Operation 24 'load' 'indvar_flatten_load' <Predicate = true> <Delay = 0.00>
ST_2 : Operation 25 [1/1] (0.00ns)   --->   "%lhs_V_load = load i16 %lhs_V" [/home/changhong/prj/finn/deps/finn-hlslib/maxpool.h:80]   --->   Operation 25 'load' 'lhs_V_load' <Predicate = (!icmp_ln79)> <Delay = 0.00>
ST_2 : Operation 26 [1/1] (0.00ns)   --->   "%kx_load = load i2 %kx" [/home/changhong/prj/finn/deps/finn-hlslib/maxpool.h:82]   --->   Operation 26 'load' 'kx_load' <Predicate = (!icmp_ln79)> <Delay = 0.00>
ST_2 : Operation 27 [1/1] (0.00ns)   --->   "%xp_load = load i3 %xp" [/home/changhong/prj/finn/deps/finn-hlslib/maxpool.h:79]   --->   Operation 27 'load' 'xp_load' <Predicate = (!icmp_ln79)> <Delay = 0.00>
ST_2 : Operation 28 [1/1] (0.00ns)   --->   "%specloopname_ln0 = specloopname void @_ssdm_op_SpecLoopName, void @VITIS_LOOP_79_3_VITIS_LOOP_80_4_VITIS_LOOP_82_5_str"   --->   Operation 28 'specloopname' 'specloopname_ln0' <Predicate = (!icmp_ln79)> <Delay = 0.00>
ST_2 : Operation 29 [1/1] (0.00ns)   --->   "%empty = speclooptripcount i32 @_ssdm_op_SpecLoopTripCount, i64 20, i64 20, i64 20"   --->   Operation 29 'speclooptripcount' 'empty' <Predicate = (!icmp_ln79)> <Delay = 0.00>
ST_2 : Operation 30 [1/1] (0.75ns)   --->   "%icmp_ln80 = icmp_eq  i5 %indvar_flatten_load, i5 10" [/home/changhong/prj/finn/deps/finn-hlslib/maxpool.h:80]   --->   Operation 30 'icmp' 'icmp_ln80' <Predicate = (!icmp_ln79)> <Delay = 0.75> <CoreInst = "Cmp">   --->   Core 9 'Cmp' <Latency = 0> <II = 1> <Delay = 0.75> <FuncUnit> <Opcode : 'icmp'> <InPorts = 2> <OutPorts = 1>
ST_2 : Operation 31 [1/1] (0.20ns)   --->   "%select_ln79 = select i1 %icmp_ln80, i3 0, i3 %xp_load" [/home/changhong/prj/finn/deps/finn-hlslib/maxpool.h:79]   --->   Operation 31 'select' 'select_ln79' <Predicate = (!icmp_ln79)> <Delay = 0.20> <CoreInst = "Sel">   --->   Core 73 'Sel' <Latency = 0> <II = 1> <Delay = 0.20> <FuncUnit> <Opcode : 'select'> <InPorts = 3> <OutPorts = 1>
ST_2 : Operation 32 [1/1] (0.00ns) (grouped into LUT with out node and_ln79)   --->   "%xor_ln79 = xor i1 %icmp_ln80, i1 1" [/home/changhong/prj/finn/deps/finn-hlslib/maxpool.h:79]   --->   Operation 32 'xor' 'xor_ln79' <Predicate = (!icmp_ln79)> <Delay = 0.00> <CoreInst = "LogicGate">   --->   Core 74 'LogicGate' <Latency = 0> <II = 1> <Delay = 0.28> <FuncUnit> <Opcode : 'and' 'or' 'xor'> <InPorts = 2> <OutPorts = 1>
ST_2 : Operation 33 [1/1] (0.44ns)   --->   "%icmp_ln82 = icmp_eq  i2 %kx_load, i2 2" [/home/changhong/prj/finn/deps/finn-hlslib/maxpool.h:82]   --->   Operation 33 'icmp' 'icmp_ln82' <Predicate = (!icmp_ln79)> <Delay = 0.44> <CoreInst = "Cmp">   --->   Core 9 'Cmp' <Latency = 0> <II = 1> <Delay = 0.44> <FuncUnit> <Opcode : 'icmp'> <InPorts = 2> <OutPorts = 1>
ST_2 : Operation 34 [1/1] (0.28ns) (out node of the LUT)   --->   "%and_ln79 = and i1 %icmp_ln82, i1 %xor_ln79" [/home/changhong/prj/finn/deps/finn-hlslib/maxpool.h:79]   --->   Operation 34 'and' 'and_ln79' <Predicate = (!icmp_ln79)> <Delay = 0.28> <CoreInst = "LogicGate">   --->   Core 74 'LogicGate' <Latency = 0> <II = 1> <Delay = 0.28> <FuncUnit> <Opcode : 'and' 'or' 'xor'> <InPorts = 2> <OutPorts = 1>
ST_2 : Operation 35 [1/1] (0.67ns)   --->   "%add_ln80 = add i3 %select_ln79, i3 1" [/home/changhong/prj/finn/deps/finn-hlslib/maxpool.h:80]   --->   Operation 35 'add' 'add_ln80' <Predicate = (!icmp_ln79)> <Delay = 0.67> <CoreInst = "Adder">   --->   Core 1 'Adder' <Latency = 0> <II = 1> <Delay = 0.67> <FuncUnit> <Opcode : 'add' 'sub'> <InPorts = 2> <OutPorts = 1>
ST_2 : Operation 36 [1/1] (0.00ns)   --->   "%specloopname_ln0 = specloopname void @_ssdm_op_SpecLoopName, void @VITIS_LOOP_80_4_VITIS_LOOP_82_5_str"   --->   Operation 36 'specloopname' 'specloopname_ln0' <Predicate = (!icmp_ln79)> <Delay = 0.00>
ST_2 : Operation 37 [1/1] (0.28ns)   --->   "%or_ln80 = or i1 %and_ln79, i1 %icmp_ln80" [/home/changhong/prj/finn/deps/finn-hlslib/maxpool.h:80]   --->   Operation 37 'or' 'or_ln80' <Predicate = (!icmp_ln79)> <Delay = 0.28> <CoreInst = "LogicGate">   --->   Core 74 'LogicGate' <Latency = 0> <II = 1> <Delay = 0.28> <FuncUnit> <Opcode : 'and' 'or' 'xor'> <InPorts = 2> <OutPorts = 1>
ST_2 : Operation 38 [1/1] (0.00ns) (grouped into LUT with out node ret_V)   --->   "%select_ln80 = select i1 %or_ln80, i16 0, i16 %lhs_V_load" [/home/changhong/prj/finn/deps/finn-hlslib/maxpool.h:80]   --->   Operation 38 'select' 'select_ln80' <Predicate = (!icmp_ln79)> <Delay = 0.00> <CoreInst = "Sel">   --->   Core 73 'Sel' <Latency = 0> <II = 1> <Delay = 0.35> <FuncUnit> <Opcode : 'select'> <InPorts = 3> <OutPorts = 1>
ST_2 : Operation 39 [1/1] (0.20ns)   --->   "%select_ln80_1 = select i1 %and_ln79, i3 %add_ln80, i3 %select_ln79" [/home/changhong/prj/finn/deps/finn-hlslib/maxpool.h:80]   --->   Operation 39 'select' 'select_ln80_1' <Predicate = (!icmp_ln79)> <Delay = 0.20> <CoreInst = "Sel">   --->   Core 73 'Sel' <Latency = 0> <II = 1> <Delay = 0.20> <FuncUnit> <Opcode : 'select'> <InPorts = 3> <OutPorts = 1>
ST_2 : Operation 40 [1/1] (0.00ns)   --->   "%zext_ln80 = zext i3 %select_ln80_1" [/home/changhong/prj/finn/deps/finn-hlslib/maxpool.h:80]   --->   Operation 40 'zext' 'zext_ln80' <Predicate = (!icmp_ln79)> <Delay = 0.00>
ST_2 : Operation 41 [1/1] (0.00ns)   --->   "%specpipeline_ln83 = specpipeline void @_ssdm_op_SpecPipeline, i32 1, i32 2, i32 0, i32 0, void @empty_1" [/home/changhong/prj/finn/deps/finn-hlslib/maxpool.h:83]   --->   Operation 41 'specpipeline' 'specpipeline_ln83' <Predicate = (!icmp_ln79)> <Delay = 0.00>
ST_2 : Operation 42 [1/1] (0.00ns)   --->   "%specloopname_ln81 = specloopname void @_ssdm_op_SpecLoopName, void @empty_4" [/home/changhong/prj/finn/deps/finn-hlslib/maxpool.h:81]   --->   Operation 42 'specloopname' 'specloopname_ln81' <Predicate = (!icmp_ln79)> <Delay = 0.00>
ST_2 : Operation 43 [1/1] (0.35ns) (out node of the LUT)   --->   "%ret_V = or i16 %rhs_V, i16 %select_ln80"   --->   Operation 43 'or' 'ret_V' <Predicate = (!icmp_ln79)> <Delay = 0.35> <CoreInst = "LogicGate">   --->   Core 74 'LogicGate' <Latency = 0> <II = 1> <Delay = 0.18> <FuncUnit> <Opcode : 'and' 'or' 'xor'> <InPorts = 2> <OutPorts = 1>
ST_2 : Operation 44 [1/1] (0.54ns)   --->   "%add_ln82 = add i2 %kx_load, i2 1" [/home/changhong/prj/finn/deps/finn-hlslib/maxpool.h:82]   --->   Operation 44 'add' 'add_ln82' <Predicate = (!icmp_ln79)> <Delay = 0.54> <CoreInst = "Adder">   --->   Core 1 'Adder' <Latency = 0> <II = 1> <Delay = 0.54> <FuncUnit> <Opcode : 'add' 'sub'> <InPorts = 2> <OutPorts = 1>
ST_2 : Operation 45 [1/1] (0.17ns)   --->   "%kx_1 = select i1 %or_ln80, i2 1, i2 %add_ln82" [/home/changhong/prj/finn/deps/finn-hlslib/maxpool.h:82]   --->   Operation 45 'select' 'kx_1' <Predicate = (!icmp_ln79)> <Delay = 0.17> <CoreInst = "Sel">   --->   Core 73 'Sel' <Latency = 0> <II = 1> <Delay = 0.17> <FuncUnit> <Opcode : 'select'> <InPorts = 3> <OutPorts = 1>
ST_2 : Operation 46 [1/1] (0.44ns)   --->   "%icmp_ln82_1 = icmp_eq  i2 %kx_1, i2 2" [/home/changhong/prj/finn/deps/finn-hlslib/maxpool.h:82]   --->   Operation 46 'icmp' 'icmp_ln82_1' <Predicate = (!icmp_ln79)> <Delay = 0.44> <CoreInst = "Cmp">   --->   Core 9 'Cmp' <Latency = 0> <II = 1> <Delay = 0.44> <FuncUnit> <Opcode : 'icmp'> <InPorts = 2> <OutPorts = 1>
ST_2 : Operation 47 [1/1] (0.00ns)   --->   "%br_ln82 = br i1 %icmp_ln82_1, void %ifFalse, void %ifTrue" [/home/changhong/prj/finn/deps/finn-hlslib/maxpool.h:82]   --->   Operation 47 'br' 'br_ln82' <Predicate = (!icmp_ln79)> <Delay = 0.00>
ST_2 : Operation 48 [1/1] (0.00ns)   --->   "%buf_V_addr = getelementptr i16 %buf_V, i64 0, i64 %zext_ln80"   --->   Operation 48 'getelementptr' 'buf_V_addr' <Predicate = (!icmp_ln79 & icmp_ln82_1)> <Delay = 0.00>
ST_2 : Operation 49 [2/2] (0.67ns)   --->   "%buf_V_load = load i3 %buf_V_addr"   --->   Operation 49 'load' 'buf_V_load' <Predicate = (!icmp_ln79 & icmp_ln82_1)> <Delay = 0.67> <CoreInst = "RAM">   --->   Core 83 'RAM' <Latency = 1> <II = 1> <Delay = 0.67> <Storage> <Opcode : 'load' 'store'> <Ports = 2> <Width = 16> <Depth = 5> <RAM>
ST_2 : Operation 50 [1/1] (0.78ns)   --->   "%add_ln80_1 = add i5 %indvar_flatten_load, i5 1" [/home/changhong/prj/finn/deps/finn-hlslib/maxpool.h:80]   --->   Operation 50 'add' 'add_ln80_1' <Predicate = (!icmp_ln79)> <Delay = 0.78> <CoreInst = "Adder">   --->   Core 1 'Adder' <Latency = 0> <II = 1> <Delay = 0.78> <FuncUnit> <Opcode : 'add' 'sub'> <InPorts = 2> <OutPorts = 1>
ST_2 : Operation 51 [1/1] (0.41ns)   --->   "%select_ln80_2 = select i1 %icmp_ln80, i5 1, i5 %add_ln80_1" [/home/changhong/prj/finn/deps/finn-hlslib/maxpool.h:80]   --->   Operation 51 'select' 'select_ln80_2' <Predicate = (!icmp_ln79)> <Delay = 0.41> <CoreInst = "Sel">   --->   Core 73 'Sel' <Latency = 0> <II = 1> <Delay = 0.41> <FuncUnit> <Opcode : 'select'> <InPorts = 3> <OutPorts = 1>
ST_2 : Operation 52 [1/1] (0.42ns)   --->   "%store_ln80 = store i5 %select_ln80_2, i5 %indvar_flatten" [/home/changhong/prj/finn/deps/finn-hlslib/maxpool.h:80]   --->   Operation 52 'store' 'store_ln80' <Predicate = (!icmp_ln79)> <Delay = 0.42>
ST_2 : Operation 53 [1/1] (0.42ns)   --->   "%store_ln80 = store i3 %select_ln80_1, i3 %xp" [/home/changhong/prj/finn/deps/finn-hlslib/maxpool.h:80]   --->   Operation 53 'store' 'store_ln80' <Predicate = (!icmp_ln79)> <Delay = 0.42>
ST_2 : Operation 54 [1/1] (0.42ns)   --->   "%store_ln82 = store i2 %kx_1, i2 %kx" [/home/changhong/prj/finn/deps/finn-hlslib/maxpool.h:82]   --->   Operation 54 'store' 'store_ln82' <Predicate = (!icmp_ln79)> <Delay = 0.42>
ST_2 : Operation 55 [1/1] (0.42ns)   --->   "%store_ln1498 = store i16 %ret_V, i16 %lhs_V"   --->   Operation 55 'store' 'store_ln1498' <Predicate = (!icmp_ln79)> <Delay = 0.42>
ST_2 : Operation 56 [1/1] (0.00ns)   --->   "%br_ln0 = br void %for.inc21.i"   --->   Operation 56 'br' 'br_ln0' <Predicate = (!icmp_ln79)> <Delay = 0.00>

State 3 <SV = 2> <Delay = 1.54>
ST_3 : Operation 57 [1/2] (0.67ns)   --->   "%buf_V_load = load i3 %buf_V_addr"   --->   Operation 57 'load' 'buf_V_load' <Predicate = (!icmp_ln79 & icmp_ln82_1)> <Delay = 0.67> <CoreInst = "RAM">   --->   Core 83 'RAM' <Latency = 1> <II = 1> <Delay = 0.67> <Storage> <Opcode : 'load' 'store'> <Ports = 2> <Width = 16> <Depth = 5> <RAM>
ST_3 : Operation 58 [1/1] (0.18ns)   --->   "%or_ln858 = or i16 %buf_V_load, i16 %ret_V"   --->   Operation 58 'or' 'or_ln858' <Predicate = (!icmp_ln79 & icmp_ln82_1)> <Delay = 0.18> <CoreInst = "LogicGate">   --->   Core 74 'LogicGate' <Latency = 0> <II = 1> <Delay = 0.18> <FuncUnit> <Opcode : 'and' 'or' 'xor'> <InPorts = 2> <OutPorts = 1>
ST_3 : Operation 59 [1/1] (0.67ns)   --->   "%store_ln858 = store i16 %or_ln858, i3 %buf_V_addr"   --->   Operation 59 'store' 'store_ln858' <Predicate = (!icmp_ln79 & icmp_ln82_1)> <Delay = 0.67> <CoreInst = "RAM">   --->   Core 83 'RAM' <Latency = 1> <II = 1> <Delay = 0.67> <Storage> <Opcode : 'load' 'store'> <Ports = 2> <Width = 16> <Depth = 5> <RAM>
ST_3 : Operation 60 [1/1] (0.00ns)   --->   "%br_ln0 = br void %ifFalse"   --->   Operation 60 'br' 'br_ln0' <Predicate = (!icmp_ln79 & icmp_ln82_1)> <Delay = 0.00>
ST_3 : Operation 61 [1/1] (0.00ns)   --->   "%ret_ln0 = ret"   --->   Operation 61 'ret' 'ret_ln0' <Predicate = (icmp_ln79)> <Delay = 0.00>


============================================================
+ Verbose Summary: Timing violations
============================================================
Target clock period: 10ns, clock uncertainty: 2.7ns.

 <State 1>: 1.22ns
The critical path consists of the following:
	'alloca' operation ('indvar_flatten14') [7]  (0 ns)
	'load' operation ('indvar_flatten14_load', /home/changhong/prj/finn/deps/finn-hlslib/maxpool.h:79) on local variable 'indvar_flatten14' [17]  (0 ns)
	'add' operation ('add_ln79', /home/changhong/prj/finn/deps/finn-hlslib/maxpool.h:79) [19]  (0.789 ns)
	'store' operation ('store_ln79', /home/changhong/prj/finn/deps/finn-hlslib/maxpool.h:79) of variable 'add_ln79', /home/changhong/prj/finn/deps/finn-hlslib/maxpool.h:79 on local variable 'indvar_flatten14' [55]  (0.427 ns)

 <State 2>: 2.52ns
The critical path consists of the following:
	'load' operation ('indvar_flatten_load', /home/changhong/prj/finn/deps/finn-hlslib/maxpool.h:80) on local variable 'indvar_flatten' [16]  (0 ns)
	'icmp' operation ('icmp_ln80', /home/changhong/prj/finn/deps/finn-hlslib/maxpool.h:80) [27]  (0.753 ns)
	'select' operation ('select_ln79', /home/changhong/prj/finn/deps/finn-hlslib/maxpool.h:79) [28]  (0.208 ns)
	'add' operation ('add_ln80', /home/changhong/prj/finn/deps/finn-hlslib/maxpool.h:80) [32]  (0.673 ns)
	'select' operation ('select_ln80_1', /home/changhong/prj/finn/deps/finn-hlslib/maxpool.h:80) [36]  (0.208 ns)
	'getelementptr' operation ('buf_V_addr') [47]  (0 ns)
	'load' operation ('buf_V_load') on array 'buf_V' [48]  (0.677 ns)

 <State 3>: 1.54ns
The critical path consists of the following:
	'load' operation ('buf_V_load') on array 'buf_V' [48]  (0.677 ns)
	'or' operation ('or_ln858') [49]  (0.187 ns)
	'store' operation ('store_ln858') of variable 'or_ln858' on array 'buf_V' [50]  (0.677 ns)


============================================================
+ Verbose Summary: Binding
============================================================
N/A
* FSMD analyzer results:
  - Output states:
 - Input state : 
  - Chain level:
	State 1
	State 2
	State 3


============================================================
+ Verbose Summary: Datapath Resource usage 
============================================================
N/A
