

================================================================
== Vitis HLS Report for 'Matrix_Vector_Activate_Stream_Batch'
================================================================
* Date:           Sun Jun 22 17:08:26 2025

* Version:        2022.2 (Build 3670227 on Oct 13 2022)
* Project:        project_MVAU_hls_3
* Solution:       sol1 (Vivado IP Flow Target)
* Product family: zynquplus
* Target device:  xczu7ev-ffvc1156-2-e


================================================================
== Performance Estimates
================================================================
+ Timing: 
    * Summary: 
    +--------+----------+----------+------------+
    |  Clock |  Target  | Estimated| Uncertainty|
    +--------+----------+----------+------------+
    |ap_clk  |  10.00 ns|  3.180 ns|     2.70 ns|
    +--------+----------+----------+------------+

+ Latency: 
    * Summary: 
    +---------+---------+-----------+-----------+------+------+---------+
    |  Latency (cycles) |   Latency (absolute)  |   Interval  | Pipeline|
    |   min   |   max   |    min    |    max    |  min |  max |   Type  |
    +---------+---------+-----------+-----------+------+------+---------+
    |     1011|     1011|  10.110 us|  10.110 us|  1011|  1011|       no|
    +---------+---------+-----------+-----------+------+------+---------+

    + Detail: 
        * Instance: 
        N/A

        * Loop: 
        +--------------------+---------+---------+----------+-----------+-----------+------+----------+
        |                    |  Latency (cycles) | Iteration|  Initiation Interval  | Trip |          |
        |      Loop Name     |   min   |   max   |  Latency |  achieved |   target  | Count| Pipelined|
        +--------------------+---------+---------+----------+-----------+-----------+------+----------+
        |- VITIS_LOOP_249_1  |     1009|     1009|         3|          1|          1|  1008|  yes(flp)|
        +--------------------+---------+---------+----------+-----------+-----------+------+----------+



================================================================
== Utilization Estimates
================================================================
* Summary: 
+-----------------+---------+------+--------+--------+-----+
|       Name      | BRAM_18K|  DSP |   FF   |   LUT  | URAM|
+-----------------+---------+------+--------+--------+-----+
|DSP              |        -|     -|       -|       -|    -|
|Expression       |        -|     -|       0|     364|    -|
|FIFO             |        -|     -|       -|       -|    -|
|Instance         |        -|     -|       0|      65|    -|
|Memory           |        0|     -|       7|      10|    -|
|Multiplexer      |        -|     -|       -|     146|    -|
|Register         |        -|     -|     262|       -|    -|
+-----------------+---------+------+--------+--------+-----+
|Total            |        0|     0|     269|     585|    0|
+-----------------+---------+------+--------+--------+-----+
|Available        |      624|  1728|  460800|  230400|   96|
+-----------------+---------+------+--------+--------+-----+
|Utilization (%)  |        0|     0|      ~0|      ~0|    0|
+-----------------+---------+------+--------+--------+-----+

+ Detail: 
    * Instance: 
    +-------------------+----------------+---------+----+---+----+-----+
    |      Instance     |     Module     | BRAM_18K| DSP| FF| LUT| URAM|
    +-------------------+----------------+---------+----+---+----+-----+
    |mux_124_10_1_1_U1  |mux_124_10_1_1  |        0|   0|  0|  65|    0|
    +-------------------+----------------+---------+----+---+----+-----+
    |Total              |                |        0|   0|  0|  65|    0|
    +-------------------+----------------+---------+----+---+----+-----+

    * DSP: 
    N/A

    * Memory: 
    +-----------+---------------------------------------------------------+---------+---+----+-----+------+-----+------+-------------+
    |   Memory  |                          Module                         | BRAM_18K| FF| LUT| URAM| Words| Bits| Banks| W*Bits*Banks|
    +-----------+---------------------------------------------------------+---------+---+----+-----+------+-----+------+-------------+
    |threshs_U  |Matrix_Vector_Activate_Stream_Batch_threshs_ROM_AUTO_1R  |        0|  7|  10|    0|    84|    7|     1|          588|
    +-----------+---------------------------------------------------------+---------+---+----+-----+------+-----+------+-------------+
    |Total      |                                                         |        0|  7|  10|    0|    84|    7|     1|          588|
    +-----------+---------------------------------------------------------+---------+---+----+-----+------+-----+------+-------------+

    * FIFO: 
    N/A

    * Expression: 
    +----------------------------------+----------+----+---+----+------------+------------+
    |           Variable Name          | Operation| DSP| FF| LUT| Bitwidth P0| Bitwidth P1|
    +----------------------------------+----------+----+---+----+------------+------------+
    |add_ln840_1_fu_751_p2             |         +|   0|  0|   2|           2|           2|
    |add_ln840_2_fu_757_p2             |         +|   0|  0|   2|           2|           2|
    |add_ln840_3_fu_767_p2             |         +|   0|  0|  19|           8|           8|
    |add_ln840_4_fu_773_p2             |         +|   0|  0|   2|           2|           2|
    |add_ln840_5_fu_779_p2             |         +|   0|  0|   2|           2|           2|
    |add_ln840_6_fu_789_p2             |         +|   0|  0|   2|           2|           2|
    |add_ln840_7_fu_795_p2             |         +|   0|  0|   2|           2|           2|
    |add_ln840_8_fu_805_p2             |         +|   0|  0|  10|           3|           3|
    |add_ln840_9_fu_815_p2             |         +|   0|  0|  19|           8|           8|
    |add_ln840_fu_745_p2               |         +|   0|  0|  15|           8|           8|
    |i_2_fu_253_p2                     |         +|   0|  0|  17|          10|           1|
    |nf_fu_838_p2                      |         +|   0|  0|  39|          32|           1|
    |sf_2_fu_821_p2                    |         +|   0|  0|  39|          32|           1|
    |ap_block_state3_io                |       and|   0|  0|   2|           1|           1|
    |ap_condition_718                  |       and|   0|  0|   2|           1|           1|
    |ap_predicate_op173_write_state3   |       and|   0|  0|   2|           1|           1|
    |ap_predicate_op55_read_state1     |       and|   0|  0|   2|           1|           1|
    |icmp_ln1039_fu_886_p2             |      icmp|   0|  0|  11|           8|           8|
    |icmp_ln249_fu_247_p2              |      icmp|   0|  0|  11|          10|           6|
    |icmp_ln253_fu_259_p2              |      icmp|   0|  0|  20|          32|           1|
    |icmp_ln272_fu_423_p2              |      icmp|   0|  0|  20|          32|           1|
    |icmp_ln290_fu_827_p2              |      icmp|   0|  0|  20|          32|           4|
    |icmp_ln302_fu_844_p2              |      icmp|   0|  0|  20|          32|           7|
    |ap_block_state1_pp0_stage0_iter0  |        or|   0|  0|   2|           1|           1|
    |nf_3_fu_850_p3                    |    select|   0|  0|  32|           1|           1|
    |select_ln272_fu_429_p3            |    select|   0|  0|   8|           1|           1|
    |result_V_fu_891_p2                |       xor|   0|  0|   2|           1|           2|
    |xor_ln1019_10_fu_633_p2           |       xor|   0|  0|   2|           1|           1|
    |xor_ln1019_11_fu_639_p2           |       xor|   0|  0|   2|           1|           2|
    |xor_ln1019_12_fu_657_p2           |       xor|   0|  0|   2|           1|           1|
    |xor_ln1019_13_fu_663_p2           |       xor|   0|  0|   2|           1|           2|
    |xor_ln1019_14_fu_681_p2           |       xor|   0|  0|   2|           1|           1|
    |xor_ln1019_15_fu_687_p2           |       xor|   0|  0|   2|           1|           2|
    |xor_ln1019_16_fu_705_p2           |       xor|   0|  0|   2|           1|           1|
    |xor_ln1019_17_fu_711_p2           |       xor|   0|  0|   2|           1|           2|
    |xor_ln1019_18_fu_729_p2           |       xor|   0|  0|   2|           1|           2|
    |xor_ln1019_19_fu_735_p2           |       xor|   0|  0|   2|           1|           1|
    |xor_ln1019_1_fu_519_p2            |       xor|   0|  0|   2|           1|           1|
    |xor_ln1019_2_fu_537_p2            |       xor|   0|  0|   2|           1|           2|
    |xor_ln1019_3_fu_543_p2            |       xor|   0|  0|   2|           1|           1|
    |xor_ln1019_4_fu_561_p2            |       xor|   0|  0|   2|           1|           2|
    |xor_ln1019_5_fu_567_p2            |       xor|   0|  0|   2|           1|           1|
    |xor_ln1019_6_fu_585_p2            |       xor|   0|  0|   2|           1|           1|
    |xor_ln1019_7_fu_591_p2            |       xor|   0|  0|   2|           1|           2|
    |xor_ln1019_8_fu_609_p2            |       xor|   0|  0|   2|           1|           2|
    |xor_ln1019_9_fu_615_p2            |       xor|   0|  0|   2|           1|           1|
    |xor_ln1019_fu_513_p2              |       xor|   0|  0|   2|           1|           2|
    +----------------------------------+----------+----+---+----+------------+------------+
    |Total                             |          |   0|  0| 364|         287|         108|
    +----------------------------------+----------+----+---+----+------------+------------+

    * Multiplexer: 
    +------------------------------------+----+-----------+-----+-----------+
    |                Name                | LUT| Input Size| Bits| Total Bits|
    +------------------------------------+----+-----------+-----+-----------+
    |ap_NS_iter1_fsm                     |  14|          3|    2|          6|
    |ap_NS_iter2_fsm                     |  14|          3|    2|          6|
    |ap_done_int                         |   9|          2|    1|          2|
    |ap_loop_exit_ready_pp0_iter2_reg    |   9|          2|    1|          2|
    |ap_phi_mux_inElem_1_phi_fu_195_p26  |  14|          3|   10|         30|
    |ap_sig_allocacmp_i_1                |   9|          2|   10|         20|
    |ap_sig_allocacmp_nf_2               |   9|          2|   32|         64|
    |ap_sig_allocacmp_sf_1               |   9|          2|   32|         64|
    |i_fu_100                            |   9|          2|   10|         20|
    |in0_V_TDATA_blk_n                   |   9|          2|    1|          2|
    |in1_V_TDATA_blk_n                   |   9|          2|    1|          2|
    |nf_1_fu_156                         |   9|          2|   32|         64|
    |out0_V_TDATA_blk_n                  |   9|          2|    1|          2|
    |sf_fu_96                            |  14|          3|   32|         96|
    +------------------------------------+----+-----------+-----+-----------+
    |Total                               | 146|         32|  167|        380|
    +------------------------------------+----+-----------+-----+-----------+

    * Register: 
    +------------------------------------+----+----+-----+-----------+
    |                Name                | FF | LUT| Bits| Const Bits|
    +------------------------------------+----+----+-----+-----------+
    |add_i_i_i3_960_fu_104               |   8|   0|    8|          0|
    |add_ln840_9_reg_1019                |   8|   0|    8|          0|
    |add_ln840_9_reg_1019_pp0_iter1_reg  |   8|   0|    8|          0|
    |ap_CS_iter0_fsm                     |   1|   0|    1|          0|
    |ap_CS_iter1_fsm                     |   2|   0|    2|          0|
    |ap_CS_iter2_fsm                     |   2|   0|    2|          0|
    |ap_done_reg                         |   1|   0|    1|          0|
    |ap_loop_exit_ready_pp0_iter1_reg    |   1|   0|    1|          0|
    |ap_loop_exit_ready_pp0_iter2_reg    |   1|   0|    1|          0|
    |i_fu_100                            |  10|   0|   10|          0|
    |icmp_ln249_reg_1007                 |   1|   0|    1|          0|
    |icmp_ln249_reg_1007_pp0_iter1_reg   |   1|   0|    1|          0|
    |icmp_ln290_reg_1024                 |   1|   0|    1|          0|
    |icmp_ln290_reg_1024_pp0_iter1_reg   |   1|   0|    1|          0|
    |inputBuf_V_10_fu_148                |  10|   0|   10|          0|
    |inputBuf_V_11_fu_152                |  10|   0|   10|          0|
    |inputBuf_V_1_fu_112                 |  10|   0|   10|          0|
    |inputBuf_V_2_fu_116                 |  10|   0|   10|          0|
    |inputBuf_V_3_fu_120                 |  10|   0|   10|          0|
    |inputBuf_V_4_fu_124                 |  10|   0|   10|          0|
    |inputBuf_V_5_fu_128                 |  10|   0|   10|          0|
    |inputBuf_V_6_fu_132                 |  10|   0|   10|          0|
    |inputBuf_V_7_fu_136                 |  10|   0|   10|          0|
    |inputBuf_V_8_fu_140                 |  10|   0|   10|          0|
    |inputBuf_V_9_fu_144                 |  10|   0|   10|          0|
    |inputBuf_V_fu_108                   |  10|   0|   10|          0|
    |nf_1_fu_156                         |  32|   0|   32|          0|
    |nf_2_reg_1002                       |  32|   0|   32|          0|
    |sf_fu_96                            |  32|   0|   32|          0|
    +------------------------------------+----+----+-----+-----------+
    |Total                               | 262|   0|  262|          0|
    +------------------------------------+----+----+-----+-----------+



================================================================
== Interface
================================================================
* Summary: 
+---------------+-----+-----+------------+-------------------------------------+--------------+
|   RTL Ports   | Dir | Bits|  Protocol  |            Source Object            |    C Type    |
+---------------+-----+-----+------------+-------------------------------------+--------------+
|ap_clk         |   in|    1|  ap_ctrl_hs|  Matrix_Vector_Activate_Stream_Batch|  return value|
|ap_rst         |   in|    1|  ap_ctrl_hs|  Matrix_Vector_Activate_Stream_Batch|  return value|
|ap_start       |   in|    1|  ap_ctrl_hs|  Matrix_Vector_Activate_Stream_Batch|  return value|
|ap_done        |  out|    1|  ap_ctrl_hs|  Matrix_Vector_Activate_Stream_Batch|  return value|
|ap_idle        |  out|    1|  ap_ctrl_hs|  Matrix_Vector_Activate_Stream_Batch|  return value|
|ap_ready       |  out|    1|  ap_ctrl_hs|  Matrix_Vector_Activate_Stream_Batch|  return value|
|in0_V_TVALID   |   in|    1|        axis|                                in0_V|       pointer|
|in0_V_TDATA    |   in|   16|        axis|                                in0_V|       pointer|
|in0_V_TREADY   |  out|    1|        axis|                                in0_V|       pointer|
|in1_V_TVALID   |   in|    1|        axis|                                in1_V|       pointer|
|in1_V_TDATA    |   in|   16|        axis|                                in1_V|       pointer|
|in1_V_TREADY   |  out|    1|        axis|                                in1_V|       pointer|
|out0_V_TREADY  |   in|    1|        axis|                               out0_V|       pointer|
|out0_V_TDATA   |  out|    8|        axis|                               out0_V|       pointer|
|out0_V_TVALID  |  out|    1|        axis|                               out0_V|       pointer|
+---------------+-----+-----+------------+-------------------------------------+--------------+

