

================================================================
== Vitis HLS Report for 'Matrix_Vector_Activate_Stream_Batch'
================================================================
* Date:           Sun Jun 22 17:08:26 2025

* Version:        2022.2 (Build 3670227 on Oct 13 2022)
* Project:        project_MVAU_hls_2
* Solution:       sol1 (Vivado IP Flow Target)
* Product family: zynquplus
* Target device:  xczu7ev-ffvc1156-2-e


================================================================
== Performance Estimates
================================================================
+ Timing: 
    * Summary: 
    +--------+----------+----------+------------+
    |  Clock |  Target  | Estimated| Uncertainty|
    +--------+----------+----------+------------+
    |ap_clk  |  10.00 ns|  3.527 ns|     2.70 ns|
    +--------+----------+----------+------------+

+ Latency: 
    * Summary: 
    +---------+---------+----------+----------+-----+-----+---------+
    |  Latency (cycles) |  Latency (absolute) |  Interval | Pipeline|
    |   min   |   max   |    min   |    max   | min | max |   Type  |
    +---------+---------+----------+----------+-----+-----+---------+
    |      963|      963|  9.630 us|  9.630 us|  963|  963|       no|
    +---------+---------+----------+----------+-----+-----+---------+

    + Detail: 
        * Instance: 
        N/A

        * Loop: 
        +--------------------+---------+---------+----------+-----------+-----------+------+----------+
        |                    |  Latency (cycles) | Iteration|  Initiation Interval  | Trip |          |
        |      Loop Name     |   min   |   max   |  Latency |  achieved |   target  | Count| Pipelined|
        +--------------------+---------+---------+----------+-----------+-----------+------+----------+
        |- VITIS_LOOP_249_1  |      961|      961|         3|          1|          1|   960|  yes(flp)|
        +--------------------+---------+---------+----------+-----------+-----------+------+----------+



================================================================
== Utilization Estimates
================================================================
* Summary: 
+-----------------+---------+------+--------+--------+-----+
|       Name      | BRAM_18K|  DSP |   FF   |   LUT  | URAM|
+-----------------+---------+------+--------+--------+-----+
|DSP              |        -|     -|       -|       -|    -|
|Expression       |        -|     -|       0|     824|    -|
|FIFO             |        -|     -|       -|       -|    -|
|Instance         |        -|     -|       0|      65|    -|
|Memory           |        0|     -|      18|      18|    -|
|Multiplexer      |        -|     -|       -|     146|    -|
|Register         |        -|     -|     578|       -|    -|
+-----------------+---------+------+--------+--------+-----+
|Total            |        0|     0|     596|    1053|    0|
+-----------------+---------+------+--------+--------+-----+
|Available        |      624|  1728|  460800|  230400|   96|
+-----------------+---------+------+--------+--------+-----+
|Utilization (%)  |        0|     0|      ~0|      ~0|    0|
+-----------------+---------+------+--------+--------+-----+

+ Detail: 
    * Instance: 
    +-------------------+----------------+---------+----+---+----+-----+
    |      Instance     |     Module     | BRAM_18K| DSP| FF| LUT| URAM|
    +-------------------+----------------+---------+----+---+----+-----+
    |mux_164_25_1_1_U1  |mux_164_25_1_1  |        0|   0|  0|  65|    0|
    +-------------------+----------------+---------+----+---+----+-----+
    |Total              |                |        0|   0|  0|  65|    0|
    +-------------------+----------------+---------+----+---+----+-----+

    * DSP: 
    N/A

    * Memory: 
    +------------------+----------------------------------------------------------------+---------+---+----+-----+------+-----+------+-------------+
    |      Memory      |                             Module                             | BRAM_18K| FF| LUT| URAM| Words| Bits| Banks| W*Bits*Banks|
    +------------------+----------------------------------------------------------------+---------+---+----+-----+------+-----+------+-------------+
    |p_ZL7threshs_0_U  |Matrix_Vector_Activate_Stream_Batch_p_ZL7threshs_0_ROM_AUTO_1R  |        0|  9|   9|    0|    60|    9|     1|          540|
    |p_ZL7threshs_1_U  |Matrix_Vector_Activate_Stream_Batch_p_ZL7threshs_1_ROM_AUTO_1R  |        0|  9|   9|    0|    60|    9|     1|          540|
    +------------------+----------------------------------------------------------------+---------+---+----+-----+------+-----+------+-------------+
    |Total             |                                                                |        0| 18|  18|    0|   120|   18|     2|         1080|
    +------------------+----------------------------------------------------------------+---------+---+----+-----+------+-----+------+-------------+

    * FIFO: 
    N/A

    * Expression: 
    +----------------------------------+----------+----+---+----+------------+------------+
    |           Variable Name          | Operation| DSP| FF| LUT| Bitwidth P0| Bitwidth P1|
    +----------------------------------+----------+----+---+----+------------+------------+
    |add_ln840_10_fu_1491_p2           |         +|   0|  0|   4|           3|           3|
    |add_ln840_11_fu_1501_p2           |         +|   0|  0|  18|          10|          10|
    |add_ln840_12_fu_1507_p2           |         +|   0|  0|   2|           2|           2|
    |add_ln840_13_fu_1513_p2           |         +|   0|  0|   2|           2|           2|
    |add_ln840_14_fu_1523_p2           |         +|   0|  0|   2|           2|           2|
    |add_ln840_15_fu_1529_p2           |         +|   0|  0|   2|           2|           2|
    |add_ln840_16_fu_1539_p2           |         +|   0|  0|  10|           3|           3|
    |add_ln840_17_fu_1549_p2           |         +|   0|  0|   2|           2|           2|
    |add_ln840_18_fu_1555_p2           |         +|   0|  0|   2|           2|           2|
    |add_ln840_19_fu_1565_p2           |         +|   0|  0|   9|           2|           2|
    |add_ln840_1_fu_1421_p2            |         +|   0|  0|  18|          10|          10|
    |add_ln840_20_fu_1575_p2           |         +|   0|  0|   9|           2|           2|
    |add_ln840_21_fu_1585_p2           |         +|   0|  0|   4|           3|           3|
    |add_ln840_22_fu_1591_p2           |         +|   0|  0|   4|           3|           3|
    |add_ln840_23_fu_1601_p2           |         +|   0|  0|  12|           4|           4|
    |add_ln840_24_fu_1611_p2           |         +|   0|  0|  18|          10|          10|
    |add_ln840_25_fu_2217_p2           |         +|   0|  0|   9|           2|           2|
    |add_ln840_26_fu_2227_p2           |         +|   0|  0|  18|          10|          10|
    |add_ln840_27_fu_2233_p2           |         +|   0|  0|   2|           2|           2|
    |add_ln840_28_fu_2239_p2           |         +|   0|  0|   2|           2|           2|
    |add_ln840_29_fu_2249_p2           |         +|   0|  0|  18|          10|          10|
    |add_ln840_2_fu_1427_p2            |         +|   0|  0|   2|           2|           2|
    |add_ln840_30_fu_2255_p2           |         +|   0|  0|   2|           2|           2|
    |add_ln840_31_fu_2261_p2           |         +|   0|  0|   2|           2|           2|
    |add_ln840_32_fu_2271_p2           |         +|   0|  0|   9|           2|           2|
    |add_ln840_33_fu_2281_p2           |         +|   0|  0|   9|           2|           2|
    |add_ln840_34_fu_2291_p2           |         +|   0|  0|   4|           3|           3|
    |add_ln840_35_fu_2297_p2           |         +|   0|  0|   4|           3|           3|
    |add_ln840_36_fu_2307_p2           |         +|   0|  0|  18|          10|          10|
    |add_ln840_37_fu_2313_p2           |         +|   0|  0|   2|           2|           2|
    |add_ln840_38_fu_2319_p2           |         +|   0|  0|   2|           2|           2|
    |add_ln840_39_fu_2329_p2           |         +|   0|  0|   2|           2|           2|
    |add_ln840_3_fu_1433_p2            |         +|   0|  0|   2|           2|           2|
    |add_ln840_40_fu_2335_p2           |         +|   0|  0|   2|           2|           2|
    |add_ln840_41_fu_2345_p2           |         +|   0|  0|  10|           3|           3|
    |add_ln840_42_fu_2355_p2           |         +|   0|  0|   2|           2|           2|
    |add_ln840_43_fu_2361_p2           |         +|   0|  0|   2|           2|           2|
    |add_ln840_44_fu_2371_p2           |         +|   0|  0|   9|           2|           2|
    |add_ln840_45_fu_2381_p2           |         +|   0|  0|   9|           2|           2|
    |add_ln840_46_fu_2391_p2           |         +|   0|  0|   4|           3|           3|
    |add_ln840_47_fu_2397_p2           |         +|   0|  0|   4|           3|           3|
    |add_ln840_48_fu_2407_p2           |         +|   0|  0|  12|           4|           4|
    |add_ln840_49_fu_2417_p2           |         +|   0|  0|  18|          10|          10|
    |add_ln840_4_fu_1443_p2            |         +|   0|  0|  18|          10|          10|
    |add_ln840_5_fu_1449_p2            |         +|   0|  0|   2|           2|           2|
    |add_ln840_6_fu_1455_p2            |         +|   0|  0|   2|           2|           2|
    |add_ln840_7_fu_1465_p2            |         +|   0|  0|   9|           2|           2|
    |add_ln840_8_fu_1475_p2            |         +|   0|  0|   9|           2|           2|
    |add_ln840_9_fu_1485_p2            |         +|   0|  0|   4|           3|           3|
    |add_ln840_fu_1411_p2              |         +|   0|  0|   9|           2|           2|
    |i_2_fu_384_p2                     |         +|   0|  0|  17|          10|           1|
    |nf_fu_2440_p2                     |         +|   0|  0|  39|          32|           1|
    |sf_2_fu_2423_p2                   |         +|   0|  0|  39|          32|           1|
    |ap_block_state3_io                |       and|   0|  0|   2|           1|           1|
    |ap_condition_1712                 |       and|   0|  0|   2|           1|           1|
    |ap_predicate_op439_write_state3   |       and|   0|  0|   2|           1|           1|
    |ap_predicate_op64_read_state1     |       and|   0|  0|   2|           1|           1|
    |icmp_ln1039_1_fu_2509_p2          |      icmp|   0|  0|  11|          10|          10|
    |icmp_ln1039_fu_2494_p2            |      icmp|   0|  0|  11|          10|          10|
    |icmp_ln249_fu_378_p2              |      icmp|   0|  0|  11|          10|           8|
    |icmp_ln253_fu_390_p2              |      icmp|   0|  0|  20|          32|           1|
    |icmp_ln272_fu_601_p2              |      icmp|   0|  0|  20|          32|           1|
    |icmp_ln290_fu_2429_p2             |      icmp|   0|  0|  20|          32|           5|
    |icmp_ln302_fu_2446_p2             |      icmp|   0|  0|  20|          32|           6|
    |ap_block_state1_pp0_stage0_iter0  |        or|   0|  0|   2|           1|           1|
    |nf_3_fu_2452_p3                   |    select|   0|  0|  32|           1|           1|
    |select_ln272_1_fu_615_p3          |    select|   0|  0|  10|           1|           1|
    |select_ln272_fu_607_p3            |    select|   0|  0|  10|           1|           1|
    |result_V_1_fu_2514_p2             |       xor|   0|  0|   2|           1|           2|
    |result_V_fu_2499_p2               |       xor|   0|  0|   2|           1|           2|
    |xor_ln1019_10_fu_939_p2           |       xor|   0|  0|   2|           1|           1|
    |xor_ln1019_11_fu_945_p2           |       xor|   0|  0|   2|           1|           2|
    |xor_ln1019_12_fu_963_p2           |       xor|   0|  0|   2|           1|           2|
    |xor_ln1019_13_fu_969_p2           |       xor|   0|  0|   2|           1|           1|
    |xor_ln1019_14_fu_987_p2           |       xor|   0|  0|   2|           1|           1|
    |xor_ln1019_15_fu_993_p2           |       xor|   0|  0|   2|           1|           2|
    |xor_ln1019_16_fu_1011_p2          |       xor|   0|  0|   2|           1|           1|
    |xor_ln1019_17_fu_1017_p2          |       xor|   0|  0|   2|           1|           2|
    |xor_ln1019_18_fu_1035_p2          |       xor|   0|  0|   2|           1|           1|
    |xor_ln1019_19_fu_1041_p2          |       xor|   0|  0|   2|           1|           2|
    |xor_ln1019_1_fu_825_p2            |       xor|   0|  0|   2|           1|           1|
    |xor_ln1019_20_fu_1059_p2          |       xor|   0|  0|   2|           1|           1|
    |xor_ln1019_21_fu_1065_p2          |       xor|   0|  0|   2|           1|           2|
    |xor_ln1019_22_fu_1083_p2          |       xor|   0|  0|   2|           1|           1|
    |xor_ln1019_23_fu_1089_p2          |       xor|   0|  0|   2|           1|           2|
    |xor_ln1019_24_fu_1107_p2          |       xor|   0|  0|   2|           1|           1|
    |xor_ln1019_25_fu_1113_p2          |       xor|   0|  0|   2|           1|           2|
    |xor_ln1019_26_fu_1131_p2          |       xor|   0|  0|   2|           1|           1|
    |xor_ln1019_27_fu_1137_p2          |       xor|   0|  0|   2|           1|           2|
    |xor_ln1019_28_fu_1155_p2          |       xor|   0|  0|   2|           1|           1|
    |xor_ln1019_29_fu_1161_p2          |       xor|   0|  0|   2|           1|           2|
    |xor_ln1019_2_fu_843_p2            |       xor|   0|  0|   2|           1|           2|
    |xor_ln1019_30_fu_1179_p2          |       xor|   0|  0|   2|           1|           1|
    |xor_ln1019_31_fu_1185_p2          |       xor|   0|  0|   2|           1|           2|
    |xor_ln1019_32_fu_1203_p2          |       xor|   0|  0|   2|           1|           1|
    |xor_ln1019_33_fu_1209_p2          |       xor|   0|  0|   2|           1|           2|
    |xor_ln1019_34_fu_1227_p2          |       xor|   0|  0|   2|           1|           1|
    |xor_ln1019_35_fu_1233_p2          |       xor|   0|  0|   2|           1|           2|
    |xor_ln1019_36_fu_1251_p2          |       xor|   0|  0|   2|           1|           1|
    |xor_ln1019_37_fu_1257_p2          |       xor|   0|  0|   2|           1|           2|
    |xor_ln1019_38_fu_1275_p2          |       xor|   0|  0|   2|           1|           1|
    |xor_ln1019_39_fu_1281_p2          |       xor|   0|  0|   2|           1|           2|
    |xor_ln1019_3_fu_849_p2            |       xor|   0|  0|   2|           1|           1|
    |xor_ln1019_40_fu_1299_p2          |       xor|   0|  0|   2|           1|           1|
    |xor_ln1019_41_fu_1305_p2          |       xor|   0|  0|   2|           1|           2|
    |xor_ln1019_42_fu_1323_p2          |       xor|   0|  0|   2|           1|           1|
    |xor_ln1019_43_fu_1329_p2          |       xor|   0|  0|   2|           1|           2|
    |xor_ln1019_44_fu_1347_p2          |       xor|   0|  0|   2|           1|           1|
    |xor_ln1019_45_fu_1353_p2          |       xor|   0|  0|   2|           1|           2|
    |xor_ln1019_46_fu_1371_p2          |       xor|   0|  0|   2|           1|           1|
    |xor_ln1019_47_fu_1377_p2          |       xor|   0|  0|   2|           1|           2|
    |xor_ln1019_48_fu_1395_p2          |       xor|   0|  0|   2|           1|           1|
    |xor_ln1019_49_fu_1401_p2          |       xor|   0|  0|   2|           1|           2|
    |xor_ln1019_4_fu_867_p2            |       xor|   0|  0|   2|           1|           1|
    |xor_ln1019_50_fu_1817_p2          |       xor|   0|  0|   2|           1|           2|
    |xor_ln1019_51_fu_1823_p2          |       xor|   0|  0|   2|           1|           1|
    |xor_ln1019_52_fu_1833_p2          |       xor|   0|  0|   2|           1|           2|
    |xor_ln1019_53_fu_1839_p2          |       xor|   0|  0|   2|           1|           1|
    |xor_ln1019_54_fu_1849_p2          |       xor|   0|  0|   2|           1|           1|
    |xor_ln1019_55_fu_1855_p2          |       xor|   0|  0|   2|           1|           2|
    |xor_ln1019_56_fu_1865_p2          |       xor|   0|  0|   2|           1|           2|
    |xor_ln1019_57_fu_1871_p2          |       xor|   0|  0|   2|           1|           1|
    |xor_ln1019_58_fu_1881_p2          |       xor|   0|  0|   2|           1|           2|
    |xor_ln1019_59_fu_1887_p2          |       xor|   0|  0|   2|           1|           1|
    |xor_ln1019_5_fu_873_p2            |       xor|   0|  0|   2|           1|           2|
    |xor_ln1019_60_fu_1897_p2          |       xor|   0|  0|   2|           1|           1|
    |xor_ln1019_61_fu_1903_p2          |       xor|   0|  0|   2|           1|           2|
    |xor_ln1019_62_fu_1913_p2          |       xor|   0|  0|   2|           1|           2|
    |xor_ln1019_63_fu_1919_p2          |       xor|   0|  0|   2|           1|           1|
    |xor_ln1019_64_fu_1929_p2          |       xor|   0|  0|   2|           1|           1|
    |xor_ln1019_65_fu_1935_p2          |       xor|   0|  0|   2|           1|           2|
    |xor_ln1019_66_fu_1945_p2          |       xor|   0|  0|   2|           1|           1|
    |xor_ln1019_67_fu_1951_p2          |       xor|   0|  0|   2|           1|           2|
    |xor_ln1019_68_fu_1961_p2          |       xor|   0|  0|   2|           1|           1|
    |xor_ln1019_69_fu_1967_p2          |       xor|   0|  0|   2|           1|           2|
    |xor_ln1019_6_fu_891_p2            |       xor|   0|  0|   2|           1|           2|
    |xor_ln1019_70_fu_1977_p2          |       xor|   0|  0|   2|           1|           1|
    |xor_ln1019_71_fu_1983_p2          |       xor|   0|  0|   2|           1|           2|
    |xor_ln1019_72_fu_1993_p2          |       xor|   0|  0|   2|           1|           1|
    |xor_ln1019_73_fu_1999_p2          |       xor|   0|  0|   2|           1|           2|
    |xor_ln1019_74_fu_2009_p2          |       xor|   0|  0|   2|           1|           1|
    |xor_ln1019_75_fu_2015_p2          |       xor|   0|  0|   2|           1|           2|
    |xor_ln1019_76_fu_2025_p2          |       xor|   0|  0|   2|           1|           1|
    |xor_ln1019_77_fu_2031_p2          |       xor|   0|  0|   2|           1|           2|
    |xor_ln1019_78_fu_2041_p2          |       xor|   0|  0|   2|           1|           1|
    |xor_ln1019_79_fu_2047_p2          |       xor|   0|  0|   2|           1|           2|
    |xor_ln1019_7_fu_897_p2            |       xor|   0|  0|   2|           1|           1|
    |xor_ln1019_80_fu_2057_p2          |       xor|   0|  0|   2|           1|           1|
    |xor_ln1019_81_fu_2063_p2          |       xor|   0|  0|   2|           1|           2|
    |xor_ln1019_82_fu_2073_p2          |       xor|   0|  0|   2|           1|           1|
    |xor_ln1019_83_fu_2079_p2          |       xor|   0|  0|   2|           1|           2|
    |xor_ln1019_84_fu_2089_p2          |       xor|   0|  0|   2|           1|           1|
    |xor_ln1019_85_fu_2095_p2          |       xor|   0|  0|   2|           1|           2|
    |xor_ln1019_86_fu_2105_p2          |       xor|   0|  0|   2|           1|           1|
    |xor_ln1019_87_fu_2111_p2          |       xor|   0|  0|   2|           1|           2|
    |xor_ln1019_88_fu_2121_p2          |       xor|   0|  0|   2|           1|           1|
    |xor_ln1019_89_fu_2127_p2          |       xor|   0|  0|   2|           1|           2|
    |xor_ln1019_8_fu_915_p2            |       xor|   0|  0|   2|           1|           2|
    |xor_ln1019_90_fu_2137_p2          |       xor|   0|  0|   2|           1|           1|
    |xor_ln1019_91_fu_2143_p2          |       xor|   0|  0|   2|           1|           2|
    |xor_ln1019_92_fu_2153_p2          |       xor|   0|  0|   2|           1|           1|
    |xor_ln1019_93_fu_2159_p2          |       xor|   0|  0|   2|           1|           2|
    |xor_ln1019_94_fu_2169_p2          |       xor|   0|  0|   2|           1|           1|
    |xor_ln1019_95_fu_2175_p2          |       xor|   0|  0|   2|           1|           2|
    |xor_ln1019_96_fu_2185_p2          |       xor|   0|  0|   2|           1|           1|
    |xor_ln1019_97_fu_2191_p2          |       xor|   0|  0|   2|           1|           2|
    |xor_ln1019_98_fu_2201_p2          |       xor|   0|  0|   2|           1|           1|
    |xor_ln1019_99_fu_2207_p2          |       xor|   0|  0|   2|           1|           2|
    |xor_ln1019_9_fu_921_p2            |       xor|   0|  0|   2|           1|           1|
    |xor_ln1019_fu_819_p2              |       xor|   0|  0|   2|           1|           2|
    +----------------------------------+----------+----+---+----+------------+------------+
    |Total                             |          |   0|  0| 824|         520|         384|
    +----------------------------------+----------+----+---+----+------------+------------+

    * Multiplexer: 
    +------------------------------------+----+-----------+-----+-----------+
    |                Name                | LUT| Input Size| Bits| Total Bits|
    +------------------------------------+----+-----------+-----+-----------+
    |ap_NS_iter1_fsm                     |  14|          3|    2|          6|
    |ap_NS_iter2_fsm                     |  14|          3|    2|          6|
    |ap_done_int                         |   9|          2|    1|          2|
    |ap_loop_exit_ready_pp0_iter2_reg    |   9|          2|    1|          2|
    |ap_phi_mux_inElem_1_phi_fu_318_p34  |  14|          3|   25|         75|
    |ap_sig_allocacmp_i_1                |   9|          2|   10|         20|
    |ap_sig_allocacmp_nf_2               |   9|          2|   32|         64|
    |ap_sig_allocacmp_sf_1               |   9|          2|   32|         64|
    |i_fu_190                            |   9|          2|   10|         20|
    |in0_V_TDATA_blk_n                   |   9|          2|    1|          2|
    |in1_V_TDATA_blk_n                   |   9|          2|    1|          2|
    |nf_1_fu_266                         |   9|          2|   32|         64|
    |out0_V_TDATA_blk_n                  |   9|          2|    1|          2|
    |sf_fu_186                           |  14|          3|   32|         96|
    +------------------------------------+----+-----------+-----+-----------+
    |Total                               | 146|         32|  182|        425|
    +------------------------------------+----+-----------+-----+-----------+

    * Register: 
    +-------------------------------------+----+----+-----+-----------+
    |                 Name                | FF | LUT| Bits| Const Bits|
    +-------------------------------------+----+----+-----+-----------+
    |add_i_i_i3_1_24136_fu_198            |  10|   0|   10|          0|
    |add_i_i_i3_24134_fu_194              |  10|   0|   10|          0|
    |add_ln840_24_reg_2680                |  10|   0|   10|          0|
    |add_ln840_24_reg_2680_pp0_iter1_reg  |  10|   0|   10|          0|
    |add_ln840_49_reg_2685                |  10|   0|   10|          0|
    |add_ln840_49_reg_2685_pp0_iter1_reg  |  10|   0|   10|          0|
    |ap_CS_iter0_fsm                      |   1|   0|    1|          0|
    |ap_CS_iter1_fsm                      |   2|   0|    2|          0|
    |ap_CS_iter2_fsm                      |   2|   0|    2|          0|
    |ap_done_reg                          |   1|   0|    1|          0|
    |ap_loop_exit_ready_pp0_iter1_reg     |   1|   0|    1|          0|
    |ap_loop_exit_ready_pp0_iter2_reg     |   1|   0|    1|          0|
    |i_fu_190                             |  10|   0|   10|          0|
    |icmp_ln249_reg_2668                  |   1|   0|    1|          0|
    |icmp_ln249_reg_2668_pp0_iter1_reg    |   1|   0|    1|          0|
    |icmp_ln290_reg_2690                  |   1|   0|    1|          0|
    |icmp_ln290_reg_2690_pp0_iter1_reg    |   1|   0|    1|          0|
    |inputBuf_V_10_fu_242                 |  25|   0|   25|          0|
    |inputBuf_V_11_fu_246                 |  25|   0|   25|          0|
    |inputBuf_V_12_fu_250                 |  25|   0|   25|          0|
    |inputBuf_V_13_fu_254                 |  25|   0|   25|          0|
    |inputBuf_V_14_fu_258                 |  25|   0|   25|          0|
    |inputBuf_V_15_fu_262                 |  25|   0|   25|          0|
    |inputBuf_V_1_fu_206                  |  25|   0|   25|          0|
    |inputBuf_V_2_fu_210                  |  25|   0|   25|          0|
    |inputBuf_V_3_fu_214                  |  25|   0|   25|          0|
    |inputBuf_V_4_fu_218                  |  25|   0|   25|          0|
    |inputBuf_V_5_fu_222                  |  25|   0|   25|          0|
    |inputBuf_V_6_fu_226                  |  25|   0|   25|          0|
    |inputBuf_V_7_fu_230                  |  25|   0|   25|          0|
    |inputBuf_V_8_fu_234                  |  25|   0|   25|          0|
    |inputBuf_V_9_fu_238                  |  25|   0|   25|          0|
    |inputBuf_V_fu_202                    |  25|   0|   25|          0|
    |nf_1_fu_266                          |  32|   0|   32|          0|
    |nf_2_reg_2663                        |  32|   0|   32|          0|
    |sf_fu_186                            |  32|   0|   32|          0|
    +-------------------------------------+----+----+-----+-----------+
    |Total                                | 578|   0|  578|          0|
    +-------------------------------------+----+----+-----+-----------+



================================================================
== Interface
================================================================
* Summary: 
+---------------+-----+-----+------------+-------------------------------------+--------------+
|   RTL Ports   | Dir | Bits|  Protocol  |            Source Object            |    C Type    |
+---------------+-----+-----+------------+-------------------------------------+--------------+
|ap_clk         |   in|    1|  ap_ctrl_hs|  Matrix_Vector_Activate_Stream_Batch|  return value|
|ap_rst         |   in|    1|  ap_ctrl_hs|  Matrix_Vector_Activate_Stream_Batch|  return value|
|ap_start       |   in|    1|  ap_ctrl_hs|  Matrix_Vector_Activate_Stream_Batch|  return value|
|ap_done        |  out|    1|  ap_ctrl_hs|  Matrix_Vector_Activate_Stream_Batch|  return value|
|ap_idle        |  out|    1|  ap_ctrl_hs|  Matrix_Vector_Activate_Stream_Batch|  return value|
|ap_ready       |  out|    1|  ap_ctrl_hs|  Matrix_Vector_Activate_Stream_Batch|  return value|
|in0_V_TVALID   |   in|    1|        axis|                                in0_V|       pointer|
|in0_V_TDATA    |   in|   32|        axis|                                in0_V|       pointer|
|in0_V_TREADY   |  out|    1|        axis|                                in0_V|       pointer|
|in1_V_TVALID   |   in|    1|        axis|                                in1_V|       pointer|
|in1_V_TDATA    |   in|   56|        axis|                                in1_V|       pointer|
|in1_V_TREADY   |  out|    1|        axis|                                in1_V|       pointer|
|out0_V_TREADY  |   in|    1|        axis|                               out0_V|       pointer|
|out0_V_TDATA   |  out|    8|        axis|                               out0_V|       pointer|
|out0_V_TVALID  |  out|    1|        axis|                               out0_V|       pointer|
+---------------+-----+-----+------------+-------------------------------------+--------------+

