

================================================================
== Vitis HLS Report for 'StreamingMaxPool_hls_1_Pipeline_VITIS_LOOP_79_3_VITIS_LOOP_80_4_VITIS_LOOP_82_5'
================================================================
* Date:           Sun Jun 22 17:08:23 2025

* Version:        2022.2 (Build 3670227 on Oct 13 2022)
* Project:        project_StreamingMaxPool_hls_1
* Solution:       sol1 (Vivado IP Flow Target)
* Product family: zynquplus
* Target device:  xczu7ev-ffvc1156-2-e


================================================================
== Performance Estimates
================================================================
+ Timing: 
    * Summary: 
    +--------+----------+----------+------------+
    |  Clock |  Target  | Estimated| Uncertainty|
    +--------+----------+----------+------------+
    |ap_clk  |  10.00 ns|  2.519 ns|     2.70 ns|
    +--------+----------+----------+------------+

+ Latency: 
    * Summary: 
    +---------+---------+----------+----------+-----+-----+---------+
    |  Latency (cycles) |  Latency (absolute) |  Interval | Pipeline|
    |   min   |   max   |    min   |    max   | min | max |   Type  |
    +---------+---------+----------+----------+-----+-----+---------+
    |       23|       23|  0.230 us|  0.230 us|   23|   23|       no|
    +---------+---------+----------+----------+-----+-----+---------+

    + Detail: 
        * Instance: 
        N/A

        * Loop: 
        +---------------------------------------------------+---------+---------+----------+-----------+-----------+------+----------+
        |                                                   |  Latency (cycles) | Iteration|  Initiation Interval  | Trip |          |
        |                     Loop Name                     |   min   |   max   |  Latency |  achieved |   target  | Count| Pipelined|
        +---------------------------------------------------+---------+---------+----------+-----------+-----------+------+----------+
        |- VITIS_LOOP_79_3_VITIS_LOOP_80_4_VITIS_LOOP_82_5  |       21|       21|         3|          1|          1|    20|  yes(flp)|
        +---------------------------------------------------+---------+---------+----------+-----------+-----------+------+----------+



================================================================
== Utilization Estimates
================================================================
* Summary: 
+-----------------+---------+------+--------+--------+-----+
|       Name      | BRAM_18K|  DSP |   FF   |   LUT  | URAM|
+-----------------+---------+------+--------+--------+-----+
|DSP              |        -|     -|       -|       -|    -|
|Expression       |        -|     -|       0|     148|    -|
|FIFO             |        -|     -|       -|       -|    -|
|Instance         |        -|     -|       -|       -|    -|
|Memory           |        -|     -|       -|       -|    -|
|Multiplexer      |        -|     -|       -|     109|    -|
|Register         |        -|     -|      77|       -|    -|
+-----------------+---------+------+--------+--------+-----+
|Total            |        0|     0|      77|     257|    0|
+-----------------+---------+------+--------+--------+-----+
|Available        |      624|  1728|  460800|  230400|   96|
+-----------------+---------+------+--------+--------+-----+
|Utilization (%)  |        0|     0|      ~0|      ~0|    0|
+-----------------+---------+------+--------+--------+-----+

+ Detail: 
    * Instance: 
    N/A

    * DSP: 
    N/A

    * Memory: 
    N/A

    * FIFO: 
    N/A

    * Expression: 
    +----------------------------------+----------+----+---+----+------------+------------+
    |           Variable Name          | Operation| DSP| FF| LUT| Bitwidth P0| Bitwidth P1|
    +----------------------------------+----------+----+---+----+------------+------------+
    |add_ln79_fu_137_p2                |         +|   0|  0|  12|           5|           1|
    |add_ln80_1_fu_250_p2              |         +|   0|  0|  12|           5|           1|
    |add_ln80_fu_192_p2                |         +|   0|  0|  10|           3|           1|
    |add_ln82_fu_230_p2                |         +|   0|  0|   9|           2|           1|
    |and_ln79_fu_186_p2                |       and|   0|  0|   2|           1|           1|
    |ap_condition_278                  |       and|   0|  0|   2|           1|           1|
    |icmp_ln79_fu_131_p2               |      icmp|   0|  0|   9|           5|           5|
    |icmp_ln80_fu_160_p2               |      icmp|   0|  0|   9|           5|           4|
    |icmp_ln82_1_fu_244_p2             |      icmp|   0|  0|   8|           2|           3|
    |icmp_ln82_fu_180_p2               |      icmp|   0|  0|   8|           2|           3|
    |ap_block_state1_pp0_stage0_iter0  |        or|   0|  0|   2|           1|           1|
    |buf_V_d0                          |        or|   0|  0|  16|          16|          16|
    |or_ln80_fu_198_p2                 |        or|   0|  0|   2|           1|           1|
    |ret_V_fu_225_p2                   |        or|   0|  0|  16|          16|          16|
    |kx_1_fu_236_p3                    |    select|   0|  0|   2|           1|           1|
    |select_ln79_fu_166_p3             |    select|   0|  0|   3|           1|           1|
    |select_ln80_1_fu_212_p3           |    select|   0|  0|   3|           1|           3|
    |select_ln80_2_fu_256_p3           |    select|   0|  0|   5|           1|           1|
    |select_ln80_fu_204_p3             |    select|   0|  0|  16|           1|           1|
    |xor_ln79_fu_174_p2                |       xor|   0|  0|   2|           1|           2|
    +----------------------------------+----------+----+---+----+------------+------------+
    |Total                             |          |   0|  0| 148|          71|          64|
    +----------------------------------+----------+----+---+----+------------+------------+

    * Multiplexer: 
    +----------------------------------------+----+-----------+-----+-----------+
    |                  Name                  | LUT| Input Size| Bits| Total Bits|
    +----------------------------------------+----+-----------+-----+-----------+
    |ap_NS_iter1_fsm                         |  14|          3|    2|          6|
    |ap_NS_iter2_fsm                         |  14|          3|    2|          6|
    |ap_done_int                             |   9|          2|    1|          2|
    |ap_loop_exit_ready_pp0_iter2_reg        |   9|          2|    1|          2|
    |ap_sig_allocacmp_indvar_flatten14_load  |   9|          2|    5|         10|
    |in0_V_TDATA_blk_n                       |   9|          2|    1|          2|
    |indvar_flatten14_fu_76                  |   9|          2|    5|         10|
    |indvar_flatten_fu_72                    |   9|          2|    5|         10|
    |kx_fu_64                                |   9|          2|    2|          4|
    |lhs_V_fu_60                             |   9|          2|   16|         32|
    |xp_fu_68                                |   9|          2|    3|          6|
    +----------------------------------------+----+-----------+-----+-----------+
    |Total                                   | 109|         24|   43|         90|
    +----------------------------------------+----+-----------+-----+-----------+

    * Register: 
    +----------------------------------+----+----+-----+-----------+
    |               Name               | FF | LUT| Bits| Const Bits|
    +----------------------------------+----+----+-----+-----------+
    |ap_CS_iter0_fsm                   |   1|   0|    1|          0|
    |ap_CS_iter1_fsm                   |   2|   0|    2|          0|
    |ap_CS_iter2_fsm                   |   2|   0|    2|          0|
    |ap_done_reg                       |   1|   0|    1|          0|
    |ap_loop_exit_ready_pp0_iter1_reg  |   1|   0|    1|          0|
    |ap_loop_exit_ready_pp0_iter2_reg  |   1|   0|    1|          0|
    |buf_V_addr_reg_343                |   3|   0|    3|          0|
    |icmp_ln79_reg_325                 |   1|   0|    1|          0|
    |icmp_ln79_reg_325_pp0_iter1_reg   |   1|   0|    1|          0|
    |icmp_ln82_1_reg_339               |   1|   0|    1|          0|
    |indvar_flatten14_fu_76            |   5|   0|    5|          0|
    |indvar_flatten_fu_72              |   5|   0|    5|          0|
    |kx_fu_64                          |   2|   0|    2|          0|
    |lhs_V_fu_60                       |  16|   0|   16|          0|
    |ret_V_reg_334                     |  16|   0|   16|          0|
    |rhs_V_reg_329                     |  16|   0|   16|          0|
    |xp_fu_68                          |   3|   0|    3|          0|
    +----------------------------------+----+----+-----+-----------+
    |Total                             |  77|   0|   77|          0|
    +----------------------------------+----+----+-----+-----------+



================================================================
== Interface
================================================================
* Summary: 
+----------------+-----+-----+------------+---------------------------------------------------------------------------------+--------------+
|    RTL Ports   | Dir | Bits|  Protocol  |                                  Source Object                                  |    C Type    |
+----------------+-----+-----+------------+---------------------------------------------------------------------------------+--------------+
|ap_clk          |   in|    1|  ap_ctrl_hs|  StreamingMaxPool_hls_1_Pipeline_VITIS_LOOP_79_3_VITIS_LOOP_80_4_VITIS_LOOP_82_5|  return value|
|ap_rst          |   in|    1|  ap_ctrl_hs|  StreamingMaxPool_hls_1_Pipeline_VITIS_LOOP_79_3_VITIS_LOOP_80_4_VITIS_LOOP_82_5|  return value|
|ap_start        |   in|    1|  ap_ctrl_hs|  StreamingMaxPool_hls_1_Pipeline_VITIS_LOOP_79_3_VITIS_LOOP_80_4_VITIS_LOOP_82_5|  return value|
|ap_done         |  out|    1|  ap_ctrl_hs|  StreamingMaxPool_hls_1_Pipeline_VITIS_LOOP_79_3_VITIS_LOOP_80_4_VITIS_LOOP_82_5|  return value|
|ap_idle         |  out|    1|  ap_ctrl_hs|  StreamingMaxPool_hls_1_Pipeline_VITIS_LOOP_79_3_VITIS_LOOP_80_4_VITIS_LOOP_82_5|  return value|
|ap_ready        |  out|    1|  ap_ctrl_hs|  StreamingMaxPool_hls_1_Pipeline_VITIS_LOOP_79_3_VITIS_LOOP_80_4_VITIS_LOOP_82_5|  return value|
|in0_V_TVALID    |   in|    1|        axis|                                                                            in0_V|       pointer|
|in0_V_TDATA     |   in|   16|        axis|                                                                            in0_V|       pointer|
|in0_V_TREADY    |  out|    1|        axis|                                                                            in0_V|       pointer|
|buf_V_address0  |  out|    3|   ap_memory|                                                                            buf_V|         array|
|buf_V_ce0       |  out|    1|   ap_memory|                                                                            buf_V|         array|
|buf_V_we0       |  out|    1|   ap_memory|                                                                            buf_V|         array|
|buf_V_d0        |  out|   16|   ap_memory|                                                                            buf_V|         array|
|buf_V_address1  |  out|    3|   ap_memory|                                                                            buf_V|         array|
|buf_V_ce1       |  out|    1|   ap_memory|                                                                            buf_V|         array|
|buf_V_q1        |   in|   16|   ap_memory|                                                                            buf_V|         array|
+----------------+-----+-----+------------+---------------------------------------------------------------------------------+--------------+

============================================================
+ Verbose Summary: Synthesis Manager
============================================================
InlineROM: 1
ExposeGlobal: 0
============================================================
+ Verbose Summary: CDFG Model
============================================================
IsTopModel: 0
ResetActiveHigh: 1
IsCombinational: 2
IsDatapathOnly: 2
HasWiredReturn: 1
HasMFsm: 1
HasVarLatency: 1
IsPipeline: 0
IsRtlPipelined: 0
IsInstanceOverlapped: 0
IsDontTouch: 0
HasImplIP: 0
IsGatedGlobalClock: 0

+ Individual pipeline summary: 
  * Pipeline-0: initiation interval (II) = 1, depth = 3


============================================================
+ Verbose Summary: Schedule
============================================================
* Number of FSM states : 3
* Pipeline : 1
  Pipeline-0 : II = 1, D = 3, States = { 1 2 3 }
* Dataflow Pipeline: 0

* FSM state transitions: 
1 --> 2 
2 --> 3 
3 --> 

* FSM state operations: 

State 1 <SV = 0> <Delay = 1.21>
ST_1 : Operation 6 [1/1] (0.00ns)   --->   "%lhs_V = alloca i32 1"   --->   Operation 6 'alloca' 'lhs_V' <Predicate = true> <Delay = 0.00>
ST_1 : Operation 7 [1/1] (0.00ns)   --->   "%kx = alloca i32 1"   --->   Operation 7 'alloca' 'kx' <Predicate = true> <Delay = 0.00>
ST_1 : Operation 8 [1/1] (0.00ns)   --->   "%xp = alloca i32 1"   --->   Operation 8 'alloca' 'xp' <Predicate = true> <Delay = 0.00>
ST_1 : Operation 9 [1/1] (0.00ns)   --->   "%indvar_flatten = alloca i32 1"   --->   Operation 9 'alloca' 'indvar_flatten' <Predicate = true> <Delay = 0.00>
ST_1 : Operation 10 [1/1] (0.00ns)   --->   "%indvar_flatten14 = alloca i32 1"   --->   Operation 10 'alloca' 'indvar_flatten14' <Predicate = true> <Delay = 0.00>
ST_1 : Operation 11 [1/1] (0.00ns)   --->   "%specinterface_ln0 = specinterface void @_ssdm_op_SpecInterface, i16 %in0_V, void @empty, i32 0, i32 0, void @empty_0, i32 0, i32 0, void @empty_1, void @empty_1, void @empty_1, i32 0, i32 0, i32 0, i32 0, void @empty_1, void @empty_1, i32 4294967295, i32 0"   --->   Operation 11 'specinterface' 'specinterface_ln0' <Predicate = true> <Delay = 0.00>
ST_1 : Operation 12 [1/1] (0.42ns)   --->   "%store_ln0 = store i5 0, i5 %indvar_flatten14"   --->   Operation 12 'store' 'store_ln0' <Predicate = true> <Delay = 0.42>
ST_1 : Operation 13 [1/1] (0.42ns)   --->   "%store_ln0 = store i5 0, i5 %indvar_flatten"   --->   Operation 13 'store' 'store_ln0' <Predicate = true> <Delay = 0.42>
ST_1 : Operation 14 [1/1] (0.42ns)   --->   "%store_ln0 = store i3 0, i3 %xp"   --->   Operation 14 'store' 'store_ln0' <Predicate = true> <Delay = 0.42>
ST_1 : Operation 15 [1/1] (0.42ns)   --->   "%store_ln0 = store i2 0, i2 %kx"   --->   Operation 15 'store' 'store_ln0' <Predicate = true> <Delay = 0.42>
ST_1 : Operation 16 [1/1] (0.42ns)   --->   "%store_ln0 = store i16 0, i16 %lhs_V"   --->   Operation 16 'store' 'store_ln0' <Predicate = true> <Delay = 0.42>
ST_1 : Operation 17 [1/1] (0.00ns)   --->   "%br_ln0 = br void %for.inc21.i"   --->   Operation 17 'br' 'br_ln0' <Predicate = true> <Delay = 0.00>
ST_1 : Operation 18 [1/1] (0.00ns)   --->   "%indvar_flatten14_load = load i5 %indvar_flatten14" [/home/changhong/prj/finn/deps/finn-hlslib/maxpool.h:79]   --->   Operation 18 'load' 'indvar_flatten14_load' <Predicate = true> <Delay = 0.00>
ST_1 : Operation 19 [1/1] (0.75ns)   --->   "%icmp_ln79 = icmp_eq  i5 %indvar_flatten14_load, i5 20" [/home/changhong/prj/finn/deps/finn-hlslib/maxpool.h:79]   --->   Operation 19 'icmp' 'icmp_ln79' <Predicate = true> <Delay = 0.75> <CoreInst = "Cmp">   --->   Core 9 'Cmp' <Latency = 0> <II = 1> <Delay = 0.75> <FuncUnit> <Opcode : 'icmp'> <InPorts = 2> <OutPorts = 1>
ST_1 : Operation 20 [1/1] (0.78ns)   --->   "%add_ln79 = add i5 %indvar_flatten14_load, i5 1" [/home/changhong/prj/finn/deps/finn-hlslib/maxpool.h:79]   --->   Operation 20 'add' 'add_ln79' <Predicate = true> <Delay = 0.78> <CoreInst = "Adder">   --->   Core 1 'Adder' <Latency = 0> <II = 1> <Delay = 0.78> <FuncUnit> <Opcode : 'add' 'sub'> <InPorts = 2> <OutPorts = 1>
ST_1 : Operation 21 [1/1] (0.00ns)   --->   "%br_ln79 = br i1 %icmp_ln79, void %for.inc29.i, void %for.inc41.i.preheader.exitStub" [/home/changhong/prj/finn/deps/finn-hlslib/maxpool.h:79]   --->   Operation 21 'br' 'br_ln79' <Predicate = true> <Delay = 0.00>
ST_1 : Operation 22 [1/1] (0.00ns)   --->   "%rhs_V = read i16 @_ssdm_op_Read.axis.volatile.i16P128A, i16 %in0_V" [/home/changhong/prj/finn/deps/finn-hlslib/maxpool.h:84]   --->   Operation 22 'read' 'rhs_V' <Predicate = (!icmp_ln79)> <Delay = 0.00> <CoreInst = "axis">   --->   Core 123 'axis' <Latency = 0> <II = 1> <Delay = 1.00> <Adapter> <Opcode : >
ST_1 : Operation 23 [1/1] (0.42ns)   --->   "%store_ln79 = store i5 %add_ln79, i5 %indvar_flatten14" [/home/changhong/prj/finn/deps/finn-hlslib/maxpool.h:79]   --->   Operation 23 'store' 'store_ln79' <Predicate = (!icmp_ln79)> <Delay = 0.42>

State 2 <SV = 1> <Delay = 2.51>
ST_2 : Operation 24 [1/1] (0.00ns)   --->   "%indvar_flatten_load = load i5 %indvar_flatten" [/home/changhong/prj/finn/deps/finn-hlslib/maxpool.h:80]   --->   Operation 24 'load' 'indvar_flatten_load' <Predicate = true> <Delay = 0.00>
ST_2 : Operation 25 [1/1] (0.00ns)   --->   "%lhs_V_load = load i16 %lhs_V" [/home/changhong/prj/finn/deps/finn-hlslib/maxpool.h:80]   --->   Operation 25 'load' 'lhs_V_load' <Predicate = (!icmp_ln79)> <Delay = 0.00>
ST_2 : Operation 26 [1/1] (0.00ns)   --->   "%kx_load = load i2 %kx" [/home/changhong/prj/finn/deps/finn-hlslib/maxpool.h:82]   --->   Operation 26 'load' 'kx_load' <Predicate = (!icmp_ln79)> <Delay = 0.00>
ST_2 : Operation 27 [1/1] (0.00ns)   --->   "%xp_load = load i3 %xp" [/home/changhong/prj/finn/deps/finn-hlslib/maxpool.h:79]   --->   Operation 27 'load' 'xp_load' <Predicate = (!icmp_ln79)> <Delay = 0.00>
ST_2 : Operation 28 [1/1] (0.00ns)   --->   "%specloopname_ln0 = specloopname void @_ssdm_op_SpecLoopName, void @VITIS_LOOP_79_3_VITIS_LOOP_80_4_VITIS_LOOP_82_5_str"   --->   Operation 28 'specloopname' 'specloopname_ln0' <Predicate = (!icmp_ln79)> <Delay = 0.00>
ST_2 : Operation 29 [1/1] (0.00ns)   --->   "%empty = speclooptripcount i32 @_ssdm_op_SpecLoopTripCount, i64 20, i64 20, i64 20"   --->   Operation 29 'speclooptripcount' 'empty' <Predicate = (!icmp_ln79)> <Delay = 0.00>
ST_2 : Operation 30 [1/1] (0.75ns)   --->   "%icmp_ln80 = icmp_eq  i5 %indvar_flatten_load, i5 10" [/home/changhong/prj/finn/deps/finn-hlslib/maxpool.h:80]   --->   Operation 30 'icmp' 'icmp_ln80' <Predicate = (!icmp_ln79)> <Delay = 0.75> <CoreInst = "Cmp">   --->   Core 9 'Cmp' <Latency = 0> <II = 1> <Delay = 0.75> <FuncUnit> <Opcode : 'icmp'> <InPorts = 2> <OutPorts = 1>
ST_2 : Operation 31 [1/1] (0.20ns)   --->   "%select_ln79 = select i1 %icmp_ln80, i3 0, i3 %xp_load" [/home/changhong/prj/finn/deps/finn-hlslib/maxpool.h:79]   --->   Operation 31 'select' 'select_ln79' <Predicate = (!icmp_ln79)> <Delay = 0.20> <CoreInst = "Sel">   --->   Core 73 'Sel' <Latency = 0> <II = 1> <Delay = 0.20> <FuncUnit> <Opcode : 'select'> <InPorts = 3> <OutPorts = 1>
ST_2 : Operation 32 [1/1] (0.00ns) (grouped into LUT with out node and_ln79)   --->   "%xor_ln79 = xor i1 %icmp_ln80, i1 1" [/home/changhong/prj/finn/deps/finn-hlslib/maxpool.h:79]   --->   Operation 32 'xor' 'xor_ln79' <Predicate = (!icmp_ln79)> <Delay = 0.00> <CoreInst = "LogicGate">   --->   Core 74 'LogicGate' <Latency = 0> <II = 1> <Delay = 0.28> <FuncUnit> <Opcode : 'and' 'or' 'xor'> <InPorts = 2> <OutPorts = 1>
ST_2 : Operation 33 [1/1] (0.44ns)   --->   "%icmp_ln82 = icmp_eq  i2 %kx_load, i2 2" [/home/changhong/prj/finn/deps/finn-hlslib/maxpool.h:82]   --->   Operation 33 'icmp' 'icmp_ln82' <Predicate = (!icmp_ln79)> <Delay = 0.44> <CoreInst = "Cmp">   --->   Core 9 'Cmp' <Latency = 0> <II = 1> <Delay = 0.58> <FuncUnit> <Opcode : 'icmp'> <InPorts = 2> <OutPorts = 1>
ST_2 : Operation 34 [1/1] (0.28ns) (out node of the LUT)   --->   "%and_ln79 = and i1 %icmp_ln82, i1 %xor_ln79" [/home/changhong/prj/finn/deps/finn-hlslib/maxpool.h:79]   --->   Operation 34 'and' 'and_ln79' <Predicate = (!icmp_ln79)> <Delay = 0.28> <CoreInst = "LogicGate">   --->   Core 74 'LogicGate' <Latency = 0> <II = 1> <Delay = 0.28> <FuncUnit> <Opcode : 'and' 'or' 'xor'> <InPorts = 2> <OutPorts = 1>
ST_2 : Operation 35 [1/1] (0.67ns)   --->   "%add_ln80 = add i3 %select_ln79, i3 1" [/home/changhong/prj/finn/deps/finn-hlslib/maxpool.h:80]   --->   Operation 35 'add' 'add_ln80' <Predicate = (!icmp_ln79)> <Delay = 0.67> <CoreInst = "Adder">   --->   Core 1 'Adder' <Latency = 0> <II = 1> <Delay = 0.67> <FuncUnit> <Opcode : 'add' 'sub'> <InPorts = 2> <OutPorts = 1>
ST_2 : Operation 36 [1/1] (0.00ns)   --->   "%specloopname_ln0 = specloopname void @_ssdm_op_SpecLoopName, void @VITIS_LOOP_80_4_VITIS_LOOP_82_5_str"   --->   Operation 36 'specloopname' 'specloopname_ln0' <Predicate = (!icmp_ln79)> <Delay = 0.00>
ST_2 : Operation 37 [1/1] (0.28ns)   --->   "%or_ln80 = or i1 %and_ln79, i1 %icmp_ln80" [/home/changhong/prj/finn/deps/finn-hlslib/maxpool.h:80]   --->   Operation 37 'or' 'or_ln80' <Predicate = (!icmp_ln79)> <Delay = 0.28> <CoreInst = "LogicGate">   --->   Core 74 'LogicGate' <Latency = 0> <II = 1> <Delay = 0.28> <FuncUnit> <Opcode : 'and' 'or' 'xor'> <InPorts = 2> <OutPorts = 1>
ST_2 : Operation 38 [1/1] (0.00ns) (grouped into LUT with out node ret_V)   --->   "%select_ln80 = select i1 %or_ln80, i16 0, i16 %lhs_V_load" [/home/changhong/prj/finn/deps/finn-hlslib/maxpool.h:80]   --->   Operation 38 'select' 'select_ln80' <Predicate = (!icmp_ln79)> <Delay = 0.00> <CoreInst = "Sel">   --->   Core 73 'Sel' <Latency = 0> <II = 1> <Delay = 0.35> <FuncUnit> <Opcode : 'select'> <InPorts = 3> <OutPorts = 1>
ST_2 : Operation 39 [1/1] (0.20ns)   --->   "%select_ln80_1 = select i1 %and_ln79, i3 %add_ln80, i3 %select_ln79" [/home/changhong/prj/finn/deps/finn-hlslib/maxpool.h:80]   --->   Operation 39 'select' 'select_ln80_1' <Predicate = (!icmp_ln79)> <Delay = 0.20> <CoreInst = "Sel">   --->   Core 73 'Sel' <Latency = 0> <II = 1> <Delay = 0.20> <FuncUnit> <Opcode : 'select'> <InPorts = 3> <OutPorts = 1>
ST_2 : Operation 40 [1/1] (0.00ns)   --->   "%zext_ln80 = zext i3 %select_ln80_1" [/home/changhong/prj/finn/deps/finn-hlslib/maxpool.h:80]   --->   Operation 40 'zext' 'zext_ln80' <Predicate = (!icmp_ln79)> <Delay = 0.00>
ST_2 : Operation 41 [1/1] (0.00ns)   --->   "%specpipeline_ln83 = specpipeline void @_ssdm_op_SpecPipeline, i32 1, i32 2, i32 0, i32 0, void @empty_1" [/home/changhong/prj/finn/deps/finn-hlslib/maxpool.h:83]   --->   Operation 41 'specpipeline' 'specpipeline_ln83' <Predicate = (!icmp_ln79)> <Delay = 0.00>
ST_2 : Operation 42 [1/1] (0.00ns)   --->   "%specloopname_ln81 = specloopname void @_ssdm_op_SpecLoopName, void @empty_4" [/home/changhong/prj/finn/deps/finn-hlslib/maxpool.h:81]   --->   Operation 42 'specloopname' 'specloopname_ln81' <Predicate = (!icmp_ln79)> <Delay = 0.00>
ST_2 : Operation 43 [1/1] (0.35ns) (out node of the LUT)   --->   "%ret_V = or i16 %rhs_V, i16 %select_ln80"   --->   Operation 43 'or' 'ret_V' <Predicate = (!icmp_ln79)> <Delay = 0.35> <CoreInst = "LogicGate">   --->   Core 74 'LogicGate' <Latency = 0> <II = 1> <Delay = 0.18> <FuncUnit> <Opcode : 'and' 'or' 'xor'> <InPorts = 2> <OutPorts = 1>
ST_2 : Operation 44 [1/1] (0.54ns)   --->   "%add_ln82 = add i2 %kx_load, i2 1" [/home/changhong/prj/finn/deps/finn-hlslib/maxpool.h:82]   --->   Operation 44 'add' 'add_ln82' <Predicate = (!icmp_ln79)> <Delay = 0.54> <CoreInst = "Adder">   --->   Core 1 'Adder' <Latency = 0> <II = 1> <Delay = 0.54> <FuncUnit> <Opcode : 'add' 'sub'> <InPorts = 2> <OutPorts = 1>
ST_2 : Operation 45 [1/1] (0.17ns)   --->   "%kx_1 = select i1 %or_ln80, i2 1, i2 %add_ln82" [/home/changhong/prj/finn/deps/finn-hlslib/maxpool.h:82]   --->   Operation 45 'select' 'kx_1' <Predicate = (!icmp_ln79)> <Delay = 0.17> <CoreInst = "Sel">   --->   Core 73 'Sel' <Latency = 0> <II = 1> <Delay = 0.17> <FuncUnit> <Opcode : 'select'> <InPorts = 3> <OutPorts = 1>
ST_2 : Operation 46 [1/1] (0.44ns)   --->   "%icmp_ln82_1 = icmp_eq  i2 %kx_1, i2 2" [/home/changhong/prj/finn/deps/finn-hlslib/maxpool.h:82]   --->   Operation 46 'icmp' 'icmp_ln82_1' <Predicate = (!icmp_ln79)> <Delay = 0.44> <CoreInst = "Cmp">   --->   Core 9 'Cmp' <Latency = 0> <II = 1> <Delay = 0.58> <FuncUnit> <Opcode : 'icmp'> <InPorts = 2> <OutPorts = 1>
ST_2 : Operation 47 [1/1] (0.00ns)   --->   "%br_ln82 = br i1 %icmp_ln82_1, void %ifFalse, void %ifTrue" [/home/changhong/prj/finn/deps/finn-hlslib/maxpool.h:82]   --->   Operation 47 'br' 'br_ln82' <Predicate = (!icmp_ln79)> <Delay = 0.00>
ST_2 : Operation 48 [1/1] (0.00ns)   --->   "%buf_V_addr = getelementptr i16 %buf_V, i64 0, i64 %zext_ln80"   --->   Operation 48 'getelementptr' 'buf_V_addr' <Predicate = (!icmp_ln79 & icmp_ln82_1)> <Delay = 0.00>
ST_2 : Operation 49 [2/2] (0.67ns)   --->   "%buf_V_load = load i3 %buf_V_addr"   --->   Operation 49 'load' 'buf_V_load' <Predicate = (!icmp_ln79 & icmp_ln82_1)> <Delay = 0.67> <CoreInst = "RAM">   --->   Core 83 'RAM' <Latency = 1> <II = 1> <Delay = 0.67> <Storage> <Opcode : 'load' 'store'> <Ports = 2> <Width = 16> <Depth = 5> <RAM>
ST_2 : Operation 50 [1/1] (0.78ns)   --->   "%add_ln80_1 = add i5 %indvar_flatten_load, i5 1" [/home/changhong/prj/finn/deps/finn-hlslib/maxpool.h:80]   --->   Operation 50 'add' 'add_ln80_1' <Predicate = (!icmp_ln79)> <Delay = 0.78> <CoreInst = "Adder">   --->   Core 1 'Adder' <Latency = 0> <II = 1> <Delay = 0.78> <FuncUnit> <Opcode : 'add' 'sub'> <InPorts = 2> <OutPorts = 1>
ST_2 : Operation 51 [1/1] (0.41ns)   --->   "%select_ln80_2 = select i1 %icmp_ln80, i5 1, i5 %add_ln80_1" [/home/changhong/prj/finn/deps/finn-hlslib/maxpool.h:80]   --->   Operation 51 'select' 'select_ln80_2' <Predicate = (!icmp_ln79)> <Delay = 0.41> <CoreInst = "Sel">   --->   Core 73 'Sel' <Latency = 0> <II = 1> <Delay = 0.41> <FuncUnit> <Opcode : 'select'> <InPorts = 3> <OutPorts = 1>
ST_2 : Operation 52 [1/1] (0.42ns)   --->   "%store_ln80 = store i5 %select_ln80_2, i5 %indvar_flatten" [/home/changhong/prj/finn/deps/finn-hlslib/maxpool.h:80]   --->   Operation 52 'store' 'store_ln80' <Predicate = (!icmp_ln79)> <Delay = 0.42>
ST_2 : Operation 53 [1/1] (0.42ns)   --->   "%store_ln80 = store i3 %select_ln80_1, i3 %xp" [/home/changhong/prj/finn/deps/finn-hlslib/maxpool.h:80]   --->   Operation 53 'store' 'store_ln80' <Predicate = (!icmp_ln79)> <Delay = 0.42>
ST_2 : Operation 54 [1/1] (0.42ns)   --->   "%store_ln82 = store i2 %kx_1, i2 %kx" [/home/changhong/prj/finn/deps/finn-hlslib/maxpool.h:82]   --->   Operation 54 'store' 'store_ln82' <Predicate = (!icmp_ln79)> <Delay = 0.42>
ST_2 : Operation 55 [1/1] (0.42ns)   --->   "%store_ln1498 = store i16 %ret_V, i16 %lhs_V"   --->   Operation 55 'store' 'store_ln1498' <Predicate = (!icmp_ln79)> <Delay = 0.42>
ST_2 : Operation 56 [1/1] (0.00ns)   --->   "%br_ln0 = br void %for.inc21.i"   --->   Operation 56 'br' 'br_ln0' <Predicate = (!icmp_ln79)> <Delay = 0.00>

State 3 <SV = 2> <Delay = 1.54>
ST_3 : Operation 57 [1/2] (0.67ns)   --->   "%buf_V_load = load i3 %buf_V_addr"   --->   Operation 57 'load' 'buf_V_load' <Predicate = (!icmp_ln79 & icmp_ln82_1)> <Delay = 0.67> <CoreInst = "RAM">   --->   Core 83 'RAM' <Latency = 1> <II = 1> <Delay = 0.67> <Storage> <Opcode : 'load' 'store'> <Ports = 2> <Width = 16> <Depth = 5> <RAM>
ST_3 : Operation 58 [1/1] (0.18ns)   --->   "%or_ln858 = or i16 %buf_V_load, i16 %ret_V"   --->   Operation 58 'or' 'or_ln858' <Predicate = (!icmp_ln79 & icmp_ln82_1)> <Delay = 0.18> <CoreInst = "LogicGate">   --->   Core 74 'LogicGate' <Latency = 0> <II = 1> <Delay = 0.18> <FuncUnit> <Opcode : 'and' 'or' 'xor'> <InPorts = 2> <OutPorts = 1>
ST_3 : Operation 59 [1/1] (0.67ns)   --->   "%store_ln858 = store i16 %or_ln858, i3 %buf_V_addr"   --->   Operation 59 'store' 'store_ln858' <Predicate = (!icmp_ln79 & icmp_ln82_1)> <Delay = 0.67> <CoreInst = "RAM">   --->   Core 83 'RAM' <Latency = 1> <II = 1> <Delay = 0.67> <Storage> <Opcode : 'load' 'store'> <Ports = 2> <Width = 16> <Depth = 5> <RAM>
ST_3 : Operation 60 [1/1] (0.00ns)   --->   "%br_ln0 = br void %ifFalse"   --->   Operation 60 'br' 'br_ln0' <Predicate = (!icmp_ln79 & icmp_ln82_1)> <Delay = 0.00>
ST_3 : Operation 61 [1/1] (0.00ns)   --->   "%ret_ln0 = ret"   --->   Operation 61 'ret' 'ret_ln0' <Predicate = (icmp_ln79)> <Delay = 0.00>


============================================================
+ Verbose Summary: Binding
============================================================
STG Binding: 
---------------- STG Properties BEGIN ----------------
- Is combinational: 0
- Is one-state seq: 0
- Is datapath-only: 0
- Is pipelined: 0
- Is top level: 0
Port [ Return ] is wired: 1; IO mode=ap_ctrl_hs:ce=0
Port [ in0_V]:  wired=1; compound=1; hidden=0; nouse=0; global=0; static=0; extern=0; dir=0; type=0; pingpong=0; private_global=0; IO mode=axis:ce=0
Port [ buf_V]:  wired=1; compound=1; hidden=0; nouse=0; global=0; static=0; extern=0; dir=2; type=1; pingpong=0; private_global=0; MemPort=[01]; IO mode=ap_memory:ce=0
---------------- STG Properties END ------------------

---------------- Datapath Model BEGIN ----------------

<LifeTime>
<method=bitvector/>
lhs_V                 (alloca           ) [ 0110]
kx                    (alloca           ) [ 0110]
xp                    (alloca           ) [ 0110]
indvar_flatten        (alloca           ) [ 0110]
indvar_flatten14      (alloca           ) [ 0100]
specinterface_ln0     (specinterface    ) [ 0000]
store_ln0             (store            ) [ 0000]
store_ln0             (store            ) [ 0000]
store_ln0             (store            ) [ 0000]
store_ln0             (store            ) [ 0000]
store_ln0             (store            ) [ 0000]
br_ln0                (br               ) [ 0000]
indvar_flatten14_load (load             ) [ 0000]
icmp_ln79             (icmp             ) [ 0111]
add_ln79              (add              ) [ 0000]
br_ln79               (br               ) [ 0000]
rhs_V                 (read             ) [ 0110]
store_ln79            (store            ) [ 0000]
indvar_flatten_load   (load             ) [ 0000]
lhs_V_load            (load             ) [ 0000]
kx_load               (load             ) [ 0000]
xp_load               (load             ) [ 0000]
specloopname_ln0      (specloopname     ) [ 0000]
empty                 (speclooptripcount) [ 0000]
icmp_ln80             (icmp             ) [ 0000]
select_ln79           (select           ) [ 0000]
xor_ln79              (xor              ) [ 0000]
icmp_ln82             (icmp             ) [ 0000]
and_ln79              (and              ) [ 0000]
add_ln80              (add              ) [ 0000]
specloopname_ln0      (specloopname     ) [ 0000]
or_ln80               (or               ) [ 0000]
select_ln80           (select           ) [ 0000]
select_ln80_1         (select           ) [ 0000]
zext_ln80             (zext             ) [ 0000]
specpipeline_ln83     (specpipeline     ) [ 0000]
specloopname_ln81     (specloopname     ) [ 0000]
ret_V                 (or               ) [ 0101]
add_ln82              (add              ) [ 0000]
kx_1                  (select           ) [ 0000]
icmp_ln82_1           (icmp             ) [ 0111]
br_ln82               (br               ) [ 0000]
buf_V_addr            (getelementptr    ) [ 0101]
add_ln80_1            (add              ) [ 0000]
select_ln80_2         (select           ) [ 0000]
store_ln80            (store            ) [ 0000]
store_ln80            (store            ) [ 0000]
store_ln82            (store            ) [ 0000]
store_ln1498          (store            ) [ 0000]
br_ln0                (br               ) [ 0000]
buf_V_load            (load             ) [ 0000]
or_ln858              (or               ) [ 0000]
store_ln858           (store            ) [ 0000]
br_ln0                (br               ) [ 0000]
ret_ln0               (ret              ) [ 0000]
</LifeTime>

<model>

<comp_list>
<comp id="0" class="1000" name="in0_V">
<pin_list>
<pin id="1" dir="1" index="0" bw="1" slack="0"/>
</pin_list>
<bind>
<StgValue><ssdm name="in0_V"/></StgValue>
</bind>
</comp>

<comp id="2" class="1000" name="buf_V">
<pin_list>
<pin id="3" dir="1" index="0" bw="1" slack="0"/>
</pin_list>
<bind>
<StgValue><ssdm name="buf_V"/><MemPortTyVec>0 1 </MemPortTyVec>
</StgValue>
</bind>
</comp>

<comp id="4" class="1001" name="const_4">
<pin_list>
<pin id="5" dir="1" index="0" bw="1" slack="0"/>
</pin_list>
<bind>
<StgValue><ssdm name=""/></StgValue>
</bind>
</comp>

<comp id="6" class="1001" name="const_6">
<pin_list>
<pin id="7" dir="1" index="0" bw="1" slack="2147483647"/>
</pin_list>
<bind>
<StgValue><ssdm name="_ssdm_op_SpecInterface"/></StgValue>
</bind>
</comp>

<comp id="8" class="1001" name="const_8">
<pin_list>
<pin id="9" dir="1" index="0" bw="1" slack="2147483647"/>
</pin_list>
<bind>
<StgValue><ssdm name="empty"/></StgValue>
</bind>
</comp>

<comp id="10" class="1001" name="const_10">
<pin_list>
<pin id="11" dir="1" index="0" bw="1" slack="2147483647"/>
</pin_list>
<bind>
<StgValue><ssdm name=""/></StgValue>
</bind>
</comp>

<comp id="12" class="1001" name="const_12">
<pin_list>
<pin id="13" dir="1" index="0" bw="1" slack="2147483647"/>
</pin_list>
<bind>
<StgValue><ssdm name="empty_0"/></StgValue>
</bind>
</comp>

<comp id="14" class="1001" name="const_14">
<pin_list>
<pin id="15" dir="1" index="0" bw="1" slack="2147483647"/>
</pin_list>
<bind>
<StgValue><ssdm name="empty_1"/></StgValue>
</bind>
</comp>

<comp id="16" class="1001" name="const_16">
<pin_list>
<pin id="17" dir="1" index="0" bw="1" slack="2147483647"/>
</pin_list>
<bind>
<StgValue><ssdm name=""/></StgValue>
</bind>
</comp>

<comp id="18" class="1001" name="const_18">
<pin_list>
<pin id="19" dir="1" index="0" bw="1" slack="0"/>
</pin_list>
<bind>
<StgValue><ssdm name=""/></StgValue>
</bind>
</comp>

<comp id="20" class="1001" name="const_20">
<pin_list>
<pin id="21" dir="1" index="0" bw="1" slack="0"/>
</pin_list>
<bind>
<StgValue><ssdm name=""/></StgValue>
</bind>
</comp>

<comp id="22" class="1001" name="const_22">
<pin_list>
<pin id="23" dir="1" index="0" bw="1" slack="0"/>
</pin_list>
<bind>
<StgValue><ssdm name=""/></StgValue>
</bind>
</comp>

<comp id="24" class="1001" name="const_24">
<pin_list>
<pin id="25" dir="1" index="0" bw="1" slack="0"/>
</pin_list>
<bind>
<StgValue><ssdm name=""/></StgValue>
</bind>
</comp>

<comp id="26" class="1001" name="const_26">
<pin_list>
<pin id="27" dir="1" index="0" bw="1" slack="0"/>
</pin_list>
<bind>
<StgValue><ssdm name=""/></StgValue>
</bind>
</comp>

<comp id="28" class="1001" name="const_28">
<pin_list>
<pin id="29" dir="1" index="0" bw="1" slack="0"/>
</pin_list>
<bind>
<StgValue><ssdm name=""/></StgValue>
</bind>
</comp>

<comp id="30" class="1001" name="const_30">
<pin_list>
<pin id="31" dir="1" index="0" bw="1" slack="0"/>
</pin_list>
<bind>
<StgValue><ssdm name="_ssdm_op_Read.axis.volatile.i16P128A"/></StgValue>
</bind>
</comp>

<comp id="32" class="1001" name="const_32">
<pin_list>
<pin id="33" dir="1" index="0" bw="1" slack="2147483647"/>
</pin_list>
<bind>
<StgValue><ssdm name="_ssdm_op_SpecLoopName"/></StgValue>
</bind>
</comp>

<comp id="34" class="1001" name="const_34">
<pin_list>
<pin id="35" dir="1" index="0" bw="1" slack="2147483647"/>
</pin_list>
<bind>
<StgValue><ssdm name="VITIS_LOOP_79_3_VITIS_LOOP_80_4_VITIS_LOOP_82_5_str"/></StgValue>
</bind>
</comp>

<comp id="36" class="1001" name="const_36">
<pin_list>
<pin id="37" dir="1" index="0" bw="1" slack="2147483647"/>
</pin_list>
<bind>
<StgValue><ssdm name="_ssdm_op_SpecLoopTripCount"/></StgValue>
</bind>
</comp>

<comp id="38" class="1001" name="const_38">
<pin_list>
<pin id="39" dir="1" index="0" bw="1" slack="2147483647"/>
</pin_list>
<bind>
<StgValue><ssdm name=""/></StgValue>
</bind>
</comp>

<comp id="40" class="1001" name="const_40">
<pin_list>
<pin id="41" dir="1" index="0" bw="1" slack="0"/>
</pin_list>
<bind>
<StgValue><ssdm name=""/></StgValue>
</bind>
</comp>

<comp id="42" class="1001" name="const_42">
<pin_list>
<pin id="43" dir="1" index="0" bw="1" slack="0"/>
</pin_list>
<bind>
<StgValue><ssdm name=""/></StgValue>
</bind>
</comp>

<comp id="44" class="1001" name="const_44">
<pin_list>
<pin id="45" dir="1" index="0" bw="1" slack="0"/>
</pin_list>
<bind>
<StgValue><ssdm name=""/></StgValue>
</bind>
</comp>

<comp id="46" class="1001" name="const_46">
<pin_list>
<pin id="47" dir="1" index="0" bw="1" slack="0"/>
</pin_list>
<bind>
<StgValue><ssdm name=""/></StgValue>
</bind>
</comp>

<comp id="48" class="1001" name="const_48">
<pin_list>
<pin id="49" dir="1" index="0" bw="1" slack="2147483647"/>
</pin_list>
<bind>
<StgValue><ssdm name="VITIS_LOOP_80_4_VITIS_LOOP_82_5_str"/></StgValue>
</bind>
</comp>

<comp id="50" class="1001" name="const_50">
<pin_list>
<pin id="51" dir="1" index="0" bw="1" slack="2147483647"/>
</pin_list>
<bind>
<StgValue><ssdm name="_ssdm_op_SpecPipeline"/></StgValue>
</bind>
</comp>

<comp id="52" class="1001" name="const_52">
<pin_list>
<pin id="53" dir="1" index="0" bw="1" slack="2147483647"/>
</pin_list>
<bind>
<StgValue><ssdm name=""/></StgValue>
</bind>
</comp>

<comp id="54" class="1001" name="const_54">
<pin_list>
<pin id="55" dir="1" index="0" bw="1" slack="2147483647"/>
</pin_list>
<bind>
<StgValue><ssdm name="empty_4"/></StgValue>
</bind>
</comp>

<comp id="56" class="1001" name="const_56">
<pin_list>
<pin id="57" dir="1" index="0" bw="1" slack="0"/>
</pin_list>
<bind>
<StgValue><ssdm name=""/></StgValue>
</bind>
</comp>

<comp id="58" class="1001" name="const_58">
<pin_list>
<pin id="59" dir="1" index="0" bw="1" slack="0"/>
</pin_list>
<bind>
<StgValue><ssdm name=""/></StgValue>
</bind>
</comp>

<comp id="60" class="1004" name="lhs_V_fu_60">
<pin_list>
<pin id="61" dir="0" index="0" bw="1" slack="0"/>
<pin id="62" dir="1" index="1" bw="16" slack="0"/>
</pin_list>
<bind>
<opcode="alloca(26) " fcode="alloca"/>
<opset="lhs_V/1 "/>
</bind>
</comp>

<comp id="64" class="1004" name="kx_fu_64">
<pin_list>
<pin id="65" dir="0" index="0" bw="1" slack="0"/>
<pin id="66" dir="1" index="1" bw="2" slack="0"/>
</pin_list>
<bind>
<opcode="alloca(26) " fcode="alloca"/>
<opset="kx/1 "/>
</bind>
</comp>

<comp id="68" class="1004" name="xp_fu_68">
<pin_list>
<pin id="69" dir="0" index="0" bw="1" slack="0"/>
<pin id="70" dir="1" index="1" bw="3" slack="0"/>
</pin_list>
<bind>
<opcode="alloca(26) " fcode="alloca"/>
<opset="xp/1 "/>
</bind>
</comp>

<comp id="72" class="1004" name="indvar_flatten_fu_72">
<pin_list>
<pin id="73" dir="0" index="0" bw="1" slack="0"/>
<pin id="74" dir="1" index="1" bw="5" slack="0"/>
</pin_list>
<bind>
<opcode="alloca(26) " fcode="alloca"/>
<opset="indvar_flatten/1 "/>
</bind>
</comp>

<comp id="76" class="1004" name="indvar_flatten14_fu_76">
<pin_list>
<pin id="77" dir="0" index="0" bw="1" slack="0"/>
<pin id="78" dir="1" index="1" bw="5" slack="0"/>
</pin_list>
<bind>
<opcode="alloca(26) " fcode="alloca"/>
<opset="indvar_flatten14/1 "/>
</bind>
</comp>

<comp id="80" class="1004" name="rhs_V_read_fu_80">
<pin_list>
<pin id="81" dir="0" index="0" bw="16" slack="0"/>
<pin id="82" dir="0" index="1" bw="16" slack="0"/>
<pin id="83" dir="1" index="2" bw="16" slack="1"/>
</pin_list>
<bind>
<opcode="read(1150) " fcode="read"/>
<opset="rhs_V/1 "/>
</bind>
</comp>

<comp id="86" class="1004" name="buf_V_addr_gep_fu_86">
<pin_list>
<pin id="87" dir="0" index="0" bw="16" slack="0"/>
<pin id="88" dir="0" index="1" bw="1" slack="0"/>
<pin id="89" dir="0" index="2" bw="3" slack="0"/>
<pin id="90" dir="1" index="3" bw="3" slack="0"/>
</pin_list>
<bind>
<opcode="getelementptr(29) " fcode="getelementptr"/>
<opset="buf_V_addr/2 "/>
</bind>
</comp>

<comp id="93" class="1004" name="grp_access_fu_93">
<pin_list>
<pin id="94" dir="0" index="0" bw="3" slack="1"/>
<pin id="95" dir="0" index="1" bw="16" slack="0"/>
<pin id="96" dir="0" index="2" bw="0" slack="0"/>
<pin id="98" dir="0" index="4" bw="3" slack="2147483647"/>
<pin id="99" dir="0" index="5" bw="16" slack="2147483647"/>
<pin id="100" dir="0" index="6" bw="0" slack="2147483647"/>
<pin id="97" dir="1" index="3" bw="16" slack="2147483647"/>
<pin id="101" dir="1" index="7" bw="16" slack="0"/>
</pin_list>
<bind>
<opcode="load(27) store(28) " fcode="store"/>
<opset="buf_V_load/2 store_ln858/3 "/>
</bind>
</comp>

<comp id="103" class="1004" name="store_ln0_store_fu_103">
<pin_list>
<pin id="104" dir="0" index="0" bw="1" slack="0"/>
<pin id="105" dir="0" index="1" bw="5" slack="0"/>
<pin id="106" dir="1" index="2" bw="0" slack="2147483647"/>
</pin_list>
<bind>
<opcode="store(28) " fcode="store"/>
<opset="store_ln0/1 "/>
</bind>
</comp>

<comp id="108" class="1004" name="store_ln0_store_fu_108">
<pin_list>
<pin id="109" dir="0" index="0" bw="1" slack="0"/>
<pin id="110" dir="0" index="1" bw="5" slack="0"/>
<pin id="111" dir="1" index="2" bw="0" slack="2147483647"/>
</pin_list>
<bind>
<opcode="store(28) " fcode="store"/>
<opset="store_ln0/1 "/>
</bind>
</comp>

<comp id="113" class="1004" name="store_ln0_store_fu_113">
<pin_list>
<pin id="114" dir="0" index="0" bw="1" slack="0"/>
<pin id="115" dir="0" index="1" bw="3" slack="0"/>
<pin id="116" dir="1" index="2" bw="0" slack="2147483647"/>
</pin_list>
<bind>
<opcode="store(28) " fcode="store"/>
<opset="store_ln0/1 "/>
</bind>
</comp>

<comp id="118" class="1004" name="store_ln0_store_fu_118">
<pin_list>
<pin id="119" dir="0" index="0" bw="1" slack="0"/>
<pin id="120" dir="0" index="1" bw="2" slack="0"/>
<pin id="121" dir="1" index="2" bw="0" slack="2147483647"/>
</pin_list>
<bind>
<opcode="store(28) " fcode="store"/>
<opset="store_ln0/1 "/>
</bind>
</comp>

<comp id="123" class="1004" name="store_ln0_store_fu_123">
<pin_list>
<pin id="124" dir="0" index="0" bw="1" slack="0"/>
<pin id="125" dir="0" index="1" bw="16" slack="0"/>
<pin id="126" dir="1" index="2" bw="0" slack="2147483647"/>
</pin_list>
<bind>
<opcode="store(28) " fcode="store"/>
<opset="store_ln0/1 "/>
</bind>
</comp>

<comp id="128" class="1004" name="indvar_flatten14_load_load_fu_128">
<pin_list>
<pin id="129" dir="0" index="0" bw="5" slack="0"/>
<pin id="130" dir="1" index="1" bw="5" slack="0"/>
</pin_list>
<bind>
<opcode="load(27) " fcode="load"/>
<opset="indvar_flatten14_load/1 "/>
</bind>
</comp>

<comp id="131" class="1004" name="icmp_ln79_fu_131">
<pin_list>
<pin id="132" dir="0" index="0" bw="5" slack="0"/>
<pin id="133" dir="0" index="1" bw="5" slack="0"/>
<pin id="134" dir="1" index="2" bw="1" slack="1"/>
</pin_list>
<bind>
<opcode="icmp(45) " fcode="icmp"/>
<opset="icmp_ln79/1 "/>
</bind>
</comp>

<comp id="137" class="1004" name="add_ln79_fu_137">
<pin_list>
<pin id="138" dir="0" index="0" bw="5" slack="0"/>
<pin id="139" dir="0" index="1" bw="1" slack="0"/>
<pin id="140" dir="1" index="2" bw="5" slack="0"/>
</pin_list>
<bind>
<opcode="add(8) " fcode="add"/>
<opset="add_ln79/1 "/>
</bind>
</comp>

<comp id="143" class="1004" name="store_ln79_store_fu_143">
<pin_list>
<pin id="144" dir="0" index="0" bw="5" slack="0"/>
<pin id="145" dir="0" index="1" bw="5" slack="0"/>
<pin id="146" dir="1" index="2" bw="0" slack="2147483647"/>
</pin_list>
<bind>
<opcode="store(28) " fcode="store"/>
<opset="store_ln79/1 "/>
</bind>
</comp>

<comp id="148" class="1004" name="indvar_flatten_load_load_fu_148">
<pin_list>
<pin id="149" dir="0" index="0" bw="5" slack="1"/>
<pin id="150" dir="1" index="1" bw="5" slack="0"/>
</pin_list>
<bind>
<opcode="load(27) " fcode="load"/>
<opset="indvar_flatten_load/2 "/>
</bind>
</comp>

<comp id="151" class="1004" name="lhs_V_load_load_fu_151">
<pin_list>
<pin id="152" dir="0" index="0" bw="16" slack="1"/>
<pin id="153" dir="1" index="1" bw="16" slack="0"/>
</pin_list>
<bind>
<opcode="load(27) " fcode="load"/>
<opset="lhs_V_load/2 "/>
</bind>
</comp>

<comp id="154" class="1004" name="kx_load_load_fu_154">
<pin_list>
<pin id="155" dir="0" index="0" bw="2" slack="1"/>
<pin id="156" dir="1" index="1" bw="2" slack="0"/>
</pin_list>
<bind>
<opcode="load(27) " fcode="load"/>
<opset="kx_load/2 "/>
</bind>
</comp>

<comp id="157" class="1004" name="xp_load_load_fu_157">
<pin_list>
<pin id="158" dir="0" index="0" bw="3" slack="1"/>
<pin id="159" dir="1" index="1" bw="3" slack="0"/>
</pin_list>
<bind>
<opcode="load(27) " fcode="load"/>
<opset="xp_load/2 "/>
</bind>
</comp>

<comp id="160" class="1004" name="icmp_ln80_fu_160">
<pin_list>
<pin id="161" dir="0" index="0" bw="5" slack="0"/>
<pin id="162" dir="0" index="1" bw="5" slack="0"/>
<pin id="163" dir="1" index="2" bw="1" slack="0"/>
</pin_list>
<bind>
<opcode="icmp(45) " fcode="icmp"/>
<opset="icmp_ln80/2 "/>
</bind>
</comp>

<comp id="166" class="1004" name="select_ln79_fu_166">
<pin_list>
<pin id="167" dir="0" index="0" bw="1" slack="0"/>
<pin id="168" dir="0" index="1" bw="3" slack="0"/>
<pin id="169" dir="0" index="2" bw="3" slack="0"/>
<pin id="170" dir="1" index="3" bw="3" slack="0"/>
</pin_list>
<bind>
<opcode="select(49) " fcode="select"/>
<opset="select_ln79/2 "/>
</bind>
</comp>

<comp id="174" class="1004" name="xor_ln79_fu_174">
<pin_list>
<pin id="175" dir="0" index="0" bw="1" slack="0"/>
<pin id="176" dir="0" index="1" bw="1" slack="0"/>
<pin id="177" dir="1" index="2" bw="1" slack="0"/>
</pin_list>
<bind>
<opcode="xor(25) " fcode="xor"/>
<opset="xor_ln79/2 "/>
</bind>
</comp>

<comp id="180" class="1004" name="icmp_ln82_fu_180">
<pin_list>
<pin id="181" dir="0" index="0" bw="2" slack="0"/>
<pin id="182" dir="0" index="1" bw="2" slack="0"/>
<pin id="183" dir="1" index="2" bw="1" slack="0"/>
</pin_list>
<bind>
<opcode="icmp(45) " fcode="icmp"/>
<opset="icmp_ln82/2 "/>
</bind>
</comp>

<comp id="186" class="1004" name="and_ln79_fu_186">
<pin_list>
<pin id="187" dir="0" index="0" bw="1" slack="0"/>
<pin id="188" dir="0" index="1" bw="1" slack="0"/>
<pin id="189" dir="1" index="2" bw="1" slack="0"/>
</pin_list>
<bind>
<opcode="and(23) " fcode="and"/>
<opset="and_ln79/2 "/>
</bind>
</comp>

<comp id="192" class="1004" name="add_ln80_fu_192">
<pin_list>
<pin id="193" dir="0" index="0" bw="3" slack="0"/>
<pin id="194" dir="0" index="1" bw="1" slack="0"/>
<pin id="195" dir="1" index="2" bw="3" slack="0"/>
</pin_list>
<bind>
<opcode="add(8) " fcode="add"/>
<opset="add_ln80/2 "/>
</bind>
</comp>

<comp id="198" class="1004" name="or_ln80_fu_198">
<pin_list>
<pin id="199" dir="0" index="0" bw="1" slack="0"/>
<pin id="200" dir="0" index="1" bw="1" slack="0"/>
<pin id="201" dir="1" index="2" bw="1" slack="0"/>
</pin_list>
<bind>
<opcode="or(24) " fcode="or"/>
<opset="or_ln80/2 "/>
</bind>
</comp>

<comp id="204" class="1004" name="select_ln80_fu_204">
<pin_list>
<pin id="205" dir="0" index="0" bw="1" slack="0"/>
<pin id="206" dir="0" index="1" bw="16" slack="0"/>
<pin id="207" dir="0" index="2" bw="16" slack="0"/>
<pin id="208" dir="1" index="3" bw="16" slack="0"/>
</pin_list>
<bind>
<opcode="select(49) " fcode="select"/>
<opset="select_ln80/2 "/>
</bind>
</comp>

<comp id="212" class="1004" name="select_ln80_1_fu_212">
<pin_list>
<pin id="213" dir="0" index="0" bw="1" slack="0"/>
<pin id="214" dir="0" index="1" bw="3" slack="0"/>
<pin id="215" dir="0" index="2" bw="3" slack="0"/>
<pin id="216" dir="1" index="3" bw="3" slack="0"/>
</pin_list>
<bind>
<opcode="select(49) " fcode="select"/>
<opset="select_ln80_1/2 "/>
</bind>
</comp>

<comp id="220" class="1004" name="zext_ln80_fu_220">
<pin_list>
<pin id="221" dir="0" index="0" bw="3" slack="0"/>
<pin id="222" dir="1" index="1" bw="64" slack="0"/>
</pin_list>
<bind>
<opcode="zext(34) " fcode="zext"/>
<opset="zext_ln80/2 "/>
</bind>
</comp>

<comp id="225" class="1004" name="ret_V_fu_225">
<pin_list>
<pin id="226" dir="0" index="0" bw="16" slack="1"/>
<pin id="227" dir="0" index="1" bw="16" slack="0"/>
<pin id="228" dir="1" index="2" bw="16" slack="0"/>
</pin_list>
<bind>
<opcode="or(24) " fcode="or"/>
<opset="ret_V/2 "/>
</bind>
</comp>

<comp id="230" class="1004" name="add_ln82_fu_230">
<pin_list>
<pin id="231" dir="0" index="0" bw="2" slack="0"/>
<pin id="232" dir="0" index="1" bw="1" slack="0"/>
<pin id="233" dir="1" index="2" bw="2" slack="0"/>
</pin_list>
<bind>
<opcode="add(8) " fcode="add"/>
<opset="add_ln82/2 "/>
</bind>
</comp>

<comp id="236" class="1004" name="kx_1_fu_236">
<pin_list>
<pin id="237" dir="0" index="0" bw="1" slack="0"/>
<pin id="238" dir="0" index="1" bw="2" slack="0"/>
<pin id="239" dir="0" index="2" bw="2" slack="0"/>
<pin id="240" dir="1" index="3" bw="2" slack="0"/>
</pin_list>
<bind>
<opcode="select(49) " fcode="select"/>
<opset="kx_1/2 "/>
</bind>
</comp>

<comp id="244" class="1004" name="icmp_ln82_1_fu_244">
<pin_list>
<pin id="245" dir="0" index="0" bw="2" slack="0"/>
<pin id="246" dir="0" index="1" bw="2" slack="0"/>
<pin id="247" dir="1" index="2" bw="1" slack="1"/>
</pin_list>
<bind>
<opcode="icmp(45) " fcode="icmp"/>
<opset="icmp_ln82_1/2 "/>
</bind>
</comp>

<comp id="250" class="1004" name="add_ln80_1_fu_250">
<pin_list>
<pin id="251" dir="0" index="0" bw="5" slack="0"/>
<pin id="252" dir="0" index="1" bw="1" slack="0"/>
<pin id="253" dir="1" index="2" bw="5" slack="0"/>
</pin_list>
<bind>
<opcode="add(8) " fcode="add"/>
<opset="add_ln80_1/2 "/>
</bind>
</comp>

<comp id="256" class="1004" name="select_ln80_2_fu_256">
<pin_list>
<pin id="257" dir="0" index="0" bw="1" slack="0"/>
<pin id="258" dir="0" index="1" bw="5" slack="0"/>
<pin id="259" dir="0" index="2" bw="5" slack="0"/>
<pin id="260" dir="1" index="3" bw="5" slack="0"/>
</pin_list>
<bind>
<opcode="select(49) " fcode="select"/>
<opset="select_ln80_2/2 "/>
</bind>
</comp>

<comp id="264" class="1004" name="store_ln80_store_fu_264">
<pin_list>
<pin id="265" dir="0" index="0" bw="5" slack="0"/>
<pin id="266" dir="0" index="1" bw="5" slack="1"/>
<pin id="267" dir="1" index="2" bw="0" slack="2147483647"/>
</pin_list>
<bind>
<opcode="store(28) " fcode="store"/>
<opset="store_ln80/2 "/>
</bind>
</comp>

<comp id="269" class="1004" name="store_ln80_store_fu_269">
<pin_list>
<pin id="270" dir="0" index="0" bw="3" slack="0"/>
<pin id="271" dir="0" index="1" bw="3" slack="1"/>
<pin id="272" dir="1" index="2" bw="0" slack="2147483647"/>
</pin_list>
<bind>
<opcode="store(28) " fcode="store"/>
<opset="store_ln80/2 "/>
</bind>
</comp>

<comp id="274" class="1004" name="store_ln82_store_fu_274">
<pin_list>
<pin id="275" dir="0" index="0" bw="2" slack="0"/>
<pin id="276" dir="0" index="1" bw="2" slack="1"/>
<pin id="277" dir="1" index="2" bw="0" slack="2147483647"/>
</pin_list>
<bind>
<opcode="store(28) " fcode="store"/>
<opset="store_ln82/2 "/>
</bind>
</comp>

<comp id="279" class="1004" name="store_ln1498_store_fu_279">
<pin_list>
<pin id="280" dir="0" index="0" bw="16" slack="0"/>
<pin id="281" dir="0" index="1" bw="16" slack="1"/>
<pin id="282" dir="1" index="2" bw="0" slack="2147483647"/>
</pin_list>
<bind>
<opcode="store(28) " fcode="store"/>
<opset="store_ln1498/2 "/>
</bind>
</comp>

<comp id="284" class="1004" name="or_ln858_fu_284">
<pin_list>
<pin id="285" dir="0" index="0" bw="16" slack="0"/>
<pin id="286" dir="0" index="1" bw="16" slack="1"/>
<pin id="287" dir="1" index="2" bw="16" slack="0"/>
</pin_list>
<bind>
<opcode="or(24) " fcode="or"/>
<opset="or_ln858/3 "/>
</bind>
</comp>

<comp id="290" class="1005" name="lhs_V_reg_290">
<pin_list>
<pin id="291" dir="0" index="0" bw="16" slack="0"/>
<pin id="292" dir="1" index="1" bw="16" slack="0"/>
</pin_list>
<bind>
<opset="lhs_V "/>
</bind>
</comp>

<comp id="297" class="1005" name="kx_reg_297">
<pin_list>
<pin id="298" dir="0" index="0" bw="2" slack="0"/>
<pin id="299" dir="1" index="1" bw="2" slack="0"/>
</pin_list>
<bind>
<opset="kx "/>
</bind>
</comp>

<comp id="304" class="1005" name="xp_reg_304">
<pin_list>
<pin id="305" dir="0" index="0" bw="3" slack="0"/>
<pin id="306" dir="1" index="1" bw="3" slack="0"/>
</pin_list>
<bind>
<opset="xp "/>
</bind>
</comp>

<comp id="311" class="1005" name="indvar_flatten_reg_311">
<pin_list>
<pin id="312" dir="0" index="0" bw="5" slack="0"/>
<pin id="313" dir="1" index="1" bw="5" slack="0"/>
</pin_list>
<bind>
<opset="indvar_flatten "/>
</bind>
</comp>

<comp id="318" class="1005" name="indvar_flatten14_reg_318">
<pin_list>
<pin id="319" dir="0" index="0" bw="5" slack="0"/>
<pin id="320" dir="1" index="1" bw="5" slack="0"/>
</pin_list>
<bind>
<opset="indvar_flatten14 "/>
</bind>
</comp>

<comp id="325" class="1005" name="icmp_ln79_reg_325">
<pin_list>
<pin id="326" dir="0" index="0" bw="1" slack="1"/>
<pin id="327" dir="1" index="1" bw="1" slack="2147483647"/>
</pin_list>
<bind>
<opset="icmp_ln79 "/>
</bind>
</comp>

<comp id="329" class="1005" name="rhs_V_reg_329">
<pin_list>
<pin id="330" dir="0" index="0" bw="16" slack="1"/>
<pin id="331" dir="1" index="1" bw="16" slack="1"/>
</pin_list>
<bind>
<opset="rhs_V "/>
</bind>
</comp>

<comp id="334" class="1005" name="ret_V_reg_334">
<pin_list>
<pin id="335" dir="0" index="0" bw="16" slack="1"/>
<pin id="336" dir="1" index="1" bw="16" slack="1"/>
</pin_list>
<bind>
<opset="ret_V "/>
</bind>
</comp>

<comp id="339" class="1005" name="icmp_ln82_1_reg_339">
<pin_list>
<pin id="340" dir="0" index="0" bw="1" slack="1"/>
<pin id="341" dir="1" index="1" bw="1" slack="2147483647"/>
</pin_list>
<bind>
<opset="icmp_ln82_1 "/>
</bind>
</comp>

<comp id="343" class="1005" name="buf_V_addr_reg_343">
<pin_list>
<pin id="344" dir="0" index="0" bw="3" slack="1"/>
<pin id="345" dir="1" index="1" bw="3" slack="1"/>
</pin_list>
<bind>
<opset="buf_V_addr "/>
</bind>
</comp>

</comp_list>

<net_list>
<net id="63"><net_src comp="4" pin="0"/><net_sink comp="60" pin=0"/></net>

<net id="67"><net_src comp="4" pin="0"/><net_sink comp="64" pin=0"/></net>

<net id="71"><net_src comp="4" pin="0"/><net_sink comp="68" pin=0"/></net>

<net id="75"><net_src comp="4" pin="0"/><net_sink comp="72" pin=0"/></net>

<net id="79"><net_src comp="4" pin="0"/><net_sink comp="76" pin=0"/></net>

<net id="84"><net_src comp="30" pin="0"/><net_sink comp="80" pin=0"/></net>

<net id="85"><net_src comp="0" pin="0"/><net_sink comp="80" pin=1"/></net>

<net id="91"><net_src comp="2" pin="0"/><net_sink comp="86" pin=0"/></net>

<net id="92"><net_src comp="58" pin="0"/><net_sink comp="86" pin=1"/></net>

<net id="102"><net_src comp="86" pin="3"/><net_sink comp="93" pin=2"/></net>

<net id="107"><net_src comp="18" pin="0"/><net_sink comp="103" pin=0"/></net>

<net id="112"><net_src comp="18" pin="0"/><net_sink comp="108" pin=0"/></net>

<net id="117"><net_src comp="20" pin="0"/><net_sink comp="113" pin=0"/></net>

<net id="122"><net_src comp="22" pin="0"/><net_sink comp="118" pin=0"/></net>

<net id="127"><net_src comp="24" pin="0"/><net_sink comp="123" pin=0"/></net>

<net id="135"><net_src comp="128" pin="1"/><net_sink comp="131" pin=0"/></net>

<net id="136"><net_src comp="26" pin="0"/><net_sink comp="131" pin=1"/></net>

<net id="141"><net_src comp="128" pin="1"/><net_sink comp="137" pin=0"/></net>

<net id="142"><net_src comp="28" pin="0"/><net_sink comp="137" pin=1"/></net>

<net id="147"><net_src comp="137" pin="2"/><net_sink comp="143" pin=0"/></net>

<net id="164"><net_src comp="148" pin="1"/><net_sink comp="160" pin=0"/></net>

<net id="165"><net_src comp="40" pin="0"/><net_sink comp="160" pin=1"/></net>

<net id="171"><net_src comp="160" pin="2"/><net_sink comp="166" pin=0"/></net>

<net id="172"><net_src comp="20" pin="0"/><net_sink comp="166" pin=1"/></net>

<net id="173"><net_src comp="157" pin="1"/><net_sink comp="166" pin=2"/></net>

<net id="178"><net_src comp="160" pin="2"/><net_sink comp="174" pin=0"/></net>

<net id="179"><net_src comp="42" pin="0"/><net_sink comp="174" pin=1"/></net>

<net id="184"><net_src comp="154" pin="1"/><net_sink comp="180" pin=0"/></net>

<net id="185"><net_src comp="44" pin="0"/><net_sink comp="180" pin=1"/></net>

<net id="190"><net_src comp="180" pin="2"/><net_sink comp="186" pin=0"/></net>

<net id="191"><net_src comp="174" pin="2"/><net_sink comp="186" pin=1"/></net>

<net id="196"><net_src comp="166" pin="3"/><net_sink comp="192" pin=0"/></net>

<net id="197"><net_src comp="46" pin="0"/><net_sink comp="192" pin=1"/></net>

<net id="202"><net_src comp="186" pin="2"/><net_sink comp="198" pin=0"/></net>

<net id="203"><net_src comp="160" pin="2"/><net_sink comp="198" pin=1"/></net>

<net id="209"><net_src comp="198" pin="2"/><net_sink comp="204" pin=0"/></net>

<net id="210"><net_src comp="24" pin="0"/><net_sink comp="204" pin=1"/></net>

<net id="211"><net_src comp="151" pin="1"/><net_sink comp="204" pin=2"/></net>

<net id="217"><net_src comp="186" pin="2"/><net_sink comp="212" pin=0"/></net>

<net id="218"><net_src comp="192" pin="2"/><net_sink comp="212" pin=1"/></net>

<net id="219"><net_src comp="166" pin="3"/><net_sink comp="212" pin=2"/></net>

<net id="223"><net_src comp="212" pin="3"/><net_sink comp="220" pin=0"/></net>

<net id="224"><net_src comp="220" pin="1"/><net_sink comp="86" pin=2"/></net>

<net id="229"><net_src comp="204" pin="3"/><net_sink comp="225" pin=1"/></net>

<net id="234"><net_src comp="154" pin="1"/><net_sink comp="230" pin=0"/></net>

<net id="235"><net_src comp="56" pin="0"/><net_sink comp="230" pin=1"/></net>

<net id="241"><net_src comp="198" pin="2"/><net_sink comp="236" pin=0"/></net>

<net id="242"><net_src comp="56" pin="0"/><net_sink comp="236" pin=1"/></net>

<net id="243"><net_src comp="230" pin="2"/><net_sink comp="236" pin=2"/></net>

<net id="248"><net_src comp="236" pin="3"/><net_sink comp="244" pin=0"/></net>

<net id="249"><net_src comp="44" pin="0"/><net_sink comp="244" pin=1"/></net>

<net id="254"><net_src comp="148" pin="1"/><net_sink comp="250" pin=0"/></net>

<net id="255"><net_src comp="28" pin="0"/><net_sink comp="250" pin=1"/></net>

<net id="261"><net_src comp="160" pin="2"/><net_sink comp="256" pin=0"/></net>

<net id="262"><net_src comp="28" pin="0"/><net_sink comp="256" pin=1"/></net>

<net id="263"><net_src comp="250" pin="2"/><net_sink comp="256" pin=2"/></net>

<net id="268"><net_src comp="256" pin="3"/><net_sink comp="264" pin=0"/></net>

<net id="273"><net_src comp="212" pin="3"/><net_sink comp="269" pin=0"/></net>

<net id="278"><net_src comp="236" pin="3"/><net_sink comp="274" pin=0"/></net>

<net id="283"><net_src comp="225" pin="2"/><net_sink comp="279" pin=0"/></net>

<net id="288"><net_src comp="93" pin="7"/><net_sink comp="284" pin=0"/></net>

<net id="289"><net_src comp="284" pin="2"/><net_sink comp="93" pin=1"/></net>

<net id="293"><net_src comp="60" pin="1"/><net_sink comp="290" pin=0"/></net>

<net id="294"><net_src comp="290" pin="1"/><net_sink comp="123" pin=1"/></net>

<net id="295"><net_src comp="290" pin="1"/><net_sink comp="151" pin=0"/></net>

<net id="296"><net_src comp="290" pin="1"/><net_sink comp="279" pin=1"/></net>

<net id="300"><net_src comp="64" pin="1"/><net_sink comp="297" pin=0"/></net>

<net id="301"><net_src comp="297" pin="1"/><net_sink comp="118" pin=1"/></net>

<net id="302"><net_src comp="297" pin="1"/><net_sink comp="154" pin=0"/></net>

<net id="303"><net_src comp="297" pin="1"/><net_sink comp="274" pin=1"/></net>

<net id="307"><net_src comp="68" pin="1"/><net_sink comp="304" pin=0"/></net>

<net id="308"><net_src comp="304" pin="1"/><net_sink comp="113" pin=1"/></net>

<net id="309"><net_src comp="304" pin="1"/><net_sink comp="157" pin=0"/></net>

<net id="310"><net_src comp="304" pin="1"/><net_sink comp="269" pin=1"/></net>

<net id="314"><net_src comp="72" pin="1"/><net_sink comp="311" pin=0"/></net>

<net id="315"><net_src comp="311" pin="1"/><net_sink comp="108" pin=1"/></net>

<net id="316"><net_src comp="311" pin="1"/><net_sink comp="148" pin=0"/></net>

<net id="317"><net_src comp="311" pin="1"/><net_sink comp="264" pin=1"/></net>

<net id="321"><net_src comp="76" pin="1"/><net_sink comp="318" pin=0"/></net>

<net id="322"><net_src comp="318" pin="1"/><net_sink comp="103" pin=1"/></net>

<net id="323"><net_src comp="318" pin="1"/><net_sink comp="128" pin=0"/></net>

<net id="324"><net_src comp="318" pin="1"/><net_sink comp="143" pin=1"/></net>

<net id="328"><net_src comp="131" pin="2"/><net_sink comp="325" pin=0"/></net>

<net id="332"><net_src comp="80" pin="2"/><net_sink comp="329" pin=0"/></net>

<net id="333"><net_src comp="329" pin="1"/><net_sink comp="225" pin=0"/></net>

<net id="337"><net_src comp="225" pin="2"/><net_sink comp="334" pin=0"/></net>

<net id="338"><net_src comp="334" pin="1"/><net_sink comp="284" pin=1"/></net>

<net id="342"><net_src comp="244" pin="2"/><net_sink comp="339" pin=0"/></net>

<net id="346"><net_src comp="86" pin="3"/><net_sink comp="343" pin=0"/></net>

<net id="347"><net_src comp="343" pin="1"/><net_sink comp="93" pin=2"/></net>

<net id="348"><net_src comp="343" pin="1"/><net_sink comp="93" pin=0"/></net>

</net_list>

</model> 
---------------- Datapath Model END ------------------

* FSMD analyzer results:
  - Output states:
	Port: in0_V | {}
	Port: buf_V | {3 }
 - Input state : 
	Port: StreamingMaxPool_hls_1_Pipeline_VITIS_LOOP_79_3_VITIS_LOOP_80_4_VITIS_LOOP_82_5 : in0_V | {1 }
	Port: StreamingMaxPool_hls_1_Pipeline_VITIS_LOOP_79_3_VITIS_LOOP_80_4_VITIS_LOOP_82_5 : buf_V | {2 3 }
  - Chain level:
	State 1
		store_ln0 : 1
		store_ln0 : 1
		store_ln0 : 1
		store_ln0 : 1
		store_ln0 : 1
		indvar_flatten14_load : 1
		icmp_ln79 : 2
		add_ln79 : 2
		br_ln79 : 3
		store_ln79 : 3
	State 2
		icmp_ln80 : 1
		select_ln79 : 2
		xor_ln79 : 2
		icmp_ln82 : 1
		and_ln79 : 2
		add_ln80 : 3
		or_ln80 : 2
		select_ln80 : 2
		select_ln80_1 : 2
		zext_ln80 : 3
		ret_V : 3
		add_ln82 : 1
		kx_1 : 2
		icmp_ln82_1 : 3
		br_ln82 : 4
		buf_V_addr : 4
		buf_V_load : 5
		add_ln80_1 : 1
		select_ln80_2 : 2
		store_ln80 : 3
		store_ln80 : 3
		store_ln82 : 3
		store_ln1498 : 3
	State 3
		or_ln858 : 1
		store_ln858 : 1


============================================================
+ Verbose Summary: Datapath Resource usage 
============================================================

* Functional unit list:
|----------|----------------------|---------|---------|
| Operation|    Functional Unit   |    FF   |   LUT   |
|----------|----------------------|---------|---------|
|          |    add_ln79_fu_137   |    0    |    12   |
|    add   |    add_ln80_fu_192   |    0    |    10   |
|          |    add_ln82_fu_230   |    0    |    9    |
|          |   add_ln80_1_fu_250  |    0    |    12   |
|----------|----------------------|---------|---------|
|          |   icmp_ln79_fu_131   |    0    |    9    |
|   icmp   |   icmp_ln80_fu_160   |    0    |    9    |
|          |   icmp_ln82_fu_180   |    0    |    8    |
|          |  icmp_ln82_1_fu_244  |    0    |    8    |
|----------|----------------------|---------|---------|
|          |    or_ln80_fu_198    |    0    |    2    |
|    or    |     ret_V_fu_225     |    0    |    16   |
|          |    or_ln858_fu_284   |    0    |    16   |
|----------|----------------------|---------|---------|
|          |  select_ln79_fu_166  |    0    |    3    |
|          |  select_ln80_fu_204  |    0    |    16   |
|  select  | select_ln80_1_fu_212 |    0    |    3    |
|          |      kx_1_fu_236     |    0    |    2    |
|          | select_ln80_2_fu_256 |    0    |    5    |
|----------|----------------------|---------|---------|
|    xor   |    xor_ln79_fu_174   |    0    |    2    |
|----------|----------------------|---------|---------|
|    and   |    and_ln79_fu_186   |    0    |    2    |
|----------|----------------------|---------|---------|
|   read   |   rhs_V_read_fu_80   |    0    |    0    |
|----------|----------------------|---------|---------|
|   zext   |   zext_ln80_fu_220   |    0    |    0    |
|----------|----------------------|---------|---------|
|   Total  |                      |    0    |   144   |
|----------|----------------------|---------|---------|

Memories:
N/A

* Register list:
+------------------------+--------+
|                        |   FF   |
+------------------------+--------+
|   buf_V_addr_reg_343   |    3   |
|    icmp_ln79_reg_325   |    1   |
|   icmp_ln82_1_reg_339  |    1   |
|indvar_flatten14_reg_318|    5   |
| indvar_flatten_reg_311 |    5   |
|       kx_reg_297       |    2   |
|      lhs_V_reg_290     |   16   |
|      ret_V_reg_334     |   16   |
|      rhs_V_reg_329     |   16   |
|       xp_reg_304       |    3   |
+------------------------+--------+
|          Total         |   68   |
+------------------------+--------+

* Multiplexer (MUX) list: 
|------------------|------|------|------|--------||---------||---------|
|       Comp       |  Pin | Size |  BW  | S x BW ||  Delay  ||   LUT   |
|------------------|------|------|------|--------||---------||---------|
| grp_access_fu_93 |  p2  |   2  |   0  |    0   ||    9    |
|------------------|------|------|------|--------||---------||---------|
|       Total      |      |      |      |    0   ||  0.427  ||    9    |
|------------------|------|------|------|--------||---------||---------|



* Summary:
+-----------+--------+--------+--------+
|           |  Delay |   FF   |   LUT  |
+-----------+--------+--------+--------+
|  Function |    -   |    0   |   144  |
|   Memory  |    -   |    -   |    -   |
|Multiplexer|    0   |    -   |    9   |
|  Register |    -   |   68   |    -   |
+-----------+--------+--------+--------+
|   Total   |    0   |   68   |   153  |
+-----------+--------+--------+--------+
