

================================================================
== Vitis HLS Report for 'StreamingMaxPool_hls_1'
================================================================
* Date:           Sun Jun 22 17:08:23 2025

* Version:        2022.2 (Build 3670227 on Oct 13 2022)
* Project:        project_StreamingMaxPool_hls_1
* Solution:       sol1 (Vivado IP Flow Target)
* Product family: zynquplus
* Target device:  xczu7ev-ffvc1156-2-e


================================================================
== Performance Estimates
================================================================
+ Timing: 
    * Summary: 
    +--------+----------+----------+------------+
    |  Clock |  Target  | Estimated| Uncertainty|
    +--------+----------+----------+------------+
    |ap_clk  |  10.00 ns|  2.519 ns|     2.70 ns|
    +--------+----------+----------+------------+

+ Latency: 
    * Summary: 
    +---------+---------+----------+----------+-----+-----+---------+
    |  Latency (cycles) |  Latency (absolute) |  Interval | Pipeline|
    |   min   |   max   |    min   |    max   | min | max |   Type  |
    +---------+---------+----------+----------+-----+-----+---------+
    |      179|      179|  1.790 us|  1.790 us|  180|  180|       no|
    +---------+---------+----------+----------+-----+-----+---------+

    + Detail: 
        * Instance: 
        N/A

        * Loop: 
        +-------------------+---------+---------+----------+-----------+-----------+------+----------+
        |                   |  Latency (cycles) | Iteration|  Initiation Interval  | Trip |          |
        |     Loop Name     |   min   |   max   |  Latency |  achieved |   target  | Count| Pipelined|
        +-------------------+---------+---------+----------+-----------+-----------+------+----------+
        |- VITIS_LOOP_78_2  |      175|      175|        35|          -|          -|     5|        no|
        +-------------------+---------+---------+----------+-----------+-----------+------+----------+

============================================================
+ Verbose Summary: Synthesis Manager
============================================================
InlineROM: 1
ExposeGlobal: 0
============================================================
+ Verbose Summary: CDFG Model
============================================================
IsTopModel: 1
ResetActiveHigh: 1
IsCombinational: 0
IsDatapathOnly: 0
HasWiredReturn: 1
HasMFsm: 0
HasVarLatency: 1
IsPipeline: 0
IsRtlPipelined: 0
IsInstanceOverlapped: 0
IsDontTouch: 0
HasImplIP: 0
IsGatedGlobalClock: 0


============================================================
+ Verbose Summary: Schedule
============================================================
* Number of FSM states : 9
* Pipeline : 0
* Dataflow Pipeline: 0

* FSM state transitions: 
1 --> 2 
2 --> 3 
3 --> 4 
4 --> 5 9 
5 --> 6 
6 --> 7 
7 --> 8 
8 --> 4 
9 --> 

* FSM state operations: 

State 1 <SV = 0> <Delay = 0.67>
ST_1 : Operation 10 [1/1] (0.00ns)   --->   "%yp = alloca i32 1"   --->   Operation 10 'alloca' 'yp' <Predicate = true> <Delay = 0.00>
ST_1 : Operation 11 [1/1] (0.00ns)   --->   "%buf_V = alloca i64 1" [/home/changhong/prj/finn/deps/finn-hlslib/maxpool.h:72]   --->   Operation 11 'alloca' 'buf_V' <Predicate = true> <Delay = 0.00> <CoreInst = "RAM">   --->   Core 83 'RAM' <Latency = 1> <II = 1> <Delay = 0.67> <Storage> <Opcode : 'load' 'store'> <Ports = 2> <Width = 16> <Depth = 5> <RAM>
ST_1 : Operation 12 [1/1] (0.00ns)   --->   "%buf_V_addr = getelementptr i16 %buf_V, i64 0, i64 0" [/home/changhong/prj/finn/deps/finn-hlslib/maxpool.h:75]   --->   Operation 12 'getelementptr' 'buf_V_addr' <Predicate = true> <Delay = 0.00>
ST_1 : Operation 13 [1/1] (0.67ns)   --->   "%store_ln75 = store i16 0, i3 %buf_V_addr" [/home/changhong/prj/finn/deps/finn-hlslib/maxpool.h:75]   --->   Operation 13 'store' 'store_ln75' <Predicate = true> <Delay = 0.67> <CoreInst = "RAM">   --->   Core 83 'RAM' <Latency = 1> <II = 1> <Delay = 0.67> <Storage> <Opcode : 'load' 'store'> <Ports = 2> <Width = 16> <Depth = 5> <RAM>
ST_1 : Operation 14 [1/1] (0.42ns)   --->   "%store_ln78 = store i3 0, i3 %yp" [/home/changhong/prj/finn/deps/finn-hlslib/maxpool.h:78]   --->   Operation 14 'store' 'store_ln78' <Predicate = true> <Delay = 0.42>

State 2 <SV = 1> <Delay = 0.67>
ST_2 : Operation 15 [1/1] (0.00ns)   --->   "%buf_V_addr_1 = getelementptr i16 %buf_V, i64 0, i64 1" [/home/changhong/prj/finn/deps/finn-hlslib/maxpool.h:75]   --->   Operation 15 'getelementptr' 'buf_V_addr_1' <Predicate = true> <Delay = 0.00>
ST_2 : Operation 16 [1/1] (0.67ns)   --->   "%store_ln75 = store i16 0, i3 %buf_V_addr_1" [/home/changhong/prj/finn/deps/finn-hlslib/maxpool.h:75]   --->   Operation 16 'store' 'store_ln75' <Predicate = true> <Delay = 0.67> <CoreInst = "RAM">   --->   Core 83 'RAM' <Latency = 1> <II = 1> <Delay = 0.67> <Storage> <Opcode : 'load' 'store'> <Ports = 2> <Width = 16> <Depth = 5> <RAM>
ST_2 : Operation 17 [1/1] (0.00ns)   --->   "%buf_V_addr_2 = getelementptr i16 %buf_V, i64 0, i64 2" [/home/changhong/prj/finn/deps/finn-hlslib/maxpool.h:75]   --->   Operation 17 'getelementptr' 'buf_V_addr_2' <Predicate = true> <Delay = 0.00>
ST_2 : Operation 18 [1/1] (0.67ns)   --->   "%store_ln75 = store i16 0, i3 %buf_V_addr_2" [/home/changhong/prj/finn/deps/finn-hlslib/maxpool.h:75]   --->   Operation 18 'store' 'store_ln75' <Predicate = true> <Delay = 0.67> <CoreInst = "RAM">   --->   Core 83 'RAM' <Latency = 1> <II = 1> <Delay = 0.67> <Storage> <Opcode : 'load' 'store'> <Ports = 2> <Width = 16> <Depth = 5> <RAM>

State 3 <SV = 2> <Delay = 0.67>
ST_3 : Operation 19 [1/1] (0.00ns)   --->   "%spectopmodule_ln16 = spectopmodule void @_ssdm_op_SpecTopModule, void @empty_2" [/home/changhong/prj/finn/notebooks/EF-US-Engine-Free-Unstructured-Sparsity-Design-Alleviates-Accelerator-Bottlenecks/casestudy1/LeNet_MNIST_BNN/build/auto/home/changhong/prj/finn/notebooks/EF-US-Engine-Free-Unstructured-Sparsity-Design-Alleviates-Accelerator-Bottlenecks/casestudy1/LeNet_MNIST_BNN/tmp/auto/code_gen_ipgen_StreamingMaxPool_hls_1_cmgyg_an/top_StreamingMaxPool_hls_1.cpp:16]   --->   Operation 19 'spectopmodule' 'spectopmodule_ln16' <Predicate = true> <Delay = 0.00>
ST_3 : Operation 20 [1/1] (0.00ns)   --->   "%specinterface_ln16 = specinterface void @_ssdm_op_SpecInterface, i32 0, void @empty_3, i32 0, i32 0, void @empty_1, i32 0, i32 0, void @empty_1, void @empty_1, void @empty_1, i32 0, i32 0, i32 0, i32 0, void @empty_1, void @empty_1, i32 4294967295, i32 0" [/home/changhong/prj/finn/notebooks/EF-US-Engine-Free-Unstructured-Sparsity-Design-Alleviates-Accelerator-Bottlenecks/casestudy1/LeNet_MNIST_BNN/build/auto/home/changhong/prj/finn/notebooks/EF-US-Engine-Free-Unstructured-Sparsity-Design-Alleviates-Accelerator-Bottlenecks/casestudy1/LeNet_MNIST_BNN/tmp/auto/code_gen_ipgen_StreamingMaxPool_hls_1_cmgyg_an/top_StreamingMaxPool_hls_1.cpp:16]   --->   Operation 20 'specinterface' 'specinterface_ln16' <Predicate = true> <Delay = 0.00>
ST_3 : Operation 21 [1/1] (0.00ns)   --->   "%specinterface_ln0 = specinterface void @_ssdm_op_SpecInterface, i16 %in0_V, void @empty, i32 1, i32 1, void @empty_0, i32 0, i32 0, void @empty_1, void @empty_1, void @empty_1, i32 0, i32 0, i32 0, i32 0, void @empty_1, void @empty_1, i32 4294967295, i32 0"   --->   Operation 21 'specinterface' 'specinterface_ln0' <Predicate = true> <Delay = 0.00>
ST_3 : Operation 22 [1/1] (0.00ns)   --->   "%specbitsmap_ln0 = specbitsmap void @_ssdm_op_SpecBitsMap, i16 %in0_V"   --->   Operation 22 'specbitsmap' 'specbitsmap_ln0' <Predicate = true> <Delay = 0.00>
ST_3 : Operation 23 [1/1] (0.00ns)   --->   "%specinterface_ln0 = specinterface void @_ssdm_op_SpecInterface, i16 %out0_V, void @empty, i32 1, i32 1, void @empty_0, i32 0, i32 0, void @empty_1, void @empty_1, void @empty_1, i32 0, i32 0, i32 0, i32 0, void @empty_1, void @empty_1, i32 4294967295, i32 0"   --->   Operation 23 'specinterface' 'specinterface_ln0' <Predicate = true> <Delay = 0.00>
ST_3 : Operation 24 [1/1] (0.00ns)   --->   "%specbitsmap_ln0 = specbitsmap void @_ssdm_op_SpecBitsMap, i16 %out0_V"   --->   Operation 24 'specbitsmap' 'specbitsmap_ln0' <Predicate = true> <Delay = 0.00>
ST_3 : Operation 25 [1/1] (0.00ns)   --->   "%buf_V_addr_3 = getelementptr i16 %buf_V, i64 0, i64 3" [/home/changhong/prj/finn/deps/finn-hlslib/maxpool.h:75]   --->   Operation 25 'getelementptr' 'buf_V_addr_3' <Predicate = true> <Delay = 0.00>
ST_3 : Operation 26 [1/1] (0.67ns)   --->   "%store_ln75 = store i16 0, i3 %buf_V_addr_3" [/home/changhong/prj/finn/deps/finn-hlslib/maxpool.h:75]   --->   Operation 26 'store' 'store_ln75' <Predicate = true> <Delay = 0.67> <CoreInst = "RAM">   --->   Core 83 'RAM' <Latency = 1> <II = 1> <Delay = 0.67> <Storage> <Opcode : 'load' 'store'> <Ports = 2> <Width = 16> <Depth = 5> <RAM>
ST_3 : Operation 27 [1/1] (0.00ns)   --->   "%buf_V_addr_4 = getelementptr i16 %buf_V, i64 0, i64 4" [/home/changhong/prj/finn/deps/finn-hlslib/maxpool.h:75]   --->   Operation 27 'getelementptr' 'buf_V_addr_4' <Predicate = true> <Delay = 0.00>
ST_3 : Operation 28 [1/1] (0.67ns)   --->   "%store_ln75 = store i16 0, i3 %buf_V_addr_4" [/home/changhong/prj/finn/deps/finn-hlslib/maxpool.h:75]   --->   Operation 28 'store' 'store_ln75' <Predicate = true> <Delay = 0.67> <CoreInst = "RAM">   --->   Core 83 'RAM' <Latency = 1> <II = 1> <Delay = 0.67> <Storage> <Opcode : 'load' 'store'> <Ports = 2> <Width = 16> <Depth = 5> <RAM>
ST_3 : Operation 29 [1/1] (0.00ns)   --->   "%br_ln78 = br void %VITIS_LOOP_79_3.i" [/home/changhong/prj/finn/deps/finn-hlslib/maxpool.h:78]   --->   Operation 29 'br' 'br_ln78' <Predicate = true> <Delay = 0.00>

State 4 <SV = 3> <Delay = 1.09>
ST_4 : Operation 30 [1/1] (0.00ns)   --->   "%yp_1 = load i3 %yp" [/home/changhong/prj/finn/deps/finn-hlslib/maxpool.h:78]   --->   Operation 30 'load' 'yp_1' <Predicate = true> <Delay = 0.00>
ST_4 : Operation 31 [1/1] (0.58ns)   --->   "%icmp_ln78 = icmp_eq  i3 %yp_1, i3 5" [/home/changhong/prj/finn/deps/finn-hlslib/maxpool.h:78]   --->   Operation 31 'icmp' 'icmp_ln78' <Predicate = true> <Delay = 0.58> <CoreInst = "Cmp">   --->   Core 9 'Cmp' <Latency = 0> <II = 1> <Delay = 0.58> <FuncUnit> <Opcode : 'icmp'> <InPorts = 2> <OutPorts = 1>
ST_4 : Operation 32 [1/1] (0.00ns)   --->   "%empty = speclooptripcount i32 @_ssdm_op_SpecLoopTripCount, i64 5, i64 5, i64 5"   --->   Operation 32 'speclooptripcount' 'empty' <Predicate = true> <Delay = 0.00>
ST_4 : Operation 33 [1/1] (0.67ns)   --->   "%yp_2 = add i3 %yp_1, i3 1" [/home/changhong/prj/finn/deps/finn-hlslib/maxpool.h:78]   --->   Operation 33 'add' 'yp_2' <Predicate = true> <Delay = 0.67> <CoreInst = "Adder">   --->   Core 1 'Adder' <Latency = 0> <II = 1> <Delay = 0.67> <FuncUnit> <Opcode : 'add' 'sub'> <InPorts = 2> <OutPorts = 1>
ST_4 : Operation 34 [1/1] (0.00ns)   --->   "%br_ln78 = br i1 %icmp_ln78, void %VITIS_LOOP_79_3.i.split, void %_Z16StreamingMaxPoolILj10ELj2ELj16EEvRN3hls6streamI7ap_uintIXT1_EELi0EEES5_.exit" [/home/changhong/prj/finn/deps/finn-hlslib/maxpool.h:78]   --->   Operation 34 'br' 'br_ln78' <Predicate = true> <Delay = 0.00>
ST_4 : Operation 35 [1/1] (0.00ns)   --->   "%empty_10 = wait i32 @_ssdm_op_Wait"   --->   Operation 35 'wait' 'empty_10' <Predicate = (!icmp_ln78)> <Delay = 0.00>
ST_4 : Operation 36 [2/2] (0.00ns)   --->   "%call_ln0 = call void @StreamingMaxPool_hls_1_Pipeline_VITIS_LOOP_79_3_VITIS_LOOP_80_4_VITIS_LOOP_82_5, i16 %in0_V, i16 %buf_V"   --->   Operation 36 'call' 'call_ln0' <Predicate = (!icmp_ln78)> <Delay = 0.00> <CoreType = "Generic">   --->   Core 0 '' <Latency = 0> <II = 1> <Delay = 1.00> <Generic> <Opcode : >
ST_4 : Operation 37 [1/1] (0.42ns)   --->   "%store_ln78 = store i3 %yp_2, i3 %yp" [/home/changhong/prj/finn/deps/finn-hlslib/maxpool.h:78]   --->   Operation 37 'store' 'store_ln78' <Predicate = (!icmp_ln78)> <Delay = 0.42>

State 5 <SV = 4> <Delay = 0.00>
ST_5 : Operation 38 [1/2] (0.00ns)   --->   "%call_ln0 = call void @StreamingMaxPool_hls_1_Pipeline_VITIS_LOOP_79_3_VITIS_LOOP_80_4_VITIS_LOOP_82_5, i16 %in0_V, i16 %buf_V"   --->   Operation 38 'call' 'call_ln0' <Predicate = true> <Delay = 0.00> <CoreType = "Generic">   --->   Core 0 '' <Latency = 0> <II = 1> <Delay = 1.00> <Generic> <Opcode : >

State 6 <SV = 5> <Delay = 0.00>
ST_6 : Operation 39 [1/1] (0.00ns)   --->   "%empty_11 = wait i32 @_ssdm_op_Wait"   --->   Operation 39 'wait' 'empty_11' <Predicate = true> <Delay = 0.00>

State 7 <SV = 6> <Delay = 0.00>
ST_7 : Operation 40 [1/1] (0.00ns)   --->   "%empty_12 = wait i32 @_ssdm_op_Wait"   --->   Operation 40 'wait' 'empty_12' <Predicate = true> <Delay = 0.00>
ST_7 : Operation 41 [2/2] (0.00ns)   --->   "%call_ln0 = call void @StreamingMaxPool_hls_1_Pipeline_VITIS_LOOP_90_6, i16 %buf_V, i16 %out0_V"   --->   Operation 41 'call' 'call_ln0' <Predicate = true> <Delay = 0.00> <CoreType = "Generic">   --->   Core 0 '' <Latency = 0> <II = 1> <Delay = 1.00> <Generic> <Opcode : >

State 8 <SV = 7> <Delay = 0.67>
ST_8 : Operation 42 [1/1] (0.00ns)   --->   "%specloopname_ln78 = specloopname void @_ssdm_op_SpecLoopName, void @empty_6" [/home/changhong/prj/finn/deps/finn-hlslib/maxpool.h:78]   --->   Operation 42 'specloopname' 'specloopname_ln78' <Predicate = true> <Delay = 0.00>
ST_8 : Operation 43 [1/2] (0.67ns)   --->   "%call_ln0 = call void @StreamingMaxPool_hls_1_Pipeline_VITIS_LOOP_90_6, i16 %buf_V, i16 %out0_V"   --->   Operation 43 'call' 'call_ln0' <Predicate = true> <Delay = 0.67> <CoreType = "Generic">   --->   Core 0 '' <Latency = 0> <II = 1> <Delay = 1.00> <Generic> <Opcode : >
ST_8 : Operation 44 [1/1] (0.00ns)   --->   "%br_ln78 = br void %VITIS_LOOP_79_3.i" [/home/changhong/prj/finn/deps/finn-hlslib/maxpool.h:78]   --->   Operation 44 'br' 'br_ln78' <Predicate = true> <Delay = 0.00>

State 9 <SV = 8> <Delay = 0.00>
ST_9 : Operation 45 [1/1] (0.00ns)   --->   "%ret_ln22 = ret" [/home/changhong/prj/finn/notebooks/EF-US-Engine-Free-Unstructured-Sparsity-Design-Alleviates-Accelerator-Bottlenecks/casestudy1/LeNet_MNIST_BNN/build/auto/home/changhong/prj/finn/notebooks/EF-US-Engine-Free-Unstructured-Sparsity-Design-Alleviates-Accelerator-Bottlenecks/casestudy1/LeNet_MNIST_BNN/tmp/auto/code_gen_ipgen_StreamingMaxPool_hls_1_cmgyg_an/top_StreamingMaxPool_hls_1.cpp:22]   --->   Operation 45 'ret' 'ret_ln22' <Predicate = true> <Delay = 0.00>


============================================================
+ Verbose Summary: Timing violations
============================================================
Target clock period: 10ns, clock uncertainty: 2.7ns.

 <State 1>: 0.677ns
The critical path consists of the following:
	'alloca' operation ('buf.V', /home/changhong/prj/finn/deps/finn-hlslib/maxpool.h:72) [10]  (0 ns)
	'getelementptr' operation ('buf_V_addr', /home/changhong/prj/finn/deps/finn-hlslib/maxpool.h:75) [11]  (0 ns)
	'store' operation ('store_ln75', /home/changhong/prj/finn/deps/finn-hlslib/maxpool.h:75) of constant 0 on array 'buf.V', /home/changhong/prj/finn/deps/finn-hlslib/maxpool.h:72 [12]  (0.677 ns)

 <State 2>: 0.677ns
The critical path consists of the following:
	'getelementptr' operation ('buf_V_addr_1', /home/changhong/prj/finn/deps/finn-hlslib/maxpool.h:75) [13]  (0 ns)
	'store' operation ('store_ln75', /home/changhong/prj/finn/deps/finn-hlslib/maxpool.h:75) of constant 0 on array 'buf.V', /home/changhong/prj/finn/deps/finn-hlslib/maxpool.h:72 [14]  (0.677 ns)

 <State 3>: 0.677ns
The critical path consists of the following:
	'getelementptr' operation ('buf_V_addr_3', /home/changhong/prj/finn/deps/finn-hlslib/maxpool.h:75) [17]  (0 ns)
	'store' operation ('store_ln75', /home/changhong/prj/finn/deps/finn-hlslib/maxpool.h:75) of constant 0 on array 'buf.V', /home/changhong/prj/finn/deps/finn-hlslib/maxpool.h:72 [18]  (0.677 ns)

 <State 4>: 1.1ns
The critical path consists of the following:
	'load' operation ('yp', /home/changhong/prj/finn/deps/finn-hlslib/maxpool.h:78) on local variable 'yp' [24]  (0 ns)
	'add' operation ('yp', /home/changhong/prj/finn/deps/finn-hlslib/maxpool.h:78) [27]  (0.673 ns)
	'store' operation ('store_ln78', /home/changhong/prj/finn/deps/finn-hlslib/maxpool.h:78) of variable 'yp', /home/changhong/prj/finn/deps/finn-hlslib/maxpool.h:78 on local variable 'yp' [36]  (0.427 ns)

 <State 5>: 0ns
The critical path consists of the following:

 <State 6>: 0ns
The critical path consists of the following:

 <State 7>: 0ns
The critical path consists of the following:

 <State 8>: 0.677ns
The critical path consists of the following:
	'call' operation ('call_ln0') to 'StreamingMaxPool_hls_1_Pipeline_VITIS_LOOP_90_6' [35]  (0.677 ns)

 <State 9>: 0ns
The critical path consists of the following:


============================================================
+ Verbose Summary: Binding
============================================================
N/A
* FSMD analyzer results:
  - Output states:
 - Input state : 
  - Chain level:
	State 1
	State 2
	State 3
	State 4
	State 5
	State 6
	State 7
	State 8
	State 9


============================================================
+ Verbose Summary: Datapath Resource usage 
============================================================
N/A
