

================================================================
== Vitis HLS Report for 'StreamingMaxPool_hls_1'
================================================================
* Date:           Sun Jun 22 17:08:24 2025

* Version:        2022.2 (Build 3670227 on Oct 13 2022)
* Project:        project_StreamingMaxPool_hls_1
* Solution:       sol1 (Vivado IP Flow Target)
* Product family: zynquplus
* Target device:  xczu7ev-ffvc1156-2-e


================================================================
== Performance Estimates
================================================================
+ Timing: 
    * Summary: 
    +--------+----------+----------+------------+
    |  Clock |  Target  | Estimated| Uncertainty|
    +--------+----------+----------+------------+
    |ap_clk  |  10.00 ns|  2.519 ns|     2.70 ns|
    +--------+----------+----------+------------+

+ Latency: 
    * Summary: 
    +---------+---------+----------+----------+-----+-----+---------+
    |  Latency (cycles) |  Latency (absolute) |  Interval | Pipeline|
    |   min   |   max   |    min   |    max   | min | max |   Type  |
    +---------+---------+----------+----------+-----+-----+---------+
    |      179|      179|  1.790 us|  1.790 us|  180|  180|       no|
    +---------+---------+----------+----------+-----+-----+---------+

    + Detail: 
        * Instance: 
        +--------------------------------------------------------------------------------------------+---------------------------------------------------------------------------------+---------+---------+-----------+-----------+-----+-----+---------+
        |                                                                                            |                                                                                 |  Latency (cycles) |   Latency (absolute)  |  Interval | Pipeline|
        |                                          Instance                                          |                                      Module                                     |   min   |   max   |    min    |    max    | min | max |   Type  |
        +--------------------------------------------------------------------------------------------+---------------------------------------------------------------------------------+---------+---------+-----------+-----------+-----+-----+---------+
        |grp_StreamingMaxPool_hls_1_Pipeline_VITIS_LOOP_79_3_VITIS_LOOP_80_4_VITIS_LOOP_82_5_fu_118  |StreamingMaxPool_hls_1_Pipeline_VITIS_LOOP_79_3_VITIS_LOOP_80_4_VITIS_LOOP_82_5  |       23|       23|   0.230 us|   0.230 us|   23|   23|       no|
        |grp_StreamingMaxPool_hls_1_Pipeline_VITIS_LOOP_90_6_fu_125                                  |StreamingMaxPool_hls_1_Pipeline_VITIS_LOOP_90_6                                  |        7|        7|  70.000 ns|  70.000 ns|    7|    7|       no|
        +--------------------------------------------------------------------------------------------+---------------------------------------------------------------------------------+---------+---------+-----------+-----------+-----+-----+---------+

        * Loop: 
        +-------------------+---------+---------+----------+-----------+-----------+------+----------+
        |                   |  Latency (cycles) | Iteration|  Initiation Interval  | Trip |          |
        |     Loop Name     |   min   |   max   |  Latency |  achieved |   target  | Count| Pipelined|
        +-------------------+---------+---------+----------+-----------+-----------+------+----------+
        |- VITIS_LOOP_78_2  |      175|      175|        35|          -|          -|     5|        no|
        +-------------------+---------+---------+----------+-----------+-----------+------+----------+



================================================================
== Utilization Estimates
================================================================
* Summary: 
+-----------------+---------+------+--------+--------+-----+
|       Name      | BRAM_18K|  DSP |   FF   |   LUT  | URAM|
+-----------------+---------+------+--------+--------+-----+
|DSP              |        -|     -|       -|       -|    -|
|Expression       |        -|     -|       0|      20|    -|
|FIFO             |        -|     -|       -|       -|    -|
|Instance         |        -|     -|      86|     338|    -|
|Memory           |        0|     -|      32|       2|    0|
|Multiplexer      |        -|     -|       -|     197|    -|
|Register         |        -|     -|      14|       -|    -|
+-----------------+---------+------+--------+--------+-----+
|Total            |        0|     0|     132|     557|    0|
+-----------------+---------+------+--------+--------+-----+
|Available        |      624|  1728|  460800|  230400|   96|
+-----------------+---------+------+--------+--------+-----+
|Utilization (%)  |        0|     0|      ~0|      ~0|    0|
+-----------------+---------+------+--------+--------+-----+

+ Detail: 
    * Instance: 
    +--------------------------------------------------------------------------------------------+---------------------------------------------------------------------------------+---------+----+----+-----+-----+
    |                                          Instance                                          |                                      Module                                     | BRAM_18K| DSP| FF | LUT | URAM|
    +--------------------------------------------------------------------------------------------+---------------------------------------------------------------------------------+---------+----+----+-----+-----+
    |grp_StreamingMaxPool_hls_1_Pipeline_VITIS_LOOP_79_3_VITIS_LOOP_80_4_VITIS_LOOP_82_5_fu_118  |StreamingMaxPool_hls_1_Pipeline_VITIS_LOOP_79_3_VITIS_LOOP_80_4_VITIS_LOOP_82_5  |        0|   0|  77|  257|    0|
    |grp_StreamingMaxPool_hls_1_Pipeline_VITIS_LOOP_90_6_fu_125                                  |StreamingMaxPool_hls_1_Pipeline_VITIS_LOOP_90_6                                  |        0|   0|   9|   81|    0|
    +--------------------------------------------------------------------------------------------+---------------------------------------------------------------------------------+---------+----+----+-----+-----+
    |Total                                                                                       |                                                                                 |        0|   0|  86|  338|    0|
    +--------------------------------------------------------------------------------------------+---------------------------------------------------------------------------------+---------+----+----+-----+-----+

    * DSP: 
    N/A

    * Memory: 
    +---------+---------------------+---------+----+----+-----+------+-----+------+-------------+
    |  Memory |        Module       | BRAM_18K| FF | LUT| URAM| Words| Bits| Banks| W*Bits*Banks|
    +---------+---------------------+---------+----+----+-----+------+-----+------+-------------+
    |buf_V_U  |buf_V_RAM_AUTO_1R1W  |        0|  32|   2|    0|     5|   16|     1|           80|
    +---------+---------------------+---------+----+----+-----+------+-----+------+-------------+
    |Total    |                     |        0|  32|   2|    0|     5|   16|     1|           80|
    +---------+---------------------+---------+----+----+-----+------+-----+------+-------------+

    * FIFO: 
    N/A

    * Expression: 
    +--------------------------------------------------------------------------+----------+----+---+----+------------+------------+
    |                               Variable Name                              | Operation| DSP| FF| LUT| Bitwidth P0| Bitwidth P1|
    +--------------------------------------------------------------------------+----------+----+---+----+------------+------------+
    |yp_2_fu_146_p2                                                            |         +|   0|  0|  10|           3|           1|
    |grp_StreamingMaxPool_hls_1_Pipeline_VITIS_LOOP_90_6_fu_125_out0_V_TREADY  |       and|   0|  0|   2|           1|           1|
    |icmp_ln78_fu_140_p2                                                       |      icmp|   0|  0|   8|           3|           3|
    +--------------------------------------------------------------------------+----------+----+---+----+------------+------------+
    |Total                                                                     |          |   0|  0|  20|           7|           5|
    +--------------------------------------------------------------------------+----------+----+---+----+------------+------------+

    * Multiplexer: 
    +---------------------------+----+-----------+-----+-----------+
    |            Name           | LUT| Input Size| Bits| Total Bits|
    +---------------------------+----+-----------+-----+-----------+
    |ap_NS_fsm                  |  54|         10|    1|         10|
    |buf_V_address0             |  31|          6|    3|         18|
    |buf_V_address1             |  20|          4|    3|         12|
    |buf_V_ce0                  |  20|          4|    1|          4|
    |buf_V_ce1                  |  14|          3|    1|          3|
    |buf_V_d0                   |  20|          4|   16|         64|
    |buf_V_we0                  |  20|          4|    1|          4|
    |in0_V_TREADY_int_regslice  |   9|          2|    1|          2|
    |yp_fu_58                   |   9|          2|    3|          6|
    +---------------------------+----+-----------+-----+-----------+
    |Total                      | 197|         39|   30|        123|
    +---------------------------+----+-----------+-----+-----------+

    * Register: 
    +---------------------------------------------------------------------------------------------------------+---+----+-----+-----------+
    |                                                   Name                                                  | FF| LUT| Bits| Const Bits|
    +---------------------------------------------------------------------------------------------------------+---+----+-----+-----------+
    |ap_CS_fsm                                                                                                |  9|   0|    9|          0|
    |grp_StreamingMaxPool_hls_1_Pipeline_VITIS_LOOP_79_3_VITIS_LOOP_80_4_VITIS_LOOP_82_5_fu_118_ap_start_reg  |  1|   0|    1|          0|
    |grp_StreamingMaxPool_hls_1_Pipeline_VITIS_LOOP_90_6_fu_125_ap_start_reg                                  |  1|   0|    1|          0|
    |yp_fu_58                                                                                                 |  3|   0|    3|          0|
    +---------------------------------------------------------------------------------------------------------+---+----+-----+-----------+
    |Total                                                                                                    | 14|   0|   14|          0|
    +---------------------------------------------------------------------------------------------------------+---+----+-----+-----------+



================================================================
== Interface
================================================================
* Summary: 
+---------------+-----+-----+--------------+------------------------+--------------+
|   RTL Ports   | Dir | Bits|   Protocol   |      Source Object     |    C Type    |
+---------------+-----+-----+--------------+------------------------+--------------+
|ap_clk         |   in|    1|  ap_ctrl_none|  StreamingMaxPool_hls_1|  return value|
|ap_rst_n       |   in|    1|  ap_ctrl_none|  StreamingMaxPool_hls_1|  return value|
|in0_V_TDATA    |   in|   16|          axis|                   in0_V|       pointer|
|in0_V_TVALID   |   in|    1|          axis|                   in0_V|       pointer|
|in0_V_TREADY   |  out|    1|          axis|                   in0_V|       pointer|
|out0_V_TDATA   |  out|   16|          axis|                  out0_V|       pointer|
|out0_V_TVALID  |  out|    1|          axis|                  out0_V|       pointer|
|out0_V_TREADY  |   in|    1|          axis|                  out0_V|       pointer|
+---------------+-----+-----+--------------+------------------------+--------------+

============================================================
+ Verbose Summary: Synthesis Manager
============================================================
InlineROM: 1
ExposeGlobal: 0
============================================================
+ Verbose Summary: CDFG Model
============================================================
IsTopModel: 1
ResetActiveHigh: 1
IsCombinational: 2
IsDatapathOnly: 2
HasWiredReturn: 1
HasMFsm: 0
HasVarLatency: 1
IsPipeline: 0
IsRtlPipelined: 0
IsInstanceOverlapped: 0
IsDontTouch: 0
HasImplIP: 0
IsGatedGlobalClock: 0


============================================================
+ Verbose Summary: Schedule
============================================================
* Number of FSM states : 9
* Pipeline : 0
* Dataflow Pipeline: 0

* FSM state transitions: 
1 --> 2 
2 --> 3 
3 --> 4 
4 --> 5 9 
5 --> 6 
6 --> 7 
7 --> 8 
8 --> 4 
9 --> 

* FSM state operations: 

State 1 <SV = 0> <Delay = 1.35>
ST_1 : Operation 10 [1/1] (0.00ns)   --->   "%yp = alloca i32 1"   --->   Operation 10 'alloca' 'yp' <Predicate = true> <Delay = 0.00>
ST_1 : Operation 11 [1/1] (0.67ns)   --->   "%buf_V = alloca i64 1" [/home/changhong/prj/finn/deps/finn-hlslib/maxpool.h:72]   --->   Operation 11 'alloca' 'buf_V' <Predicate = true> <Delay = 0.67> <CoreInst = "RAM">   --->   Core 83 'RAM' <Latency = 1> <II = 1> <Delay = 0.67> <Storage> <Opcode : 'load' 'store'> <Ports = 2> <Width = 16> <Depth = 5> <RAM>
ST_1 : Operation 12 [1/1] (0.00ns)   --->   "%buf_V_addr = getelementptr i16 %buf_V, i64 0, i64 0" [/home/changhong/prj/finn/deps/finn-hlslib/maxpool.h:75]   --->   Operation 12 'getelementptr' 'buf_V_addr' <Predicate = true> <Delay = 0.00>
ST_1 : Operation 13 [1/1] (0.67ns)   --->   "%store_ln75 = store i16 0, i3 %buf_V_addr" [/home/changhong/prj/finn/deps/finn-hlslib/maxpool.h:75]   --->   Operation 13 'store' 'store_ln75' <Predicate = true> <Delay = 0.67> <CoreInst = "RAM">   --->   Core 83 'RAM' <Latency = 1> <II = 1> <Delay = 0.67> <Storage> <Opcode : 'load' 'store'> <Ports = 2> <Width = 16> <Depth = 5> <RAM>
ST_1 : Operation 14 [1/1] (0.42ns)   --->   "%store_ln78 = store i3 0, i3 %yp" [/home/changhong/prj/finn/deps/finn-hlslib/maxpool.h:78]   --->   Operation 14 'store' 'store_ln78' <Predicate = true> <Delay = 0.42>

State 2 <SV = 1> <Delay = 0.67>
ST_2 : Operation 15 [1/1] (0.00ns)   --->   "%buf_V_addr_1 = getelementptr i16 %buf_V, i64 0, i64 1" [/home/changhong/prj/finn/deps/finn-hlslib/maxpool.h:75]   --->   Operation 15 'getelementptr' 'buf_V_addr_1' <Predicate = true> <Delay = 0.00>
ST_2 : Operation 16 [1/1] (0.67ns)   --->   "%store_ln75 = store i16 0, i3 %buf_V_addr_1" [/home/changhong/prj/finn/deps/finn-hlslib/maxpool.h:75]   --->   Operation 16 'store' 'store_ln75' <Predicate = true> <Delay = 0.67> <CoreInst = "RAM">   --->   Core 83 'RAM' <Latency = 1> <II = 1> <Delay = 0.67> <Storage> <Opcode : 'load' 'store'> <Ports = 2> <Width = 16> <Depth = 5> <RAM>
ST_2 : Operation 17 [1/1] (0.00ns)   --->   "%buf_V_addr_2 = getelementptr i16 %buf_V, i64 0, i64 2" [/home/changhong/prj/finn/deps/finn-hlslib/maxpool.h:75]   --->   Operation 17 'getelementptr' 'buf_V_addr_2' <Predicate = true> <Delay = 0.00>
ST_2 : Operation 18 [1/1] (0.67ns)   --->   "%store_ln75 = store i16 0, i3 %buf_V_addr_2" [/home/changhong/prj/finn/deps/finn-hlslib/maxpool.h:75]   --->   Operation 18 'store' 'store_ln75' <Predicate = true> <Delay = 0.67> <CoreInst = "RAM">   --->   Core 83 'RAM' <Latency = 1> <II = 1> <Delay = 0.67> <Storage> <Opcode : 'load' 'store'> <Ports = 2> <Width = 16> <Depth = 5> <RAM>

State 3 <SV = 2> <Delay = 0.67>
ST_3 : Operation 19 [1/1] (0.00ns)   --->   "%spectopmodule_ln16 = spectopmodule void @_ssdm_op_SpecTopModule, void @empty_2" [/home/changhong/prj/finn/notebooks/EF-US-Engine-Free-Unstructured-Sparsity-Design-Alleviates-Accelerator-Bottlenecks/casestudy1/LeNet_MNIST_BNN/build/auto/home/changhong/prj/finn/notebooks/EF-US-Engine-Free-Unstructured-Sparsity-Design-Alleviates-Accelerator-Bottlenecks/casestudy1/LeNet_MNIST_BNN/tmp/auto/code_gen_ipgen_StreamingMaxPool_hls_1_cmgyg_an/top_StreamingMaxPool_hls_1.cpp:16]   --->   Operation 19 'spectopmodule' 'spectopmodule_ln16' <Predicate = true> <Delay = 0.00>
ST_3 : Operation 20 [1/1] (0.00ns)   --->   "%specinterface_ln16 = specinterface void @_ssdm_op_SpecInterface, i32 0, void @empty_3, i32 0, i32 0, void @empty_1, i32 0, i32 0, void @empty_1, void @empty_1, void @empty_1, i32 0, i32 0, i32 0, i32 0, void @empty_1, void @empty_1, i32 4294967295, i32 0" [/home/changhong/prj/finn/notebooks/EF-US-Engine-Free-Unstructured-Sparsity-Design-Alleviates-Accelerator-Bottlenecks/casestudy1/LeNet_MNIST_BNN/build/auto/home/changhong/prj/finn/notebooks/EF-US-Engine-Free-Unstructured-Sparsity-Design-Alleviates-Accelerator-Bottlenecks/casestudy1/LeNet_MNIST_BNN/tmp/auto/code_gen_ipgen_StreamingMaxPool_hls_1_cmgyg_an/top_StreamingMaxPool_hls_1.cpp:16]   --->   Operation 20 'specinterface' 'specinterface_ln16' <Predicate = true> <Delay = 0.00>
ST_3 : Operation 21 [1/1] (0.00ns)   --->   "%specinterface_ln0 = specinterface void @_ssdm_op_SpecInterface, i16 %in0_V, void @empty, i32 1, i32 1, void @empty_0, i32 0, i32 0, void @empty_1, void @empty_1, void @empty_1, i32 0, i32 0, i32 0, i32 0, void @empty_1, void @empty_1, i32 4294967295, i32 0"   --->   Operation 21 'specinterface' 'specinterface_ln0' <Predicate = true> <Delay = 0.00>
ST_3 : Operation 22 [1/1] (0.00ns)   --->   "%specbitsmap_ln0 = specbitsmap void @_ssdm_op_SpecBitsMap, i16 %in0_V"   --->   Operation 22 'specbitsmap' 'specbitsmap_ln0' <Predicate = true> <Delay = 0.00>
ST_3 : Operation 23 [1/1] (0.00ns)   --->   "%specinterface_ln0 = specinterface void @_ssdm_op_SpecInterface, i16 %out0_V, void @empty, i32 1, i32 1, void @empty_0, i32 0, i32 0, void @empty_1, void @empty_1, void @empty_1, i32 0, i32 0, i32 0, i32 0, void @empty_1, void @empty_1, i32 4294967295, i32 0"   --->   Operation 23 'specinterface' 'specinterface_ln0' <Predicate = true> <Delay = 0.00>
ST_3 : Operation 24 [1/1] (0.00ns)   --->   "%specbitsmap_ln0 = specbitsmap void @_ssdm_op_SpecBitsMap, i16 %out0_V"   --->   Operation 24 'specbitsmap' 'specbitsmap_ln0' <Predicate = true> <Delay = 0.00>
ST_3 : Operation 25 [1/1] (0.00ns)   --->   "%buf_V_addr_3 = getelementptr i16 %buf_V, i64 0, i64 3" [/home/changhong/prj/finn/deps/finn-hlslib/maxpool.h:75]   --->   Operation 25 'getelementptr' 'buf_V_addr_3' <Predicate = true> <Delay = 0.00>
ST_3 : Operation 26 [1/1] (0.67ns)   --->   "%store_ln75 = store i16 0, i3 %buf_V_addr_3" [/home/changhong/prj/finn/deps/finn-hlslib/maxpool.h:75]   --->   Operation 26 'store' 'store_ln75' <Predicate = true> <Delay = 0.67> <CoreInst = "RAM">   --->   Core 83 'RAM' <Latency = 1> <II = 1> <Delay = 0.67> <Storage> <Opcode : 'load' 'store'> <Ports = 2> <Width = 16> <Depth = 5> <RAM>
ST_3 : Operation 27 [1/1] (0.00ns)   --->   "%buf_V_addr_4 = getelementptr i16 %buf_V, i64 0, i64 4" [/home/changhong/prj/finn/deps/finn-hlslib/maxpool.h:75]   --->   Operation 27 'getelementptr' 'buf_V_addr_4' <Predicate = true> <Delay = 0.00>
ST_3 : Operation 28 [1/1] (0.67ns)   --->   "%store_ln75 = store i16 0, i3 %buf_V_addr_4" [/home/changhong/prj/finn/deps/finn-hlslib/maxpool.h:75]   --->   Operation 28 'store' 'store_ln75' <Predicate = true> <Delay = 0.67> <CoreInst = "RAM">   --->   Core 83 'RAM' <Latency = 1> <II = 1> <Delay = 0.67> <Storage> <Opcode : 'load' 'store'> <Ports = 2> <Width = 16> <Depth = 5> <RAM>
ST_3 : Operation 29 [1/1] (0.00ns)   --->   "%br_ln78 = br void %VITIS_LOOP_79_3.i" [/home/changhong/prj/finn/deps/finn-hlslib/maxpool.h:78]   --->   Operation 29 'br' 'br_ln78' <Predicate = true> <Delay = 0.00>

State 4 <SV = 3> <Delay = 1.09>
ST_4 : Operation 30 [1/1] (0.00ns)   --->   "%yp_1 = load i3 %yp" [/home/changhong/prj/finn/deps/finn-hlslib/maxpool.h:78]   --->   Operation 30 'load' 'yp_1' <Predicate = true> <Delay = 0.00>
ST_4 : Operation 31 [1/1] (0.58ns)   --->   "%icmp_ln78 = icmp_eq  i3 %yp_1, i3 5" [/home/changhong/prj/finn/deps/finn-hlslib/maxpool.h:78]   --->   Operation 31 'icmp' 'icmp_ln78' <Predicate = true> <Delay = 0.58> <CoreInst = "Cmp">   --->   Core 9 'Cmp' <Latency = 0> <II = 1> <Delay = 0.58> <FuncUnit> <Opcode : 'icmp'> <InPorts = 2> <OutPorts = 1>
ST_4 : Operation 32 [1/1] (0.00ns)   --->   "%empty = speclooptripcount i32 @_ssdm_op_SpecLoopTripCount, i64 5, i64 5, i64 5"   --->   Operation 32 'speclooptripcount' 'empty' <Predicate = true> <Delay = 0.00>
ST_4 : Operation 33 [1/1] (0.67ns)   --->   "%yp_2 = add i3 %yp_1, i3 1" [/home/changhong/prj/finn/deps/finn-hlslib/maxpool.h:78]   --->   Operation 33 'add' 'yp_2' <Predicate = true> <Delay = 0.67> <CoreInst = "Adder">   --->   Core 1 'Adder' <Latency = 0> <II = 1> <Delay = 0.67> <FuncUnit> <Opcode : 'add' 'sub'> <InPorts = 2> <OutPorts = 1>
ST_4 : Operation 34 [1/1] (0.00ns)   --->   "%br_ln78 = br i1 %icmp_ln78, void %VITIS_LOOP_79_3.i.split, void %_Z16StreamingMaxPoolILj10ELj2ELj16EEvRN3hls6streamI7ap_uintIXT1_EELi0EEES5_.exit" [/home/changhong/prj/finn/deps/finn-hlslib/maxpool.h:78]   --->   Operation 34 'br' 'br_ln78' <Predicate = true> <Delay = 0.00>
ST_4 : Operation 35 [1/1] (0.00ns)   --->   "%empty_10 = wait i32 @_ssdm_op_Wait"   --->   Operation 35 'wait' 'empty_10' <Predicate = (!icmp_ln78)> <Delay = 0.00>
ST_4 : Operation 36 [2/2] (0.00ns)   --->   "%call_ln0 = call void @StreamingMaxPool_hls_1_Pipeline_VITIS_LOOP_79_3_VITIS_LOOP_80_4_VITIS_LOOP_82_5, i16 %in0_V, i16 %buf_V"   --->   Operation 36 'call' 'call_ln0' <Predicate = (!icmp_ln78)> <Delay = 0.00> <CoreType = "Generic">   --->   Core 0 '' <Latency = 0> <II = 1> <Delay = 1.00> <Generic> <Opcode : >
ST_4 : Operation 37 [1/1] (0.42ns)   --->   "%store_ln78 = store i3 %yp_2, i3 %yp" [/home/changhong/prj/finn/deps/finn-hlslib/maxpool.h:78]   --->   Operation 37 'store' 'store_ln78' <Predicate = (!icmp_ln78)> <Delay = 0.42>

State 5 <SV = 4> <Delay = 0.00>
ST_5 : Operation 38 [1/2] (0.00ns)   --->   "%call_ln0 = call void @StreamingMaxPool_hls_1_Pipeline_VITIS_LOOP_79_3_VITIS_LOOP_80_4_VITIS_LOOP_82_5, i16 %in0_V, i16 %buf_V"   --->   Operation 38 'call' 'call_ln0' <Predicate = true> <Delay = 0.00> <CoreType = "Generic">   --->   Core 0 '' <Latency = 0> <II = 1> <Delay = 1.00> <Generic> <Opcode : >

State 6 <SV = 5> <Delay = 0.00>
ST_6 : Operation 39 [1/1] (0.00ns)   --->   "%empty_11 = wait i32 @_ssdm_op_Wait"   --->   Operation 39 'wait' 'empty_11' <Predicate = true> <Delay = 0.00>

State 7 <SV = 6> <Delay = 0.00>
ST_7 : Operation 40 [1/1] (0.00ns)   --->   "%empty_12 = wait i32 @_ssdm_op_Wait"   --->   Operation 40 'wait' 'empty_12' <Predicate = true> <Delay = 0.00>
ST_7 : Operation 41 [2/2] (0.00ns)   --->   "%call_ln0 = call void @StreamingMaxPool_hls_1_Pipeline_VITIS_LOOP_90_6, i16 %buf_V, i16 %out0_V"   --->   Operation 41 'call' 'call_ln0' <Predicate = true> <Delay = 0.00> <CoreType = "Generic">   --->   Core 0 '' <Latency = 0> <II = 1> <Delay = 1.00> <Generic> <Opcode : >

State 8 <SV = 7> <Delay = 0.67>
ST_8 : Operation 42 [1/1] (0.00ns)   --->   "%specloopname_ln78 = specloopname void @_ssdm_op_SpecLoopName, void @empty_6" [/home/changhong/prj/finn/deps/finn-hlslib/maxpool.h:78]   --->   Operation 42 'specloopname' 'specloopname_ln78' <Predicate = true> <Delay = 0.00>
ST_8 : Operation 43 [1/2] (0.67ns)   --->   "%call_ln0 = call void @StreamingMaxPool_hls_1_Pipeline_VITIS_LOOP_90_6, i16 %buf_V, i16 %out0_V"   --->   Operation 43 'call' 'call_ln0' <Predicate = true> <Delay = 0.67> <CoreType = "Generic">   --->   Core 0 '' <Latency = 0> <II = 1> <Delay = 1.00> <Generic> <Opcode : >
ST_8 : Operation 44 [1/1] (0.00ns)   --->   "%br_ln78 = br void %VITIS_LOOP_79_3.i" [/home/changhong/prj/finn/deps/finn-hlslib/maxpool.h:78]   --->   Operation 44 'br' 'br_ln78' <Predicate = true> <Delay = 0.00>

State 9 <SV = 8> <Delay = 0.00>
ST_9 : Operation 45 [1/1] (0.00ns)   --->   "%ret_ln22 = ret" [/home/changhong/prj/finn/notebooks/EF-US-Engine-Free-Unstructured-Sparsity-Design-Alleviates-Accelerator-Bottlenecks/casestudy1/LeNet_MNIST_BNN/build/auto/home/changhong/prj/finn/notebooks/EF-US-Engine-Free-Unstructured-Sparsity-Design-Alleviates-Accelerator-Bottlenecks/casestudy1/LeNet_MNIST_BNN/tmp/auto/code_gen_ipgen_StreamingMaxPool_hls_1_cmgyg_an/top_StreamingMaxPool_hls_1.cpp:22]   --->   Operation 45 'ret' 'ret_ln22' <Predicate = true> <Delay = 0.00>


============================================================
+ Verbose Summary: Binding
============================================================
STG Binding: 
---------------- STG Properties BEGIN ----------------
- Is combinational: 0
- Is one-state seq: 0
- Is datapath-only: 0
- Is pipelined: 0
- Is top level: 1
Port [ Return ] is wired: 1; IO mode=ap_ctrl_none:ce=0
Port [ in0_V]:  wired=1; compound=1; hidden=0; nouse=0; global=0; static=0; extern=0; dir=0; type=0; pingpong=0; private_global=0; IO mode=axis:ce=0
Port [ out0_V]:  wired=1; compound=1; hidden=0; nouse=0; global=0; static=0; extern=0; dir=1; type=0; pingpong=0; private_global=0; IO mode=axis:ce=0
---------------- STG Properties END ------------------

---------------- Datapath Model BEGIN ----------------

<LifeTime>
<method=bitvector/>
yp                 (alloca           ) [ 0111111110]
buf_V              (alloca           ) [ 0011111110]
buf_V_addr         (getelementptr    ) [ 0000000000]
store_ln75         (store            ) [ 0000000000]
store_ln78         (store            ) [ 0000000000]
buf_V_addr_1       (getelementptr    ) [ 0000000000]
store_ln75         (store            ) [ 0000000000]
buf_V_addr_2       (getelementptr    ) [ 0000000000]
store_ln75         (store            ) [ 0000000000]
spectopmodule_ln16 (spectopmodule    ) [ 0000000000]
specinterface_ln16 (specinterface    ) [ 0000000000]
specinterface_ln0  (specinterface    ) [ 0000000000]
specbitsmap_ln0    (specbitsmap      ) [ 0000000000]
specinterface_ln0  (specinterface    ) [ 0000000000]
specbitsmap_ln0    (specbitsmap      ) [ 0000000000]
buf_V_addr_3       (getelementptr    ) [ 0000000000]
store_ln75         (store            ) [ 0000000000]
buf_V_addr_4       (getelementptr    ) [ 0000000000]
store_ln75         (store            ) [ 0000000000]
br_ln78            (br               ) [ 0000000000]
yp_1               (load             ) [ 0000000000]
icmp_ln78          (icmp             ) [ 0000111110]
empty              (speclooptripcount) [ 0000000000]
yp_2               (add              ) [ 0000000000]
br_ln78            (br               ) [ 0000000000]
empty_10           (wait             ) [ 0000000000]
store_ln78         (store            ) [ 0000000000]
call_ln0           (call             ) [ 0000000000]
empty_11           (wait             ) [ 0000000000]
empty_12           (wait             ) [ 0000000000]
specloopname_ln78  (specloopname     ) [ 0000000000]
call_ln0           (call             ) [ 0000000000]
br_ln78            (br               ) [ 0000000000]
ret_ln22           (ret              ) [ 0000000000]
</LifeTime>

<model>

<comp_list>
<comp id="0" class="1000" name="in0_V">
<pin_list>
<pin id="1" dir="1" index="0" bw="1" slack="0"/>
</pin_list>
<bind>
<StgValue><ssdm name="in0_V"/></StgValue>
</bind>
</comp>

<comp id="2" class="1000" name="out0_V">
<pin_list>
<pin id="3" dir="1" index="0" bw="1" slack="0"/>
</pin_list>
<bind>
<StgValue><ssdm name="out0_V"/></StgValue>
</bind>
</comp>

<comp id="4" class="1001" name="const_4">
<pin_list>
<pin id="5" dir="1" index="0" bw="1" slack="0"/>
</pin_list>
<bind>
<StgValue><ssdm name=""/></StgValue>
</bind>
</comp>

<comp id="6" class="1001" name="const_6">
<pin_list>
<pin id="7" dir="1" index="0" bw="1" slack="0"/>
</pin_list>
<bind>
<StgValue><ssdm name=""/></StgValue>
</bind>
</comp>

<comp id="8" class="1001" name="const_8">
<pin_list>
<pin id="9" dir="1" index="0" bw="1" slack="0"/>
</pin_list>
<bind>
<StgValue><ssdm name=""/></StgValue>
</bind>
</comp>

<comp id="10" class="1001" name="const_10">
<pin_list>
<pin id="11" dir="1" index="0" bw="1" slack="0"/>
</pin_list>
<bind>
<StgValue><ssdm name=""/></StgValue>
</bind>
</comp>

<comp id="12" class="1001" name="const_12">
<pin_list>
<pin id="13" dir="1" index="0" bw="1" slack="0"/>
</pin_list>
<bind>
<StgValue><ssdm name=""/></StgValue>
</bind>
</comp>

<comp id="14" class="1001" name="const_14">
<pin_list>
<pin id="15" dir="1" index="0" bw="1" slack="0"/>
</pin_list>
<bind>
<StgValue><ssdm name=""/></StgValue>
</bind>
</comp>

<comp id="16" class="1001" name="const_16">
<pin_list>
<pin id="17" dir="1" index="0" bw="1" slack="2147483647"/>
</pin_list>
<bind>
<StgValue><ssdm name="_ssdm_op_SpecTopModule"/></StgValue>
</bind>
</comp>

<comp id="18" class="1001" name="const_18">
<pin_list>
<pin id="19" dir="1" index="0" bw="1" slack="2147483647"/>
</pin_list>
<bind>
<StgValue><ssdm name="empty_2"/></StgValue>
</bind>
</comp>

<comp id="20" class="1001" name="const_20">
<pin_list>
<pin id="21" dir="1" index="0" bw="1" slack="2147483647"/>
</pin_list>
<bind>
<StgValue><ssdm name="_ssdm_op_SpecInterface"/></StgValue>
</bind>
</comp>

<comp id="22" class="1001" name="const_22">
<pin_list>
<pin id="23" dir="1" index="0" bw="1" slack="2147483647"/>
</pin_list>
<bind>
<StgValue><ssdm name=""/></StgValue>
</bind>
</comp>

<comp id="24" class="1001" name="const_24">
<pin_list>
<pin id="25" dir="1" index="0" bw="1" slack="2147483647"/>
</pin_list>
<bind>
<StgValue><ssdm name="empty_3"/></StgValue>
</bind>
</comp>

<comp id="26" class="1001" name="const_26">
<pin_list>
<pin id="27" dir="1" index="0" bw="1" slack="2147483647"/>
</pin_list>
<bind>
<StgValue><ssdm name="empty_1"/></StgValue>
</bind>
</comp>

<comp id="28" class="1001" name="const_28">
<pin_list>
<pin id="29" dir="1" index="0" bw="1" slack="2147483647"/>
</pin_list>
<bind>
<StgValue><ssdm name=""/></StgValue>
</bind>
</comp>

<comp id="30" class="1001" name="const_30">
<pin_list>
<pin id="31" dir="1" index="0" bw="1" slack="2147483647"/>
</pin_list>
<bind>
<StgValue><ssdm name="empty"/></StgValue>
</bind>
</comp>

<comp id="32" class="1001" name="const_32">
<pin_list>
<pin id="33" dir="1" index="0" bw="1" slack="2147483647"/>
</pin_list>
<bind>
<StgValue><ssdm name="empty_0"/></StgValue>
</bind>
</comp>

<comp id="34" class="1001" name="const_34">
<pin_list>
<pin id="35" dir="1" index="0" bw="1" slack="2147483647"/>
</pin_list>
<bind>
<StgValue><ssdm name="_ssdm_op_SpecBitsMap"/></StgValue>
</bind>
</comp>

<comp id="36" class="1001" name="const_36">
<pin_list>
<pin id="37" dir="1" index="0" bw="1" slack="0"/>
</pin_list>
<bind>
<StgValue><ssdm name=""/></StgValue>
</bind>
</comp>

<comp id="38" class="1001" name="const_38">
<pin_list>
<pin id="39" dir="1" index="0" bw="1" slack="0"/>
</pin_list>
<bind>
<StgValue><ssdm name=""/></StgValue>
</bind>
</comp>

<comp id="40" class="1001" name="const_40">
<pin_list>
<pin id="41" dir="1" index="0" bw="1" slack="0"/>
</pin_list>
<bind>
<StgValue><ssdm name=""/></StgValue>
</bind>
</comp>

<comp id="42" class="1001" name="const_42">
<pin_list>
<pin id="43" dir="1" index="0" bw="1" slack="2147483647"/>
</pin_list>
<bind>
<StgValue><ssdm name="_ssdm_op_SpecLoopTripCount"/></StgValue>
</bind>
</comp>

<comp id="44" class="1001" name="const_44">
<pin_list>
<pin id="45" dir="1" index="0" bw="1" slack="2147483647"/>
</pin_list>
<bind>
<StgValue><ssdm name=""/></StgValue>
</bind>
</comp>

<comp id="46" class="1001" name="const_46">
<pin_list>
<pin id="47" dir="1" index="0" bw="1" slack="0"/>
</pin_list>
<bind>
<StgValue><ssdm name=""/></StgValue>
</bind>
</comp>

<comp id="48" class="1001" name="const_48">
<pin_list>
<pin id="49" dir="1" index="0" bw="1" slack="2147483647"/>
</pin_list>
<bind>
<StgValue><ssdm name="_ssdm_op_Wait"/></StgValue>
</bind>
</comp>

<comp id="50" class="1001" name="const_50">
<pin_list>
<pin id="51" dir="1" index="0" bw="1" slack="0"/>
</pin_list>
<bind>
<StgValue><ssdm name="StreamingMaxPool_hls_1_Pipeline_VITIS_LOOP_79_3_VITIS_LOOP_80_4_VITIS_LOOP_82_5"/></StgValue>
</bind>
</comp>

<comp id="52" class="1001" name="const_52">
<pin_list>
<pin id="53" dir="1" index="0" bw="1" slack="0"/>
</pin_list>
<bind>
<StgValue><ssdm name="StreamingMaxPool_hls_1_Pipeline_VITIS_LOOP_90_6"/></StgValue>
</bind>
</comp>

<comp id="54" class="1001" name="const_54">
<pin_list>
<pin id="55" dir="1" index="0" bw="1" slack="2147483647"/>
</pin_list>
<bind>
<StgValue><ssdm name="_ssdm_op_SpecLoopName"/></StgValue>
</bind>
</comp>

<comp id="56" class="1001" name="const_56">
<pin_list>
<pin id="57" dir="1" index="0" bw="1" slack="2147483647"/>
</pin_list>
<bind>
<StgValue><ssdm name="empty_6"/></StgValue>
</bind>
</comp>

<comp id="58" class="1004" name="yp_fu_58">
<pin_list>
<pin id="59" dir="0" index="0" bw="1" slack="0"/>
<pin id="60" dir="1" index="1" bw="3" slack="0"/>
</pin_list>
<bind>
<opcode="alloca(26) " fcode="alloca"/>
<opset="yp/1 "/>
</bind>
</comp>

<comp id="62" class="1004" name="buf_V_alloca_fu_62">
<pin_list>
<pin id="63" dir="0" index="0" bw="1" slack="0"/>
<pin id="64" dir="1" index="1" bw="16" slack="0"/>
</pin_list>
<bind>
<opcode="alloca(26) " fcode="alloca"/>
<opset="buf_V/1 "/>
</bind>
</comp>

<comp id="66" class="1004" name="buf_V_addr_gep_fu_66">
<pin_list>
<pin id="67" dir="0" index="0" bw="16" slack="0"/>
<pin id="68" dir="0" index="1" bw="1" slack="0"/>
<pin id="69" dir="0" index="2" bw="1" slack="0"/>
<pin id="70" dir="1" index="3" bw="3" slack="0"/>
</pin_list>
<bind>
<opcode="getelementptr(29) " fcode="getelementptr"/>
<opset="buf_V_addr/1 "/>
</bind>
</comp>

<comp id="74" class="1004" name="grp_access_fu_74">
<pin_list>
<pin id="75" dir="0" index="0" bw="3" slack="0"/>
<pin id="76" dir="0" index="1" bw="16" slack="0"/>
<pin id="77" dir="0" index="2" bw="0" slack="0"/>
<pin id="88" dir="0" index="4" bw="3" slack="0"/>
<pin id="89" dir="0" index="5" bw="16" slack="2147483647"/>
<pin id="90" dir="0" index="6" bw="0" slack="2147483647"/>
<pin id="78" dir="1" index="3" bw="16" slack="2147483647"/>
<pin id="91" dir="1" index="7" bw="16" slack="2147483647"/>
</pin_list>
<bind>
<opcode="store(28) " fcode="store"/>
<opset="store_ln75/1 store_ln75/2 store_ln75/2 store_ln75/3 store_ln75/3 "/>
</bind>
</comp>

<comp id="81" class="1004" name="buf_V_addr_1_gep_fu_81">
<pin_list>
<pin id="82" dir="0" index="0" bw="16" slack="2147483647"/>
<pin id="83" dir="0" index="1" bw="1" slack="0"/>
<pin id="84" dir="0" index="2" bw="1" slack="0"/>
<pin id="85" dir="1" index="3" bw="3" slack="0"/>
</pin_list>
<bind>
<opcode="getelementptr(29) " fcode="getelementptr"/>
<opset="buf_V_addr_1/2 "/>
</bind>
</comp>

<comp id="94" class="1004" name="buf_V_addr_2_gep_fu_94">
<pin_list>
<pin id="95" dir="0" index="0" bw="16" slack="2147483647"/>
<pin id="96" dir="0" index="1" bw="1" slack="0"/>
<pin id="97" dir="0" index="2" bw="3" slack="0"/>
<pin id="98" dir="1" index="3" bw="3" slack="0"/>
</pin_list>
<bind>
<opcode="getelementptr(29) " fcode="getelementptr"/>
<opset="buf_V_addr_2/2 "/>
</bind>
</comp>

<comp id="102" class="1004" name="buf_V_addr_3_gep_fu_102">
<pin_list>
<pin id="103" dir="0" index="0" bw="16" slack="2147483647"/>
<pin id="104" dir="0" index="1" bw="1" slack="0"/>
<pin id="105" dir="0" index="2" bw="3" slack="0"/>
<pin id="106" dir="1" index="3" bw="3" slack="0"/>
</pin_list>
<bind>
<opcode="getelementptr(29) " fcode="getelementptr"/>
<opset="buf_V_addr_3/3 "/>
</bind>
</comp>

<comp id="110" class="1004" name="buf_V_addr_4_gep_fu_110">
<pin_list>
<pin id="111" dir="0" index="0" bw="16" slack="2147483647"/>
<pin id="112" dir="0" index="1" bw="1" slack="0"/>
<pin id="113" dir="0" index="2" bw="4" slack="0"/>
<pin id="114" dir="1" index="3" bw="3" slack="0"/>
</pin_list>
<bind>
<opcode="getelementptr(29) " fcode="getelementptr"/>
<opset="buf_V_addr_4/3 "/>
</bind>
</comp>

<comp id="118" class="1004" name="grp_StreamingMaxPool_hls_1_Pipeline_VITIS_LOOP_79_3_VITIS_LOOP_80_4_VITIS_LOOP_82_5_fu_118">
<pin_list>
<pin id="119" dir="0" index="0" bw="0" slack="0"/>
<pin id="120" dir="0" index="1" bw="16" slack="0"/>
<pin id="121" dir="0" index="2" bw="16" slack="2147483647"/>
<pin id="122" dir="1" index="3" bw="0" slack="2147483647"/>
</pin_list>
<bind>
<opcode="call(48) " fcode="call"/>
<opset="call_ln0/4 "/>
</bind>
</comp>

<comp id="125" class="1004" name="grp_StreamingMaxPool_hls_1_Pipeline_VITIS_LOOP_90_6_fu_125">
<pin_list>
<pin id="126" dir="0" index="0" bw="0" slack="0"/>
<pin id="127" dir="0" index="1" bw="16" slack="2147483647"/>
<pin id="128" dir="0" index="2" bw="16" slack="0"/>
<pin id="129" dir="1" index="3" bw="0" slack="2147483647"/>
</pin_list>
<bind>
<opcode="call(48) " fcode="call"/>
<opset="call_ln0/7 "/>
</bind>
</comp>

<comp id="132" class="1004" name="store_ln78_store_fu_132">
<pin_list>
<pin id="133" dir="0" index="0" bw="1" slack="0"/>
<pin id="134" dir="0" index="1" bw="3" slack="0"/>
<pin id="135" dir="1" index="2" bw="0" slack="2147483647"/>
</pin_list>
<bind>
<opcode="store(28) " fcode="store"/>
<opset="store_ln78/1 "/>
</bind>
</comp>

<comp id="137" class="1004" name="yp_1_load_fu_137">
<pin_list>
<pin id="138" dir="0" index="0" bw="3" slack="3"/>
<pin id="139" dir="1" index="1" bw="3" slack="0"/>
</pin_list>
<bind>
<opcode="load(27) " fcode="load"/>
<opset="yp_1/4 "/>
</bind>
</comp>

<comp id="140" class="1004" name="icmp_ln78_fu_140">
<pin_list>
<pin id="141" dir="0" index="0" bw="3" slack="0"/>
<pin id="142" dir="0" index="1" bw="3" slack="0"/>
<pin id="143" dir="1" index="2" bw="1" slack="2147483647"/>
</pin_list>
<bind>
<opcode="icmp(45) " fcode="icmp"/>
<opset="icmp_ln78/4 "/>
</bind>
</comp>

<comp id="146" class="1004" name="yp_2_fu_146">
<pin_list>
<pin id="147" dir="0" index="0" bw="3" slack="0"/>
<pin id="148" dir="0" index="1" bw="1" slack="0"/>
<pin id="149" dir="1" index="2" bw="3" slack="0"/>
</pin_list>
<bind>
<opcode="add(8) " fcode="add"/>
<opset="yp_2/4 "/>
</bind>
</comp>

<comp id="152" class="1004" name="store_ln78_store_fu_152">
<pin_list>
<pin id="153" dir="0" index="0" bw="3" slack="0"/>
<pin id="154" dir="0" index="1" bw="3" slack="3"/>
<pin id="155" dir="1" index="2" bw="0" slack="2147483647"/>
</pin_list>
<bind>
<opcode="store(28) " fcode="store"/>
<opset="store_ln78/4 "/>
</bind>
</comp>

<comp id="157" class="1005" name="yp_reg_157">
<pin_list>
<pin id="158" dir="0" index="0" bw="3" slack="0"/>
<pin id="159" dir="1" index="1" bw="3" slack="0"/>
</pin_list>
<bind>
<opset="yp "/>
</bind>
</comp>

</comp_list>

<net_list>
<net id="61"><net_src comp="4" pin="0"/><net_sink comp="58" pin=0"/></net>

<net id="65"><net_src comp="6" pin="0"/><net_sink comp="62" pin=0"/></net>

<net id="71"><net_src comp="62" pin="1"/><net_sink comp="66" pin=0"/></net>

<net id="72"><net_src comp="8" pin="0"/><net_sink comp="66" pin=1"/></net>

<net id="73"><net_src comp="8" pin="0"/><net_sink comp="66" pin=2"/></net>

<net id="79"><net_src comp="10" pin="0"/><net_sink comp="74" pin=1"/></net>

<net id="80"><net_src comp="66" pin="3"/><net_sink comp="74" pin=0"/></net>

<net id="86"><net_src comp="8" pin="0"/><net_sink comp="81" pin=1"/></net>

<net id="87"><net_src comp="6" pin="0"/><net_sink comp="81" pin=2"/></net>

<net id="92"><net_src comp="10" pin="0"/><net_sink comp="74" pin=4"/></net>

<net id="93"><net_src comp="81" pin="3"/><net_sink comp="74" pin=2"/></net>

<net id="99"><net_src comp="8" pin="0"/><net_sink comp="94" pin=1"/></net>

<net id="100"><net_src comp="14" pin="0"/><net_sink comp="94" pin=2"/></net>

<net id="101"><net_src comp="94" pin="3"/><net_sink comp="74" pin=0"/></net>

<net id="107"><net_src comp="8" pin="0"/><net_sink comp="102" pin=1"/></net>

<net id="108"><net_src comp="36" pin="0"/><net_sink comp="102" pin=2"/></net>

<net id="109"><net_src comp="102" pin="3"/><net_sink comp="74" pin=0"/></net>

<net id="115"><net_src comp="8" pin="0"/><net_sink comp="110" pin=1"/></net>

<net id="116"><net_src comp="38" pin="0"/><net_sink comp="110" pin=2"/></net>

<net id="117"><net_src comp="110" pin="3"/><net_sink comp="74" pin=2"/></net>

<net id="123"><net_src comp="50" pin="0"/><net_sink comp="118" pin=0"/></net>

<net id="124"><net_src comp="0" pin="0"/><net_sink comp="118" pin=1"/></net>

<net id="130"><net_src comp="52" pin="0"/><net_sink comp="125" pin=0"/></net>

<net id="131"><net_src comp="2" pin="0"/><net_sink comp="125" pin=2"/></net>

<net id="136"><net_src comp="12" pin="0"/><net_sink comp="132" pin=0"/></net>

<net id="144"><net_src comp="137" pin="1"/><net_sink comp="140" pin=0"/></net>

<net id="145"><net_src comp="40" pin="0"/><net_sink comp="140" pin=1"/></net>

<net id="150"><net_src comp="137" pin="1"/><net_sink comp="146" pin=0"/></net>

<net id="151"><net_src comp="46" pin="0"/><net_sink comp="146" pin=1"/></net>

<net id="156"><net_src comp="146" pin="2"/><net_sink comp="152" pin=0"/></net>

<net id="160"><net_src comp="58" pin="1"/><net_sink comp="157" pin=0"/></net>

<net id="161"><net_src comp="157" pin="1"/><net_sink comp="132" pin=1"/></net>

<net id="162"><net_src comp="157" pin="1"/><net_sink comp="137" pin=0"/></net>

<net id="163"><net_src comp="157" pin="1"/><net_sink comp="152" pin=1"/></net>

</net_list>

</model> 
---------------- Datapath Model END ------------------

* FSMD analyzer results:
  - Output states:
	Port: out0_V | {7 8 }
 - Input state : 
	Port: StreamingMaxPool_hls_1 : in0_V | {4 5 }
  - Chain level:
	State 1
		buf_V_addr : 1
		store_ln75 : 2
		store_ln78 : 1
	State 2
		store_ln75 : 1
		store_ln75 : 1
	State 3
		store_ln75 : 1
		store_ln75 : 1
	State 4
		icmp_ln78 : 1
		yp_2 : 1
		br_ln78 : 2
		store_ln78 : 2
	State 5
	State 6
	State 7
	State 8
	State 9


============================================================
+ Verbose Summary: Datapath Resource usage 
============================================================

* Functional unit list:
|----------|--------------------------------------------------------------------------------------------|---------|---------|---------|
| Operation|                                       Functional Unit                                      |  Delay  |    FF   |   LUT   |
|----------|--------------------------------------------------------------------------------------------|---------|---------|---------|
|   call   | grp_StreamingMaxPool_hls_1_Pipeline_VITIS_LOOP_79_3_VITIS_LOOP_80_4_VITIS_LOOP_82_5_fu_118 |  0.427  |    68   |   153   |
|          |                 grp_StreamingMaxPool_hls_1_Pipeline_VITIS_LOOP_90_6_fu_125                 |  0.427  |    7    |    27   |
|----------|--------------------------------------------------------------------------------------------|---------|---------|---------|
|    add   |                                         yp_2_fu_146                                        |    0    |    0    |    10   |
|----------|--------------------------------------------------------------------------------------------|---------|---------|---------|
|   icmp   |                                      icmp_ln78_fu_140                                      |    0    |    0    |    8    |
|----------|--------------------------------------------------------------------------------------------|---------|---------|---------|
|   Total  |                                                                                            |  0.854  |    75   |   198   |
|----------|--------------------------------------------------------------------------------------------|---------|---------|---------|

Memories:
+-----+--------+--------+--------+--------+
|     |  BRAM  |   FF   |   LUT  |  URAM  |
+-----+--------+--------+--------+--------+
|buf_V|    0   |   32   |    2   |    0   |
+-----+--------+--------+--------+--------+
|Total|    0   |   32   |    2   |    0   |
+-----+--------+--------+--------+--------+

* Register list:
+----------+--------+
|          |   FF   |
+----------+--------+
|yp_reg_157|    3   |
+----------+--------+
|   Total  |    3   |
+----------+--------+

* Multiplexer (MUX) list: 
|------------------|------|------|------|--------||---------||---------|
|       Comp       |  Pin | Size |  BW  | S x BW ||  Delay  ||   LUT   |
|------------------|------|------|------|--------||---------||---------|
| grp_access_fu_74 |  p0  |   3  |   3  |    9   ||    14   |
| grp_access_fu_74 |  p2  |   2  |   0  |    0   ||    9    |
|------------------|------|------|------|--------||---------||---------|
|       Total      |      |      |      |    9   ||  0.903  ||    23   |
|------------------|------|------|------|--------||---------||---------|



* Summary:
+-----------+--------+--------+--------+--------+--------+
|           |  BRAM  |  Delay |   FF   |   LUT  |  URAM  |
+-----------+--------+--------+--------+--------+--------+
|  Function |    -   |    0   |   75   |   198  |    -   |
|   Memory  |    0   |    -   |   32   |    2   |    0   |
|Multiplexer|    -   |    0   |    -   |   23   |    -   |
|  Register |    -   |    -   |    3   |    -   |    -   |
+-----------+--------+--------+--------+--------+--------+
|   Total   |    0   |    1   |   110  |   223  |    0   |
+-----------+--------+--------+--------+--------+--------+
