

================================================================
== Vitis HLS Report for 'StreamingMaxPool_hls_1_Pipeline_VITIS_LOOP_90_6'
================================================================
* Date:           Sun Jun 22 17:08:24 2025

* Version:        2022.2 (Build 3670227 on Oct 13 2022)
* Project:        project_StreamingMaxPool_hls_1
* Solution:       sol1 (Vivado IP Flow Target)
* Product family: zynquplus
* Target device:  xczu7ev-ffvc1156-2-e


================================================================
== Performance Estimates
================================================================
+ Timing: 
    * Summary: 
    +--------+----------+----------+------------+
    |  Clock |  Target  | Estimated| Uncertainty|
    +--------+----------+----------+------------+
    |ap_clk  |  10.00 ns|  1.260 ns|     2.70 ns|
    +--------+----------+----------+------------+

+ Latency: 
    * Summary: 
    +---------+---------+-----------+-----------+-----+-----+---------+
    |  Latency (cycles) |   Latency (absolute)  |  Interval | Pipeline|
    |   min   |   max   |    min    |    max    | min | max |   Type  |
    +---------+---------+-----------+-----------+-----+-----+---------+
    |        7|        7|  70.000 ns|  70.000 ns|    7|    7|       no|
    +---------+---------+-----------+-----------+-----+-----+---------+

    + Detail: 
        * Instance: 
        N/A

        * Loop: 
        +-------------------+---------+---------+----------+-----------+-----------+------+----------+
        |                   |  Latency (cycles) | Iteration|  Initiation Interval  | Trip |          |
        |     Loop Name     |   min   |   max   |  Latency |  achieved |   target  | Count| Pipelined|
        +-------------------+---------+---------+----------+-----------+-----------+------+----------+
        |- VITIS_LOOP_90_6  |        5|        5|         2|          1|          1|     5|  yes(flp)|
        +-------------------+---------+---------+----------+-----------+-----------+------+----------+



================================================================
== Utilization Estimates
================================================================
* Summary: 
+-----------------+---------+------+--------+--------+-----+
|       Name      | BRAM_18K|  DSP |   FF   |   LUT  | URAM|
+-----------------+---------+------+--------+--------+-----+
|DSP              |        -|     -|       -|       -|    -|
|Expression       |        -|     -|       0|      22|    -|
|FIFO             |        -|     -|       -|       -|    -|
|Instance         |        -|     -|       -|       -|    -|
|Memory           |        -|     -|       -|       -|    -|
|Multiplexer      |        -|     -|       -|      59|    -|
|Register         |        -|     -|       9|       -|    -|
+-----------------+---------+------+--------+--------+-----+
|Total            |        0|     0|       9|      81|    0|
+-----------------+---------+------+--------+--------+-----+
|Available        |      624|  1728|  460800|  230400|   96|
+-----------------+---------+------+--------+--------+-----+
|Utilization (%)  |        0|     0|      ~0|      ~0|    0|
+-----------------+---------+------+--------+--------+-----+

+ Detail: 
    * Instance: 
    N/A

    * DSP: 
    N/A

    * Memory: 
    N/A

    * FIFO: 
    N/A

    * Expression: 
    +--------------------+----------+----+---+----+------------+------------+
    |    Variable Name   | Operation| DSP| FF| LUT| Bitwidth P0| Bitwidth P1|
    +--------------------+----------+----+---+----+------------+------------+
    |add_ln90_fu_82_p2   |         +|   0|  0|  10|           3|           1|
    |ap_block_state2_io  |       and|   0|  0|   2|           1|           1|
    |ap_condition_147    |       and|   0|  0|   2|           1|           1|
    |icmp_ln90_fu_76_p2  |      icmp|   0|  0|   8|           3|           3|
    +--------------------+----------+----+---+----+------------+------------+
    |Total               |          |   0|  0|  22|           8|           6|
    +--------------------+----------+----+---+----+------------+------------+

    * Multiplexer: 
    +----------------------------------+----+-----------+-----+-----------+
    |               Name               | LUT| Input Size| Bits| Total Bits|
    +----------------------------------+----+-----------+-----+-----------+
    |ap_NS_iter1_fsm                   |  14|          3|    2|          6|
    |ap_done_int                       |   9|          2|    1|          2|
    |ap_loop_exit_ready_pp0_iter1_reg  |   9|          2|    1|          2|
    |ap_sig_allocacmp_outpix_1         |   9|          2|    3|          6|
    |out0_V_TDATA_blk_n                |   9|          2|    1|          2|
    |outpix_fu_42                      |   9|          2|    3|          6|
    +----------------------------------+----+-----------+-----+-----------+
    |Total                             |  59|         13|   11|         24|
    +----------------------------------+----+-----------+-----+-----------+

    * Register: 
    +----------------------------------+---+----+-----+-----------+
    |               Name               | FF| LUT| Bits| Const Bits|
    +----------------------------------+---+----+-----+-----------+
    |ap_CS_iter0_fsm                   |  1|   0|    1|          0|
    |ap_CS_iter1_fsm                   |  2|   0|    2|          0|
    |ap_done_reg                       |  1|   0|    1|          0|
    |ap_loop_exit_ready_pp0_iter1_reg  |  1|   0|    1|          0|
    |icmp_ln90_reg_105                 |  1|   0|    1|          0|
    |outpix_fu_42                      |  3|   0|    3|          0|
    +----------------------------------+---+----+-----+-----------+
    |Total                             |  9|   0|    9|          0|
    +----------------------------------+---+----+-----+-----------+



================================================================
== Interface
================================================================
* Summary: 
+----------------+-----+-----+------------+-------------------------------------------------+--------------+
|    RTL Ports   | Dir | Bits|  Protocol  |                  Source Object                  |    C Type    |
+----------------+-----+-----+------------+-------------------------------------------------+--------------+
|ap_clk          |   in|    1|  ap_ctrl_hs|  StreamingMaxPool_hls_1_Pipeline_VITIS_LOOP_90_6|  return value|
|ap_rst          |   in|    1|  ap_ctrl_hs|  StreamingMaxPool_hls_1_Pipeline_VITIS_LOOP_90_6|  return value|
|ap_start        |   in|    1|  ap_ctrl_hs|  StreamingMaxPool_hls_1_Pipeline_VITIS_LOOP_90_6|  return value|
|ap_done         |  out|    1|  ap_ctrl_hs|  StreamingMaxPool_hls_1_Pipeline_VITIS_LOOP_90_6|  return value|
|ap_idle         |  out|    1|  ap_ctrl_hs|  StreamingMaxPool_hls_1_Pipeline_VITIS_LOOP_90_6|  return value|
|ap_ready        |  out|    1|  ap_ctrl_hs|  StreamingMaxPool_hls_1_Pipeline_VITIS_LOOP_90_6|  return value|
|out0_V_TREADY   |   in|    1|        axis|                                           out0_V|       pointer|
|out0_V_TDATA    |  out|   16|        axis|                                           out0_V|       pointer|
|out0_V_TVALID   |  out|    1|        axis|                                           out0_V|       pointer|
|buf_V_address0  |  out|    3|   ap_memory|                                            buf_V|         array|
|buf_V_ce0       |  out|    1|   ap_memory|                                            buf_V|         array|
|buf_V_we0       |  out|    1|   ap_memory|                                            buf_V|         array|
|buf_V_d0        |  out|   16|   ap_memory|                                            buf_V|         array|
|buf_V_q0        |   in|   16|   ap_memory|                                            buf_V|         array|
+----------------+-----+-----+------------+-------------------------------------------------+--------------+

============================================================
+ Verbose Summary: Synthesis Manager
============================================================
InlineROM: 1
ExposeGlobal: 0
============================================================
+ Verbose Summary: CDFG Model
============================================================
IsTopModel: 0
ResetActiveHigh: 1
IsCombinational: 2
IsDatapathOnly: 2
HasWiredReturn: 1
HasMFsm: 1
HasVarLatency: 1
IsPipeline: 0
IsRtlPipelined: 0
IsInstanceOverlapped: 0
IsDontTouch: 0
HasImplIP: 0
IsGatedGlobalClock: 0

+ Individual pipeline summary: 
  * Pipeline-0: initiation interval (II) = 1, depth = 2


============================================================
+ Verbose Summary: Schedule
============================================================
* Number of FSM states : 2
* Pipeline : 1
  Pipeline-0 : II = 1, D = 2, States = { 1 2 }
* Dataflow Pipeline: 0

* FSM state transitions: 
1 --> 2 
2 --> 

* FSM state operations: 

State 1 <SV = 0> <Delay = 1.26>
ST_1 : Operation 5 [1/1] (0.00ns)   --->   "%outpix = alloca i32 1"   --->   Operation 5 'alloca' 'outpix' <Predicate = true> <Delay = 0.00>
ST_1 : Operation 6 [1/1] (0.00ns)   --->   "%specinterface_ln0 = specinterface void @_ssdm_op_SpecInterface, i16 %out0_V, void @empty, i32 0, i32 0, void @empty_0, i32 0, i32 0, void @empty_1, void @empty_1, void @empty_1, i32 0, i32 0, i32 0, i32 0, void @empty_1, void @empty_1, i32 4294967295, i32 0"   --->   Operation 6 'specinterface' 'specinterface_ln0' <Predicate = true> <Delay = 0.00>
ST_1 : Operation 7 [1/1] (0.42ns)   --->   "%store_ln0 = store i3 0, i3 %outpix"   --->   Operation 7 'store' 'store_ln0' <Predicate = true> <Delay = 0.42>
ST_1 : Operation 8 [1/1] (0.00ns)   --->   "%br_ln0 = br void %for.inc41.i"   --->   Operation 8 'br' 'br_ln0' <Predicate = true> <Delay = 0.00>
ST_1 : Operation 9 [1/1] (0.00ns)   --->   "%outpix_1 = load i3 %outpix" [/home/changhong/prj/finn/deps/finn-hlslib/maxpool.h:90]   --->   Operation 9 'load' 'outpix_1' <Predicate = true> <Delay = 0.00>
ST_1 : Operation 10 [1/1] (0.58ns)   --->   "%icmp_ln90 = icmp_eq  i3 %outpix_1, i3 5" [/home/changhong/prj/finn/deps/finn-hlslib/maxpool.h:90]   --->   Operation 10 'icmp' 'icmp_ln90' <Predicate = true> <Delay = 0.58> <CoreInst = "Cmp">   --->   Core 9 'Cmp' <Latency = 0> <II = 1> <Delay = 0.58> <FuncUnit> <Opcode : 'icmp'> <InPorts = 2> <OutPorts = 1>
ST_1 : Operation 11 [1/1] (0.00ns)   --->   "%empty = speclooptripcount i32 @_ssdm_op_SpecLoopTripCount, i64 5, i64 5, i64 5"   --->   Operation 11 'speclooptripcount' 'empty' <Predicate = true> <Delay = 0.00>
ST_1 : Operation 12 [1/1] (0.67ns)   --->   "%add_ln90 = add i3 %outpix_1, i3 1" [/home/changhong/prj/finn/deps/finn-hlslib/maxpool.h:90]   --->   Operation 12 'add' 'add_ln90' <Predicate = true> <Delay = 0.67> <CoreInst = "Adder">   --->   Core 1 'Adder' <Latency = 0> <II = 1> <Delay = 0.67> <FuncUnit> <Opcode : 'add' 'sub'> <InPorts = 2> <OutPorts = 1>
ST_1 : Operation 13 [1/1] (0.00ns)   --->   "%br_ln90 = br i1 %icmp_ln90, void %for.inc41.i.split, void %for.inc44.i.exitStub" [/home/changhong/prj/finn/deps/finn-hlslib/maxpool.h:90]   --->   Operation 13 'br' 'br_ln90' <Predicate = true> <Delay = 0.00>
ST_1 : Operation 14 [1/1] (0.00ns)   --->   "%zext_ln90 = zext i3 %outpix_1" [/home/changhong/prj/finn/deps/finn-hlslib/maxpool.h:90]   --->   Operation 14 'zext' 'zext_ln90' <Predicate = (!icmp_ln90)> <Delay = 0.00>
ST_1 : Operation 15 [1/1] (0.00ns)   --->   "%buf_V_addr = getelementptr i16 %buf_V, i64 0, i64 %zext_ln90" [/home/changhong/prj/finn/deps/finn-hlslib/maxpool.h:92]   --->   Operation 15 'getelementptr' 'buf_V_addr' <Predicate = (!icmp_ln90)> <Delay = 0.00>
ST_1 : Operation 16 [2/2] (0.67ns)   --->   "%buf_V_load = load i3 %buf_V_addr" [/home/changhong/prj/finn/deps/finn-hlslib/maxpool.h:92]   --->   Operation 16 'load' 'buf_V_load' <Predicate = (!icmp_ln90)> <Delay = 0.67> <CoreInst = "RAM">   --->   Core 83 'RAM' <Latency = 1> <II = 1> <Delay = 0.67> <Storage> <Opcode : 'load' 'store'> <Ports = 2> <Width = 16> <Depth = 5> <RAM>
ST_1 : Operation 17 [1/1] (0.67ns)   --->   "%store_ln94 = store i16 0, i3 %buf_V_addr" [/home/changhong/prj/finn/deps/finn-hlslib/maxpool.h:94]   --->   Operation 17 'store' 'store_ln94' <Predicate = (!icmp_ln90)> <Delay = 0.67> <CoreInst = "RAM">   --->   Core 83 'RAM' <Latency = 1> <II = 1> <Delay = 0.67> <Storage> <Opcode : 'load' 'store'> <Ports = 2> <Width = 16> <Depth = 5> <RAM>
ST_1 : Operation 18 [1/1] (0.42ns)   --->   "%store_ln90 = store i3 %add_ln90, i3 %outpix" [/home/changhong/prj/finn/deps/finn-hlslib/maxpool.h:90]   --->   Operation 18 'store' 'store_ln90' <Predicate = (!icmp_ln90)> <Delay = 0.42>

State 2 <SV = 1> <Delay = 0.67>
ST_2 : Operation 19 [1/1] (0.00ns)   --->   "%specpipeline_ln91 = specpipeline void @_ssdm_op_SpecPipeline, i32 1, i32 2, i32 0, i32 0, void @empty_1" [/home/changhong/prj/finn/deps/finn-hlslib/maxpool.h:91]   --->   Operation 19 'specpipeline' 'specpipeline_ln91' <Predicate = (!icmp_ln90)> <Delay = 0.00>
ST_2 : Operation 20 [1/1] (0.00ns)   --->   "%specloopname_ln90 = specloopname void @_ssdm_op_SpecLoopName, void @empty_5" [/home/changhong/prj/finn/deps/finn-hlslib/maxpool.h:90]   --->   Operation 20 'specloopname' 'specloopname_ln90' <Predicate = (!icmp_ln90)> <Delay = 0.00>
ST_2 : Operation 21 [1/2] (0.67ns)   --->   "%buf_V_load = load i3 %buf_V_addr" [/home/changhong/prj/finn/deps/finn-hlslib/maxpool.h:92]   --->   Operation 21 'load' 'buf_V_load' <Predicate = (!icmp_ln90)> <Delay = 0.67> <CoreInst = "RAM">   --->   Core 83 'RAM' <Latency = 1> <II = 1> <Delay = 0.67> <Storage> <Opcode : 'load' 'store'> <Ports = 2> <Width = 16> <Depth = 5> <RAM>
ST_2 : Operation 22 [1/1] (0.00ns)   --->   "%write_ln92 = write void @_ssdm_op_Write.axis.volatile.i16P128A, i16 %out0_V, i16 %buf_V_load" [/home/changhong/prj/finn/deps/finn-hlslib/maxpool.h:92]   --->   Operation 22 'write' 'write_ln92' <Predicate = (!icmp_ln90)> <Delay = 0.00> <CoreInst = "axis">   --->   Core 123 'axis' <Latency = 0> <II = 1> <Delay = 1.00> <Adapter> <Opcode : >
ST_2 : Operation 23 [1/1] (0.00ns)   --->   "%br_ln90 = br void %for.inc41.i" [/home/changhong/prj/finn/deps/finn-hlslib/maxpool.h:90]   --->   Operation 23 'br' 'br_ln90' <Predicate = (!icmp_ln90)> <Delay = 0.00>
ST_2 : Operation 24 [1/1] (0.00ns)   --->   "%ret_ln0 = ret"   --->   Operation 24 'ret' 'ret_ln0' <Predicate = (icmp_ln90)> <Delay = 0.00>


============================================================
+ Verbose Summary: Binding
============================================================
STG Binding: 
---------------- STG Properties BEGIN ----------------
- Is combinational: 0
- Is one-state seq: 0
- Is datapath-only: 0
- Is pipelined: 0
- Is top level: 0
Port [ Return ] is wired: 1; IO mode=ap_ctrl_hs:ce=0
Port [ buf_V]:  wired=1; compound=1; hidden=0; nouse=0; global=0; static=0; extern=0; dir=2; type=1; pingpong=0; private_global=0; MemPort=[23]; IO mode=ap_memory:ce=0
Port [ out0_V]:  wired=1; compound=1; hidden=0; nouse=0; global=0; static=0; extern=0; dir=1; type=0; pingpong=0; private_global=0; IO mode=axis:ce=0
---------------- STG Properties END ------------------

---------------- Datapath Model BEGIN ----------------

<LifeTime>
<method=bitvector/>
outpix            (alloca           ) [ 010]
specinterface_ln0 (specinterface    ) [ 000]
store_ln0         (store            ) [ 000]
br_ln0            (br               ) [ 000]
outpix_1          (load             ) [ 000]
icmp_ln90         (icmp             ) [ 011]
empty             (speclooptripcount) [ 000]
add_ln90          (add              ) [ 000]
br_ln90           (br               ) [ 000]
zext_ln90         (zext             ) [ 000]
buf_V_addr        (getelementptr    ) [ 011]
store_ln94        (store            ) [ 000]
store_ln90        (store            ) [ 000]
specpipeline_ln91 (specpipeline     ) [ 000]
specloopname_ln90 (specloopname     ) [ 000]
buf_V_load        (load             ) [ 000]
write_ln92        (write            ) [ 000]
br_ln90           (br               ) [ 000]
ret_ln0           (ret              ) [ 000]
</LifeTime>

<model>

<comp_list>
<comp id="0" class="1000" name="buf_V">
<pin_list>
<pin id="1" dir="1" index="0" bw="1" slack="0"/>
</pin_list>
<bind>
<StgValue><ssdm name="buf_V"/><MemPortTyVec>2 3 </MemPortTyVec>
</StgValue>
</bind>
</comp>

<comp id="2" class="1000" name="out0_V">
<pin_list>
<pin id="3" dir="1" index="0" bw="1" slack="0"/>
</pin_list>
<bind>
<StgValue><ssdm name="out0_V"/></StgValue>
</bind>
</comp>

<comp id="4" class="1001" name="const_4">
<pin_list>
<pin id="5" dir="1" index="0" bw="1" slack="0"/>
</pin_list>
<bind>
<StgValue><ssdm name=""/></StgValue>
</bind>
</comp>

<comp id="6" class="1001" name="const_6">
<pin_list>
<pin id="7" dir="1" index="0" bw="1" slack="2147483647"/>
</pin_list>
<bind>
<StgValue><ssdm name="_ssdm_op_SpecInterface"/></StgValue>
</bind>
</comp>

<comp id="8" class="1001" name="const_8">
<pin_list>
<pin id="9" dir="1" index="0" bw="1" slack="2147483647"/>
</pin_list>
<bind>
<StgValue><ssdm name="empty"/></StgValue>
</bind>
</comp>

<comp id="10" class="1001" name="const_10">
<pin_list>
<pin id="11" dir="1" index="0" bw="1" slack="2147483647"/>
</pin_list>
<bind>
<StgValue><ssdm name=""/></StgValue>
</bind>
</comp>

<comp id="12" class="1001" name="const_12">
<pin_list>
<pin id="13" dir="1" index="0" bw="1" slack="2147483647"/>
</pin_list>
<bind>
<StgValue><ssdm name="empty_0"/></StgValue>
</bind>
</comp>

<comp id="14" class="1001" name="const_14">
<pin_list>
<pin id="15" dir="1" index="0" bw="1" slack="2147483647"/>
</pin_list>
<bind>
<StgValue><ssdm name="empty_1"/></StgValue>
</bind>
</comp>

<comp id="16" class="1001" name="const_16">
<pin_list>
<pin id="17" dir="1" index="0" bw="1" slack="2147483647"/>
</pin_list>
<bind>
<StgValue><ssdm name=""/></StgValue>
</bind>
</comp>

<comp id="18" class="1001" name="const_18">
<pin_list>
<pin id="19" dir="1" index="0" bw="1" slack="0"/>
</pin_list>
<bind>
<StgValue><ssdm name=""/></StgValue>
</bind>
</comp>

<comp id="20" class="1001" name="const_20">
<pin_list>
<pin id="21" dir="1" index="0" bw="1" slack="0"/>
</pin_list>
<bind>
<StgValue><ssdm name=""/></StgValue>
</bind>
</comp>

<comp id="22" class="1001" name="const_22">
<pin_list>
<pin id="23" dir="1" index="0" bw="1" slack="2147483647"/>
</pin_list>
<bind>
<StgValue><ssdm name="_ssdm_op_SpecLoopTripCount"/></StgValue>
</bind>
</comp>

<comp id="24" class="1001" name="const_24">
<pin_list>
<pin id="25" dir="1" index="0" bw="1" slack="2147483647"/>
</pin_list>
<bind>
<StgValue><ssdm name=""/></StgValue>
</bind>
</comp>

<comp id="26" class="1001" name="const_26">
<pin_list>
<pin id="27" dir="1" index="0" bw="1" slack="0"/>
</pin_list>
<bind>
<StgValue><ssdm name=""/></StgValue>
</bind>
</comp>

<comp id="28" class="1001" name="const_28">
<pin_list>
<pin id="29" dir="1" index="0" bw="1" slack="0"/>
</pin_list>
<bind>
<StgValue><ssdm name=""/></StgValue>
</bind>
</comp>

<comp id="30" class="1001" name="const_30">
<pin_list>
<pin id="31" dir="1" index="0" bw="1" slack="0"/>
</pin_list>
<bind>
<StgValue><ssdm name=""/></StgValue>
</bind>
</comp>

<comp id="32" class="1001" name="const_32">
<pin_list>
<pin id="33" dir="1" index="0" bw="1" slack="2147483647"/>
</pin_list>
<bind>
<StgValue><ssdm name="_ssdm_op_SpecPipeline"/></StgValue>
</bind>
</comp>

<comp id="34" class="1001" name="const_34">
<pin_list>
<pin id="35" dir="1" index="0" bw="1" slack="2147483647"/>
</pin_list>
<bind>
<StgValue><ssdm name=""/></StgValue>
</bind>
</comp>

<comp id="36" class="1001" name="const_36">
<pin_list>
<pin id="37" dir="1" index="0" bw="1" slack="2147483647"/>
</pin_list>
<bind>
<StgValue><ssdm name="_ssdm_op_SpecLoopName"/></StgValue>
</bind>
</comp>

<comp id="38" class="1001" name="const_38">
<pin_list>
<pin id="39" dir="1" index="0" bw="1" slack="2147483647"/>
</pin_list>
<bind>
<StgValue><ssdm name="empty_5"/></StgValue>
</bind>
</comp>

<comp id="40" class="1001" name="const_40">
<pin_list>
<pin id="41" dir="1" index="0" bw="1" slack="0"/>
</pin_list>
<bind>
<StgValue><ssdm name="_ssdm_op_Write.axis.volatile.i16P128A"/></StgValue>
</bind>
</comp>

<comp id="42" class="1004" name="outpix_fu_42">
<pin_list>
<pin id="43" dir="0" index="0" bw="1" slack="0"/>
<pin id="44" dir="1" index="1" bw="3" slack="0"/>
</pin_list>
<bind>
<opcode="alloca(26) " fcode="alloca"/>
<opset="outpix/1 "/>
</bind>
</comp>

<comp id="46" class="1004" name="write_ln92_write_fu_46">
<pin_list>
<pin id="47" dir="0" index="0" bw="0" slack="0"/>
<pin id="48" dir="0" index="1" bw="16" slack="0"/>
<pin id="49" dir="0" index="2" bw="16" slack="0"/>
<pin id="50" dir="1" index="3" bw="0" slack="2147483647"/>
</pin_list>
<bind>
<opcode="write(1151) " fcode="write"/>
<opset="write_ln92/2 "/>
</bind>
</comp>

<comp id="53" class="1004" name="buf_V_addr_gep_fu_53">
<pin_list>
<pin id="54" dir="0" index="0" bw="16" slack="0"/>
<pin id="55" dir="0" index="1" bw="1" slack="0"/>
<pin id="56" dir="0" index="2" bw="3" slack="0"/>
<pin id="57" dir="1" index="3" bw="3" slack="0"/>
</pin_list>
<bind>
<opcode="getelementptr(29) " fcode="getelementptr"/>
<opset="buf_V_addr/1 "/>
</bind>
</comp>

<comp id="60" class="1004" name="grp_access_fu_60">
<pin_list>
<pin id="61" dir="0" index="0" bw="3" slack="0"/>
<pin id="62" dir="0" index="1" bw="16" slack="0"/>
<pin id="63" dir="0" index="2" bw="0" slack="2147483647"/>
<pin id="64" dir="1" index="3" bw="16" slack="0"/>
</pin_list>
<bind>
<opcode="load(27) store(28) " fcode="store"/>
<opset="buf_V_load/1 store_ln94/1 "/>
</bind>
</comp>

<comp id="68" class="1004" name="store_ln0_store_fu_68">
<pin_list>
<pin id="69" dir="0" index="0" bw="1" slack="0"/>
<pin id="70" dir="0" index="1" bw="3" slack="0"/>
<pin id="71" dir="1" index="2" bw="0" slack="2147483647"/>
</pin_list>
<bind>
<opcode="store(28) " fcode="store"/>
<opset="store_ln0/1 "/>
</bind>
</comp>

<comp id="73" class="1004" name="outpix_1_load_fu_73">
<pin_list>
<pin id="74" dir="0" index="0" bw="3" slack="0"/>
<pin id="75" dir="1" index="1" bw="3" slack="0"/>
</pin_list>
<bind>
<opcode="load(27) " fcode="load"/>
<opset="outpix_1/1 "/>
</bind>
</comp>

<comp id="76" class="1004" name="icmp_ln90_fu_76">
<pin_list>
<pin id="77" dir="0" index="0" bw="3" slack="0"/>
<pin id="78" dir="0" index="1" bw="3" slack="0"/>
<pin id="79" dir="1" index="2" bw="1" slack="1"/>
</pin_list>
<bind>
<opcode="icmp(45) " fcode="icmp"/>
<opset="icmp_ln90/1 "/>
</bind>
</comp>

<comp id="82" class="1004" name="add_ln90_fu_82">
<pin_list>
<pin id="83" dir="0" index="0" bw="3" slack="0"/>
<pin id="84" dir="0" index="1" bw="1" slack="0"/>
<pin id="85" dir="1" index="2" bw="3" slack="0"/>
</pin_list>
<bind>
<opcode="add(8) " fcode="add"/>
<opset="add_ln90/1 "/>
</bind>
</comp>

<comp id="88" class="1004" name="zext_ln90_fu_88">
<pin_list>
<pin id="89" dir="0" index="0" bw="3" slack="0"/>
<pin id="90" dir="1" index="1" bw="64" slack="0"/>
</pin_list>
<bind>
<opcode="zext(34) " fcode="zext"/>
<opset="zext_ln90/1 "/>
</bind>
</comp>

<comp id="93" class="1004" name="store_ln90_store_fu_93">
<pin_list>
<pin id="94" dir="0" index="0" bw="3" slack="0"/>
<pin id="95" dir="0" index="1" bw="3" slack="0"/>
<pin id="96" dir="1" index="2" bw="0" slack="2147483647"/>
</pin_list>
<bind>
<opcode="store(28) " fcode="store"/>
<opset="store_ln90/1 "/>
</bind>
</comp>

<comp id="98" class="1005" name="outpix_reg_98">
<pin_list>
<pin id="99" dir="0" index="0" bw="3" slack="0"/>
<pin id="100" dir="1" index="1" bw="3" slack="0"/>
</pin_list>
<bind>
<opset="outpix "/>
</bind>
</comp>

<comp id="105" class="1005" name="icmp_ln90_reg_105">
<pin_list>
<pin id="106" dir="0" index="0" bw="1" slack="1"/>
<pin id="107" dir="1" index="1" bw="1" slack="2147483647"/>
</pin_list>
<bind>
<opset="icmp_ln90 "/>
</bind>
</comp>

<comp id="109" class="1005" name="buf_V_addr_reg_109">
<pin_list>
<pin id="110" dir="0" index="0" bw="3" slack="1"/>
<pin id="111" dir="1" index="1" bw="3" slack="1"/>
</pin_list>
<bind>
<opset="buf_V_addr "/>
</bind>
</comp>

</comp_list>

<net_list>
<net id="45"><net_src comp="4" pin="0"/><net_sink comp="42" pin=0"/></net>

<net id="51"><net_src comp="40" pin="0"/><net_sink comp="46" pin=0"/></net>

<net id="52"><net_src comp="2" pin="0"/><net_sink comp="46" pin=1"/></net>

<net id="58"><net_src comp="0" pin="0"/><net_sink comp="53" pin=0"/></net>

<net id="59"><net_src comp="28" pin="0"/><net_sink comp="53" pin=1"/></net>

<net id="65"><net_src comp="60" pin="3"/><net_sink comp="46" pin=2"/></net>

<net id="66"><net_src comp="53" pin="3"/><net_sink comp="60" pin=0"/></net>

<net id="67"><net_src comp="30" pin="0"/><net_sink comp="60" pin=1"/></net>

<net id="72"><net_src comp="18" pin="0"/><net_sink comp="68" pin=0"/></net>

<net id="80"><net_src comp="73" pin="1"/><net_sink comp="76" pin=0"/></net>

<net id="81"><net_src comp="20" pin="0"/><net_sink comp="76" pin=1"/></net>

<net id="86"><net_src comp="73" pin="1"/><net_sink comp="82" pin=0"/></net>

<net id="87"><net_src comp="26" pin="0"/><net_sink comp="82" pin=1"/></net>

<net id="91"><net_src comp="73" pin="1"/><net_sink comp="88" pin=0"/></net>

<net id="92"><net_src comp="88" pin="1"/><net_sink comp="53" pin=2"/></net>

<net id="97"><net_src comp="82" pin="2"/><net_sink comp="93" pin=0"/></net>

<net id="101"><net_src comp="42" pin="1"/><net_sink comp="98" pin=0"/></net>

<net id="102"><net_src comp="98" pin="1"/><net_sink comp="68" pin=1"/></net>

<net id="103"><net_src comp="98" pin="1"/><net_sink comp="73" pin=0"/></net>

<net id="104"><net_src comp="98" pin="1"/><net_sink comp="93" pin=1"/></net>

<net id="108"><net_src comp="76" pin="2"/><net_sink comp="105" pin=0"/></net>

<net id="112"><net_src comp="53" pin="3"/><net_sink comp="109" pin=0"/></net>

<net id="113"><net_src comp="109" pin="1"/><net_sink comp="60" pin=0"/></net>

</net_list>

</model> 
---------------- Datapath Model END ------------------

* FSMD analyzer results:
  - Output states:
	Port: buf_V | {1 }
	Port: out0_V | {2 }
 - Input state : 
	Port: StreamingMaxPool_hls_1_Pipeline_VITIS_LOOP_90_6 : buf_V | {1 2 }
	Port: StreamingMaxPool_hls_1_Pipeline_VITIS_LOOP_90_6 : out0_V | {}
  - Chain level:
	State 1
		store_ln0 : 1
		outpix_1 : 1
		icmp_ln90 : 2
		add_ln90 : 2
		br_ln90 : 3
		zext_ln90 : 2
		buf_V_addr : 3
		buf_V_load : 4
		store_ln94 : 4
		store_ln90 : 3
	State 2
		write_ln92 : 1


============================================================
+ Verbose Summary: Datapath Resource usage 
============================================================

* Functional unit list:
|----------|------------------------|---------|---------|
| Operation|     Functional Unit    |    FF   |   LUT   |
|----------|------------------------|---------|---------|
|    add   |     add_ln90_fu_82     |    0    |    10   |
|----------|------------------------|---------|---------|
|   icmp   |     icmp_ln90_fu_76    |    0    |    8    |
|----------|------------------------|---------|---------|
|   write  | write_ln92_write_fu_46 |    0    |    0    |
|----------|------------------------|---------|---------|
|   zext   |     zext_ln90_fu_88    |    0    |    0    |
|----------|------------------------|---------|---------|
|   Total  |                        |    0    |    18   |
|----------|------------------------|---------|---------|

Memories:
N/A

* Register list:
+------------------+--------+
|                  |   FF   |
+------------------+--------+
|buf_V_addr_reg_109|    3   |
| icmp_ln90_reg_105|    1   |
|   outpix_reg_98  |    3   |
+------------------+--------+
|       Total      |    7   |
+------------------+--------+

* Multiplexer (MUX) list: 
|------------------|------|------|------|--------||---------||---------|
|       Comp       |  Pin | Size |  BW  | S x BW ||  Delay  ||   LUT   |
|------------------|------|------|------|--------||---------||---------|
| grp_access_fu_60 |  p0  |   2  |   3  |    6   ||    9    |
|------------------|------|------|------|--------||---------||---------|
|       Total      |      |      |      |    6   ||  0.427  ||    9    |
|------------------|------|------|------|--------||---------||---------|



* Summary:
+-----------+--------+--------+--------+
|           |  Delay |   FF   |   LUT  |
+-----------+--------+--------+--------+
|  Function |    -   |    0   |   18   |
|   Memory  |    -   |    -   |    -   |
|Multiplexer|    0   |    -   |    9   |
|  Register |    -   |    7   |    -   |
+-----------+--------+--------+--------+
|   Total   |    0   |    7   |   27   |
+-----------+--------+--------+--------+
