==============================================================
Vitis HLS - High-Level Synthesis from C, C++ and OpenCL v2022.2 (64-bit)
Tool Version Limit: 2019.12
Copyright 1986-2022 Xilinx, Inc. All Rights Reserved.
==============================================================
INFO: [HLS 200-1505] Using default flow_target 'vivado'
INFO: [HLS 200-435] Setting 'open_solution -flow_target vivado' configuration: config_interface -m_axi_latency=0
INFO: [HLS 200-1510] Running: set_part xczu7ev-ffvc1156-2-e 
INFO: [HLS 200-1611] Setting target device to 'xczu7ev-ffvc1156-2-e'
INFO: [HLS 200-1510] Running: config_compile -disable_unroll_code_size_check -pipeline_style flp 
WARNING: [XFORM 203-506] Disable code size check when do loop unroll.
WARNING: [HLS 200-643] The 'config_compile -disable_unroll_code_size_check' hidden command is deprecated and will be removed in a future release.
INFO: [HLS 200-1510] Running: config_interface -m_axi_addr64 
INFO: [HLS 200-1510] Running: config_rtl -module_auto_prefix 
INFO: [HLS 200-1510] Running: config_rtl -deadlock_detection none 
INFO: [HLS 200-1510] Running: create_clock -period 10.0 -name default 
INFO: [SYN 201-201] Setting up clock 'default' with a period of 10ns.
INFO: [HLS 200-1510] Running: csynth_design 
INFO: [HLS 200-111] Finished File checks and directory preparation: CPU user time: 0 seconds. CPU system time: 0.01 seconds. Elapsed time: 10.03 seconds; current allocated memory: 1.081 GB.
INFO: [HLS 200-10] Analyzing design file '/home/changhong/prj/finn/notebooks/EF-US-Engine-Free-Unstructured-Sparsity-Design-Alleviates-Accelerator-Bottlenecks/casestudy1/LeNet_MNIST_BNN/build/auto/home/changhong/prj/finn/notebooks/EF-US-Engine-Free-Unstructured-Sparsity-Design-Alleviates-Accelerator-Bottlenecks/casestudy1/LeNet_MNIST_BNN/tmp/auto/code_gen_ipgen_MVAU_hls_0_pahrbaot/top_MVAU_hls_0.cpp' ... 
INFO: [HLS 200-111] Finished Source Code Analysis and Preprocessing: CPU user time: 5.27 seconds. CPU system time: 0.63 seconds. Elapsed time: 5.92 seconds; current allocated memory: 1.090 GB.
INFO: [HLS 200-777] Using interface defaults for 'Vivado' flow target.
INFO: [HLS 214-131] Inlining function 'Slice<ap_int<8>, 8u>::Container<ap_uint<200> >::Container(ap_uint<200> const&)' into 'Slice<ap_int<8>, 8u>::Container<ap_uint<200> > Slice<ap_int<8>, 8u>::operator()<ap_uint<200> >(ap_uint<200> const&, unsigned int) const' (/home/changhong/prj/finn/deps/finn-hlslib/interpret.hpp:243:9)
INFO: [HLS 214-131] Inlining function 'Slice<ap_int<8>, 8u>::Container<ap_uint<200> >::operator()(unsigned int, unsigned int) const' into 'ap_int<13> mac<25u, ap_int<13>, std::array<ap_int<2>, 25ul>, Slice<ap_int<8>, 8u>::Container<ap_uint<200> >, ap_resource_dflt>(ap_int<13> const&, std::array<ap_int<2>, 25ul> const&, Slice<ap_int<8>, 8u>::Container<ap_uint<200> > const&, ap_resource_dflt const&, unsigned int)' (/home/changhong/prj/finn/deps/finn-hlslib/mac.hpp:169:19)
INFO: [HLS 214-131] Inlining function 'decltype((fp) * (fp0)) mul<ap_int<2>, ap_int<8> >(ap_int<2> const&, ap_int<8> const&, ap_resource_dflt const&)' into 'ap_int<13> mac<25u, ap_int<13>, std::array<ap_int<2>, 25ul>, Slice<ap_int<8>, 8u>::Container<ap_uint<200> >, ap_resource_dflt>(ap_int<13> const&, std::array<ap_int<2>, 25ul> const&, Slice<ap_int<8>, 8u>::Container<ap_uint<200> > const&, ap_resource_dflt const&, unsigned int)' (/home/changhong/prj/finn/deps/finn-hlslib/mac.hpp:169:9)
INFO: [HLS 214-131] Inlining function 'Slice<ap_uint<1>, 1u>::Container<ap_uint<6> >::operator ap_uint<6> const&() const' into 'void Matrix_Vector_Activate_Stream_Batch<25u, 6u, 25u, 6u, Slice<ap_int<8>, 8u>, Slice<ap_uint<1>, 1u>, Identity, ap_int<2>, ap_uint<200>, ap_uint<6>, ThresholdsActivation<1u, 6u, 1u, ap_int<13>, ap_uint<1>, 0, comp::less_equal<ap_int<13>, ap_int<13> > >, ap_resource_dflt>(hls::stream<ap_uint<200>, 0>&, hls::stream<ap_uint<6>, 0>&, hls::stream<ap_uint<((6u) * (25u)) * (ap_int<2>::width)>, 0>&, ThresholdsActivation<1u, 6u, 1u, ap_int<13>, ap_uint<1>, 0, comp::less_equal<ap_int<13>, ap_int<13> > > const&, int, ap_resource_dflt const&)' (/home/changhong/prj/finn/deps/finn-hlslib/mvau.hpp:298:17)
INFO: [HLS 214-131] Inlining function 'Slice<ap_uint<1>, 1u>::Container<ap_uint<6> >::operator()(unsigned int, unsigned int, bool) const' into 'void Matrix_Vector_Activate_Stream_Batch<25u, 6u, 25u, 6u, Slice<ap_int<8>, 8u>, Slice<ap_uint<1>, 1u>, Identity, ap_int<2>, ap_uint<200>, ap_uint<6>, ThresholdsActivation<1u, 6u, 1u, ap_int<13>, ap_uint<1>, 0, comp::less_equal<ap_int<13>, ap_int<13> > >, ap_resource_dflt>(hls::stream<ap_uint<200>, 0>&, hls::stream<ap_uint<6>, 0>&, hls::stream<ap_uint<((6u) * (25u)) * (ap_int<2>::width)>, 0>&, ThresholdsActivation<1u, 6u, 1u, ap_int<13>, ap_uint<1>, 0, comp::less_equal<ap_int<13>, ap_int<13> > > const&, int, ap_resource_dflt const&)' (/home/changhong/prj/finn/deps/finn-hlslib/mvau.hpp:295:2)
INFO: [HLS 214-131] Inlining function 'ThresholdsActivation<1u, 6u, 1u, ap_int<13>, ap_uint<1>, 0, comp::less_equal<ap_int<13>, ap_int<13> > >::activate(unsigned int, unsigned int, ap_int<13> const&) const' into 'void Matrix_Vector_Activate_Stream_Batch<25u, 6u, 25u, 6u, Slice<ap_int<8>, 8u>, Slice<ap_uint<1>, 1u>, Identity, ap_int<2>, ap_uint<200>, ap_uint<6>, ThresholdsActivation<1u, 6u, 1u, ap_int<13>, ap_uint<1>, 0, comp::less_equal<ap_int<13>, ap_int<13> > >, ap_resource_dflt>(hls::stream<ap_uint<200>, 0>&, hls::stream<ap_uint<6>, 0>&, hls::stream<ap_uint<((6u) * (25u)) * (ap_int<2>::width)>, 0>&, ThresholdsActivation<1u, 6u, 1u, ap_int<13>, ap_uint<1>, 0, comp::less_equal<ap_int<13>, ap_int<13> > > const&, int, ap_resource_dflt const&)' (/home/changhong/prj/finn/deps/finn-hlslib/mvau.hpp:295:31)
INFO: [HLS 214-131] Inlining function 'ap_int<13> mac<25u, ap_int<13>, std::array<ap_int<2>, 25ul>, Slice<ap_int<8>, 8u>::Container<ap_uint<200> >, ap_resource_dflt>(ap_int<13> const&, std::array<ap_int<2>, 25ul> const&, Slice<ap_int<8>, 8u>::Container<ap_uint<200> > const&, ap_resource_dflt const&, unsigned int)' into 'void Matrix_Vector_Activate_Stream_Batch<25u, 6u, 25u, 6u, Slice<ap_int<8>, 8u>, Slice<ap_uint<1>, 1u>, Identity, ap_int<2>, ap_uint<200>, ap_uint<6>, ThresholdsActivation<1u, 6u, 1u, ap_int<13>, ap_uint<1>, 0, comp::less_equal<ap_int<13>, ap_int<13> > >, ap_resource_dflt>(hls::stream<ap_uint<200>, 0>&, hls::stream<ap_uint<6>, 0>&, hls::stream<ap_uint<((6u) * (25u)) * (ap_int<2>::width)>, 0>&, ThresholdsActivation<1u, 6u, 1u, ap_int<13>, ap_uint<1>, 0, comp::less_equal<ap_int<13>, ap_int<13> > > const&, int, ap_resource_dflt const&)' (/home/changhong/prj/finn/deps/finn-hlslib/mvau.hpp:285:21)
INFO: [HLS 214-131] Inlining function 'std::array<ap_int<2>, 25ul> const& Identity::operator()<std::array<ap_int<2>, 25ul> >(std::array<ap_int<2>, 25ul> const&) const' into 'void Matrix_Vector_Activate_Stream_Batch<25u, 6u, 25u, 6u, Slice<ap_int<8>, 8u>, Slice<ap_uint<1>, 1u>, Identity, ap_int<2>, ap_uint<200>, ap_uint<6>, ThresholdsActivation<1u, 6u, 1u, ap_int<13>, ap_uint<1>, 0, comp::less_equal<ap_int<13>, ap_int<13> > >, ap_resource_dflt>(hls::stream<ap_uint<200>, 0>&, hls::stream<ap_uint<6>, 0>&, hls::stream<ap_uint<((6u) * (25u)) * (ap_int<2>::width)>, 0>&, ThresholdsActivation<1u, 6u, 1u, ap_int<13>, ap_uint<1>, 0, comp::less_equal<ap_int<13>, ap_int<13> > > const&, int, ap_resource_dflt const&)' (/home/changhong/prj/finn/deps/finn-hlslib/mvau.hpp:283:24)
INFO: [HLS 214-131] Inlining function 'Weights_Tile<25u, ap_int<2>, 6u>::operator[](unsigned int) const' into 'void Matrix_Vector_Activate_Stream_Batch<25u, 6u, 25u, 6u, Slice<ap_int<8>, 8u>, Slice<ap_uint<1>, 1u>, Identity, ap_int<2>, ap_uint<200>, ap_uint<6>, ThresholdsActivation<1u, 6u, 1u, ap_int<13>, ap_uint<1>, 0, comp::less_equal<ap_int<13>, ap_int<13> > >, ap_resource_dflt>(hls::stream<ap_uint<200>, 0>&, hls::stream<ap_uint<6>, 0>&, hls::stream<ap_uint<((6u) * (25u)) * (ap_int<2>::width)>, 0>&, ThresholdsActivation<1u, 6u, 1u, ap_int<13>, ap_uint<1>, 0, comp::less_equal<ap_int<13>, ap_int<13> > > const&, int, ap_resource_dflt const&)' (/home/changhong/prj/finn/deps/finn-hlslib/mvau.hpp:283:35)
INFO: [HLS 214-131] Inlining function 'ThresholdsActivation<1u, 6u, 1u, ap_int<13>, ap_uint<1>, 0, comp::less_equal<ap_int<13>, ap_int<13> > >::init(unsigned int, unsigned int) const' into 'void Matrix_Vector_Activate_Stream_Batch<25u, 6u, 25u, 6u, Slice<ap_int<8>, 8u>, Slice<ap_uint<1>, 1u>, Identity, ap_int<2>, ap_uint<200>, ap_uint<6>, ThresholdsActivation<1u, 6u, 1u, ap_int<13>, ap_uint<1>, 0, comp::less_equal<ap_int<13>, ap_int<13> > >, ap_resource_dflt>(hls::stream<ap_uint<200>, 0>&, hls::stream<ap_uint<6>, 0>&, hls::stream<ap_uint<((6u) * (25u)) * (ap_int<2>::width)>, 0>&, ThresholdsActivation<1u, 6u, 1u, ap_int<13>, ap_uint<1>, 0, comp::less_equal<ap_int<13>, ap_int<13> > > const&, int, ap_resource_dflt const&)' (/home/changhong/prj/finn/deps/finn-hlslib/mvau.hpp:275:27)
INFO: [HLS 214-131] Inlining function 'Slice<ap_int<8>, 8u>::Container<ap_uint<200> > Slice<ap_int<8>, 8u>::operator()<ap_uint<200> >(ap_uint<200> const&, unsigned int) const' into 'void Matrix_Vector_Activate_Stream_Batch<25u, 6u, 25u, 6u, Slice<ap_int<8>, 8u>, Slice<ap_uint<1>, 1u>, Identity, ap_int<2>, ap_uint<200>, ap_uint<6>, ThresholdsActivation<1u, 6u, 1u, ap_int<13>, ap_uint<1>, 0, comp::less_equal<ap_int<13>, ap_int<13> > >, ap_resource_dflt>(hls::stream<ap_uint<200>, 0>&, hls::stream<ap_uint<6>, 0>&, hls::stream<ap_uint<((6u) * (25u)) * (ap_int<2>::width)>, 0>&, ThresholdsActivation<1u, 6u, 1u, ap_int<13>, ap_uint<1>, 0, comp::less_equal<ap_int<13>, ap_int<13> > > const&, int, ap_resource_dflt const&)' (/home/changhong/prj/finn/deps/finn-hlslib/mvau.hpp:282:19)
INFO: [HLS 214-377] Adding 'w' into disaggregation list because there's array-partition pragma applied on the struct field (/home/changhong/prj/finn/deps/finn-hlslib/mvau.hpp:238:9)
INFO: [HLS 214-377] Adding 'threshs' into disaggregation list because there's array-partition pragma applied on the struct field (/home/changhong/prj/finn/notebooks/EF-US-Engine-Free-Unstructured-Sparsity-Design-Alleviates-Accelerator-Bottlenecks/casestudy1/LeNet_MNIST_BNN/build/auto/home/changhong/prj/finn/notebooks/EF-US-Engine-Free-Unstructured-Sparsity-Design-Alleviates-Accelerator-Bottlenecks/casestudy1/LeNet_MNIST_BNN/tmp/auto/code_gen_ipgen_MVAU_hls_0_pahrbaot/top_MVAU_hls_0.cpp:36:9)
INFO: [HLS 214-377] Adding 'threshs' into disaggregation list because there's array-partition pragma applied on the struct field (/home/changhong/prj/finn/notebooks/EF-US-Engine-Free-Unstructured-Sparsity-Design-Alleviates-Accelerator-Bottlenecks/casestudy1/LeNet_MNIST_BNN/build/auto/home/changhong/prj/finn/notebooks/EF-US-Engine-Free-Unstructured-Sparsity-Design-Alleviates-Accelerator-Bottlenecks/casestudy1/LeNet_MNIST_BNN/tmp/auto/code_gen_ipgen_MVAU_hls_0_pahrbaot/top_MVAU_hls_0.cpp:35:9)
INFO: [HLS 214-210] Disaggregating variable 'w' (/home/changhong/prj/finn/deps/finn-hlslib/mvau.hpp:237:30)
INFO: [HLS 214-210] Disaggregating variable 'threshs' (/home/changhong/prj/finn/notebooks/EF-US-Engine-Free-Unstructured-Sparsity-Design-Alleviates-Accelerator-Bottlenecks/casestudy1/LeNet_MNIST_BNN/build/auto/home/changhong/prj/finn/notebooks/EF-US-Engine-Free-Unstructured-Sparsity-Design-Alleviates-Accelerator-Bottlenecks/casestudy1/LeNet_MNIST_BNN/tmp/auto/code_gen_ipgen_MVAU_hls_0_pahrbaot/thresh.h:1:0)
INFO: [HLS 214-291] Loop 'VITIS_LOOP_266_2' is marked as complete unroll implied by the pipeline pragma (/home/changhong/prj/finn/deps/finn-hlslib/mvau.hpp:266:23)
INFO: [HLS 214-291] Loop 'VITIS_LOOP_273_3' is marked as complete unroll implied by the pipeline pragma (/home/changhong/prj/finn/deps/finn-hlslib/mvau.hpp:273:25)
INFO: [HLS 214-291] Loop 'VITIS_LOOP_280_4' is marked as complete unroll implied by the pipeline pragma (/home/changhong/prj/finn/deps/finn-hlslib/mvau.hpp:280:23)
INFO: [HLS 214-291] Loop 'VITIS_LOOP_159_1' is marked as complete unroll implied by the pipeline pragma (/home/changhong/prj/finn/deps/finn-hlslib/weights.hpp:159:23)
INFO: [HLS 214-291] Loop 'VITIS_LOOP_167_1' is marked as complete unroll implied by the pipeline pragma (/home/changhong/prj/finn/deps/finn-hlslib/mac.hpp:167:21)
INFO: [HLS 214-291] Loop 'VITIS_LOOP_293_5' is marked as complete unroll implied by the pipeline pragma (/home/changhong/prj/finn/deps/finn-hlslib/mvau.hpp:293:25)
INFO: [HLS 214-291] Loop 'VITIS_LOOP_216_1' is marked as complete unroll implied by the pipeline pragma (/home/changhong/prj/finn/deps/finn-hlslib/activations.hpp:216:20)
INFO: [HLS 214-186] Unrolling loop 'VITIS_LOOP_266_2' (/home/changhong/prj/finn/deps/finn-hlslib/mvau.hpp:266:23) in function 'Matrix_Vector_Activate_Stream_Batch<25u, 6u, 25u, 6u, Slice<ap_int<8>, 8u>, Slice<ap_uint<1>, 1u>, Identity, ap_int<2>, ap_uint<200>, ap_uint<6>, ThresholdsActivation<1u, 6u, 1u, ap_int<13>, ap_uint<1>, 0, comp::less_equal<ap_int<13>, ap_int<13> > >, ap_resource_dflt>' completely with a factor of 6 (/home/changhong/prj/finn/deps/finn-hlslib/mvau.hpp:220:0)
INFO: [HLS 214-186] Unrolling loop 'VITIS_LOOP_273_3' (/home/changhong/prj/finn/deps/finn-hlslib/mvau.hpp:273:25) in function 'Matrix_Vector_Activate_Stream_Batch<25u, 6u, 25u, 6u, Slice<ap_int<8>, 8u>, Slice<ap_uint<1>, 1u>, Identity, ap_int<2>, ap_uint<200>, ap_uint<6>, ThresholdsActivation<1u, 6u, 1u, ap_int<13>, ap_uint<1>, 0, comp::less_equal<ap_int<13>, ap_int<13> > >, ap_resource_dflt>' completely with a factor of 6 (/home/changhong/prj/finn/deps/finn-hlslib/mvau.hpp:220:0)
INFO: [HLS 214-186] Unrolling loop 'VITIS_LOOP_280_4' (/home/changhong/prj/finn/deps/finn-hlslib/mvau.hpp:280:23) in function 'Matrix_Vector_Activate_Stream_Batch<25u, 6u, 25u, 6u, Slice<ap_int<8>, 8u>, Slice<ap_uint<1>, 1u>, Identity, ap_int<2>, ap_uint<200>, ap_uint<6>, ThresholdsActivation<1u, 6u, 1u, ap_int<13>, ap_uint<1>, 0, comp::less_equal<ap_int<13>, ap_int<13> > >, ap_resource_dflt>' completely with a factor of 6 (/home/changhong/prj/finn/deps/finn-hlslib/mvau.hpp:220:0)
INFO: [HLS 214-186] Unrolling loop 'VITIS_LOOP_167_1' (/home/changhong/prj/finn/deps/finn-hlslib/mac.hpp:167:21) in function 'Matrix_Vector_Activate_Stream_Batch<25u, 6u, 25u, 6u, Slice<ap_int<8>, 8u>, Slice<ap_uint<1>, 1u>, Identity, ap_int<2>, ap_uint<200>, ap_uint<6>, ThresholdsActivation<1u, 6u, 1u, ap_int<13>, ap_uint<1>, 0, comp::less_equal<ap_int<13>, ap_int<13> > >, ap_resource_dflt>' completely with a factor of 25 (/home/changhong/prj/finn/deps/finn-hlslib/mvau.hpp:220:0)
INFO: [HLS 214-186] Unrolling loop 'VITIS_LOOP_159_1' (/home/changhong/prj/finn/deps/finn-hlslib/weights.hpp:159:23) in function 'Matrix_Vector_Activate_Stream_Batch<25u, 6u, 25u, 6u, Slice<ap_int<8>, 8u>, Slice<ap_uint<1>, 1u>, Identity, ap_int<2>, ap_uint<200>, ap_uint<6>, ThresholdsActivation<1u, 6u, 1u, ap_int<13>, ap_uint<1>, 0, comp::less_equal<ap_int<13>, ap_int<13> > >, ap_resource_dflt>' completely with a factor of 25 (/home/changhong/prj/finn/deps/finn-hlslib/mvau.hpp:220:0)
INFO: [HLS 214-186] Unrolling loop 'VITIS_LOOP_293_5' (/home/changhong/prj/finn/deps/finn-hlslib/mvau.hpp:293:25) in function 'Matrix_Vector_Activate_Stream_Batch<25u, 6u, 25u, 6u, Slice<ap_int<8>, 8u>, Slice<ap_uint<1>, 1u>, Identity, ap_int<2>, ap_uint<200>, ap_uint<6>, ThresholdsActivation<1u, 6u, 1u, ap_int<13>, ap_uint<1>, 0, comp::less_equal<ap_int<13>, ap_int<13> > >, ap_resource_dflt>' completely with a factor of 6 (/home/changhong/prj/finn/deps/finn-hlslib/mvau.hpp:220:0)
INFO: [HLS 214-186] Unrolling loop 'VITIS_LOOP_216_1' (/home/changhong/prj/finn/deps/finn-hlslib/activations.hpp:216:20) in function 'Matrix_Vector_Activate_Stream_Batch<25u, 6u, 25u, 6u, Slice<ap_int<8>, 8u>, Slice<ap_uint<1>, 1u>, Identity, ap_int<2>, ap_uint<200>, ap_uint<6>, ThresholdsActivation<1u, 6u, 1u, ap_int<13>, ap_uint<1>, 0, comp::less_equal<ap_int<13>, ap_int<13> > >, ap_resource_dflt>' completely with a factor of 1 (/home/changhong/prj/finn/deps/finn-hlslib/mvau.hpp:220:0)
INFO: [HLS 214-178] Inlining function 'std::__array_traits<ap_int<2>, 25ul>::_S_ref(ap_int<2> const (&) [25], unsigned long)' into 'std::array<ap_int<2>, 25ul>::operator[](unsigned long)' (/tools/Xilinx/Vitis_HLS/2022.2/tps/lnx64/gcc-8.3.0/lib/gcc/x86_64-pc-linux-gnu/8.3.0/../../../../include/c++/8.3.0/array:186:0)
INFO: [HLS 214-178] Inlining function 'std::__array_traits<ap_int<2>, 25ul>::_S_ref(ap_int<2> const (&) [25], unsigned long)' into 'std::array<ap_int<2>, 25ul>::operator[](unsigned long) const' (/tools/Xilinx/Vitis_HLS/2022.2/tps/lnx64/gcc-8.3.0/lib/gcc/x86_64-pc-linux-gnu/8.3.0/../../../../include/c++/8.3.0/array:190:0)
INFO: [HLS 214-178] Inlining function 'std::array<ap_int<2>, 25ul>::operator[](unsigned long)' into 'void Matrix_Vector_Activate_Stream_Batch<25u, 6u, 25u, 6u, Slice<ap_int<8>, 8u>, Slice<ap_uint<1>, 1u>, Identity, ap_int<2>, ap_uint<200>, ap_uint<6>, ThresholdsActivation<1u, 6u, 1u, ap_int<13>, ap_uint<1>, 0, comp::less_equal<ap_int<13>, ap_int<13> > >, ap_resource_dflt>(hls::stream<ap_uint<200>, 0>&, hls::stream<ap_uint<6>, 0>&, hls::stream<ap_uint<((6u) * (25u)) * (ap_int<2>::width)>, 0>&, ThresholdsActivation<1u, 6u, 1u, ap_int<13>, ap_uint<1>, 0, comp::less_equal<ap_int<13>, ap_int<13> > > const&, int, ap_resource_dflt const&)' (/home/changhong/prj/finn/deps/finn-hlslib/mvau.hpp:220:0)
INFO: [HLS 214-178] Inlining function 'std::array<ap_int<2>, 25ul>::operator[](unsigned long) const' into 'void Matrix_Vector_Activate_Stream_Batch<25u, 6u, 25u, 6u, Slice<ap_int<8>, 8u>, Slice<ap_uint<1>, 1u>, Identity, ap_int<2>, ap_uint<200>, ap_uint<6>, ThresholdsActivation<1u, 6u, 1u, ap_int<13>, ap_uint<1>, 0, comp::less_equal<ap_int<13>, ap_int<13> > >, ap_resource_dflt>(hls::stream<ap_uint<200>, 0>&, hls::stream<ap_uint<6>, 0>&, hls::stream<ap_uint<((6u) * (25u)) * (ap_int<2>::width)>, 0>&, ThresholdsActivation<1u, 6u, 1u, ap_int<13>, ap_uint<1>, 0, comp::less_equal<ap_int<13>, ap_int<13> > > const&, int, ap_resource_dflt const&)' (/home/changhong/prj/finn/deps/finn-hlslib/mvau.hpp:220:0)
INFO: [HLS 214-178] Inlining function 'comp::less_equal<ap_int<13>, ap_int<13> >::operator()(ap_int<13> const&, ap_int<13> const&) const' into 'void Matrix_Vector_Activate_Stream_Batch<25u, 6u, 25u, 6u, Slice<ap_int<8>, 8u>, Slice<ap_uint<1>, 1u>, Identity, ap_int<2>, ap_uint<200>, ap_uint<6>, ThresholdsActivation<1u, 6u, 1u, ap_int<13>, ap_uint<1>, 0, comp::less_equal<ap_int<13>, ap_int<13> > >, ap_resource_dflt>(hls::stream<ap_uint<200>, 0>&, hls::stream<ap_uint<6>, 0>&, hls::stream<ap_uint<((6u) * (25u)) * (ap_int<2>::width)>, 0>&, ThresholdsActivation<1u, 6u, 1u, ap_int<13>, ap_uint<1>, 0, comp::less_equal<ap_int<13>, ap_int<13> > > const&, int, ap_resource_dflt const&)' (/home/changhong/prj/finn/deps/finn-hlslib/mvau.hpp:220:0)
INFO: [HLS 214-248] Applying array_partition to '_ZL7threshs': Complete partitioning on dimension 1. Complete partitioning on dimension 3. (/home/changhong/prj/finn/notebooks/EF-US-Engine-Free-Unstructured-Sparsity-Design-Alleviates-Accelerator-Bottlenecks/casestudy1/LeNet_MNIST_BNN/build/auto/home/changhong/prj/finn/notebooks/EF-US-Engine-Free-Unstructured-Sparsity-Design-Alleviates-Accelerator-Bottlenecks/casestudy1/LeNet_MNIST_BNN/tmp/auto/code_gen_ipgen_MVAU_hls_0_pahrbaot/thresh.h:1:0)
INFO: [HLS 214-364] Automatically inlining function 'ap_int<8> Caster<ap_int<8> >::cast<8>(ap_int<8> const&)' to improve effectiveness of pipeline pragma in function 'void Matrix_Vector_Activate_Stream_Batch<25u, 6u, 25u, 6u, Slice<ap_int<8>, 8u>, Slice<ap_uint<1>, 1u>, Identity, ap_int<2>, ap_uint<200>, ap_uint<6>, ThresholdsActivation<1u, 6u, 1u, ap_int<13>, ap_uint<1>, 0, comp::less_equal<ap_int<13>, ap_int<13> > >, ap_resource_dflt>(hls::stream<ap_uint<200>, 0>&, hls::stream<ap_uint<6>, 0>&, hls::stream<ap_uint<((6u) * (25u)) * (ap_int<2>::width)>, 0>&, ThresholdsActivation<1u, 6u, 1u, ap_int<13>, ap_uint<1>, 0, comp::less_equal<ap_int<13>, ap_int<13> > > const&, int, ap_resource_dflt const&)' (/home/changhong/prj/finn/deps/finn-hlslib/interpret.hpp:217:14)
INFO: [HLS 200-111] Finished Compiling Optimization and Transform: CPU user time: 3.46 seconds. CPU system time: 0.51 seconds. Elapsed time: 3.98 seconds; current allocated memory: 1.090 GB.
INFO: [HLS 200-111] Finished Checking Pragmas: CPU user time: 0 seconds. CPU system time: 0 seconds. Elapsed time: 0 seconds; current allocated memory: 1.090 GB.
INFO: [HLS 200-10] Starting code transformations ...
INFO: [HLS 200-111] Finished Standard Transforms: CPU user time: 0.04 seconds. CPU system time: 0.01 seconds. Elapsed time: 0.05 seconds; current allocated memory: 1.100 GB.
INFO: [HLS 200-10] Checking synthesizability ...
INFO: [HLS 200-111] Finished Checking Synthesizability: CPU user time: 0.06 seconds. CPU system time: 0 seconds. Elapsed time: 0.06 seconds; current allocated memory: 1.108 GB.
INFO: [XFORM 203-11] Balancing expressions in function 'Matrix_Vector_Activate_Stream_Batch<25u, 6u, 25u, 6u, Slice<ap_int<8>, 8u>, Slice<ap_uint<1>, 1u>, Identity, ap_int<2>, ap_uint<200>, ap_uint<6>, ThresholdsActivation<1u, 6u, 1u, ap_int<13>, ap_uint<1>, 0, comp::less_equal<ap_int<13>, ap_int<13> > >, ap_resource_dflt>' (/home/changhong/prj/finn/deps/finn-hlslib/mvau.hpp:220:21)...144 expression(s) balanced.
INFO: [HLS 200-111] Finished Loop, function and other optimizations: CPU user time: 0.14 seconds. CPU system time: 0.02 seconds. Elapsed time: 0.16 seconds; current allocated memory: 1.142 GB.
INFO: [HLS 200-111] Finished Architecture Synthesis: CPU user time: 0.09 seconds. CPU system time: 0 seconds. Elapsed time: 0.09 seconds; current allocated memory: 1.147 GB.
INFO: [HLS 200-10] Starting hardware synthesis ...
INFO: [HLS 200-10] Synthesizing 'MVAU_hls_0' ...
INFO: [HLS 200-10] ----------------------------------------------------------------
INFO: [HLS 200-42] -- Implementing module 'Matrix_Vector_Activate_Stream_Batch' 
INFO: [HLS 200-10] ----------------------------------------------------------------
INFO: [SCHED 204-11] Starting scheduling ...
INFO: [HLS 200-486] Changing DSP latency (root=ret_V_149) to 3 in order to utilize available DSP registers.
INFO: [HLS 200-486] Changing DSP latency (root=ret_V_147) to 3 in order to utilize available DSP registers.
INFO: [HLS 200-486] Changing DSP latency (root=ret_V_143) to 3 in order to utilize available DSP registers.
INFO: [HLS 200-486] Changing DSP latency (root=ret_V_145) to 3 in order to utilize available DSP registers.
INFO: [HLS 200-486] Changing DSP latency (root=ret_V_140) to 3 in order to utilize available DSP registers.
INFO: [HLS 200-486] Changing DSP latency (root=ret_V_142) to 3 in order to utilize available DSP registers.
INFO: [HLS 200-486] Changing DSP latency (root=ret_V_137) to 3 in order to utilize available DSP registers.
INFO: [HLS 200-486] Changing DSP latency (root=ret_V_139) to 3 in order to utilize available DSP registers.
INFO: [HLS 200-486] Changing DSP latency (root=ret_V_134) to 3 in order to utilize available DSP registers.
INFO: [HLS 200-486] Changing DSP latency (root=ret_V_136) to 3 in order to utilize available DSP registers.
INFO: [HLS 200-486] Changing DSP latency (root=ret_V_131) to 3 in order to utilize available DSP registers.
INFO: [HLS 200-486] Changing DSP latency (root=ret_V_133) to 3 in order to utilize available DSP registers.
INFO: [HLS 200-486] Changing DSP latency (root=ret_V_128) to 3 in order to utilize available DSP registers.
INFO: [HLS 200-486] Changing DSP latency (root=ret_V_130) to 3 in order to utilize available DSP registers.
INFO: [HLS 200-486] Changing DSP latency (root=ret_V_126) to 3 in order to utilize available DSP registers.
INFO: [HLS 200-486] Changing DSP latency (root=ret_V_127) to 3 in order to utilize available DSP registers.
INFO: [HLS 200-486] Changing DSP latency (root=ret_V_124) to 3 in order to utilize available DSP registers.
INFO: [HLS 200-486] Changing DSP latency (root=ret_V_122) to 3 in order to utilize available DSP registers.
INFO: [HLS 200-486] Changing DSP latency (root=ret_V_118) to 3 in order to utilize available DSP registers.
INFO: [HLS 200-486] Changing DSP latency (root=ret_V_120) to 3 in order to utilize available DSP registers.
INFO: [HLS 200-486] Changing DSP latency (root=ret_V_115) to 3 in order to utilize available DSP registers.
INFO: [HLS 200-486] Changing DSP latency (root=ret_V_117) to 3 in order to utilize available DSP registers.
INFO: [HLS 200-486] Changing DSP latency (root=ret_V_112) to 3 in order to utilize available DSP registers.
INFO: [HLS 200-486] Changing DSP latency (root=ret_V_114) to 3 in order to utilize available DSP registers.
INFO: [HLS 200-486] Changing DSP latency (root=ret_V_109) to 3 in order to utilize available DSP registers.
INFO: [HLS 200-486] Changing DSP latency (root=ret_V_111) to 3 in order to utilize available DSP registers.
INFO: [HLS 200-486] Changing DSP latency (root=ret_V_106) to 3 in order to utilize available DSP registers.
INFO: [HLS 200-486] Changing DSP latency (root=ret_V_108) to 3 in order to utilize available DSP registers.
INFO: [HLS 200-486] Changing DSP latency (root=ret_V_103) to 3 in order to utilize available DSP registers.
INFO: [HLS 200-486] Changing DSP latency (root=ret_V_105) to 3 in order to utilize available DSP registers.
INFO: [HLS 200-486] Changing DSP latency (root=ret_V_101) to 3 in order to utilize available DSP registers.
INFO: [HLS 200-486] Changing DSP latency (root=ret_V_102) to 3 in order to utilize available DSP registers.
INFO: [HLS 200-486] Changing DSP latency (root=ret_V_99) to 3 in order to utilize available DSP registers.
INFO: [HLS 200-486] Changing DSP latency (root=ret_V_97) to 3 in order to utilize available DSP registers.
INFO: [HLS 200-486] Changing DSP latency (root=ret_V_93) to 3 in order to utilize available DSP registers.
INFO: [HLS 200-486] Changing DSP latency (root=ret_V_95) to 3 in order to utilize available DSP registers.
INFO: [HLS 200-486] Changing DSP latency (root=ret_V_90) to 3 in order to utilize available DSP registers.
INFO: [HLS 200-486] Changing DSP latency (root=ret_V_92) to 3 in order to utilize available DSP registers.
INFO: [HLS 200-486] Changing DSP latency (root=ret_V_87) to 3 in order to utilize available DSP registers.
INFO: [HLS 200-486] Changing DSP latency (root=ret_V_89) to 3 in order to utilize available DSP registers.
INFO: [HLS 200-486] Changing DSP latency (root=ret_V_84) to 3 in order to utilize available DSP registers.
INFO: [HLS 200-486] Changing DSP latency (root=ret_V_86) to 3 in order to utilize available DSP registers.
INFO: [HLS 200-486] Changing DSP latency (root=ret_V_81) to 3 in order to utilize available DSP registers.
INFO: [HLS 200-486] Changing DSP latency (root=ret_V_83) to 3 in order to utilize available DSP registers.
INFO: [HLS 200-486] Changing DSP latency (root=ret_V_78) to 3 in order to utilize available DSP registers.
INFO: [HLS 200-486] Changing DSP latency (root=ret_V_80) to 3 in order to utilize available DSP registers.
INFO: [HLS 200-486] Changing DSP latency (root=ret_V_76) to 3 in order to utilize available DSP registers.
INFO: [HLS 200-486] Changing DSP latency (root=ret_V_77) to 3 in order to utilize available DSP registers.
INFO: [HLS 200-486] Changing DSP latency (root=ret_V_74) to 3 in order to utilize available DSP registers.
INFO: [HLS 200-486] Changing DSP latency (root=ret_V_72) to 3 in order to utilize available DSP registers.
INFO: [HLS 200-486] Changing DSP latency (root=ret_V_68) to 3 in order to utilize available DSP registers.
INFO: [HLS 200-486] Changing DSP latency (root=ret_V_70) to 3 in order to utilize available DSP registers.
INFO: [HLS 200-486] Changing DSP latency (root=ret_V_65) to 3 in order to utilize available DSP registers.
INFO: [HLS 200-486] Changing DSP latency (root=ret_V_67) to 3 in order to utilize available DSP registers.
INFO: [HLS 200-486] Changing DSP latency (root=ret_V_62) to 3 in order to utilize available DSP registers.
INFO: [HLS 200-486] Changing DSP latency (root=ret_V_64) to 3 in order to utilize available DSP registers.
INFO: [HLS 200-486] Changing DSP latency (root=ret_V_59) to 3 in order to utilize available DSP registers.
INFO: [HLS 200-486] Changing DSP latency (root=ret_V_61) to 3 in order to utilize available DSP registers.
INFO: [HLS 200-486] Changing DSP latency (root=ret_V_56) to 3 in order to utilize available DSP registers.
INFO: [HLS 200-486] Changing DSP latency (root=ret_V_58) to 3 in order to utilize available DSP registers.
INFO: [HLS 200-486] Changing DSP latency (root=ret_V_53) to 3 in order to utilize available DSP registers.
INFO: [HLS 200-486] Changing DSP latency (root=ret_V_55) to 3 in order to utilize available DSP registers.
INFO: [HLS 200-486] Changing DSP latency (root=ret_V_51) to 3 in order to utilize available DSP registers.
INFO: [HLS 200-486] Changing DSP latency (root=ret_V_52) to 3 in order to utilize available DSP registers.
INFO: [HLS 200-486] Changing DSP latency (root=ret_V_49) to 3 in order to utilize available DSP registers.
INFO: [HLS 200-486] Changing DSP latency (root=ret_V_47) to 3 in order to utilize available DSP registers.
INFO: [HLS 200-486] Changing DSP latency (root=ret_V_43) to 3 in order to utilize available DSP registers.
INFO: [HLS 200-486] Changing DSP latency (root=ret_V_45) to 3 in order to utilize available DSP registers.
INFO: [HLS 200-486] Changing DSP latency (root=ret_V_40) to 3 in order to utilize available DSP registers.
INFO: [HLS 200-486] Changing DSP latency (root=ret_V_42) to 3 in order to utilize available DSP registers.
INFO: [HLS 200-486] Changing DSP latency (root=ret_V_37) to 3 in order to utilize available DSP registers.
INFO: [HLS 200-486] Changing DSP latency (root=ret_V_39) to 3 in order to utilize available DSP registers.
INFO: [HLS 200-486] Changing DSP latency (root=ret_V_34) to 3 in order to utilize available DSP registers.
INFO: [HLS 200-486] Changing DSP latency (root=ret_V_36) to 3 in order to utilize available DSP registers.
INFO: [HLS 200-486] Changing DSP latency (root=ret_V_31) to 3 in order to utilize available DSP registers.
INFO: [HLS 200-486] Changing DSP latency (root=ret_V_33) to 3 in order to utilize available DSP registers.
INFO: [HLS 200-486] Changing DSP latency (root=ret_V_28) to 3 in order to utilize available DSP registers.
INFO: [HLS 200-486] Changing DSP latency (root=ret_V_30) to 3 in order to utilize available DSP registers.
INFO: [HLS 200-486] Changing DSP latency (root=ret_V_26) to 3 in order to utilize available DSP registers.
INFO: [HLS 200-486] Changing DSP latency (root=ret_V_27) to 3 in order to utilize available DSP registers.
INFO: [HLS 200-486] Changing DSP latency (root=ret_V_24) to 3 in order to utilize available DSP registers.
INFO: [HLS 200-486] Changing DSP latency (root=ret_V_22) to 3 in order to utilize available DSP registers.
INFO: [HLS 200-486] Changing DSP latency (root=ret_V_18) to 3 in order to utilize available DSP registers.
INFO: [HLS 200-486] Changing DSP latency (root=ret_V_20) to 3 in order to utilize available DSP registers.
INFO: [HLS 200-486] Changing DSP latency (root=ret_V_15) to 3 in order to utilize available DSP registers.
INFO: [HLS 200-486] Changing DSP latency (root=ret_V_17) to 3 in order to utilize available DSP registers.
INFO: [HLS 200-486] Changing DSP latency (root=ret_V_12) to 3 in order to utilize available DSP registers.
INFO: [HLS 200-486] Changing DSP latency (root=ret_V_14) to 3 in order to utilize available DSP registers.
INFO: [HLS 200-486] Changing DSP latency (root=ret_V_9) to 3 in order to utilize available DSP registers.
INFO: [HLS 200-486] Changing DSP latency (root=ret_V_11) to 3 in order to utilize available DSP registers.
INFO: [HLS 200-486] Changing DSP latency (root=ret_V_6) to 3 in order to utilize available DSP registers.
INFO: [HLS 200-486] Changing DSP latency (root=ret_V_8) to 3 in order to utilize available DSP registers.
INFO: [HLS 200-486] Changing DSP latency (root=ret_V_3) to 3 in order to utilize available DSP registers.
INFO: [HLS 200-486] Changing DSP latency (root=ret_V_5) to 3 in order to utilize available DSP registers.
INFO: [HLS 200-486] Changing DSP latency (root=ret_V_1) to 3 in order to utilize available DSP registers.
INFO: [HLS 200-486] Changing DSP latency (root=ret_V_2) to 3 in order to utilize available DSP registers.
INFO: [SCHED 204-61] Pipelining loop 'VITIS_LOOP_249_1'.
INFO: [HLS 200-1470] Pipelining result : Target II = 1, Final II = 1, Depth = 6, loop 'VITIS_LOOP_249_1'
INFO: [SCHED 204-11] Finished scheduling.
INFO: [HLS 200-111] Finished Scheduling: CPU user time: 0.71 seconds. CPU system time: 0.05 seconds. Elapsed time: 0.77 seconds; current allocated memory: 1.155 GB.
INFO: [BIND 205-100] Starting micro-architecture generation ...
INFO: [BIND 205-101] Performing variable lifetime analysis.
INFO: [BIND 205-101] Exploring resource sharing.
INFO: [BIND 205-101] Binding ...
INFO: [BIND 205-100] Finished micro-architecture generation.
INFO: [HLS 200-111] Finished Binding: CPU user time: 0.23 seconds. CPU system time: 0 seconds. Elapsed time: 0.24 seconds; current allocated memory: 1.155 GB.
INFO: [HLS 200-10] ----------------------------------------------------------------
INFO: [HLS 200-42] -- Implementing module 'MVAU_hls_0' 
INFO: [HLS 200-10] ----------------------------------------------------------------
INFO: [SCHED 204-11] Starting scheduling ...
INFO: [SCHED 204-11] Finished scheduling.
INFO: [HLS 200-111] Finished Scheduling: CPU user time: 0.31 seconds. CPU system time: 0 seconds. Elapsed time: 0.31 seconds; current allocated memory: 1.155 GB.
INFO: [BIND 205-100] Starting micro-architecture generation ...
INFO: [BIND 205-101] Performing variable lifetime analysis.
INFO: [BIND 205-101] Exploring resource sharing.
INFO: [BIND 205-101]