

================================================================
== Vitis HLS Report for 'MVAU_hls_4'
================================================================
* Date:           Sun Jun 22 17:08:25 2025

* Version:        2022.2 (Build 3670227 on Oct 13 2022)
* Project:        project_MVAU_hls_4
* Solution:       sol1 (Vivado IP Flow Target)
* Product family: zynquplus
* Target device:  xczu7ev-ffvc1156-2-e


================================================================
== Performance Estimates
================================================================
+ Timing: 
    * Summary: 
    +--------+----------+----------+------------+
    |  Clock |  Target  | Estimated| Uncertainty|
    +--------+----------+----------+------------+
    |ap_clk  |  10.00 ns|  2.883 ns|     2.70 ns|
    +--------+----------+----------+------------+

+ Latency: 
    * Summary: 
    +---------+---------+----------+----------+-----+-----+---------+
    |  Latency (cycles) |  Latency (absolute) |  Interval | Pipeline|
    |   min   |   max   |    min   |    max   | min | max |   Type  |
    +---------+---------+----------+----------+-----+-----+---------+
    |      843|      843|  8.430 us|  8.430 us|  844|  844|       no|
    +---------+---------+----------+----------+-----+-----+---------+

    + Detail: 
        * Instance: 
        N/A

        * Loop: 
        +--------------------+---------+---------+----------+-----------+-----------+------+----------+
        |                    |  Latency (cycles) | Iteration|  Initiation Interval  | Trip |          |
        |      Loop Name     |   min   |   max   |  Latency |  achieved |   target  | Count| Pipelined|
        +--------------------+---------+---------+----------+-----------+-----------+------+----------+
        |- VITIS_LOOP_249_1  |      841|      841|         3|          1|          1|   840|  yes(flp)|
        +--------------------+---------+---------+----------+-----------+-----------+------+----------+



================================================================
== Utilization Estimates
================================================================
* Summary: 
+-----------------+---------+------+--------+--------+-----+
|       Name      | BRAM_18K|  DSP |   FF   |   LUT  | URAM|
+-----------------+---------+------+--------+--------+-----+
|DSP              |        -|     -|       -|       -|    -|
|Expression       |        -|     -|       0|     261|    -|
|FIFO             |        -|     -|       -|       -|    -|
|Instance         |        -|     -|       0|     441|    -|
|Memory           |        -|     -|       -|       -|    -|
|Multiplexer      |        -|     -|       -|     128|    -|
|Register         |        -|     -|     183|       -|    -|
+-----------------+---------+------+--------+--------+-----+
|Total            |        0|     0|     183|     830|    0|
+-----------------+---------+------+--------+--------+-----+
|Available        |      624|  1728|  460800|  230400|   96|
+-----------------+---------+------+--------+--------+-----+
|Utilization (%)  |        0|     0|      ~0|      ~0|    0|
+-----------------+---------+------+--------+--------+-----+

+ Detail: 
    * Instance: 
    +------------------+---------------+---------+----+---+-----+-----+
    |     Instance     |     Module    | BRAM_18K| DSP| FF| LUT | URAM|
    +------------------+---------------+---------+----+---+-----+-----+
    |mux_847_1_1_1_U1  |mux_847_1_1_1  |        0|   0|  0|  441|    0|
    +------------------+---------------+---------+----+---+-----+-----+
    |Total             |               |        0|   0|  0|  441|    0|
    +------------------+---------------+---------+----+---+-----+-----+

    * DSP: 
    N/A

    * Memory: 
    N/A

    * FIFO: 
    N/A

    * Expression: 
    +----------------------------------+----------+----+---+----+------------+------------+
    |           Variable Name          | Operation| DSP| FF| LUT| Bitwidth P0| Bitwidth P1|
    +----------------------------------+----------+----+---+----+------------+------------+
    |i_2_fu_802_p2                     |         +|   0|  0|  17|          10|           1|
    |nf_4_fu_1817_p2                   |         +|   0|  0|  39|          32|           1|
    |outElem_m_val_V_fu_1794_p2        |         +|   0|  0|  15|           8|           8|
    |sf_3_fu_1800_p2                   |         +|   0|  0|  39|          32|           1|
    |ap_block_state2_io                |       and|   0|  0|   2|           1|           1|
    |ap_block_state3_io                |       and|   0|  0|   2|           1|           1|
    |ap_condition_1625                 |       and|   0|  0|   2|           1|           1|
    |ap_predicate_op204_read_state1    |       and|   0|  0|   2|           1|           1|
    |ap_predicate_op399_write_state2   |       and|   0|  0|   2|           1|           1|
    |ap_predicate_op400_write_state3   |       and|   0|  0|   2|           1|           1|
    |icmp_ln249_fu_796_p2              |      icmp|   0|  0|  11|          10|           9|
    |icmp_ln253_fu_808_p2              |      icmp|   0|  0|  20|          32|           1|
    |icmp_ln272_fu_1764_p2             |      icmp|   0|  0|  20|          32|           1|
    |icmp_ln290_fu_1806_p2             |      icmp|   0|  0|  20|          32|           7|
    |icmp_ln302_fu_1823_p2             |      icmp|   0|  0|  20|          32|           4|
    |ap_block_state1_pp0_stage0_iter0  |        or|   0|  0|   2|           1|           1|
    |ap_block_state3_pp0_stage0_iter2  |        or|   0|  0|   2|           1|           1|
    |nf_5_fu_1829_p3                   |    select|   0|  0|  32|           1|           1|
    |select_ln272_fu_1770_p3           |    select|   0|  0|   8|           1|           1|
    |xor_ln1019_1_fu_1784_p2           |       xor|   0|  0|   2|           1|           1|
    |xor_ln1019_fu_1778_p2             |       xor|   0|  0|   2|           2|           1|
    +----------------------------------+----------+----+---+----+------------+------------+
    |Total                             |          |   0|  0| 261|         233|          45|
    +----------------------------------+----------+----+---+----+------------+------------+

    * Multiplexer: 
    +-------------------------------------+----+-----------+-----+-----------+
    |                 Name                | LUT| Input Size| Bits| Total Bits|
    +-------------------------------------+----+-----------+-----+-----------+
    |ap_NS_iter1_fsm                      |  14|          3|    2|          6|
    |ap_NS_iter2_fsm                      |  14|          3|    2|          6|
    |ap_phi_mux_inElem_1_phi_fu_600_p170  |  14|          3|    1|          3|
    |ap_sig_allocacmp_i_1                 |   9|          2|   10|         20|
    |ap_sig_allocacmp_nf_3                |   9|          2|   32|         64|
    |ap_sig_allocacmp_sf_2                |   9|          2|   32|         64|
    |i_fu_230                             |   9|          2|   10|         20|
    |in0_V_TDATA_blk_n                    |   9|          2|    1|          2|
    |in1_V_TDATA_blk_n                    |   9|          2|    1|          2|
    |nf_fu_574                            |   9|          2|   32|         64|
    |out0_V_TDATA_blk_n                   |   9|          2|    1|          2|
    |sf_fu_226                            |  14|          3|   32|         96|
    +-------------------------------------+----+-----------+-----+-----------+
    |Total                                | 128|         28|  156|        349|
    +-------------------------------------+----+-----------+-----+-----------+

    * Register: 
    +-----------------------------------+----+----+-----+-----------+
    |                Name               | FF | LUT| Bits| Const Bits|
    +-----------------------------------+----+----+-----+-----------+
    |ap_CS_iter0_fsm                    |   1|   0|    1|          0|
    |ap_CS_iter1_fsm                    |   2|   0|    2|          0|
    |ap_CS_iter2_fsm                    |   2|   0|    2|          0|
    |i_fu_230                           |  10|   0|   10|          0|
    |icmp_ln249_reg_2389                |   1|   0|    1|          0|
    |icmp_ln249_reg_2389_pp0_iter1_reg  |   1|   0|    1|          0|
    |icmp_ln290_reg_2406                |   1|   0|    1|          0|
    |icmp_ln290_reg_2406_pp0_iter1_reg  |   1|   0|    1|          0|
    |inputBuf_V_10_fu_278               |   1|   0|    1|          0|
    |inputBuf_V_11_fu_282               |   1|   0|    1|          0|
    |inputBuf_V_12_fu_286               |   1|   0|    1|          0|
    |inputBuf_V_13_fu_290               |   1|   0|    1|          0|
    |inputBuf_V_14_fu_294               |   1|   0|    1|          0|
    |inputBuf_V_15_fu_298               |   1|   0|    1|          0|
    |inputBuf_V_16_fu_302               |   1|   0|    1|          0|
    |inputBuf_V_17_fu_306               |   1|   0|    1|          0|
    |inputBuf_V_18_fu_310               |   1|   0|    1|          0|
    |inputBuf_V_19_fu_314               |   1|   0|    1|          0|
    |inputBuf_V_1_fu_242                |   1|   0|    1|          0|
    |inputBuf_V_20_fu_318               |   1|   0|    1|          0|
    |inputBuf_V_21_fu_322               |   1|   0|    1|          0|
    |inputBuf_V_22_fu_326               |   1|   0|    1|          0|
    |inputBuf_V_23_fu_330               |   1|   0|    1|          0|
    |inputBuf_V_24_fu_334               |   1|   0|    1|          0|
    |inputBuf_V_25_fu_338               |   1|   0|    1|          0|
    |inputBuf_V_26_fu_342               |   1|   0|    1|          0|
    |inputBuf_V_27_fu_346               |   1|   0|    1|          0|
    |inputBuf_V_28_fu_350               |   1|   0|    1|          0|
    |inputBuf_V_29_fu_354               |   1|   0|    1|          0|
    |inputBuf_V_2_fu_246                |   1|   0|    1|          0|
    |inputBuf_V_30_fu_358               |   1|   0|    1|          0|
    |inputBuf_V_31_fu_362               |   1|   0|    1|          0|
    |inputBuf_V_32_fu_366               |   1|   0|    1|          0|
    |inputBuf_V_33_fu_370               |   1|   0|    1|          0|
    |inputBuf_V_34_fu_374               |   1|   0|    1|          0|
    |inputBuf_V_35_fu_378               |   1|   0|    1|          0|
    |inputBuf_V_36_fu_382               |   1|   0|    1|          0|
    |inputBuf_V_37_fu_386               |   1|   0|    1|          0|
    |inputBuf_V_38_fu_390               |   1|   0|    1|          0|
    |inputBuf_V_39_fu_394               |   1|   0|    1|          0|
    |inputBuf_V_3_fu_250                |   1|   0|    1|          0|
    |inputBuf_V_40_fu_398               |   1|   0|    1|          0|
    |inputBuf_V_41_fu_402               |   1|   0|    1|          0|
    |inputBuf_V_42_fu_406               |   1|   0|    1|          0|
    |inputBuf_V_43_fu_410               |   1|   0|    1|          0|
    |inputBuf_V_44_fu_414               |   1|   0|    1|          0|
    |inputBuf_V_45_fu_418               |   1|   0|    1|          0|
    |inputBuf_V_46_fu_422               |   1|   0|    1|          0|
    |inputBuf_V_47_fu_426               |   1|   0|    1|          0|
    |inputBuf_V_48_fu_430               |   1|   0|    1|          0|
    |inputBuf_V_49_fu_434               |   1|   0|    1|          0|
    |inputBuf_V_4_fu_254                |   1|   0|    1|          0|
    |inputBuf_V_50_fu_438               |   1|   0|    1|          0|
    |inputBuf_V_51_fu_442               |   1|   0|    1|          0|
    |inputBuf_V_52_fu_446               |   1|   0|    1|          0|
    |inputBuf_V_53_fu_450               |   1|   0|    1|          0|
    |inputBuf_V_54_fu_454               |   1|   0|    1|          0|
    |inputBuf_V_55_fu_458               |   1|   0|    1|          0|
    |inputBuf_V_56_fu_462               |   1|   0|    1|          0|
    |inputBuf_V_57_fu_466               |   1|   0|    1|          0|
    |inputBuf_V_58_fu_470               |   1|   0|    1|          0|
    |inputBuf_V_59_fu_474               |   1|   0|    1|          0|
    |inputBuf_V_5_fu_258                |   1|   0|    1|          0|
    |inputBuf_V_60_fu_478               |   1|   0|    1|          0|
    |inputBuf_V_61_fu_482               |   1|   0|    1|          0|
    |inputBuf_V_62_fu_486               |   1|   0|    1|          0|
    |inputBuf_V_63_fu_490               |   1|   0|    1|          0|
    |inputBuf_V_64_fu_494               |   1|   0|    1|          0|
    |inputBuf_V_65_fu_498               |   1|   0|    1|          0|
    |inputBuf_V_66_fu_502               |   1|   0|    1|          0|
    |inputBuf_V_67_fu_506               |   1|   0|    1|          0|
    |inputBuf_V_68_fu_510               |   1|   0|    1|          0|
    |inputBuf_V_69_fu_514               |   1|   0|    1|          0|
    |inputBuf_V_6_fu_262                |   1|   0|    1|          0|
    |inputBuf_V_70_fu_518               |   1|   0|    1|          0|
    |inputBuf_V_71_fu_522               |   1|   0|    1|          0|
    |inputBuf_V_72_fu_526               |   1|   0|    1|          0|
    |inputBuf_V_73_fu_530               |   1|   0|    1|          0|
    |inputBuf_V_74_fu_534               |   1|   0|    1|          0|
    |inputBuf_V_75_fu_538               |   1|   0|    1|          0|
    |inputBuf_V_76_fu_542               |   1|   0|    1|          0|
    |inputBuf_V_77_fu_546               |   1|   0|    1|          0|
    |inputBuf_V_78_fu_550               |   1|   0|    1|          0|
    |inputBuf_V_79_fu_554               |   1|   0|    1|          0|
    |inputBuf_V_7_fu_266                |   1|   0|    1|          0|
    |inputBuf_V_80_fu_558               |   1|   0|    1|          0|
    |inputBuf_V_81_fu_562               |   1|   0|    1|          0|
    |inputBuf_V_82_fu_566               |   1|   0|    1|          0|
    |inputBuf_V_83_fu_570               |   1|   0|    1|          0|
    |inputBuf_V_8_fu_270                |   1|   0|    1|          0|
    |inputBuf_V_9_fu_274                |   1|   0|    1|          0|
    |inputBuf_V_fu_238                  |   1|   0|    1|          0|
    |nf_fu_574                          |  32|   0|   32|          0|
    |outElem_m_val_V_1_fu_234           |   8|   0|    8|          0|
    |outElem_m_val_V_reg_2401           |   8|   0|    8|          0|
    |sf_fu_226                          |  32|   0|   32|          0|
    +-----------------------------------+----+----+-----+-----------+
    |Total                              | 183|   0|  183|          0|
    +-----------------------------------+----+----+-----+-----------+



================================================================
== Interface
================================================================
* Summary: 
+---------------+-----+-----+--------------+--------------+--------------+
|   RTL Ports   | Dir | Bits|   Protocol   | Source Object|    C Type    |
+---------------+-----+-----+--------------+--------------+--------------+
|ap_clk         |   in|    1|  ap_ctrl_none|    MVAU_hls_4|  return value|
|ap_rst_n       |   in|    1|  ap_ctrl_none|    MVAU_hls_4|  return value|
|in0_V_TVALID   |   in|    1|          axis|         in0_V|       pointer|
|in0_V_TDATA    |   in|    8|          axis|         in0_V|       pointer|
|in0_V_TREADY   |  out|    1|          axis|         in0_V|       pointer|
|in1_V_TVALID   |   in|    1|          axis|         in1_V|       pointer|
|in1_V_TDATA    |   in|    8|          axis|         in1_V|       pointer|
|in1_V_TREADY   |  out|    1|          axis|         in1_V|       pointer|
|out0_V_TREADY  |   in|    1|          axis|        out0_V|       pointer|
|out0_V_TDATA   |  out|    8|          axis|        out0_V|       pointer|
|out0_V_TVALID  |  out|    1|          axis|        out0_V|       pointer|
+---------------+-----+-----+--------------+--------------+--------------+

