Sun Jun 22 17:18:44 2025: Running xcd server. This server was built by gradle.
Sun Jun 22 17:18:44 2025: Server was asked to start on port: '39993'
Sun Jun 22 17:18:44 2025: Server is using token UUID: '8200c903-38b4-4c91-a346-72368e692072'
Sun Jun 22 17:18:44 2025: SESSION_MGR: creating session with session uuid: '6d04a3e9-ade5-4ab9-8d63-1f78fcd2ec76' and name 'default'
Sun Jun 22 17:18:44 2025: Attempting to start server on port '39993'
Sun Jun 22 17:18:44 2025: XCD main fifo: created main fifo '/tmp/xcdmain8200c903-38b4-4c91-a346-72368e692072', fd read = 12
Sun Jun 22 17:18:44 2025: Running Dispatch Server
Sun Jun 22 17:18:44 2025: Version 2.2.0
Sun Jun 22 17:18:53 2025: Dispatch Server: Accepted socket connection from client
Sun Jun 22 17:18:53 2025: Starting Socket connection
Sun Jun 22 17:18:53 2025: EXCHANGE_TOKEN received, server token: 8200c903-38b4-4c91-a346-72368e692072, passed token: 8200c903-38b4-4c91-a346-72368e692072
Sun Jun 22 17:18:53 2025: SESSION_MGR: creating session with session uuid: 'ef5a26e2-2fd3-4319-983c-01afe725d665' and name 'vitis_hls'
Sun Jun 22 17:18:53 2025: KERNEL_SVC: creating session with uuid: 'ef5a26e2-2fd3-4319-983c-01afe725d665' and name 'vitis_hls'
Sun Jun 22 17:18:53 2025: GUIDANCE_SMGR: creating guidance session with uuid: 'ef5a26e2-2fd3-4319-983c-01afe725d665' and name 'vitis_hls'
Sun Jun 22 17:19:15 2025: STOP_SERVER received, server token: 8200c903-38b4-4c91-a346-72368e692072, passed token: 8200c903-38b4-4c91-a346-72368e692072
Sun Jun 22 17:19:15 2025: Socket received request to stop server.
Sun Jun 22 17:19:15 2025: Dispatch Server: do_await_stop
Sun Jun 22 17:19:15 2025: Dispatch Server: stopping mainFifo_
Sun Jun 22 17:19:15 2025: XCD main fifo: Stopping
Sun Jun 22 17:19:15 2025: XCD main fifo: do_read error code: Operation canceled
Sun Jun 22 17:19:15 2025: XCD main fifo: bytes_transferred: 0
Sun Jun 22 17:19:15 2025: SERVER: destructor for server bound to port 39993
Sun Jun 22 17:19:15 2025: XCD main fifo: Good unlink of /tmp/xcdmain8200c903-38b4-4c91-a346-72368e692072
Sun Jun 22 17:19:15 2025: Server exiting with status 0.
Sun Jun 22 17:19:15 2025: Closing log file.
