

================================================================
== Vitis HLS Report for 'StreamingMaxPool_hls_0_Pipeline_VITIS_LOOP_79_3_VITIS_LOOP_80_4_VITIS_LOOP_82_5'
================================================================
* Date:           Sun Jun 22 17:09:06 2025

* Version:        2022.2 (Build 3670227 on Oct 13 2022)
* Project:        project_StreamingMaxPool_hls_0
* Solution:       sol1 (Vivado IP Flow Target)
* Product family: zynquplus
* Target device:  xczu7ev-ffvc1156-2-e


================================================================
== Performance Estimates
================================================================
+ Timing: 
    * Summary: 
    +--------+----------+----------+------------+
    |  Clock |  Target  | Estimated| Uncertainty|
    +--------+----------+----------+------------+
    |ap_clk  |  10.00 ns|  2.256 ns|     2.70 ns|
    +--------+----------+----------+------------+

+ Latency: 
    * Summary: 
    +---------+---------+----------+----------+-----+-----+---------+
    |  Latency (cycles) |  Latency (absolute) |  Interval | Pipeline|
    |   min   |   max   |    min   |    max   | min | max |   Type  |
    +---------+---------+----------+----------+-----+-----+---------+
    |       59|       59|  0.590 us|  0.590 us|   59|   59|       no|
    +---------+---------+----------+----------+-----+-----+---------+

    + Detail: 
        * Instance: 
        N/A

        * Loop: 
        +---------------------------------------------------+---------+---------+----------+-----------+-----------+------+----------+
        |                                                   |  Latency (cycles) | Iteration|  Initiation Interval  | Trip |          |
        |                     Loop Name                     |   min   |   max   |  Latency |  achieved |   target  | Count| Pipelined|
        +---------------------------------------------------+---------+---------+----------+-----------+-----------+------+----------+
        |- VITIS_LOOP_79_3_VITIS_LOOP_80_4_VITIS_LOOP_82_5  |       57|       57|         3|          1|          1|    56|  yes(flp)|
        +---------------------------------------------------+---------+---------+----------+-----------+-----------+------+----------+



================================================================
== Utilization Estimates
================================================================
* Summary: 
+-----------------+---------+------+--------+--------+-----+
|       Name      | BRAM_18K|  DSP |   FF   |   LUT  | URAM|
+-----------------+---------+------+--------+--------+-----+
|DSP              |        -|     -|       -|       -|    -|
|Expression       |        -|     -|       0|     127|    -|
|FIFO             |        -|     -|       -|       -|    -|
|Instance         |        -|     -|       -|       -|    -|
|Memory           |        -|     -|       -|       -|    -|
|Multiplexer      |        -|     -|       -|     136|    -|
|Register         |        -|     -|      54|       -|    -|
+-----------------+---------+------+--------+--------+-----+
|Total            |        0|     0|      54|     263|    0|
+-----------------+---------+------+--------+--------+-----+
|Available        |      624|  1728|  460800|  230400|   96|
+-----------------+---------+------+--------+--------+-----+
|Utilization (%)  |        0|     0|      ~0|      ~0|    0|
+-----------------+---------+------+--------+--------+-----+

+ Detail: 
    * Instance: 
    N/A

    * DSP: 
    N/A

    * Memory: 
    N/A

    * FIFO: 
    N/A

    * Expression: 
    +----------------------------------+----------+----+---+----+------------+------------+
    |           Variable Name          | Operation| DSP| FF| LUT| Bitwidth P0| Bitwidth P1|
    +----------------------------------+----------+----+---+----+------------+------------+
    |add_ln79_fu_138_p2                |         +|   0|  0|  13|           6|           1|
    |add_ln80_1_fu_218_p2              |         +|   0|  0|  13|           6|           1|
    |add_ln80_fu_262_p2                |         +|   0|  0|  12|           4|           1|
    |add_ln82_fu_198_p2                |         +|   0|  0|   9|           2|           1|
    |and_ln79_fu_168_p2                |       and|   0|  0|   2|           1|           1|
    |ap_condition_280                  |       and|   0|  0|   2|           1|           1|
    |icmp_ln79_fu_132_p2               |      icmp|   0|  0|  10|           6|           5|
    |icmp_ln80_fu_150_p2               |      icmp|   0|  0|  10|           6|           5|
    |icmp_ln82_1_fu_212_p2             |      icmp|   0|  0|   8|           2|           3|
    |icmp_ln82_fu_162_p2               |      icmp|   0|  0|   8|           2|           3|
    |ap_block_state1_pp0_stage0_iter0  |        or|   0|  0|   2|           1|           1|
    |buf_V_d0                          |        or|   0|  0|   6|           6|           6|
    |or_ln80_fu_174_p2                 |        or|   0|  0|   2|           1|           1|
    |ret_V_fu_192_p2                   |        or|   0|  0|   6|           6|           6|
    |kx_1_fu_204_p3                    |    select|   0|  0|   2|           1|           1|
    |select_ln79_fu_255_p3             |    select|   0|  0|   4|           1|           1|
    |select_ln80_1_fu_268_p3           |    select|   0|  0|   4|           1|           4|
    |select_ln80_2_fu_224_p3           |    select|   0|  0|   6|           1|           1|
    |select_ln80_fu_180_p3             |    select|   0|  0|   6|           1|           1|
    |xor_ln79_fu_156_p2                |       xor|   0|  0|   2|           1|           2|
    +----------------------------------+----------+----+---+----+------------+------------+
    |Total                             |          |   0|  0| 127|          56|          46|
    +----------------------------------+----------+----+---+----+------------+------------+

    * Multiplexer: 
    +----------------------------------------+----+-----------+-----+-----------+
    |                  Name                  | LUT| Input Size| Bits| Total Bits|
    +----------------------------------------+----+-----------+-----+-----------+
    |ap_NS_iter1_fsm                         |  14|          3|    2|          6|
    |ap_NS_iter2_fsm                         |  14|          3|    2|          6|
    |ap_done_int                             |   9|          2|    1|          2|
    |ap_loop_exit_ready_pp0_iter2_reg        |   9|          2|    1|          2|
    |ap_sig_allocacmp_indvar_flatten14_load  |   9|          2|    6|         12|
    |ap_sig_allocacmp_indvar_flatten_load    |   9|          2|    6|         12|
    |ap_sig_allocacmp_kx_load                |   9|          2|    2|          4|
    |ap_sig_allocacmp_lhs_V_load             |   9|          2|    6|         12|
    |in0_V_TDATA_blk_n                       |   9|          2|    1|          2|
    |indvar_flatten14_fu_74                  |   9|          2|    6|         12|
    |indvar_flatten_fu_70                    |   9|          2|    6|         12|
    |kx_fu_62                                |   9|          2|    2|          4|
    |lhs_V_fu_58                             |   9|          2|    6|         12|
    |xp_fu_66                                |   9|          2|    4|          8|
    +----------------------------------------+----+-----------+-----+-----------+
    |Total                                   | 136|         30|   51|        106|
    +----------------------------------------+----+-----------+-----+-----------+

    * Register: 
    +-----------------------------------+---+----+-----+-----------+
    |                Name               | FF| LUT| Bits| Const Bits|
    +-----------------------------------+---+----+-----+-----------+
    |and_ln79_reg_335                   |  1|   0|    1|          0|
    |ap_CS_iter0_fsm                    |  1|   0|    1|          0|
    |ap_CS_iter1_fsm                    |  2|   0|    2|          0|
    |ap_CS_iter2_fsm                    |  2|   0|    2|          0|
    |ap_done_reg                        |  1|   0|    1|          0|
    |ap_loop_exit_ready_pp0_iter1_reg   |  1|   0|    1|          0|
    |ap_loop_exit_ready_pp0_iter2_reg   |  1|   0|    1|          0|
    |buf_V_addr_reg_349                 |  4|   0|    4|          0|
    |icmp_ln79_reg_326                  |  1|   0|    1|          0|
    |icmp_ln79_reg_326_pp0_iter1_reg    |  1|   0|    1|          0|
    |icmp_ln80_reg_330                  |  1|   0|    1|          0|
    |icmp_ln82_1_reg_345                |  1|   0|    1|          0|
    |icmp_ln82_1_reg_345_pp0_iter1_reg  |  1|   0|    1|          0|
    |indvar_flatten14_fu_74             |  6|   0|    6|          0|
    |indvar_flatten_fu_70               |  6|   0|    6|          0|
    |kx_fu_62                           |  2|   0|    2|          0|
    |lhs_V_fu_58                        |  6|   0|    6|          0|
    |ret_V_reg_340                      |  6|   0|    6|          0|
    |ret_V_reg_340_pp0_iter1_reg        |  6|   0|    6|          0|
    |xp_fu_66                           |  4|   0|    4|          0|
    +-----------------------------------+---+----+-----+-----------+
    |Total                              | 54|   0|   54|          0|
    +-----------------------------------+---+----+-----+-----------+



================================================================
== Interface
================================================================
* Summary: 
+----------------+-----+-----+------------+---------------------------------------------------------------------------------+--------------+
|    RTL Ports   | Dir | Bits|  Protocol  |                                  Source Object                                  |    C Type    |
+----------------+-----+-----+------------+---------------------------------------------------------------------------------+--------------+
|ap_clk          |   in|    1|  ap_ctrl_hs|  StreamingMaxPool_hls_0_Pipeline_VITIS_LOOP_79_3_VITIS_LOOP_80_4_VITIS_LOOP_82_5|  return value|
|ap_rst          |   in|    1|  ap_ctrl_hs|  StreamingMaxPool_hls_0_Pipeline_VITIS_LOOP_79_3_VITIS_LOOP_80_4_VITIS_LOOP_82_5|  return value|
|ap_start        |   in|    1|  ap_ctrl_hs|  StreamingMaxPool_hls_0_Pipeline_VITIS_LOOP_79_3_VITIS_LOOP_80_4_VITIS_LOOP_82_5|  return value|
|ap_done         |  out|    1|  ap_ctrl_hs|  StreamingMaxPool_hls_0_Pipeline_VITIS_LOOP_79_3_VITIS_LOOP_80_4_VITIS_LOOP_82_5|  return value|
|ap_idle         |  out|    1|  ap_ctrl_hs|  StreamingMaxPool_hls_0_Pipeline_VITIS_LOOP_79_3_VITIS_LOOP_80_4_VITIS_LOOP_82_5|  return value|
|ap_ready        |  out|    1|  ap_ctrl_hs|  StreamingMaxPool_hls_0_Pipeline_VITIS_LOOP_79_3_VITIS_LOOP_80_4_VITIS_LOOP_82_5|  return value|
|in0_V_TVALID    |   in|    1|        axis|                                                                            in0_V|       pointer|
|in0_V_TDATA     |   in|    8|        axis|                                                                            in0_V|       pointer|
|in0_V_TREADY    |  out|    1|        axis|                                                                            in0_V|       pointer|
|buf_V_address0  |  out|    4|   ap_memory|                                                                            buf_V|         array|
|buf_V_ce0       |  out|    1|   ap_memory|                                                                            buf_V|         array|
|buf_V_we0       |  out|    1|   ap_memory|                                                                            buf_V|         array|
|buf_V_d0        |  out|    6|   ap_memory|                                                                            buf_V|         array|
|buf_V_address1  |  out|    4|   ap_memory|                                                                            buf_V|         array|
|buf_V_ce1       |  out|    1|   ap_memory|                                                                            buf_V|         array|
|buf_V_q1        |   in|    6|   ap_memory|                                                                            buf_V|         array|
+----------------+-----+-----+------------+---------------------------------------------------------------------------------+--------------+

============================================================
+ Verbose Summary: Synthesis Manager
============================================================
InlineROM: 1
ExposeGlobal: 0
============================================================
+ Verbose Summary: CDFG Model
============================================================
IsTopModel: 0
ResetActiveHigh: 1
IsCombinational: 2
IsDatapathOnly: 2
HasWiredReturn: 1
HasMFsm: 1
HasVarLatency: 1
IsPipeline: 0
IsRtlPipelined: 0
IsInstanceOverlapped: 0
IsDontTouch: 0
HasImplIP: 0
IsGatedGlobalClock: 0

+ Individual pipeline summary: 
  * Pipeline-0: initiation interval (II) = 1, depth = 3


============================================================
+ Verbose Summary: Schedule
============================================================
* Number of FSM states : 3
* Pipeline : 1
  Pipeline-0 : II = 1, D = 3, States = { 1 2 3 }
* Dataflow Pipeline: 0

* FSM state transitions: 
1 --> 2 
2 --> 3 
3 --> 

* FSM state operations: 

State 1 <SV = 0> <Delay = 2.17>
ST_1 : Operation 6 [1/1] (0.00ns)   --->   "%lhs_V = alloca i32 1"   --->   Operation 6 'alloca' 'lhs_V' <Predicate = true> <Delay = 0.00>
ST_1 : Operation 7 [1/1] (0.00ns)   --->   "%kx = alloca i32 1"   --->   Operation 7 'alloca' 'kx' <Predicate = true> <Delay = 0.00>
ST_1 : Operation 8 [1/1] (0.00ns)   --->   "%xp = alloca i32 1"   --->   Operation 8 'alloca' 'xp' <Predicate = true> <Delay = 0.00>
ST_1 : Operation 9 [1/1] (0.00ns)   --->   "%indvar_flatten = alloca i32 1"   --->   Operation 9 'alloca' 'indvar_flatten' <Predicate = true> <Delay = 0.00>
ST_1 : Operation 10 [1/1] (0.00ns)   --->   "%indvar_flatten14 = alloca i32 1"   --->   Operation 10 'alloca' 'indvar_flatten14' <Predicate = true> <Delay = 0.00>
ST_1 : Operation 11 [1/1] (0.00ns)   --->   "%specinterface_ln0 = specinterface void @_ssdm_op_SpecInterface, i8 %in0_V, void @empty, i32 0, i32 0, void @empty_0, i32 0, i32 0, void @empty_1, void @empty_1, void @empty_1, i32 0, i32 0, i32 0, i32 0, void @empty_1, void @empty_1, i32 4294967295, i32 0"   --->   Operation 11 'specinterface' 'specinterface_ln0' <Predicate = true> <Delay = 0.00>
ST_1 : Operation 12 [1/1] (0.42ns)   --->   "%store_ln0 = store i6 0, i6 %indvar_flatten14"   --->   Operation 12 'store' 'store_ln0' <Predicate = true> <Delay = 0.42>
ST_1 : Operation 13 [1/1] (0.42ns)   --->   "%store_ln0 = store i6 0, i6 %indvar_flatten"   --->   Operation 13 'store' 'store_ln0' <Predicate = true> <Delay = 0.42>
ST_1 : Operation 14 [1/1] (0.42ns)   --->   "%store_ln0 = store i4 0, i4 %xp"   --->   Operation 14 'store' 'store_ln0' <Predicate = true> <Delay = 0.42>
ST_1 : Operation 15 [1/1] (0.42ns)   --->   "%store_ln0 = store i2 0, i2 %kx"   --->   Operation 15 'store' 'store_ln0' <Predicate = true> <Delay = 0.42>
ST_1 : Operation 16 [1/1] (0.42ns)   --->   "%store_ln0 = store i6 0, i6 %lhs_V"   --->   Operation 16 'store' 'store_ln0' <Predicate = true> <Delay = 0.42>
ST_1 : Operation 17 [1/1] (0.00ns)   --->   "%br_ln0 = br void %for.inc21.i"   --->   Operation 17 'br' 'br_ln0' <Predicate = true> <Delay = 0.00>
ST_1 : Operation 18 [1/1] (0.00ns)   --->   "%indvar_flatten_load = load i6 %indvar_flatten" [/home/changhong/prj/finn/deps/finn-hlslib/maxpool.h:80]   --->   Operation 18 'load' 'indvar_flatten_load' <Predicate = true> <Delay = 0.00>
ST_1 : Operation 19 [1/1] (0.00ns)   --->   "%indvar_flatten14_load = load i6 %indvar_flatten14" [/home/changhong/prj/finn/deps/finn-hlslib/maxpool.h:79]   --->   Operation 19 'load' 'indvar_flatten14_load' <Predicate = true> <Delay = 0.00>
ST_1 : Operation 20 [1/1] (0.78ns)   --->   "%icmp_ln79 = icmp_eq  i6 %indvar_flatten14_load, i6 56" [/home/changhong/prj/finn/deps/finn-hlslib/maxpool.h:79]   --->   Operation 20 'icmp' 'icmp_ln79' <Predicate = true> <Delay = 0.78> <CoreInst = "Cmp">   --->   Core 9 'Cmp' <Latency = 0> <II = 1> <Delay = 0.78> <FuncUnit> <Opcode : 'icmp'> <InPorts = 2> <OutPorts = 1>
ST_1 : Operation 21 [1/1] (0.78ns)   --->   "%add_ln79 = add i6 %indvar_flatten14_load, i6 1" [/home/changhong/prj/finn/deps/finn-hlslib/maxpool.h:79]   --->   Operation 21 'add' 'add_ln79' <Predicate = true> <Delay = 0.78> <CoreInst = "Adder">   --->   Core 1 'Adder' <Latency = 0> <II = 1> <Delay = 0.78> <FuncUnit> <Opcode : 'add' 'sub'> <InPorts = 2> <OutPorts = 1>
ST_1 : Operation 22 [1/1] (0.00ns)   --->   "%br_ln79 = br i1 %icmp_ln79, void %for.inc29.i, void %for.inc41.i.preheader.exitStub" [/home/changhong/prj/finn/deps/finn-hlslib/maxpool.h:79]   --->   Operation 22 'br' 'br_ln79' <Predicate = true> <Delay = 0.00>
ST_1 : Operation 23 [1/1] (0.00ns)   --->   "%lhs_V_load = load i6 %lhs_V" [/home/changhong/prj/finn/deps/finn-hlslib/maxpool.h:80]   --->   Operation 23 'load' 'lhs_V_load' <Predicate = (!icmp_ln79)> <Delay = 0.00>
ST_1 : Operation 24 [1/1] (0.00ns)   --->   "%kx_load = load i2 %kx" [/home/changhong/prj/finn/deps/finn-hlslib/maxpool.h:82]   --->   Operation 24 'load' 'kx_load' <Predicate = (!icmp_ln79)> <Delay = 0.00>
ST_1 : Operation 25 [1/1] (0.78ns)   --->   "%icmp_ln80 = icmp_eq  i6 %indvar_flatten_load, i6 28" [/home/changhong/prj/finn/deps/finn-hlslib/maxpool.h:80]   --->   Operation 25 'icmp' 'icmp_ln80' <Predicate = (!icmp_ln79)> <Delay = 0.78> <CoreInst = "Cmp">   --->   Core 9 'Cmp' <Latency = 0> <II = 1> <Delay = 0.78> <FuncUnit> <Opcode : 'icmp'> <InPorts = 2> <OutPorts = 1>
ST_1 : Operation 26 [1/1] (0.00ns) (grouped into LUT with out node and_ln79)   --->   "%xor_ln79 = xor i1 %icmp_ln80, i1 1" [/home/changhong/prj/finn/deps/finn-hlslib/maxpool.h:79]   --->   Operation 26 'xor' 'xor_ln79' <Predicate = (!icmp_ln79)> <Delay = 0.00> <CoreInst = "LogicGate">   --->   Core 74 'LogicGate' <Latency = 0> <II = 1> <Delay = 0.28> <FuncUnit> <Opcode : 'and' 'or' 'xor'> <InPorts = 2> <OutPorts = 1>
ST_1 : Operation 27 [1/1] (0.44ns)   --->   "%icmp_ln82 = icmp_eq  i2 %kx_load, i2 2" [/home/changhong/prj/finn/deps/finn-hlslib/maxpool.h:82]   --->   Operation 27 'icmp' 'icmp_ln82' <Predicate = (!icmp_ln79)> <Delay = 0.44> <CoreInst = "Cmp">   --->   Core 9 'Cmp' <Latency = 0> <II = 1> <Delay = 0.58> <FuncUnit> <Opcode : 'icmp'> <InPorts = 2> <OutPorts = 1>
ST_1 : Operation 28 [1/1] (0.28ns) (out node of the LUT)   --->   "%and_ln79 = and i1 %icmp_ln82, i1 %xor_ln79" [/home/changhong/prj/finn/deps/finn-hlslib/maxpool.h:79]   --->   Operation 28 'and' 'and_ln79' <Predicate = (!icmp_ln79)> <Delay = 0.28> <CoreInst = "LogicGate">   --->   Core 74 'LogicGate' <Latency = 0> <II = 1> <Delay = 0.28> <FuncUnit> <Opcode : 'and' 'or' 'xor'> <InPorts = 2> <OutPorts = 1>
ST_1 : Operation 29 [1/1] (0.28ns)   --->   "%or_ln80 = or i1 %and_ln79, i1 %icmp_ln80" [/home/changhong/prj/finn/deps/finn-hlslib/maxpool.h:80]   --->   Operation 29 'or' 'or_ln80' <Predicate = (!icmp_ln79)> <Delay = 0.28> <CoreInst = "LogicGate">   --->   Core 74 'LogicGate' <Latency = 0> <II = 1> <Delay = 0.28> <FuncUnit> <Opcode : 'and' 'or' 'xor'> <InPorts = 2> <OutPorts = 1>
ST_1 : Operation 30 [1/1] (0.00ns) (grouped into LUT with out node ret_V)   --->   "%select_ln80 = select i1 %or_ln80, i6 0, i6 %lhs_V_load" [/home/changhong/prj/finn/deps/finn-hlslib/maxpool.h:80]   --->   Operation 30 'select' 'select_ln80' <Predicate = (!icmp_ln79)> <Delay = 0.00> <CoreInst = "Sel">   --->   Core 73 'Sel' <Latency = 0> <II = 1> <Delay = 0.38> <FuncUnit> <Opcode : 'select'> <InPorts = 3> <OutPorts = 1>
ST_1 : Operation 31 [1/1] (0.00ns)   --->   "%in0_V_read = read i8 @_ssdm_op_Read.axis.volatile.i8P128A, i8 %in0_V" [/home/changhong/prj/finn/deps/finn-hlslib/maxpool.h:84]   --->   Operation 31 'read' 'in0_V_read' <Predicate = (!icmp_ln79)> <Delay = 0.00> <CoreInst = "axis">   --->   Core 123 'axis' <Latency = 0> <II = 1> <Delay = 1.00> <Adapter> <Opcode : >
ST_1 : Operation 32 [1/1] (0.00ns) (grouped into LUT with out node ret_V)   --->   "%rhs_V = trunc i8 %in0_V_read" [/home/changhong/prj/finn/deps/finn-hlslib/maxpool.h:84]   --->   Operation 32 'trunc' 'rhs_V' <Predicate = (!icmp_ln79)> <Delay = 0.00>
ST_1 : Operation 33 [1/1] (0.38ns) (out node of the LUT)   --->   "%ret_V = or i6 %rhs_V, i6 %select_ln80"   --->   Operation 33 'or' 'ret_V' <Predicate = (!icmp_ln79)> <Delay = 0.38> <CoreInst = "LogicGate">   --->   Core 74 'LogicGate' <Latency = 0> <II = 1> <Delay = 0.35> <FuncUnit> <Opcode : 'and' 'or' 'xor'> <InPorts = 2> <OutPorts = 1>
ST_1 : Operation 34 [1/1] (0.54ns)   --->   "%add_ln82 = add i2 %kx_load, i2 1" [/home/changhong/prj/finn/deps/finn-hlslib/maxpool.h:82]   --->   Operation 34 'add' 'add_ln82' <Predicate = (!icmp_ln79)> <Delay = 0.54> <CoreInst = "Adder">   --->   Core 1 'Adder' <Latency = 0> <II = 1> <Delay = 0.54> <FuncUnit> <Opcode : 'add' 'sub'> <InPorts = 2> <OutPorts = 1>
ST_1 : Operation 35 [1/1] (0.17ns)   --->   "%kx_1 = select i1 %or_ln80, i2 1, i2 %add_ln82" [/home/changhong/prj/finn/deps/finn-hlslib/maxpool.h:82]   --->   Operation 35 'select' 'kx_1' <Predicate = (!icmp_ln79)> <Delay = 0.17> <CoreInst = "Sel">   --->   Core 73 'Sel' <Latency = 0> <II = 1> <Delay = 0.17> <FuncUnit> <Opcode : 'select'> <InPorts = 3> <OutPorts = 1>
ST_1 : Operation 36 [1/1] (0.44ns)   --->   "%icmp_ln82_1 = icmp_eq  i2 %kx_1, i2 2" [/home/changhong/prj/finn/deps/finn-hlslib/maxpool.h:82]   --->   Operation 36 'icmp' 'icmp_ln82_1' <Predicate = (!icmp_ln79)> <Delay = 0.44> <CoreInst = "Cmp">   --->   Core 9 'Cmp' <Latency = 0> <II = 1> <Delay = 0.58> <FuncUnit> <Opcode : 'icmp'> <InPorts = 2> <OutPorts = 1>
ST_1 : Operation 37 [1/1] (0.00ns)   --->   "%br_ln82 = br i1 %icmp_ln82_1, void %ifFalse, void %ifTrue" [/home/changhong/prj/finn/deps/finn-hlslib/maxpool.h:82]   --->   Operation 37 'br' 'br_ln82' <Predicate = (!icmp_ln79)> <Delay = 0.00>
ST_1 : Operation 38 [1/1] (0.78ns)   --->   "%add_ln80_1 = add i6 %indvar_flatten_load, i6 1" [/home/changhong/prj/finn/deps/finn-hlslib/maxpool.h:80]   --->   Operation 38 'add' 'add_ln80_1' <Predicate = (!icmp_ln79)> <Delay = 0.78> <CoreInst = "Adder">   --->   Core 1 'Adder' <Latency = 0> <II = 1> <Delay = 0.78> <FuncUnit> <Opcode : 'add' 'sub'> <InPorts = 2> <OutPorts = 1>
ST_1 : Operation 39 [1/1] (0.38ns)   --->   "%select_ln80_2 = select i1 %icmp_ln80, i6 1, i6 %add_ln80_1" [/home/changhong/prj/finn/deps/finn-hlslib/maxpool.h:80]   --->   Operation 39 'select' 'select_ln80_2' <Predicate = (!icmp_ln79)> <Delay = 0.38> <CoreInst = "Sel">   --->   Core 73 'Sel' <Latency = 0> <II = 1> <Delay = 0.38> <FuncUnit> <Opcode : 'select'> <InPorts = 3> <OutPorts = 1>
ST_1 : Operation 40 [1/1] (0.42ns)   --->   "%store_ln79 = store i6 %add_ln79, i6 %indvar_flatten14" [/home/changhong/prj/finn/deps/finn-hlslib/maxpool.h:79]   --->   Operation 40 'store' 'store_ln79' <Predicate = (!icmp_ln79)> <Delay = 0.42>
ST_1 : Operation 41 [1/1] (0.42ns)   --->   "%store_ln80 = store i6 %select_ln80_2, i6 %indvar_flatten" [/home/changhong/prj/finn/deps/finn-hlslib/maxpool.h:80]   --->   Operation 41 'store' 'store_ln80' <Predicate = (!icmp_ln79)> <Delay = 0.42>
ST_1 : Operation 42 [1/1] (0.42ns)   --->   "%store_ln82 = store i2 %kx_1, i2 %kx" [/home/changhong/prj/finn/deps/finn-hlslib/maxpool.h:82]   --->   Operation 42 'store' 'store_ln82' <Predicate = (!icmp_ln79)> <Delay = 0.42>
ST_1 : Operation 43 [1/1] (0.42ns)   --->   "%store_ln1498 = store i6 %ret_V, i6 %lhs_V"   --->   Operation 43 'store' 'store_ln1498' <Predicate = (!icmp_ln79)> <Delay = 0.42>

State 2 <SV = 1> <Delay = 2.25>
ST_2 : Operation 44 [1/1] (0.00ns)   --->   "%xp_load = load i4 %xp" [/home/changhong/prj/finn/deps/finn-hlslib/maxpool.h:79]   --->   Operation 44 'load' 'xp_load' <Predicate = (!icmp_ln79 & !icmp_ln80)> <Delay = 0.00>
ST_2 : Operation 45 [1/1] (0.00ns)   --->   "%specloopname_ln0 = specloopname void @_ssdm_op_SpecLoopName, void @VITIS_LOOP_79_3_VITIS_LOOP_80_4_VITIS_LOOP_82_5_str"   --->   Operation 45 'specloopname' 'specloopname_ln0' <Predicate = (!icmp_ln79)> <Delay = 0.00>
ST_2 : Operation 46 [1/1] (0.00ns)   --->   "%empty = speclooptripcount i32 @_ssdm_op_SpecLoopTripCount, i64 56, i64 56, i64 56"   --->   Operation 46 'speclooptripcount' 'empty' <Predicate = (!icmp_ln79)> <Delay = 0.00>
ST_2 : Operation 47 [1/1] (0.39ns)   --->   "%select_ln79 = select i1 %icmp_ln80, i4 0, i4 %xp_load" [/home/changhong/prj/finn/deps/finn-hlslib/maxpool.h:79]   --->   Operation 47 'select' 'select_ln79' <Predicate = (!icmp_ln79)> <Delay = 0.39> <CoreInst = "Sel">   --->   Core 73 'Sel' <Latency = 0> <II = 1> <Delay = 0.39> <FuncUnit> <Opcode : 'select'> <InPorts = 3> <OutPorts = 1>
ST_2 : Operation 48 [1/1] (0.79ns)   --->   "%add_ln80 = add i4 %select_ln79, i4 1" [/home/changhong/prj/finn/deps/finn-hlslib/maxpool.h:80]   --->   Operation 48 'add' 'add_ln80' <Predicate = (!icmp_ln79 & and_ln79)> <Delay = 0.79> <CoreInst = "Adder">   --->   Core 1 'Adder' <Latency = 0> <II = 1> <Delay = 0.79> <FuncUnit> <Opcode : 'add' 'sub'> <InPorts = 2> <OutPorts = 1>
ST_2 : Operation 49 [1/1] (0.00ns)   --->   "%specloopname_ln0 = specloopname void @_ssdm_op_SpecLoopName, void @VITIS_LOOP_80_4_VITIS_LOOP_82_5_str"   --->   Operation 49 'specloopname' 'specloopname_ln0' <Predicate = (!icmp_ln79)> <Delay = 0.00>
ST_2 : Operation 50 [1/1] (0.39ns)   --->   "%select_ln80_1 = select i1 %and_ln79, i4 %add_ln80, i4 %select_ln79" [/home/changhong/prj/finn/deps/finn-hlslib/maxpool.h:80]   --->   Operation 50 'select' 'select_ln80_1' <Predicate = (!icmp_ln79)> <Delay = 0.39> <CoreInst = "Sel">   --->   Core 73 'Sel' <Latency = 0> <II = 1> <Delay = 0.39> <FuncUnit> <Opcode : 'select'> <InPorts = 3> <OutPorts = 1>
ST_2 : Operation 51 [1/1] (0.00ns)   --->   "%zext_ln80 = zext i4 %select_ln80_1" [/home/changhong/prj/finn/deps/finn-hlslib/maxpool.h:80]   --->   Operation 51 'zext' 'zext_ln80' <Predicate = (!icmp_ln79)> <Delay = 0.00>
ST_2 : Operation 52 [1/1] (0.00ns)   --->   "%specpipeline_ln83 = specpipeline void @_ssdm_op_SpecPipeline, i32 1, i32 2, i32 0, i32 0, void @empty_1" [/home/changhong/prj/finn/deps/finn-hlslib/maxpool.h:83]   --->   Operation 52 'specpipeline' 'specpipeline_ln83' <Predicate = (!icmp_ln79)> <Delay = 0.00>
ST_2 : Operation 53 [1/1] (0.00ns)   --->   "%specloopname_ln81 = specloopname void @_ssdm_op_SpecLoopName, void @empty_4" [/home/changhong/prj/finn/deps/finn-hlslib/maxpool.h:81]   --->   Operation 53 'specloopname' 'specloopname_ln81' <Predicate = (!icmp_ln79)> <Delay = 0.00>
ST_2 : Operation 54 [1/1] (0.00ns)   --->   "%buf_V_addr = getelementptr i6 %buf_V, i64 0, i64 %zext_ln80"   --->   Operation 54 'getelementptr' 'buf_V_addr' <Predicate = (!icmp_ln79 & icmp_ln82_1)> <Delay = 0.00>
ST_2 : Operation 55 [2/2] (0.67ns)   --->   "%buf_V_load = load i4 %buf_V_addr"   --->   Operation 55 'load' 'buf_V_load' <Predicate = (!icmp_ln79 & icmp_ln82_1)> <Delay = 0.67> <CoreInst = "RAM">   --->   Core 83 'RAM' <Latency = 1> <II = 1> <Delay = 0.67> <Storage> <Opcode : 'load' 'store'> <Ports = 2> <Width = 6> <Depth = 14> <RAM>
ST_2 : Operation 56 [1/1] (0.42ns)   --->   "%store_ln80 = store i4 %select_ln80_1, i4 %xp" [/home/changhong/prj/finn/deps/finn-hlslib/maxpool.h:80]   --->   Operation 56 'store' 'store_ln80' <Predicate = (!icmp_ln79)> <Delay = 0.42>
ST_2 : Operation 57 [1/1] (0.00ns)   --->   "%br_ln0 = br void %for.inc21.i"   --->   Operation 57 'br' 'br_ln0' <Predicate = (!icmp_ln79)> <Delay = 0.00>

State 3 <SV = 2> <Delay = 1.70>
ST_3 : Operation 58 [1/2] (0.67ns)   --->   "%buf_V_load = load i4 %buf_V_addr"   --->   Operation 58 'load' 'buf_V_load' <Predicate = (!icmp_ln79 & icmp_ln82_1)> <Delay = 0.67> <CoreInst = "RAM">   --->   Core 83 'RAM' <Latency = 1> <II = 1> <Delay = 0.67> <Storage> <Opcode : 'load' 'store'> <Ports = 2> <Width = 6> <Depth = 14> <RAM>
ST_3 : Operation 59 [1/1] (0.35ns)   --->   "%or_ln858 = or i6 %buf_V_load, i6 %ret_V"   --->   Operation 59 'or' 'or_ln858' <Predicate = (!icmp_ln79 & icmp_ln82_1)> <Delay = 0.35> <CoreInst = "LogicGate">   --->   Core 74 'LogicGate' <Latency = 0> <II = 1> <Delay = 0.35> <FuncUnit> <Opcode : 'and' 'or' 'xor'> <InPorts = 2> <OutPorts = 1>
ST_3 : Operation 60 [1/1] (0.67ns)   --->   "%store_ln858 = store i6 %or_ln858, i4 %buf_V_addr"   --->   Operation 60 'store' 'store_ln858' <Predicate = (!icmp_ln79 & icmp_ln82_1)> <Delay = 0.67> <CoreInst = "RAM">   --->   Core 83 'RAM' <Latency = 1> <II = 1> <Delay = 0.67> <Storage> <Opcode : 'load' 'store'> <Ports = 2> <Width = 6> <Depth = 14> <RAM>
ST_3 : Operation 61 [1/1] (0.00ns)   --->   "%br_ln0 = br void %ifFalse"   --->   Operation 61 'br' 'br_ln0' <Predicate = (!icmp_ln79 & icmp_ln82_1)> <Delay = 0.00>
ST_3 : Operation 62 [1/1] (0.00ns)   --->   "%ret_ln0 = ret"   --->   Operation 62 'ret' 'ret_ln0' <Predicate = (icmp_ln79)> <Delay = 0.00>


============================================================
+ Verbose Summary: Binding
============================================================
STG Binding: 
---------------- STG Properties BEGIN ----------------
- Is combinational: 0
- Is one-state seq: 0
- Is datapath-only: 0
- Is pipelined: 0
- Is top level: 0
Port [ Return ] is wired: 1; IO mode=ap_ctrl_hs:ce=0
Port [ in0_V]:  wired=1; compound=1; hidden=0; nouse=0; global=0; static=0; extern=0; dir=0; type=0; pingpong=0; private_global=0; IO mode=axis:ce=0
Port [ buf_V]:  wired=1; compound=1; hidden=0; nouse=0; global=0; static=0; extern=0; dir=2; type=1; pingpong=0; private_global=0; MemPort=[01]; IO mode=ap_memory:ce=0
---------------- STG Properties END ------------------

---------------- Datapath Model BEGIN ----------------

<LifeTime>
<method=bitvector/>
lhs_V                 (alloca           ) [ 0100]
kx                    (alloca           ) [ 0100]
xp                    (alloca           ) [ 0110]
indvar_flatten        (alloca           ) [ 0100]
indvar_flatten14      (alloca           ) [ 0100]
specinterface_ln0     (specinterface    ) [ 0000]
store_ln0             (store            ) [ 0000]
store_ln0             (store            ) [ 0000]
store_ln0             (store            ) [ 0000]
store_ln0             (store            ) [ 0000]
store_ln0             (store            ) [ 0000]
br_ln0                (br               ) [ 0000]
indvar_flatten_load   (load             ) [ 0000]
indvar_flatten14_load (load             ) [ 0000]
icmp_ln79             (icmp             ) [ 0111]
add_ln79              (add              ) [ 0000]
br_ln79               (br               ) [ 0000]
lhs_V_load            (load             ) [ 0000]
kx_load               (load             ) [ 0000]
icmp_ln80             (icmp             ) [ 0110]
xor_ln79              (xor              ) [ 0000]
icmp_ln82             (icmp             ) [ 0000]
and_ln79              (and              ) [ 0110]
or_ln80               (or               ) [ 0000]
select_ln80           (select           ) [ 0000]
in0_V_read            (read             ) [ 0000]
rhs_V                 (trunc            ) [ 0000]
ret_V                 (or               ) [ 0111]
add_ln82              (add              ) [ 0000]
kx_1                  (select           ) [ 0000]
icmp_ln82_1           (icmp             ) [ 0111]
br_ln82               (br               ) [ 0000]
add_ln80_1            (add              ) [ 0000]
select_ln80_2         (select           ) [ 0000]
store_ln79            (store            ) [ 0000]
store_ln80            (store            ) [ 0000]
store_ln82            (store            ) [ 0000]
store_ln1498          (store            ) [ 0000]
xp_load               (load             ) [ 0000]
specloopname_ln0      (specloopname     ) [ 0000]
empty                 (speclooptripcount) [ 0000]
select_ln79           (select           ) [ 0000]
add_ln80              (add              ) [ 0000]
specloopname_ln0      (specloopname     ) [ 0000]
select_ln80_1         (select           ) [ 0000]
zext_ln80             (zext             ) [ 0000]
specpipeline_ln83     (specpipeline     ) [ 0000]
specloopname_ln81     (specloopname     ) [ 0000]
buf_V_addr            (getelementptr    ) [ 0101]
store_ln80            (store            ) [ 0000]
br_ln0                (br               ) [ 0000]
buf_V_load            (load             ) [ 0000]
or_ln858              (or               ) [ 0000]
store_ln858           (store            ) [ 0000]
br_ln0                (br               ) [ 0000]
ret_ln0               (ret              ) [ 0000]
</LifeTime>

<model>

<comp_list>
<comp id="0" class="1000" name="in0_V">
<pin_list>
<pin id="1" dir="1" index="0" bw="1" slack="0"/>
</pin_list>
<bind>
<StgValue><ssdm name="in0_V"/></StgValue>
</bind>
</comp>

<comp id="2" class="1000" name="buf_V">
<pin_list>
<pin id="3" dir="1" index="0" bw="1" slack="0"/>
</pin_list>
<bind>
<StgValue><ssdm name="buf_V"/><MemPortTyVec>0 1 </MemPortTyVec>
</StgValue>
</bind>
</comp>

<comp id="4" class="1001" name="const_4">
<pin_list>
<pin id="5" dir="1" index="0" bw="1" slack="0"/>
</pin_list>
<bind>
<StgValue><ssdm name=""/></StgValue>
</bind>
</comp>

<comp id="6" class="1001" name="const_6">
<pin_list>
<pin id="7" dir="1" index="0" bw="1" slack="2147483647"/>
</pin_list>
<bind>
<StgValue><ssdm name="_ssdm_op_SpecInterface"/></StgValue>
</bind>
</comp>

<comp id="8" class="1001" name="const_8">
<pin_list>
<pin id="9" dir="1" index="0" bw="1" slack="2147483647"/>
</pin_list>
<bind>
<StgValue><ssdm name="empty"/></StgValue>
</bind>
</comp>

<comp id="10" class="1001" name="const_10">
<pin_list>
<pin id="11" dir="1" index="0" bw="1" slack="2147483647"/>
</pin_list>
<bind>
<StgValue><ssdm name=""/></StgValue>
</bind>
</comp>

<comp id="12" class="1001" name="const_12">
<pin_list>
<pin id="13" dir="1" index="0" bw="1" slack="2147483647"/>
</pin_list>
<bind>
<StgValue><ssdm name="empty_0"/></StgValue>
</bind>
</comp>

<comp id="14" class="1001" name="const_14">
<pin_list>
<pin id="15" dir="1" index="0" bw="1" slack="2147483647"/>
</pin_list>
<bind>
<StgValue><ssdm name="empty_1"/></StgValue>
</bind>
</comp>

<comp id="16" class="1001" name="const_16">
<pin_list>
<pin id="17" dir="1" index="0" bw="1" slack="2147483647"/>
</pin_list>
<bind>
<StgValue><ssdm name=""/></StgValue>
</bind>
</comp>

<comp id="18" class="1001" name="const_18">
<pin_list>
<pin id="19" dir="1" index="0" bw="1" slack="0"/>
</pin_list>
<bind>
<StgValue><ssdm name=""/></StgValue>
</bind>
</comp>

<comp id="20" class="1001" name="const_20">
<pin_list>
<pin id="21" dir="1" index="0" bw="1" slack="0"/>
</pin_list>
<bind>
<StgValue><ssdm name=""/></StgValue>
</bind>
</comp>

<comp id="22" class="1001" name="const_22">
<pin_list>
<pin id="23" dir="1" index="0" bw="1" slack="0"/>
</pin_list>
<bind>
<StgValue><ssdm name=""/></StgValue>
</bind>
</comp>

<comp id="24" class="1001" name="const_24">
<pin_list>
<pin id="25" dir="1" index="0" bw="1" slack="0"/>
</pin_list>
<bind>
<StgValue><ssdm name=""/></StgValue>
</bind>
</comp>

<comp id="26" class="1001" name="const_26">
<pin_list>
<pin id="27" dir="1" index="0" bw="1" slack="0"/>
</pin_list>
<bind>
<StgValue><ssdm name=""/></StgValue>
</bind>
</comp>

<comp id="28" class="1001" name="const_28">
<pin_list>
<pin id="29" dir="1" index="0" bw="1" slack="0"/>
</pin_list>
<bind>
<StgValue><ssdm name=""/></StgValue>
</bind>
</comp>

<comp id="30" class="1001" name="const_30">
<pin_list>
<pin id="31" dir="1" index="0" bw="1" slack="0"/>
</pin_list>
<bind>
<StgValue><ssdm name=""/></StgValue>
</bind>
</comp>

<comp id="32" class="1001" name="const_32">
<pin_list>
<pin id="33" dir="1" index="0" bw="1" slack="0"/>
</pin_list>
<bind>
<StgValue><ssdm name=""/></StgValue>
</bind>
</comp>

<comp id="34" class="1001" name="const_34">
<pin_list>
<pin id="35" dir="1" index="0" bw="1" slack="0"/>
</pin_list>
<bind>
<StgValue><ssdm name="_ssdm_op_Read.axis.volatile.i8P128A"/></StgValue>
</bind>
</comp>

<comp id="36" class="1001" name="const_36">
<pin_list>
<pin id="37" dir="1" index="0" bw="1" slack="0"/>
</pin_list>
<bind>
<StgValue><ssdm name=""/></StgValue>
</bind>
</comp>

<comp id="38" class="1001" name="const_38">
<pin_list>
<pin id="39" dir="1" index="0" bw="1" slack="2147483647"/>
</pin_list>
<bind>
<StgValue><ssdm name="_ssdm_op_SpecLoopName"/></StgValue>
</bind>
</comp>

<comp id="40" class="1001" name="const_40">
<pin_list>
<pin id="41" dir="1" index="0" bw="1" slack="2147483647"/>
</pin_list>
<bind>
<StgValue><ssdm name="VITIS_LOOP_79_3_VITIS_LOOP_80_4_VITIS_LOOP_82_5_str"/></StgValue>
</bind>
</comp>

<comp id="42" class="1001" name="const_42">
<pin_list>
<pin id="43" dir="1" index="0" bw="1" slack="2147483647"/>
</pin_list>
<bind>
<StgValue><ssdm name="_ssdm_op_SpecLoopTripCount"/></StgValue>
</bind>
</comp>

<comp id="44" class="1001" name="const_44">
<pin_list>
<pin id="45" dir="1" index="0" bw="1" slack="2147483647"/>
</pin_list>
<bind>
<StgValue><ssdm name=""/></StgValue>
</bind>
</comp>

<comp id="46" class="1001" name="const_46">
<pin_list>
<pin id="47" dir="1" index="0" bw="1" slack="0"/>
</pin_list>
<bind>
<StgValue><ssdm name=""/></StgValue>
</bind>
</comp>

<comp id="48" class="1001" name="const_48">
<pin_list>
<pin id="49" dir="1" index="0" bw="1" slack="2147483647"/>
</pin_list>
<bind>
<StgValue><ssdm name="VITIS_LOOP_80_4_VITIS_LOOP_82_5_str"/></StgValue>
</bind>
</comp>

<comp id="50" class="1001" name="const_50">
<pin_list>
<pin id="51" dir="1" index="0" bw="1" slack="2147483647"/>
</pin_list>
<bind>
<StgValue><ssdm name="_ssdm_op_SpecPipeline"/></StgValue>
</bind>
</comp>

<comp id="52" class="1001" name="const_52">
<pin_list>
<pin id="53" dir="1" index="0" bw="1" slack="2147483647"/>
</pin_list>
<bind>
<StgValue><ssdm name=""/></StgValue>
</bind>
</comp>

<comp id="54" class="1001" name="const_54">
<pin_list>
<pin id="55" dir="1" index="0" bw="1" slack="2147483647"/>
</pin_list>
<bind>
<StgValue><ssdm name="empty_4"/></StgValue>
</bind>
</comp>

<comp id="56" class="1001" name="const_56">
<pin_list>
<pin id="57" dir="1" index="0" bw="1" slack="0"/>
</pin_list>
<bind>
<StgValue><ssdm name=""/></StgValue>
</bind>
</comp>

<comp id="58" class="1004" name="lhs_V_fu_58">
<pin_list>
<pin id="59" dir="0" index="0" bw="1" slack="0"/>
<pin id="60" dir="1" index="1" bw="6" slack="0"/>
</pin_list>
<bind>
<opcode="alloca(26) " fcode="alloca"/>
<opset="lhs_V/1 "/>
</bind>
</comp>

<comp id="62" class="1004" name="kx_fu_62">
<pin_list>
<pin id="63" dir="0" index="0" bw="1" slack="0"/>
<pin id="64" dir="1" index="1" bw="2" slack="0"/>
</pin_list>
<bind>
<opcode="alloca(26) " fcode="alloca"/>
<opset="kx/1 "/>
</bind>
</comp>

<comp id="66" class="1004" name="xp_fu_66">
<pin_list>
<pin id="67" dir="0" index="0" bw="1" slack="0"/>
<pin id="68" dir="1" index="1" bw="4" slack="0"/>
</pin_list>
<bind>
<opcode="alloca(26) " fcode="alloca"/>
<opset="xp/1 "/>
</bind>
</comp>

<comp id="70" class="1004" name="indvar_flatten_fu_70">
<pin_list>
<pin id="71" dir="0" index="0" bw="1" slack="0"/>
<pin id="72" dir="1" index="1" bw="6" slack="0"/>
</pin_list>
<bind>
<opcode="alloca(26) " fcode="alloca"/>
<opset="indvar_flatten/1 "/>
</bind>
</comp>

<comp id="74" class="1004" name="indvar_flatten14_fu_74">
<pin_list>
<pin id="75" dir="0" index="0" bw="1" slack="0"/>
<pin id="76" dir="1" index="1" bw="6" slack="0"/>
</pin_list>
<bind>
<opcode="alloca(26) " fcode="alloca"/>
<opset="indvar_flatten14/1 "/>
</bind>
</comp>

<comp id="78" class="1004" name="in0_V_read_read_fu_78">
<pin_list>
<pin id="79" dir="0" index="0" bw="8" slack="0"/>
<pin id="80" dir="0" index="1" bw="8" slack="0"/>
<pin id="81" dir="1" index="2" bw="8" slack="0"/>
</pin_list>
<bind>
<opcode="read(1150) " fcode="read"/>
<opset="in0_V_read/1 "/>
</bind>
</comp>

<comp id="84" class="1004" name="buf_V_addr_gep_fu_84">
<pin_list>
<pin id="85" dir="0" index="0" bw="6" slack="0"/>
<pin id="86" dir="0" index="1" bw="1" slack="0"/>
<pin id="87" dir="0" index="2" bw="4" slack="0"/>
<pin id="88" dir="1" index="3" bw="4" slack="0"/>
</pin_list>
<bind>
<opcode="getelementptr(29) " fcode="getelementptr"/>
<opset="buf_V_addr/2 "/>
</bind>
</comp>

<comp id="91" class="1004" name="grp_access_fu_91">
<pin_list>
<pin id="92" dir="0" index="0" bw="4" slack="1"/>
<pin id="93" dir="0" index="1" bw="6" slack="0"/>
<pin id="94" dir="0" index="2" bw="0" slack="0"/>
<pin id="96" dir="0" index="4" bw="4" slack="2147483647"/>
<pin id="97" dir="0" index="5" bw="6" slack="2147483647"/>
<pin id="98" dir="0" index="6" bw="0" slack="2147483647"/>
<pin id="95" dir="1" index="3" bw="6" slack="2147483647"/>
<pin id="99" dir="1" index="7" bw="6" slack="0"/>
</pin_list>
<bind>
<opcode="load(27) store(28) " fcode="store"/>
<opset="buf_V_load/2 store_ln858/3 "/>
</bind>
</comp>

<comp id="101" class="1004" name="store_ln0_store_fu_101">
<pin_list>
<pin id="102" dir="0" index="0" bw="1" slack="0"/>
<pin id="103" dir="0" index="1" bw="6" slack="0"/>
<pin id="104" dir="1" index="2" bw="0" slack="2147483647"/>
</pin_list>
<bind>
<opcode="store(28) " fcode="store"/>
<opset="store_ln0/1 "/>
</bind>
</comp>

<comp id="106" class="1004" name="store_ln0_store_fu_106">
<pin_list>
<pin id="107" dir="0" index="0" bw="1" slack="0"/>
<pin id="108" dir="0" index="1" bw="6" slack="0"/>
<pin id="109" dir="1" index="2" bw="0" slack="2147483647"/>
</pin_list>
<bind>
<opcode="store(28) " fcode="store"/>
<opset="store_ln0/1 "/>
</bind>
</comp>

<comp id="111" class="1004" name="store_ln0_store_fu_111">
<pin_list>
<pin id="112" dir="0" index="0" bw="1" slack="0"/>
<pin id="113" dir="0" index="1" bw="4" slack="0"/>
<pin id="114" dir="1" index="2" bw="0" slack="2147483647"/>
</pin_list>
<bind>
<opcode="store(28) " fcode="store"/>
<opset="store_ln0/1 "/>
</bind>
</comp>

<comp id="116" class="1004" name="store_ln0_store_fu_116">
<pin_list>
<pin id="117" dir="0" index="0" bw="1" slack="0"/>
<pin id="118" dir="0" index="1" bw="2" slack="0"/>
<pin id="119" dir="1" index="2" bw="0" slack="2147483647"/>
</pin_list>
<bind>
<opcode="store(28) " fcode="store"/>
<opset="store_ln0/1 "/>
</bind>
</comp>

<comp id="121" class="1004" name="store_ln0_store_fu_121">
<pin_list>
<pin id="122" dir="0" index="0" bw="1" slack="0"/>
<pin id="123" dir="0" index="1" bw="6" slack="0"/>
<pin id="124" dir="1" index="2" bw="0" slack="2147483647"/>
</pin_list>
<bind>
<opcode="store(28) " fcode="store"/>
<opset="store_ln0/1 "/>
</bind>
</comp>

<comp id="126" class="1004" name="indvar_flatten_load_load_fu_126">
<pin_list>
<pin id="127" dir="0" index="0" bw="6" slack="0"/>
<pin id="128" dir="1" index="1" bw="6" slack="0"/>
</pin_list>
<bind>
<opcode="load(27) " fcode="load"/>
<opset="indvar_flatten_load/1 "/>
</bind>
</comp>

<comp id="129" class="1004" name="indvar_flatten14_load_load_fu_129">
<pin_list>
<pin id="130" dir="0" index="0" bw="6" slack="0"/>
<pin id="131" dir="1" index="1" bw="6" slack="0"/>
</pin_list>
<bind>
<opcode="load(27) " fcode="load"/>
<opset="indvar_flatten14_load/1 "/>
</bind>
</comp>

<comp id="132" class="1004" name="icmp_ln79_fu_132">
<pin_list>
<pin id="133" dir="0" index="0" bw="6" slack="0"/>
<pin id="134" dir="0" index="1" bw="6" slack="0"/>
<pin id="135" dir="1" index="2" bw="1" slack="1"/>
</pin_list>
<bind>
<opcode="icmp(45) " fcode="icmp"/>
<opset="icmp_ln79/1 "/>
</bind>
</comp>

<comp id="138" class="1004" name="add_ln79_fu_138">
<pin_list>
<pin id="139" dir="0" index="0" bw="6" slack="0"/>
<pin id="140" dir="0" index="1" bw="1" slack="0"/>
<pin id="141" dir="1" index="2" bw="6" slack="0"/>
</pin_list>
<bind>
<opcode="add(8) " fcode="add"/>
<opset="add_ln79/1 "/>
</bind>
</comp>

<comp id="144" class="1004" name="lhs_V_load_load_fu_144">
<pin_list>
<pin id="145" dir="0" index="0" bw="6" slack="0"/>
<pin id="146" dir="1" index="1" bw="6" slack="0"/>
</pin_list>
<bind>
<opcode="load(27) " fcode="load"/>
<opset="lhs_V_load/1 "/>
</bind>
</comp>

<comp id="147" class="1004" name="kx_load_load_fu_147">
<pin_list>
<pin id="148" dir="0" index="0" bw="2" slack="0"/>
<pin id="149" dir="1" index="1" bw="2" slack="0"/>
</pin_list>
<bind>
<opcode="load(27) " fcode="load"/>
<opset="kx_load/1 "/>
</bind>
</comp>

<comp id="150" class="1004" name="icmp_ln80_fu_150">
<pin_list>
<pin id="151" dir="0" index="0" bw="6" slack="0"/>
<pin id="152" dir="0" index="1" bw="6" slack="0"/>
<pin id="153" dir="1" index="2" bw="1" slack="0"/>
</pin_list>
<bind>
<opcode="icmp(45) " fcode="icmp"/>
<opset="icmp_ln80/1 "/>
</bind>
</comp>

<comp id="156" class="1004" name="xor_ln79_fu_156">
<pin_list>
<pin id="157" dir="0" index="0" bw="1" slack="0"/>
<pin id="158" dir="0" index="1" bw="1" slack="0"/>
<pin id="159" dir="1" index="2" bw="1" slack="0"/>
</pin_list>
<bind>
<opcode="xor(25) " fcode="xor"/>
<opset="xor_ln79/1 "/>
</bind>
</comp>

<comp id="162" class="1004" name="icmp_ln82_fu_162">
<pin_list>
<pin id="163" dir="0" index="0" bw="2" slack="0"/>
<pin id="164" dir="0" index="1" bw="2" slack="0"/>
<pin id="165" dir="1" index="2" bw="1" slack="0"/>
</pin_list>
<bind>
<opcode="icmp(45) " fcode="icmp"/>
<opset="icmp_ln82/1 "/>
</bind>
</comp>

<comp id="168" class="1004" name="and_ln79_fu_168">
<pin_list>
<pin id="169" dir="0" index="0" bw="1" slack="0"/>
<pin id="170" dir="0" index="1" bw="1" slack="0"/>
<pin id="171" dir="1" index="2" bw="1" slack="0"/>
</pin_list>
<bind>
<opcode="and(23) " fcode="and"/>
<opset="and_ln79/1 "/>
</bind>
</comp>

<comp id="174" class="1004" name="or_ln80_fu_174">
<pin_list>
<pin id="175" dir="0" index="0" bw="1" slack="0"/>
<pin id="176" dir="0" index="1" bw="1" slack="0"/>
<pin id="177" dir="1" index="2" bw="1" slack="0"/>
</pin_list>
<bind>
<opcode="or(24) " fcode="or"/>
<opset="or_ln80/1 "/>
</bind>
</comp>

<comp id="180" class="1004" name="select_ln80_fu_180">
<pin_list>
<pin id="181" dir="0" index="0" bw="1" slack="0"/>
<pin id="182" dir="0" index="1" bw="6" slack="0"/>
<pin id="183" dir="0" index="2" bw="6" slack="0"/>
<pin id="184" dir="1" index="3" bw="6" slack="0"/>
</pin_list>
<bind>
<opcode="select(49) " fcode="select"/>
<opset="select_ln80/1 "/>
</bind>
</comp>

<comp id="188" class="1004" name="rhs_V_fu_188">
<pin_list>
<pin id="189" dir="0" index="0" bw="8" slack="0"/>
<pin id="190" dir="1" index="1" bw="6" slack="0"/>
</pin_list>
<bind>
<opcode="trunc(33) " fcode="trunc"/>
<opset="rhs_V/1 "/>
</bind>
</comp>

<comp id="192" class="1004" name="ret_V_fu_192">
<pin_list>
<pin id="193" dir="0" index="0" bw="6" slack="0"/>
<pin id="194" dir="0" index="1" bw="6" slack="0"/>
<pin id="195" dir="1" index="2" bw="6" slack="0"/>
</pin_list>
<bind>
<opcode="or(24) " fcode="or"/>
<opset="ret_V/1 "/>
</bind>
</comp>

<comp id="198" class="1004" name="add_ln82_fu_198">
<pin_list>
<pin id="199" dir="0" index="0" bw="2" slack="0"/>
<pin id="200" dir="0" index="1" bw="1" slack="0"/>
<pin id="201" dir="1" index="2" bw="2" slack="0"/>
</pin_list>
<bind>
<opcode="add(8) " fcode="add"/>
<opset="add_ln82/1 "/>
</bind>
</comp>

<comp id="204" class="1004" name="kx_1_fu_204">
<pin_list>
<pin id="205" dir="0" index="0" bw="1" slack="0"/>
<pin id="206" dir="0" index="1" bw="2" slack="0"/>
<pin id="207" dir="0" index="2" bw="2" slack="0"/>
<pin id="208" dir="1" index="3" bw="2" slack="0"/>
</pin_list>
<bind>
<opcode="select(49) " fcode="select"/>
<opset="kx_1/1 "/>
</bind>
</comp>

<comp id="212" class="1004" name="icmp_ln82_1_fu_212">
<pin_list>
<pin id="213" dir="0" index="0" bw="2" slack="0"/>
<pin id="214" dir="0" index="1" bw="2" slack="0"/>
<pin id="215" dir="1" index="2" bw="1" slack="1"/>
</pin_list>
<bind>
<opcode="icmp(45) " fcode="icmp"/>
<opset="icmp_ln82_1/1 "/>
</bind>
</comp>

<comp id="218" class="1004" name="add_ln80_1_fu_218">
<pin_list>
<pin id="219" dir="0" index="0" bw="6" slack="0"/>
<pin id="220" dir="0" index="1" bw="1" slack="0"/>
<pin id="221" dir="1" index="2" bw="6" slack="0"/>
</pin_list>
<bind>
<opcode="add(8) " fcode="add"/>
<opset="add_ln80_1/1 "/>
</bind>
</comp>

<comp id="224" class="1004" name="select_ln80_2_fu_224">
<pin_list>
<pin id="225" dir="0" index="0" bw="1" slack="0"/>
<pin id="226" dir="0" index="1" bw="6" slack="0"/>
<pin id="227" dir="0" index="2" bw="6" slack="0"/>
<pin id="228" dir="1" index="3" bw="6" slack="0"/>
</pin_list>
<bind>
<opcode="select(49) " fcode="select"/>
<opset="select_ln80_2/1 "/>
</bind>
</comp>

<comp id="232" class="1004" name="store_ln79_store_fu_232">
<pin_list>
<pin id="233" dir="0" index="0" bw="6" slack="0"/>
<pin id="234" dir="0" index="1" bw="6" slack="0"/>
<pin id="235" dir="1" index="2" bw="0" slack="2147483647"/>
</pin_list>
<bind>
<opcode="store(28) " fcode="store"/>
<opset="store_ln79/1 "/>
</bind>
</comp>

<comp id="237" class="1004" name="store_ln80_store_fu_237">
<pin_list>
<pin id="238" dir="0" index="0" bw="6" slack="0"/>
<pin id="239" dir="0" index="1" bw="6" slack="0"/>
<pin id="240" dir="1" index="2" bw="0" slack="2147483647"/>
</pin_list>
<bind>
<opcode="store(28) " fcode="store"/>
<opset="store_ln80/1 "/>
</bind>
</comp>

<comp id="242" class="1004" name="store_ln82_store_fu_242">
<pin_list>
<pin id="243" dir="0" index="0" bw="2" slack="0"/>
<pin id="244" dir="0" index="1" bw="2" slack="0"/>
<pin id="245" dir="1" index="2" bw="0" slack="2147483647"/>
</pin_list>
<bind>
<opcode="store(28) " fcode="store"/>
<opset="store_ln82/1 "/>
</bind>
</comp>

<comp id="247" class="1004" name="store_ln1498_store_fu_247">
<pin_list>
<pin id="248" dir="0" index="0" bw="6" slack="0"/>
<pin id="249" dir="0" index="1" bw="6" slack="0"/>
<pin id="250" dir="1" index="2" bw="0" slack="2147483647"/>
</pin_list>
<bind>
<opcode="store(28) " fcode="store"/>
<opset="store_ln1498/1 "/>
</bind>
</comp>

<comp id="252" class="1004" name="xp_load_load_fu_252">
<pin_list>
<pin id="253" dir="0" index="0" bw="4" slack="1"/>
<pin id="254" dir="1" index="1" bw="4" slack="0"/>
</pin_list>
<bind>
<opcode="load(27) " fcode="load"/>
<opset="xp_load/2 "/>
</bind>
</comp>

<comp id="255" class="1004" name="select_ln79_fu_255">
<pin_list>
<pin id="256" dir="0" index="0" bw="1" slack="1"/>
<pin id="257" dir="0" index="1" bw="4" slack="0"/>
<pin id="258" dir="0" index="2" bw="4" slack="0"/>
<pin id="259" dir="1" index="3" bw="4" slack="0"/>
</pin_list>
<bind>
<opcode="select(49) " fcode="select"/>
<opset="select_ln79/2 "/>
</bind>
</comp>

<comp id="262" class="1004" name="add_ln80_fu_262">
<pin_list>
<pin id="263" dir="0" index="0" bw="4" slack="0"/>
<pin id="264" dir="0" index="1" bw="1" slack="0"/>
<pin id="265" dir="1" index="2" bw="4" slack="0"/>
</pin_list>
<bind>
<opcode="add(8) " fcode="add"/>
<opset="add_ln80/2 "/>
</bind>
</comp>

<comp id="268" class="1004" name="select_ln80_1_fu_268">
<pin_list>
<pin id="269" dir="0" index="0" bw="1" slack="1"/>
<pin id="270" dir="0" index="1" bw="4" slack="0"/>
<pin id="271" dir="0" index="2" bw="4" slack="0"/>
<pin id="272" dir="1" index="3" bw="4" slack="0"/>
</pin_list>
<bind>
<opcode="select(49) " fcode="select"/>
<opset="select_ln80_1/2 "/>
</bind>
</comp>

<comp id="275" class="1004" name="zext_ln80_fu_275">
<pin_list>
<pin id="276" dir="0" index="0" bw="4" slack="0"/>
<pin id="277" dir="1" index="1" bw="64" slack="0"/>
</pin_list>
<bind>
<opcode="zext(34) " fcode="zext"/>
<opset="zext_ln80/2 "/>
</bind>
</comp>

<comp id="280" class="1004" name="store_ln80_store_fu_280">
<pin_list>
<pin id="281" dir="0" index="0" bw="4" slack="0"/>
<pin id="282" dir="0" index="1" bw="4" slack="1"/>
<pin id="283" dir="1" index="2" bw="0" slack="2147483647"/>
</pin_list>
<bind>
<opcode="store(28) " fcode="store"/>
<opset="store_ln80/2 "/>
</bind>
</comp>

<comp id="285" class="1004" name="or_ln858_fu_285">
<pin_list>
<pin id="286" dir="0" index="0" bw="6" slack="0"/>
<pin id="287" dir="0" index="1" bw="6" slack="2"/>
<pin id="288" dir="1" index="2" bw="6" slack="0"/>
</pin_list>
<bind>
<opcode="or(24) " fcode="or"/>
<opset="or_ln858/3 "/>
</bind>
</comp>

<comp id="291" class="1005" name="lhs_V_reg_291">
<pin_list>
<pin id="292" dir="0" index="0" bw="6" slack="0"/>
<pin id="293" dir="1" index="1" bw="6" slack="0"/>
</pin_list>
<bind>
<opset="lhs_V "/>
</bind>
</comp>

<comp id="298" class="1005" name="kx_reg_298">
<pin_list>
<pin id="299" dir="0" index="0" bw="2" slack="0"/>
<pin id="300" dir="1" index="1" bw="2" slack="0"/>
</pin_list>
<bind>
<opset="kx "/>
</bind>
</comp>

<comp id="305" class="1005" name="xp_reg_305">
<pin_list>
<pin id="306" dir="0" index="0" bw="4" slack="0"/>
<pin id="307" dir="1" index="1" bw="4" slack="0"/>
</pin_list>
<bind>
<opset="xp "/>
</bind>
</comp>

<comp id="312" class="1005" name="indvar_flatten_reg_312">
<pin_list>
<pin id="313" dir="0" index="0" bw="6" slack="0"/>
<pin id="314" dir="1" index="1" bw="6" slack="0"/>
</pin_list>
<bind>
<opset="indvar_flatten "/>
</bind>
</comp>

<comp id="319" class="1005" name="indvar_flatten14_reg_319">
<pin_list>
<pin id="320" dir="0" index="0" bw="6" slack="0"/>
<pin id="321" dir="1" index="1" bw="6" slack="0"/>
</pin_list>
<bind>
<opset="indvar_flatten14 "/>
</bind>
</comp>

<comp id="326" class="1005" name="icmp_ln79_reg_326">
<pin_list>
<pin id="327" dir="0" index="0" bw="1" slack="1"/>
<pin id="328" dir="1" index="1" bw="1" slack="2147483647"/>
</pin_list>
<bind>
<opset="icmp_ln79 "/>
</bind>
</comp>

<comp id="330" class="1005" name="icmp_ln80_reg_330">
<pin_list>
<pin id="331" dir="0" index="0" bw="1" slack="1"/>
<pin id="332" dir="1" index="1" bw="1" slack="1"/>
</pin_list>
<bind>
<opset="icmp_ln80 "/>
</bind>
</comp>

<comp id="335" class="1005" name="and_ln79_reg_335">
<pin_list>
<pin id="336" dir="0" index="0" bw="1" slack="1"/>
<pin id="337" dir="1" index="1" bw="1" slack="1"/>
</pin_list>
<bind>
<opset="and_ln79 "/>
</bind>
</comp>

<comp id="340" class="1005" name="ret_V_reg_340">
<pin_list>
<pin id="341" dir="0" index="0" bw="6" slack="2"/>
<pin id="342" dir="1" index="1" bw="6" slack="2"/>
</pin_list>
<bind>
<opset="ret_V "/>
</bind>
</comp>

<comp id="345" class="1005" name="icmp_ln82_1_reg_345">
<pin_list>
<pin id="346" dir="0" index="0" bw="1" slack="1"/>
<pin id="347" dir="1" index="1" bw="1" slack="2147483647"/>
</pin_list>
<bind>
<opset="icmp_ln82_1 "/>
</bind>
</comp>

<comp id="349" class="1005" name="buf_V_addr_reg_349">
<pin_list>
<pin id="350" dir="0" index="0" bw="4" slack="1"/>
<pin id="351" dir="1" index="1" bw="4" slack="1"/>
</pin_list>
<bind>
<opset="buf_V_addr "/>
</bind>
</comp>

</comp_list>

<net_list>
<net id="61"><net_src comp="4" pin="0"/><net_sink comp="58" pin=0"/></net>

<net id="65"><net_src comp="4" pin="0"/><net_sink comp="62" pin=0"/></net>

<net id="69"><net_src comp="4" pin="0"/><net_sink comp="66" pin=0"/></net>

<net id="73"><net_src comp="4" pin="0"/><net_sink comp="70" pin=0"/></net>

<net id="77"><net_src comp="4" pin="0"/><net_sink comp="74" pin=0"/></net>

<net id="82"><net_src comp="34" pin="0"/><net_sink comp="78" pin=0"/></net>

<net id="83"><net_src comp="0" pin="0"/><net_sink comp="78" pin=1"/></net>

<net id="89"><net_src comp="2" pin="0"/><net_sink comp="84" pin=0"/></net>

<net id="90"><net_src comp="56" pin="0"/><net_sink comp="84" pin=1"/></net>

<net id="100"><net_src comp="84" pin="3"/><net_sink comp="91" pin=2"/></net>

<net id="105"><net_src comp="18" pin="0"/><net_sink comp="101" pin=0"/></net>

<net id="110"><net_src comp="18" pin="0"/><net_sink comp="106" pin=0"/></net>

<net id="115"><net_src comp="20" pin="0"/><net_sink comp="111" pin=0"/></net>

<net id="120"><net_src comp="22" pin="0"/><net_sink comp="116" pin=0"/></net>

<net id="125"><net_src comp="18" pin="0"/><net_sink comp="121" pin=0"/></net>

<net id="136"><net_src comp="129" pin="1"/><net_sink comp="132" pin=0"/></net>

<net id="137"><net_src comp="24" pin="0"/><net_sink comp="132" pin=1"/></net>

<net id="142"><net_src comp="129" pin="1"/><net_sink comp="138" pin=0"/></net>

<net id="143"><net_src comp="26" pin="0"/><net_sink comp="138" pin=1"/></net>

<net id="154"><net_src comp="126" pin="1"/><net_sink comp="150" pin=0"/></net>

<net id="155"><net_src comp="28" pin="0"/><net_sink comp="150" pin=1"/></net>

<net id="160"><net_src comp="150" pin="2"/><net_sink comp="156" pin=0"/></net>

<net id="161"><net_src comp="30" pin="0"/><net_sink comp="156" pin=1"/></net>

<net id="166"><net_src comp="147" pin="1"/><net_sink comp="162" pin=0"/></net>

<net id="167"><net_src comp="32" pin="0"/><net_sink comp="162" pin=1"/></net>

<net id="172"><net_src comp="162" pin="2"/><net_sink comp="168" pin=0"/></net>

<net id="173"><net_src comp="156" pin="2"/><net_sink comp="168" pin=1"/></net>

<net id="178"><net_src comp="168" pin="2"/><net_sink comp="174" pin=0"/></net>

<net id="179"><net_src comp="150" pin="2"/><net_sink comp="174" pin=1"/></net>

<net id="185"><net_src comp="174" pin="2"/><net_sink comp="180" pin=0"/></net>

<net id="186"><net_src comp="18" pin="0"/><net_sink comp="180" pin=1"/></net>

<net id="187"><net_src comp="144" pin="1"/><net_sink comp="180" pin=2"/></net>

<net id="191"><net_src comp="78" pin="2"/><net_sink comp="188" pin=0"/></net>

<net id="196"><net_src comp="188" pin="1"/><net_sink comp="192" pin=0"/></net>

<net id="197"><net_src comp="180" pin="3"/><net_sink comp="192" pin=1"/></net>

<net id="202"><net_src comp="147" pin="1"/><net_sink comp="198" pin=0"/></net>

<net id="203"><net_src comp="36" pin="0"/><net_sink comp="198" pin=1"/></net>

<net id="209"><net_src comp="174" pin="2"/><net_sink comp="204" pin=0"/></net>

<net id="210"><net_src comp="36" pin="0"/><net_sink comp="204" pin=1"/></net>

<net id="211"><net_src comp="198" pin="2"/><net_sink comp="204" pin=2"/></net>

<net id="216"><net_src comp="204" pin="3"/><net_sink comp="212" pin=0"/></net>

<net id="217"><net_src comp="32" pin="0"/><net_sink comp="212" pin=1"/></net>

<net id="222"><net_src comp="126" pin="1"/><net_sink comp="218" pin=0"/></net>

<net id="223"><net_src comp="26" pin="0"/><net_sink comp="218" pin=1"/></net>

<net id="229"><net_src comp="150" pin="2"/><net_sink comp="224" pin=0"/></net>

<net id="230"><net_src comp="26" pin="0"/><net_sink comp="224" pin=1"/></net>

<net id="231"><net_src comp="218" pin="2"/><net_sink comp="224" pin=2"/></net>

<net id="236"><net_src comp="138" pin="2"/><net_sink comp="232" pin=0"/></net>

<net id="241"><net_src comp="224" pin="3"/><net_sink comp="237" pin=0"/></net>

<net id="246"><net_src comp="204" pin="3"/><net_sink comp="242" pin=0"/></net>

<net id="251"><net_src comp="192" pin="2"/><net_sink comp="247" pin=0"/></net>

<net id="260"><net_src comp="20" pin="0"/><net_sink comp="255" pin=1"/></net>

<net id="261"><net_src comp="252" pin="1"/><net_sink comp="255" pin=2"/></net>

<net id="266"><net_src comp="255" pin="3"/><net_sink comp="262" pin=0"/></net>

<net id="267"><net_src comp="46" pin="0"/><net_sink comp="262" pin=1"/></net>

<net id="273"><net_src comp="262" pin="2"/><net_sink comp="268" pin=1"/></net>

<net id="274"><net_src comp="255" pin="3"/><net_sink comp="268" pin=2"/></net>

<net id="278"><net_src comp="268" pin="3"/><net_sink comp="275" pin=0"/></net>

<net id="279"><net_src comp="275" pin="1"/><net_sink comp="84" pin=2"/></net>

<net id="284"><net_src comp="268" pin="3"/><net_sink comp="280" pin=0"/></net>

<net id="289"><net_src comp="91" pin="7"/><net_sink comp="285" pin=0"/></net>

<net id="290"><net_src comp="285" pin="2"/><net_sink comp="91" pin=1"/></net>

<net id="294"><net_src comp="58" pin="1"/><net_sink comp="291" pin=0"/></net>

<net id="295"><net_src comp="291" pin="1"/><net_sink comp="121" pin=1"/></net>

<net id="296"><net_src comp="291" pin="1"/><net_sink comp="144" pin=0"/></net>

<net id="297"><net_src comp="291" pin="1"/><net_sink comp="247" pin=1"/></net>

<net id="301"><net_src comp="62" pin="1"/><net_sink comp="298" pin=0"/></net>

<net id="302"><net_src comp="298" pin="1"/><net_sink comp="116" pin=1"/></net>

<net id="303"><net_src comp="298" pin="1"/><net_sink comp="147" pin=0"/></net>

<net id="304"><net_src comp="298" pin="1"/><net_sink comp="242" pin=1"/></net>

<net id="308"><net_src comp="66" pin="1"/><net_sink comp="305" pin=0"/></net>

<net id="309"><net_src comp="305" pin="1"/><net_sink comp="111" pin=1"/></net>

<net id="310"><net_src comp="305" pin="1"/><net_sink comp="252" pin=0"/></net>

<net id="311"><net_src comp="305" pin="1"/><net_sink comp="280" pin=1"/></net>

<net id="315"><net_src comp="70" pin="1"/><net_sink comp="312" pin=0"/></net>

<net id="316"><net_src comp="312" pin="1"/><net_sink comp="106" pin=1"/></net>

<net id="317"><net_src comp="312" pin="1"/><net_sink comp="126" pin=0"/></net>

<net id="318"><net_src comp="312" pin="1"/><net_sink comp="237" pin=1"/></net>

<net id="322"><net_src comp="74" pin="1"/><net_sink comp="319" pin=0"/></net>

<net id="323"><net_src comp="319" pin="1"/><net_sink comp="101" pin=1"/></net>

<net id="324"><net_src comp="319" pin="1"/><net_sink comp="129" pin=0"/></net>

<net id="325"><net_src comp="319" pin="1"/><net_sink comp="232" pin=1"/></net>

<net id="329"><net_src comp="132" pin="2"/><net_sink comp="326" pin=0"/></net>

<net id="333"><net_src comp="150" pin="2"/><net_sink comp="330" pin=0"/></net>

<net id="334"><net_src comp="330" pin="1"/><net_sink comp="255" pin=0"/></net>

<net id="338"><net_src comp="168" pin="2"/><net_sink comp="335" pin=0"/></net>

<net id="339"><net_src comp="335" pin="1"/><net_sink comp="268" pin=0"/></net>

<net id="343"><net_src comp="192" pin="2"/><net_sink comp="340" pin=0"/></net>

<net id="344"><net_src comp="340" pin="1"/><net_sink comp="285" pin=1"/></net>

<net id="348"><net_src comp="212" pin="2"/><net_sink comp="345" pin=0"/></net>

<net id="352"><net_src comp="84" pin="3"/><net_sink comp="349" pin=0"/></net>

<net id="353"><net_src comp="349" pin="1"/><net_sink comp="91" pin=2"/></net>

<net id="354"><net_src comp="349" pin="1"/><net_sink comp="91" pin=0"/></net>

</net_list>

</model> 
---------------- Datapath Model END ------------------

* FSMD analyzer results:
  - Output states:
	Port: in0_V | {}
	Port: buf_V | {3 }
 - Input state : 
	Port: StreamingMaxPool_hls_0_Pipeline_VITIS_LOOP_79_3_VITIS_LOOP_80_4_VITIS_LOOP_82_5 : in0_V | {1 }
	Port: StreamingMaxPool_hls_0_Pipeline_VITIS_LOOP_79_3_VITIS_LOOP_80_4_VITIS_LOOP_82_5 : buf_V | {2 3 }
  - Chain level:
	State 1
		store_ln0 : 1
		store_ln0 : 1
		store_ln0 : 1
		store_ln0 : 1
		store_ln0 : 1
		indvar_flatten_load : 1
		indvar_flatten14_load : 1
		icmp_ln79 : 2
		add_ln79 : 2
		br_ln79 : 3
		lhs_V_load : 1
		kx_load : 1
		icmp_ln80 : 2
		xor_ln79 : 3
		icmp_ln82 : 2
		and_ln79 : 3
		or_ln80 : 3
		select_ln80 : 3
		ret_V : 4
		add_ln82 : 2
		kx_1 : 3
		icmp_ln82_1 : 4
		br_ln82 : 5
		add_ln80_1 : 2
		select_ln80_2 : 3
		store_ln79 : 3
		store_ln80 : 4
		store_ln82 : 4
		store_ln1498 : 4
	State 2
		select_ln79 : 1
		add_ln80 : 2
		select_ln80_1 : 3
		zext_ln80 : 4
		buf_V_addr : 5
		buf_V_load : 6
		store_ln80 : 4
	State 3
		or_ln858 : 1
		store_ln858 : 1


============================================================
+ Verbose Summary: Datapath Resource usage 
============================================================

* Functional unit list:
|----------|-----------------------|---------|---------|
| Operation|    Functional Unit    |    FF   |   LUT   |
|----------|-----------------------|---------|---------|
|          |    add_ln79_fu_138    |    0    |    13   |
|    add   |    add_ln82_fu_198    |    0    |    9    |
|          |   add_ln80_1_fu_218   |    0    |    13   |
|          |    add_ln80_fu_262    |    0    |    12   |
|----------|-----------------------|---------|---------|
|          |    icmp_ln79_fu_132   |    0    |    10   |
|   icmp   |    icmp_ln80_fu_150   |    0    |    10   |
|          |    icmp_ln82_fu_162   |    0    |    8    |
|          |   icmp_ln82_1_fu_212  |    0    |    8    |
|----------|-----------------------|---------|---------|
|          |   select_ln80_fu_180  |    0    |    6    |
|          |      kx_1_fu_204      |    0    |    2    |
|  select  |  select_ln80_2_fu_224 |    0    |    6    |
|          |   select_ln79_fu_255  |    0    |    4    |
|          |  select_ln80_1_fu_268 |    0    |    4    |
|----------|-----------------------|---------|---------|
|          |     or_ln80_fu_174    |    0    |    2    |
|    or    |      ret_V_fu_192     |    0    |    6    |
|          |    or_ln858_fu_285    |    0    |    6    |
|----------|-----------------------|---------|---------|
|    xor   |    xor_ln79_fu_156    |    0    |    2    |
|----------|-----------------------|---------|---------|
|    and   |    and_ln79_fu_168    |    0    |    2    |
|----------|-----------------------|---------|---------|
|   read   | in0_V_read_read_fu_78 |    0    |    0    |
|----------|-----------------------|---------|---------|
|   trunc  |      rhs_V_fu_188     |    0    |    0    |
|----------|-----------------------|---------|---------|
|   zext   |    zext_ln80_fu_275   |    0    |    0    |
|----------|-----------------------|---------|---------|
|   Total  |                       |    0    |   123   |
|----------|-----------------------|---------|---------|

Memories:
N/A

* Register list:
+------------------------+--------+
|                        |   FF   |
+------------------------+--------+
|    and_ln79_reg_335    |    1   |
|   buf_V_addr_reg_349   |    4   |
|    icmp_ln79_reg_326   |    1   |
|    icmp_ln80_reg_330   |    1   |
|   icmp_ln82_1_reg_345  |    1   |
|indvar_flatten14_reg_319|    6   |
| indvar_flatten_reg_312 |    6   |
|       kx_reg_298       |    2   |
|      lhs_V_reg_291     |    6   |
|      ret_V_reg_340     |    6   |
|       xp_reg_305       |    4   |
+------------------------+--------+
|          Total         |   38   |
+------------------------+--------+

* Multiplexer (MUX) list: 
|------------------|------|------|------|--------||---------||---------|
|       Comp       |  Pin | Size |  BW  | S x BW ||  Delay  ||   LUT   |
|------------------|------|------|------|--------||---------||---------|
| grp_access_fu_91 |  p2  |   2  |   0  |    0   ||    9    |
|------------------|------|------|------|--------||---------||---------|
|       Total      |      |      |      |    0   ||  0.427  ||    9    |
|------------------|------|------|------|--------||---------||---------|



* Summary:
+-----------+--------+--------+--------+
|           |  Delay |   FF   |   LUT  |
+-----------+--------+--------+--------+
|  Function |    -   |    0   |   123  |
|   Memory  |    -   |    -   |    -   |
|Multiplexer|    0   |    -   |    9   |
|  Register |    -   |   38   |    -   |
+-----------+--------+--------+--------+
|   Total   |    0   |   38   |   132  |
+-----------+--------+--------+--------+
