

================================================================
== Vitis HLS Report for 'StreamingMaxPool_hls_0'
================================================================
* Date:           Sun Jun 22 17:09:06 2025

* Version:        2022.2 (Build 3670227 on Oct 13 2022)
* Project:        project_StreamingMaxPool_hls_0
* Solution:       sol1 (Vivado IP Flow Target)
* Product family: zynquplus
* Target device:  xczu7ev-ffvc1156-2-e


================================================================
== Performance Estimates
================================================================
+ Timing: 
    * Summary: 
    +--------+----------+----------+------------+
    |  Clock |  Target  | Estimated| Uncertainty|
    +--------+----------+----------+------------+
    |ap_clk  |  10.00 ns|  2.256 ns|     2.70 ns|
    +--------+----------+----------+------------+

+ Latency: 
    * Summary: 
    +---------+---------+-----------+-----------+------+------+---------+
    |  Latency (cycles) |   Latency (absolute)  |   Interval  | Pipeline|
    |   min   |   max   |    min    |    max    |  min |  max |   Type  |
    +---------+---------+-----------+-----------+------+------+---------+
    |     1128|     1128|  11.280 us|  11.280 us|  1129|  1129|       no|
    +---------+---------+-----------+-----------+------+------+---------+

    + Detail: 
        * Instance: 
        N/A

        * Loop: 
        +-------------------+---------+---------+----------+-----------+-----------+------+----------+
        |                   |  Latency (cycles) | Iteration|  Initiation Interval  | Trip |          |
        |     Loop Name     |   min   |   max   |  Latency |  achieved |   target  | Count| Pipelined|
        +-------------------+---------+---------+----------+-----------+-----------+------+----------+
        |- VITIS_LOOP_78_2  |     1120|     1120|        80|          -|          -|    14|        no|
        +-------------------+---------+---------+----------+-----------+-----------+------+----------+

============================================================
+ Verbose Summary: Synthesis Manager
============================================================
InlineROM: 1
ExposeGlobal: 0
============================================================
+ Verbose Summary: CDFG Model
============================================================
IsTopModel: 1
ResetActiveHigh: 1
IsCombinational: 0
IsDatapathOnly: 0
HasWiredReturn: 1
HasMFsm: 0
HasVarLatency: 1
IsPipeline: 0
IsRtlPipelined: 0
IsInstanceOverlapped: 0
IsDontTouch: 0
HasImplIP: 0
IsGatedGlobalClock: 0


============================================================
+ Verbose Summary: Schedule
============================================================
* Number of FSM states : 13
* Pipeline : 0
* Dataflow Pipeline: 0

* FSM state transitions: 
1 --> 2 
2 --> 3 
3 --> 4 
4 --> 5 
5 --> 6 
6 --> 7 
7 --> 8 
8 --> 9 13 
9 --> 10 
10 --> 11 
11 --> 12 
12 --> 8 
13 --> 

* FSM state operations: 

State 1 <SV = 0> <Delay = 0.67>
ST_1 : Operation 14 [1/1] (0.00ns)   --->   "%yp = alloca i32 1"   --->   Operation 14 'alloca' 'yp' <Predicate = true> <Delay = 0.00>
ST_1 : Operation 15 [1/1] (0.00ns)   --->   "%buf_V = alloca i64 1" [/home/changhong/prj/finn/deps/finn-hlslib/maxpool.h:72]   --->   Operation 15 'alloca' 'buf_V' <Predicate = true> <Delay = 0.00> <CoreInst = "RAM">   --->   Core 83 'RAM' <Latency = 1> <II = 1> <Delay = 0.67> <Storage> <Opcode : 'load' 'store'> <Ports = 2> <Width = 6> <Depth = 14> <RAM>
ST_1 : Operation 16 [1/1] (0.00ns)   --->   "%buf_V_addr = getelementptr i6 %buf_V, i64 0, i64 0" [/home/changhong/prj/finn/deps/finn-hlslib/maxpool.h:75]   --->   Operation 16 'getelementptr' 'buf_V_addr' <Predicate = true> <Delay = 0.00>
ST_1 : Operation 17 [1/1] (0.67ns)   --->   "%store_ln75 = store i6 0, i4 %buf_V_addr" [/home/changhong/prj/finn/deps/finn-hlslib/maxpool.h:75]   --->   Operation 17 'store' 'store_ln75' <Predicate = true> <Delay = 0.67> <CoreInst = "RAM">   --->   Core 83 'RAM' <Latency = 1> <II = 1> <Delay = 0.67> <Storage> <Opcode : 'load' 'store'> <Ports = 2> <Width = 6> <Depth = 14> <RAM>
ST_1 : Operation 18 [1/1] (0.00ns)   --->   "%buf_V_addr_1 = getelementptr i6 %buf_V, i64 0, i64 1" [/home/changhong/prj/finn/deps/finn-hlslib/maxpool.h:75]   --->   Operation 18 'getelementptr' 'buf_V_addr_1' <Predicate = true> <Delay = 0.00>
ST_1 : Operation 19 [1/1] (0.67ns)   --->   "%store_ln75 = store i6 0, i4 %buf_V_addr_1" [/home/changhong/prj/finn/deps/finn-hlslib/maxpool.h:75]   --->   Operation 19 'store' 'store_ln75' <Predicate = true> <Delay = 0.67> <CoreInst = "RAM">   --->   Core 83 'RAM' <Latency = 1> <II = 1> <Delay = 0.67> <Storage> <Opcode : 'load' 'store'> <Ports = 2> <Width = 6> <Depth = 14> <RAM>
ST_1 : Operation 20 [1/1] (0.42ns)   --->   "%store_ln78 = store i4 0, i4 %yp" [/home/changhong/prj/finn/deps/finn-hlslib/maxpool.h:78]   --->   Operation 20 'store' 'store_ln78' <Predicate = true> <Delay = 0.42>

State 2 <SV = 1> <Delay = 0.67>
ST_2 : Operation 21 [1/1] (0.00ns)   --->   "%buf_V_addr_2 = getelementptr i6 %buf_V, i64 0, i64 2" [/home/changhong/prj/finn/deps/finn-hlslib/maxpool.h:75]   --->   Operation 21 'getelementptr' 'buf_V_addr_2' <Predicate = true> <Delay = 0.00>
ST_2 : Operation 22 [1/1] (0.67ns)   --->   "%store_ln75 = store i6 0, i4 %buf_V_addr_2" [/home/changhong/prj/finn/deps/finn-hlslib/maxpool.h:75]   --->   Operation 22 'store' 'store_ln75' <Predicate = true> <Delay = 0.67> <CoreInst = "RAM">   --->   Core 83 'RAM' <Latency = 1> <II = 1> <Delay = 0.67> <Storage> <Opcode : 'load' 'store'> <Ports = 2> <Width = 6> <Depth = 14> <RAM>
ST_2 : Operation 23 [1/1] (0.00ns)   --->   "%buf_V_addr_3 = getelementptr i6 %buf_V, i64 0, i64 3" [/home/changhong/prj/finn/deps/finn-hlslib/maxpool.h:75]   --->   Operation 23 'getelementptr' 'buf_V_addr_3' <Predicate = true> <Delay = 0.00>
ST_2 : Operation 24 [1/1] (0.67ns)   --->   "%store_ln75 = store i6 0, i4 %buf_V_addr_3" [/home/changhong/prj/finn/deps/finn-hlslib/maxpool.h:75]   --->   Operation 24 'store' 'store_ln75' <Predicate = true> <Delay = 0.67> <CoreInst = "RAM">   --->   Core 83 'RAM' <Latency = 1> <II = 1> <Delay = 0.67> <Storage> <Opcode : 'load' 'store'> <Ports = 2> <Width = 6> <Depth = 14> <RAM>

State 3 <SV = 2> <Delay = 0.67>
ST_3 : Operation 25 [1/1] (0.00ns)   --->   "%buf_V_addr_4 = getelementptr i6 %buf_V, i64 0, i64 4" [/home/changhong/prj/finn/deps/finn-hlslib/maxpool.h:75]   --->   Operation 25 'getelementptr' 'buf_V_addr_4' <Predicate = true> <Delay = 0.00>
ST_3 : Operation 26 [1/1] (0.67ns)   --->   "%store_ln75 = store i6 0, i4 %buf_V_addr_4" [/home/changhong/prj/finn/deps/finn-hlslib/maxpool.h:75]   --->   Operation 26 'store' 'store_ln75' <Predicate = true> <Delay = 0.67> <CoreInst = "RAM">   --->   Core 83 'RAM' <Latency = 1> <II = 1> <Delay = 0.67> <Storage> <Opcode : 'load' 'store'> <Ports = 2> <Width = 6> <Depth = 14> <RAM>
ST_3 : Operation 27 [1/1] (0.00ns)   --->   "%buf_V_addr_5 = getelementptr i6 %buf_V, i64 0, i64 5" [/home/changhong/prj/finn/deps/finn-hlslib/maxpool.h:75]   --->   Operation 27 'getelementptr' 'buf_V_addr_5' <Predicate = true> <Delay = 0.00>
ST_3 : Operation 28 [1/1] (0.67ns)   --->   "%store_ln75 = store i6 0, i4 %buf_V_addr_5" [/home/changhong/prj/finn/deps/finn-hlslib/maxpool.h:75]   --->   Operation 28 'store' 'store_ln75' <Predicate = true> <Delay = 0.67> <CoreInst = "RAM">   --->   Core 83 'RAM' <Latency = 1> <II = 1> <Delay = 0.67> <Storage> <Opcode : 'load' 'store'> <Ports = 2> <Width = 6> <Depth = 14> <RAM>

State 4 <SV = 3> <Delay = 0.67>
ST_4 : Operation 29 [1/1] (0.00ns)   --->   "%buf_V_addr_6 = getelementptr i6 %buf_V, i64 0, i64 6" [/home/changhong/prj/finn/deps/finn-hlslib/maxpool.h:75]   --->   Operation 29 'getelementptr' 'buf_V_addr_6' <Predicate = true> <Delay = 0.00>
ST_4 : Operation 30 [1/1] (0.67ns)   --->   "%store_ln75 = store i6 0, i4 %buf_V_addr_6" [/home/changhong/prj/finn/deps/finn-hlslib/maxpool.h:75]   --->   Operation 30 'store' 'store_ln75' <Predicate = true> <Delay = 0.67> <CoreInst = "RAM">   --->   Core 83 'RAM' <Latency = 1> <II = 1> <Delay = 0.67> <Storage> <Opcode : 'load' 'store'> <Ports = 2> <Width = 6> <Depth = 14> <RAM>
ST_4 : Operation 31 [1/1] (0.00ns)   --->   "%buf_V_addr_7 = getelementptr i6 %buf_V, i64 0, i64 7" [/home/changhong/prj/finn/deps/finn-hlslib/maxpool.h:75]   --->   Operation 31 'getelementptr' 'buf_V_addr_7' <Predicate = true> <Delay = 0.00>
ST_4 : Operation 32 [1/1] (0.67ns)   --->   "%store_ln75 = store i6 0, i4 %buf_V_addr_7" [/home/changhong/prj/finn/deps/finn-hlslib/maxpool.h:75]   --->   Operation 32 'store' 'store_ln75' <Predicate = true> <Delay = 0.67> <CoreInst = "RAM">   --->   Core 83 'RAM' <Latency = 1> <II = 1> <Delay = 0.67> <Storage> <Opcode : 'load' 'store'> <Ports = 2> <Width = 6> <Depth = 14> <RAM>

State 5 <SV = 4> <Delay = 0.67>
ST_5 : Operation 33 [1/1] (0.00ns)   --->   "%buf_V_addr_8 = getelementptr i6 %buf_V, i64 0, i64 8" [/home/changhong/prj/finn/deps/finn-hlslib/maxpool.h:75]   --->   Operation 33 'getelementptr' 'buf_V_addr_8' <Predicate = true> <Delay = 0.00>
ST_5 : Operation 34 [1/1] (0.67ns)   --->   "%store_ln75 = store i6 0, i4 %buf_V_addr_8" [/home/changhong/prj/finn/deps/finn-hlslib/maxpool.h:75]   --->   Operation 34 'store' 'store_ln75' <Predicate = true> <Delay = 0.67> <CoreInst = "RAM">   --->   Core 83 'RAM' <Latency = 1> <II = 1> <Delay = 0.67> <Storage> <Opcode : 'load' 'store'> <Ports = 2> <Width = 6> <Depth = 14> <RAM>
ST_5 : Operation 35 [1/1] (0.00ns)   --->   "%buf_V_addr_9 = getelementptr i6 %buf_V, i64 0, i64 9" [/home/changhong/prj/finn/deps/finn-hlslib/maxpool.h:75]   --->   Operation 35 'getelementptr' 'buf_V_addr_9' <Predicate = true> <Delay = 0.00>
ST_5 : Operation 36 [1/1] (0.67ns)   --->   "%store_ln75 = store i6 0, i4 %buf_V_addr_9" [/home/changhong/prj/finn/deps/finn-hlslib/maxpool.h:75]   --->   Operation 36 'store' 'store_ln75' <Predicate = true> <Delay = 0.67> <CoreInst = "RAM">   --->   Core 83 'RAM' <Latency = 1> <II = 1> <Delay = 0.67> <Storage> <Opcode : 'load' 'store'> <Ports = 2> <Width = 6> <Depth = 14> <RAM>

State 6 <SV = 5> <Delay = 0.67>
ST_6 : Operation 37 [1/1] (0.00ns)   --->   "%buf_V_addr_10 = getelementptr i6 %buf_V, i64 0, i64 10" [/home/changhong/prj/finn/deps/finn-hlslib/maxpool.h:75]   --->   Operation 37 'getelementptr' 'buf_V_addr_10' <Predicate = true> <Delay = 0.00>
ST_6 : Operation 38 [1/1] (0.67ns)   --->   "%store_ln75 = store i6 0, i4 %buf_V_addr_10" [/home/changhong/prj/finn/deps/finn-hlslib/maxpool.h:75]   --->   Operation 38 'store' 'store_ln75' <Predicate = true> <Delay = 0.67> <CoreInst = "RAM">   --->   Core 83 'RAM' <Latency = 1> <II = 1> <Delay = 0.67> <Storage> <Opcode : 'load' 'store'> <Ports = 2> <Width = 6> <Depth = 14> <RAM>
ST_6 : Operation 39 [1/1] (0.00ns)   --->   "%buf_V_addr_11 = getelementptr i6 %buf_V, i64 0, i64 11" [/home/changhong/prj/finn/deps/finn-hlslib/maxpool.h:75]   --->   Operation 39 'getelementptr' 'buf_V_addr_11' <Predicate = true> <Delay = 0.00>
ST_6 : Operation 40 [1/1] (0.67ns)   --->   "%store_ln75 = store i6 0, i4 %buf_V_addr_11" [/home/changhong/prj/finn/deps/finn-hlslib/maxpool.h:75]   --->   Operation 40 'store' 'store_ln75' <Predicate = true> <Delay = 0.67> <CoreInst = "RAM">   --->   Core 83 'RAM' <Latency = 1> <II = 1> <Delay = 0.67> <Storage> <Opcode : 'load' 'store'> <Ports = 2> <Width = 6> <Depth = 14> <RAM>

State 7 <SV = 6> <Delay = 0.67>
ST_7 : Operation 41 [1/1] (0.00ns)   --->   "%spectopmodule_ln16 = spectopmodule void @_ssdm_op_SpecTopModule, void @empty_2" [/home/changhong/prj/finn/notebooks/EF-US-Engine-Free-Unstructured-Sparsity-Design-Alleviates-Accelerator-Bottlenecks/casestudy1/LeNet_MNIST_BNN/build/auto/home/changhong/prj/finn/notebooks/EF-US-Engine-Free-Unstructured-Sparsity-Design-Alleviates-Accelerator-Bottlenecks/casestudy1/LeNet_MNIST_BNN/tmp/auto/code_gen_ipgen_StreamingMaxPool_hls_0_5330x67j/top_StreamingMaxPool_hls_0.cpp:16]   --->   Operation 41 'spectopmodule' 'spectopmodule_ln16' <Predicate = true> <Delay = 0.00>
ST_7 : Operation 42 [1/1] (0.00ns)   --->   "%specinterface_ln16 = specinterface void @_ssdm_op_SpecInterface, i32 0, void @empty_3, i32 0, i32 0, void @empty_1, i32 0, i32 0, void @empty_1, void @empty_1, void @empty_1, i32 0, i32 0, i32 0, i32 0, void @empty_1, void @empty_1, i32 4294967295, i32 0" [/home/changhong/prj/finn/notebooks/EF-US-Engine-Free-Unstructured-Sparsity-Design-Alleviates-Accelerator-Bottlenecks/casestudy1/LeNet_MNIST_BNN/build/auto/home/changhong/prj/finn/notebooks/EF-US-Engine-Free-Unstructured-Sparsity-Design-Alleviates-Accelerator-Bottlenecks/casestudy1/LeNet_MNIST_BNN/tmp/auto/code_gen_ipgen_StreamingMaxPool_hls_0_5330x67j/top_StreamingMaxPool_hls_0.cpp:16]   --->   Operation 42 'specinterface' 'specinterface_ln16' <Predicate = true> <Delay = 0.00>
ST_7 : Operation 43 [1/1] (0.00ns)   --->   "%specinterface_ln0 = specinterface void @_ssdm_op_SpecInterface, i8 %in0_V, void @empty, i32 1, i32 1, void @empty_0, i32 0, i32 0, void @empty_1, void @empty_1, void @empty_1, i32 0, i32 0, i32 0, i32 0, void @empty_1, void @empty_1, i32 4294967295, i32 0"   --->   Operation 43 'specinterface' 'specinterface_ln0' <Predicate = true> <Delay = 0.00>
ST_7 : Operation 44 [1/1] (0.00ns)   --->   "%specbitsmap_ln0 = specbitsmap void @_ssdm_op_SpecBitsMap, i8 %in0_V"   --->   Operation 44 'specbitsmap' 'specbitsmap_ln0' <Predicate = true> <Delay = 0.00>
ST_7 : Operation 45 [1/1] (0.00ns)   --->   "%specinterface_ln0 = specinterface void @_ssdm_op_SpecInterface, i8 %out0_V, void @empty, i32 1, i32 1, void @empty_0, i32 0, i32 0, void @empty_1, void @empty_1, void @empty_1, i32 0, i32 0, i32 0, i32 0, void @empty_1, void @empty_1, i32 4294967295, i32 0"   --->   Operation 45 'specinterface' 'specinterface_ln0' <Predicate = true> <Delay = 0.00>
ST_7 : Operation 46 [1/1] (0.00ns)   --->   "%specbitsmap_ln0 = specbitsmap void @_ssdm_op_SpecBitsMap, i8 %out0_V"   --->   Operation 46 'specbitsmap' 'specbitsmap_ln0' <Predicate = true> <Delay = 0.00>
ST_7 : Operation 47 [1/1] (0.00ns)   --->   "%buf_V_addr_12 = getelementptr i6 %buf_V, i64 0, i64 12" [/home/changhong/prj/finn/deps/finn-hlslib/maxpool.h:75]   --->   Operation 47 'getelementptr' 'buf_V_addr_12' <Predicate = true> <Delay = 0.00>
ST_7 : Operation 48 [1/1] (0.67ns)   --->   "%store_ln75 = store i6 0, i4 %buf_V_addr_12" [/home/changhong/prj/finn/deps/finn-hlslib/maxpool.h:75]   --->   Operation 48 'store' 'store_ln75' <Predicate = true> <Delay = 0.67> <CoreInst = "RAM">   --->   Core 83 'RAM' <Latency = 1> <II = 1> <Delay = 0.67> <Storage> <Opcode : 'load' 'store'> <Ports = 2> <Width = 6> <Depth = 14> <RAM>
ST_7 : Operation 49 [1/1] (0.00ns)   --->   "%buf_V_addr_13 = getelementptr i6 %buf_V, i64 0, i64 13" [/home/changhong/prj/finn/deps/finn-hlslib/maxpool.h:75]   --->   Operation 49 'getelementptr' 'buf_V_addr_13' <Predicate = true> <Delay = 0.00>
ST_7 : Operation 50 [1/1] (0.67ns)   --->   "%store_ln75 = store i6 0, i4 %buf_V_addr_13" [/home/changhong/prj/finn/deps/finn-hlslib/maxpool.h:75]   --->   Operation 50 'store' 'store_ln75' <Predicate = true> <Delay = 0.67> <CoreInst = "RAM">   --->   Core 83 'RAM' <Latency = 1> <II = 1> <Delay = 0.67> <Storage> <Opcode : 'load' 'store'> <Ports = 2> <Width = 6> <Depth = 14> <RAM>
ST_7 : Operation 51 [1/1] (0.00ns)   --->   "%br_ln78 = br void %VITIS_LOOP_79_3.i" [/home/changhong/prj/finn/deps/finn-hlslib/maxpool.h:78]   --->   Operation 51 'br' 'br_ln78' <Predicate = true> <Delay = 0.00>

State 8 <SV = 7> <Delay = 1.53>
ST_8 : Operation 52 [1/1] (0.00ns)   --->   "%yp_1 = load i4 %yp" [/home/changhong/prj/finn/deps/finn-hlslib/maxpool.h:78]   --->   Operation 52 'load' 'yp_1' <Predicate = true> <Delay = 0.00>
ST_8 : Operation 53 [1/1] (0.72ns)   --->   "%icmp_ln78 = icmp_eq  i4 %yp_1, i4 14" [/home/changhong/prj/finn/deps/finn-hlslib/maxpool.h:78]   --->   Operation 53 'icmp' 'icmp_ln78' <Predicate = true> <Delay = 0.72> <CoreInst = "Cmp">   --->   Core 9 'Cmp' <Latency = 0> <II = 1> <Delay = 0.72> <FuncUnit> <Opcode : 'icmp'> <InPorts = 2> <OutPorts = 1>
ST_8 : Operation 54 [1/1] (0.00ns)   --->   "%empty = speclooptripcount i32 @_ssdm_op_SpecLoopTripCount, i64 14, i64 14, i64 14"   --->   Operation 54 'speclooptripcount' 'empty' <Predicate = true> <Delay = 0.00>
ST_8 : Operation 55 [1/1] (0.79ns)   --->   "%yp_2 = add i4 %yp_1, i4 1" [/home/changhong/prj/finn/deps/finn-hlslib/maxpool.h:78]   --->   Operation 55 'add' 'yp_2' <Predicate = true> <Delay = 0.79> <CoreInst = "Adder">   --->   Core 1 'Adder' <Latency = 0> <II = 1> <Delay = 0.79> <FuncUnit> <Opcode : 'add' 'sub'> <InPorts = 2> <OutPorts = 1>
ST_8 : Operation 56 [1/1] (0.00ns)   --->   "%br_ln78 = br i1 %icmp_ln78, void %VITIS_LOOP_79_3.i.split, void %_Z16StreamingMaxPoolILj28ELj2ELj6EEvRN3hls6streamI7ap_uintIXT1_EELi0EEES5_.exit" [/home/changhong/prj/finn/deps/finn-hlslib/maxpool.h:78]   --->   Operation 56 'br' 'br_ln78' <Predicate = true> <Delay = 0.00>
ST_8 : Operation 57 [1/1] (0.00ns)   --->   "%empty_10 = wait i32 @_ssdm_op_Wait"   --->   Operation 57 'wait' 'empty_10' <Predicate = (!icmp_ln78)> <Delay = 0.00>
ST_8 : Operation 58 [2/2] (0.81ns)   --->   "%call_ln0 = call void @StreamingMaxPool_hls_0_Pipeline_VITIS_LOOP_79_3_VITIS_LOOP_80_4_VITIS_LOOP_82_5, i8 %in0_V, i6 %buf_V"   --->   Operation 58 'call' 'call_ln0' <Predicate = (!icmp_ln78)> <Delay = 0.81> <CoreType = "Generic">   --->   Core 0 '' <Latency = 0> <II = 1> <Delay = 1.00> <Generic> <Opcode : >
ST_8 : Operation 59 [1/1] (0.42ns)   --->   "%store_ln78 = store i4 %yp_2, i4 %yp" [/home/changhong/prj/finn/deps/finn-hlslib/maxpool.h:78]   --->   Operation 59 'store' 'store_ln78' <Predicate = (!icmp_ln78)> <Delay = 0.42>

State 9 <SV = 8> <Delay = 0.00>
ST_9 : Operation 60 [1/2] (0.00ns)   --->   "%call_ln0 = call void @StreamingMaxPool_hls_0_Pipeline_VITIS_LOOP_79_3_VITIS_LOOP_80_4_VITIS_LOOP_82_5, i8 %in0_V, i6 %buf_V"   --->   Operation 60 'call' 'call_ln0' <Predicate = true> <Delay = 0.00> <CoreType = "Generic">   --->   Core 0 '' <Latency = 0> <II = 1> <Delay = 1.00> <Generic> <Opcode : >

State 10 <SV = 9> <Delay = 0.00>
ST_10 : Operation 61 [1/1] (0.00ns)   --->   "%empty_11 = wait i32 @_ssdm_op_Wait"   --->   Operation 61 'wait' 'empty_11' <Predicate = true> <Delay = 0.00>

State 11 <SV = 10> <Delay = 0.00>
ST_11 : Operation 62 [1/1] (0.00ns)   --->   "%empty_12 = wait i32 @_ssdm_op_Wait"   --->   Operation 62 'wait' 'empty_12' <Predicate = true> <Delay = 0.00>
ST_11 : Operation 63 [2/2] (0.00ns)   --->   "%call_ln0 = call void @StreamingMaxPool_hls_0_Pipeline_VITIS_LOOP_90_6, i6 %buf_V, i8 %out0_V"   --->   Operation 63 'call' 'call_ln0' <Predicate = true> <Delay = 0.00> <CoreType = "Generic">   --->   Core 0 '' <Latency = 0> <II = 1> <Delay = 1.00> <Generic> <Opcode : >

State 12 <SV = 11> <Delay = 0.67>
ST_12 : Operation 64 [1/1] (0.00ns)   --->   "%specloopname_ln78 = specloopname void @_ssdm_op_SpecLoopName, void @empty_6" [/home/changhong/prj/finn/deps/finn-hlslib/maxpool.h:78]   --->   Operation 64 'specloopname' 'specloopname_ln78' <Predicate = true> <Delay = 0.00>
ST_12 : Operation 65 [1/2] (0.67ns)   --->   "%call_ln0 = call void @StreamingMaxPool_hls_0_Pipeline_VITIS_LOOP_90_6, i6 %buf_V, i8 %out0_V"   --->   Operation 65 'call' 'call_ln0' <Predicate = true> <Delay = 0.67> <CoreType = "Generic">   --->   Core 0 '' <Latency = 0> <II = 1> <Delay = 1.00> <Generic> <Opcode : >
ST_12 : Operation 66 [1/1] (0.00ns)   --->   "%br_ln78 = br void %VITIS_LOOP_79_3.i" [/home/changhong/prj/finn/deps/finn-hlslib/maxpool.h:78]   --->   Operation 66 'br' 'br_ln78' <Predicate = true> <Delay = 0.00>

State 13 <SV = 12> <Delay = 0.00>
ST_13 : Operation 67 [1/1] (0.00ns)   --->   "%ret_ln22 = ret" [/home/changhong/prj/finn/notebooks/EF-US-Engine-Free-Unstructured-Sparsity-Design-Alleviates-Accelerator-Bottlenecks/casestudy1/LeNet_MNIST_BNN/build/auto/home/changhong/prj/finn/notebooks/EF-US-Engine-Free-Unstructured-Sparsity-Design-Alleviates-Accelerator-Bottlenecks/casestudy1/LeNet_MNIST_BNN/tmp/auto/code_gen_ipgen_StreamingMaxPool_hls_0_5330x67j/top_StreamingMaxPool_hls_0.cpp:22]   --->   Operation 67 'ret' 'ret_ln22' <Predicate = true> <Delay = 0.00>


============================================================
+ Verbose Summary: Timing violations
============================================================
Target clock period: 10ns, clock uncertainty: 2.7ns.

 <State 1>: 0.677ns
The critical path consists of the following:
	'alloca' operation ('buf.V', /home/changhong/prj/finn/deps/finn-hlslib/maxpool.h:72) [10]  (0 ns)
	'getelementptr' operation ('buf_V_addr', /home/changhong/prj/finn/deps/finn-hlslib/maxpool.h:75) [11]  (0 ns)
	'store' operation ('store_ln75', /home/changhong/prj/finn/deps/finn-hlslib/maxpool.h:75) of constant 0 on array 'buf.V', /home/changhong/prj/finn/deps/finn-hlslib/maxpool.h:72 [12]  (0.677 ns)

 <State 2>: 0.677ns
The critical path consists of the following:
	'getelementptr' operation ('buf_V_addr_2', /home/changhong/prj/finn/deps/finn-hlslib/maxpool.h:75) [15]  (0 ns)
	'store' operation ('store_ln75', /home/changhong/prj/finn/deps/finn-hlslib/maxpool.h:75) of constant 0 on array 'buf.V', /home/changhong/prj/finn/deps/finn-hlslib/maxpool.h:72 [16]  (0.677 ns)

 <State 3>: 0.677ns
The critical path consists of the following:
	'getelementptr' operation ('buf_V_addr_4', /home/changhong/prj/finn/deps/finn-hlslib/maxpool.h:75) [19]  (0 ns)
	'store' operation ('store_ln75', /home/changhong/prj/finn/deps/finn-hlslib/maxpool.h:75) of constant 0 on array 'buf.V', /home/changhong/prj/finn/deps/finn-hlslib/maxpool.h:72 [20]  (0.677 ns)

 <State 4>: 0.677ns
The critical path consists of the following:
	'getelementptr' operation ('buf_V_addr_6', /home/changhong/prj/finn/deps/finn-hlslib/maxpool.h:75) [23]  (0 ns)
	'store' operation ('store_ln75', /home/changhong/prj/finn/deps/finn-hlslib/maxpool.h:75) of constant 0 on array 'buf.V', /home/changhong/prj/finn/deps/finn-hlslib/maxpool.h:72 [24]  (0.677 ns)

 <State 5>: 0.677ns
The critical path consists of the following:
	'getelementptr' operation ('buf_V_addr_8', /home/changhong/prj/finn/deps/finn-hlslib/maxpool.h:75) [27]  (0 ns)
	'store' operation ('store_ln75', /home/changhong/prj/finn/deps/finn-hlslib/maxpool.h:75) of constant 0 on array 'buf.V', /home/changhong/prj/finn/deps/finn-hlslib/maxpool.h:72 [28]  (0.677 ns)

 <State 6>: 0.677ns
The critical path consists of the following:
	'getelementptr' operation ('buf_V_addr_10', /home/changhong/prj/finn/deps/finn-hlslib/maxpool.h:75) [31]  (0 ns)
	'store' operation ('store_ln75', /home/changhong/prj/finn/deps/finn-hlslib/maxpool.h:75) of constant 0 on array 'buf.V', /home/changhong/prj/finn/deps/finn-hlslib/maxpool.h:72 [32]  (0.677 ns)

 <State 7>: 0.677ns
The critical path consists of the following:
	'getelementptr' operation ('buf_V_addr_12', /home/changhong/prj/finn/deps/finn-hlslib/maxpool.h:75) [35]  (0 ns)
	'store' operation ('store_ln75', /home/changhong/prj/finn/deps/finn-hlslib/maxpool.h:75) of constant 0 on array 'buf.V', /home/changhong/prj/finn/deps/finn-hlslib/maxpool.h:72 [36]  (0.677 ns)

 <State 8>: 1.53ns
The critical path consists of the following:
	'load' operation ('yp', /home/changhong/prj/finn/deps/finn-hlslib/maxpool.h:78) on local variable 'yp' [42]  (0 ns)
	'add' operation ('yp', /home/changhong/prj/finn/deps/finn-hlslib/maxpool.h:78) [45]  (0.797 ns)
	'store' operation ('store_ln78', /home/changhong/prj/finn/deps/finn-hlslib/maxpool.h:78) of variable 'yp', /home/changhong/prj/finn/deps/finn-hlslib/maxpool.h:78 on local variable 'yp' [54]  (0.427 ns)
	blocking operation 0.308 ns on control path)

 <State 9>: 0ns
The critical path consists of the following:

 <State 10>: 0ns
The critical path consists of the following:

 <State 11>: 0ns
The critical path consists of the following:

 <State 12>: 0.677ns
The critical path consists of the following:
	'call' operation ('call_ln0') to 'StreamingMaxPool_hls_0_Pipeline_VITIS_LOOP_90_6' [53]  (0.677 ns)

 <State 13>: 0ns
The critical path consists of the following:


============================================================
+ Verbose Summary: Binding
============================================================
N/A
* FSMD analyzer results:
  - Output states:
 - Input state : 
  - Chain level:
	State 1
	State 2
	State 3
	State 4
	State 5
	State 6
	State 7
	State 8
	State 9
	State 10
	State 11
	State 12
	State 13


============================================================
+ Verbose Summary: Datapath Resource usage 
============================================================
N/A
