

================================================================
== Vitis HLS Report for 'StreamingMaxPool_hls_0_Pipeline_VITIS_LOOP_79_3_VITIS_LOOP_80_4_VITIS_LOOP_82_5'
================================================================
* Date:           Sun Jun 22 17:19:01 2025

* Version:        2022.2 (Build 3670227 on Oct 13 2022)
* Project:        project_StreamingMaxPool_hls_0
* Solution:       sol1 (Vivado IP Flow Target)
* Product family: zynquplus
* Target device:  xczu7ev-ffvc1156-2-e


================================================================
== Performance Estimates
================================================================
+ Timing: 
    * Summary: 
    +--------+----------+----------+------------+
    |  Clock |  Target  | Estimated| Uncertainty|
    +--------+----------+----------+------------+
    |ap_clk  |  10.00 ns|  2.256 ns|     2.70 ns|
    +--------+----------+----------+------------+

+ Latency: 
    * Summary: 
    +---------+---------+----------+----------+-----+-----+---------+
    |  Latency (cycles) |  Latency (absolute) |  Interval | Pipeline|
    |   min   |   max   |    min   |    max   | min | max |   Type  |
    +---------+---------+----------+----------+-----+-----+---------+
    |       59|       59|  0.590 us|  0.590 us|   59|   59|       no|
    +---------+---------+----------+----------+-----+-----+---------+

    + Detail: 
        * Instance: 
        N/A

        * Loop: 
        +---------------------------------------------------+---------+---------+----------+-----------+-----------+------+----------+
        |                                                   |  Latency (cycles) | Iteration|  Initiation Interval  | Trip |          |
        |                     Loop Name                     |   min   |   max   |  Latency |  achieved |   target  | Count| Pipelined|
        +---------------------------------------------------+---------+---------+----------+-----------+-----------+------+----------+
        |- VITIS_LOOP_79_3_VITIS_LOOP_80_4_VITIS_LOOP_82_5  |       57|       57|         3|          1|          1|    56|  yes(flp)|
        +---------------------------------------------------+---------+---------+----------+-----------+-----------+------+----------+



================================================================
== Utilization Estimates
================================================================
* Summary: 
+-----------------+---------+------+--------+--------+-----+
|       Name      | BRAM_18K|  DSP |   FF   |   LUT  | URAM|
+-----------------+---------+------+--------+--------+-----+
|DSP              |        -|     -|       -|       -|    -|
|Expression       |        -|     -|       0|     127|    -|
|FIFO             |        -|     -|       -|       -|    -|
|Instance         |        -|     -|       -|       -|    -|
|Memory           |        -|     -|       -|       -|    -|
|Multiplexer      |        -|     -|       -|     136|    -|
|Register         |        -|     -|      54|       -|    -|
+-----------------+---------+------+--------+--------+-----+
|Total            |        0|     0|      54|     263|    0|
+-----------------+---------+------+--------+--------+-----+
|Available        |      624|  1728|  460800|  230400|   96|
+-----------------+---------+------+--------+--------+-----+
|Utilization (%)  |        0|     0|      ~0|      ~0|    0|
+-----------------+---------+------+--------+--------+-----+

+ Detail: 
    * Instance: 
    N/A

    * DSP: 
    N/A

    * Memory: 
    N/A

    * FIFO: 
    N/A

    * Expression: 
    +----------------------------------+----------+----+---+----+------------+------------+
    |           Variable Name          | Operation| DSP| FF| LUT| Bitwidth P0| Bitwidth P1|
    +----------------------------------+----------+----+---+----+------------+------------+
    |add_ln79_fu_138_p2                |         +|   0|  0|  13|           6|           1|
    |add_ln80_1_fu_218_p2              |         +|   0|  0|  13|           6|           1|
    |add_ln80_fu_262_p2                |         +|   0|  0|  12|           4|           1|
    |add_ln82_fu_198_p2                |         +|   0|  0|   9|           2|           1|
    |and_ln79_fu_168_p2                |       and|   0|  0|   2|           1|           1|
    |ap_condition_280                  |       and|   0|  0|   2|           1|           1|
    |icmp_ln79_fu_132_p2               |      icmp|   0|  0|  10|           6|           5|
    |icmp_ln80_fu_150_p2               |      icmp|   0|  0|  10|           6|           5|
    |icmp_ln82_1_fu_212_p2             |      icmp|   0|  0|   8|           2|           3|
    |icmp_ln82_fu_162_p2               |      icmp|   0|  0|   8|           2|           3|
    |ap_block_state1_pp0_stage0_iter0  |        or|   0|  0|   2|           1|           1|
    |buf_V_d0                          |        or|   0|  0|   6|           6|           6|
    |or_ln80_fu_174_p2                 |        or|   0|  0|   2|           1|           1|
    |ret_V_fu_192_p2                   |        or|   0|  0|   6|           6|           6|
    |kx_1_fu_204_p3                    |    select|   0|  0|   2|           1|           1|
    |select_ln79_fu_255_p3             |    select|   0|  0|   4|           1|           1|
    |select_ln80_1_fu_268_p3           |    select|   0|  0|   4|           1|           4|
    |select_ln80_2_fu_224_p3           |    select|   0|  0|   6|           1|           1|
    |select_ln80_fu_180_p3             |    select|   0|  0|   6|           1|           1|
    |xor_ln79_fu_156_p2                |       xor|   0|  0|   2|           1|           2|
    +----------------------------------+----------+----+---+----+------------+------------+
    |Total                             |          |   0|  0| 127|          56|          46|
    +----------------------------------+----------+----+---+----+------------+------------+

    * Multiplexer: 
    +----------------------------------------+----+-----------+-----+-----------+
    |                  Name                  | LUT| Input Size| Bits| Total Bits|
    +----------------------------------------+----+-----------+-----+-----------+
    |ap_NS_iter1_fsm                         |  14|          3|    2|          6|
    |ap_NS_iter2_fsm                         |  14|          3|    2|          6|
    |ap_done_int                             |   9|          2|    1|          2|
    |ap_loop_exit_ready_pp0_iter2_reg        |   9|          2|    1|          2|
    |ap_sig_allocacmp_indvar_flatten14_load  |   9|          2|    6|         12|
    |ap_sig_allocacmp_indvar_flatten_load    |   9|          2|    6|         12|
    |ap_sig_allocacmp_kx_load                |   9|          2|    2|          4|
    |ap_sig_allocacmp_lhs_V_load             |   9|          2|    6|         12|
    |in0_V_TDATA_blk_n                       |   9|          2|    1|          2|
    |indvar_flatten14_fu_74                  |   9|          2|    6|         12|
    |indvar_flatten_fu_70                    |   9|          2|    6|         12|
    |kx_fu_62                                |   9|          2|    2|          4|
    |lhs_V_fu_58                             |   9|          2|    6|         12|
    |xp_fu_66                                |   9|          2|    4|          8|
    +----------------------------------------+----+-----------+-----+-----------+
    |Total                                   | 136|         30|   51|        106|
    +----------------------------------------+----+-----------+-----+-----------+

    * Register: 
    +-----------------------------------+---+----+-----+-----------+
    |                Name               | FF| LUT| Bits| Const Bits|
    +-----------------------------------+---+----+-----+-----------+
    |and_ln79_reg_335                   |  1|   0|    1|          0|
    |ap_CS_iter0_fsm                    |  1|   0|    1|          0|
    |ap_CS_iter1_fsm                    |  2|   0|    2|          0|
    |ap_CS_iter2_fsm                    |  2|   0|    2|          0|
    |ap_done_reg                        |  1|   0|    1|          0|
    |ap_loop_exit_ready_pp0_iter1_reg   |  1|   0|    1|          0|
    |ap_loop_exit_ready_pp0_iter2_reg   |  1|   0|    1|          0|
    |buf_V_addr_reg_349                 |  4|   0|    4|          0|
    |icmp_ln79_reg_326                  |  1|   0|    1|          0|
    |icmp_ln79_reg_326_pp0_iter1_reg    |  1|   0|    1|          0|
    |icmp_ln80_reg_330                  |  1|   0|    1|          0|
    |icmp_ln82_1_reg_345                |  1|   0|    1|          0|
    |icmp_ln82_1_reg_345_pp0_iter1_reg  |  1|   0|    1|          0|
    |indvar_flatten14_fu_74             |  6|   0|    6|          0|
    |indvar_flatten_fu_70               |  6|   0|    6|          0|
    |kx_fu_62                           |  2|   0|    2|          0|
    |lhs_V_fu_58                        |  6|   0|    6|          0|
    |ret_V_reg_340                      |  6|   0|    6|          0|
    |ret_V_reg_340_pp0_iter1_reg        |  6|   0|    6|          0|
    |xp_fu_66                           |  4|   0|    4|          0|
    +-----------------------------------+---+----+-----+-----------+
    |Total                              | 54|   0|   54|          0|
    +-----------------------------------+---+----+-----+-----------+



================================================================
== Interface
================================================================
* Summary: 
+----------------+-----+-----+------------+---------------------------------------------------------------------------------+--------------+
|    RTL Ports   | Dir | Bits|  Protocol  |                                  Source Object                                  |    C Type    |
+----------------+-----+-----+------------+---------------------------------------------------------------------------------+--------------+
|ap_clk          |   in|    1|  ap_ctrl_hs|  StreamingMaxPool_hls_0_Pipeline_VITIS_LOOP_79_3_VITIS_LOOP_80_4_VITIS_LOOP_82_5|  return value|
|ap_rst          |   in|    1|  ap_ctrl_hs|  StreamingMaxPool_hls_0_Pipeline_VITIS_LOOP_79_3_VITIS_LOOP_80_4_VITIS_LOOP_82_5|  return value|
|ap_start        |   in|    1|  ap_ctrl_hs|  StreamingMaxPool_hls_0_Pipeline_VITIS_LOOP_79_3_VITIS_LOOP_80_4_VITIS_LOOP_82_5|  return value|
|ap_done         |  out|    1|  ap_ctrl_hs|  StreamingMaxPool_hls_0_Pipeline_VITIS_LOOP_79_3_VITIS_LOOP_80_4_VITIS_LOOP_82_5|  return value|
|ap_idle         |  out|    1|  ap_ctrl_hs|  StreamingMaxPool_hls_0_Pipeline_VITIS_LOOP_79_3_VITIS_LOOP_80_4_VITIS_LOOP_82_5|  return value|
|ap_ready        |  out|    1|  ap_ctrl_hs|  StreamingMaxPool_hls_0_Pipeline_VITIS_LOOP_79_3_VITIS_LOOP_80_4_VITIS_LOOP_82_5|  return value|
|in0_V_TVALID    |   in|    1|        axis|                                                                            in0_V|       pointer|
|in0_V_TDATA     |   in|    8|        axis|                                                                            in0_V|       pointer|
|in0_V_TREADY    |  out|    1|        axis|                                                                            in0_V|       pointer|
|buf_V_address0  |  out|    4|   ap_memory|                                                                            buf_V|         array|
|buf_V_ce0       |  out|    1|   ap_memory|                                                                            buf_V|         array|
|buf_V_we0       |  out|    1|   ap_memory|                                                                            buf_V|         array|
|buf_V_d0        |  out|    6|   ap_memory|                                                                            buf_V|         array|
|buf_V_address1  |  out|    4|   ap_memory|                                                                            buf_V|         array|
|buf_V_ce1       |  out|    1|   ap_memory|                                                                            buf_V|         array|
|buf_V_q1        |   in|    6|   ap_memory|                                                                            buf_V|         array|
+----------------+-----+-----+------------+---------------------------------------------------------------------------------+--------------+

