

================================================================
== Vitis HLS Report for 'StreamingMaxPool_hls_0_Pipeline_VITIS_LOOP_90_6'
================================================================
* Date:           Sun Jun 22 17:19:01 2025

* Version:        2022.2 (Build 3670227 on Oct 13 2022)
* Project:        project_StreamingMaxPool_hls_0
* Solution:       sol1 (Vivado IP Flow Target)
* Product family: zynquplus
* Target device:  xczu7ev-ffvc1156-2-e


================================================================
== Performance Estimates
================================================================
+ Timing: 
    * Summary: 
    +--------+----------+----------+------------+
    |  Clock |  Target  | Estimated| Uncertainty|
    +--------+----------+----------+------------+
    |ap_clk  |  10.00 ns|  1.398 ns|     2.70 ns|
    +--------+----------+----------+------------+

+ Latency: 
    * Summary: 
    +---------+---------+----------+----------+-----+-----+---------+
    |  Latency (cycles) |  Latency (absolute) |  Interval | Pipeline|
    |   min   |   max   |    min   |    max   | min | max |   Type  |
    +---------+---------+----------+----------+-----+-----+---------+
    |       16|       16|  0.160 us|  0.160 us|   16|   16|       no|
    +---------+---------+----------+----------+-----+-----+---------+

    + Detail: 
        * Instance: 
        N/A

        * Loop: 
        +-------------------+---------+---------+----------+-----------+-----------+------+----------+
        |                   |  Latency (cycles) | Iteration|  Initiation Interval  | Trip |          |
        |     Loop Name     |   min   |   max   |  Latency |  achieved |   target  | Count| Pipelined|
        +-------------------+---------+---------+----------+-----------+-----------+------+----------+
        |- VITIS_LOOP_90_6  |       14|       14|         2|          1|          1|    14|  yes(flp)|
        +-------------------+---------+---------+----------+-----------+-----------+------+----------+



================================================================
== Utilization Estimates
================================================================
* Summary: 
+-----------------+---------+------+--------+--------+-----+
|       Name      | BRAM_18K|  DSP |   FF   |   LUT  | URAM|
+-----------------+---------+------+--------+--------+-----+
|DSP              |        -|     -|       -|       -|    -|
|Expression       |        -|     -|       0|      25|    -|
|FIFO             |        -|     -|       -|       -|    -|
|Instance         |        -|     -|       -|       -|    -|
|Memory           |        -|     -|       -|       -|    -|
|Multiplexer      |        -|     -|       -|      59|    -|
|Register         |        -|     -|      10|       -|    -|
+-----------------+---------+------+--------+--------+-----+
|Total            |        0|     0|      10|      84|    0|
+-----------------+---------+------+--------+--------+-----+
|Available        |      624|  1728|  460800|  230400|   96|
+-----------------+---------+------+--------+--------+-----+
|Utilization (%)  |        0|     0|      ~0|      ~0|    0|
+-----------------+---------+------+--------+--------+-----+

+ Detail: 
    * Instance: 
    N/A

    * DSP: 
    N/A

    * Memory: 
    N/A

    * FIFO: 
    N/A

    * Expression: 
    +--------------------+----------+----+---+----+------------+------------+
    |    Variable Name   | Operation| DSP| FF| LUT| Bitwidth P0| Bitwidth P1|
    +--------------------+----------+----+---+----+------------+------------+
    |add_ln90_fu_81_p2   |         +|   0|  0|  12|           4|           1|
    |ap_block_state2_io  |       and|   0|  0|   2|           1|           1|
    |ap_condition_150    |       and|   0|  0|   2|           1|           1|
    |icmp_ln90_fu_75_p2  |      icmp|   0|  0|   9|           4|           3|
    +--------------------+----------+----+---+----+------------+------------+
    |Total               |          |   0|  0|  25|          10|           6|
    +--------------------+----------+----+---+----+------------+------------+

    * Multiplexer: 
    +----------------------------------+----+-----------+-----+-----------+
    |               Name               | LUT| Input Size| Bits| Total Bits|
    +----------------------------------+----+-----------+-----+-----------+
    |ap_NS_iter1_fsm                   |  14|          3|    2|          6|
    |ap_done_int                       |   9|          2|    1|          2|
    |ap_loop_exit_ready_pp0_iter1_reg  |   9|          2|    1|          2|
    |ap_sig_allocacmp_outpix_1         |   9|          2|    4|          8|
    |out0_V_TDATA_blk_n                |   9|          2|    1|          2|
    |outpix_fu_42                      |   9|          2|    4|          8|
    +----------------------------------+----+-----------+-----+-----------+
    |Total                             |  59|         13|   13|         28|
    +----------------------------------+----+-----------+-----+-----------+

    * Register: 
    +----------------------------------+---+----+-----+-----------+
    |               Name               | FF| LUT| Bits| Const Bits|
    +----------------------------------+---+----+-----+-----------+
    |ap_CS_iter0_fsm                   |  1|   0|    1|          0|
    |ap_CS_iter1_fsm                   |  2|   0|    2|          0|
    |ap_done_reg                       |  1|   0|    1|          0|
    |ap_loop_exit_ready_pp0_iter1_reg  |  1|   0|    1|          0|
    |icmp_ln90_reg_109                 |  1|   0|    1|          0|
    |outpix_fu_42                      |  4|   0|    4|          0|
    +----------------------------------+---+----+-----+-----------+
    |Total                             | 10|   0|   10|          0|
    +----------------------------------+---+----+-----+-----------+



================================================================
== Interface
================================================================
* Summary: 
+----------------+-----+-----+------------+-------------------------------------------------+--------------+
|    RTL Ports   | Dir | Bits|  Protocol  |                  Source Object                  |    C Type    |
+----------------+-----+-----+------------+-------------------------------------------------+--------------+
|ap_clk          |   in|    1|  ap_ctrl_hs|  StreamingMaxPool_hls_0_Pipeline_VITIS_LOOP_90_6|  return value|
|ap_rst          |   in|    1|  ap_ctrl_hs|  StreamingMaxPool_hls_0_Pipeline_VITIS_LOOP_90_6|  return value|
|ap_start        |   in|    1|  ap_ctrl_hs|  StreamingMaxPool_hls_0_Pipeline_VITIS_LOOP_90_6|  return value|
|ap_done         |  out|    1|  ap_ctrl_hs|  StreamingMaxPool_hls_0_Pipeline_VITIS_LOOP_90_6|  return value|
|ap_idle         |  out|    1|  ap_ctrl_hs|  StreamingMaxPool_hls_0_Pipeline_VITIS_LOOP_90_6|  return value|
|ap_ready        |  out|    1|  ap_ctrl_hs|  StreamingMaxPool_hls_0_Pipeline_VITIS_LOOP_90_6|  return value|
|out0_V_TREADY   |   in|    1|        axis|                                           out0_V|       pointer|
|out0_V_TDATA    |  out|    8|        axis|                                           out0_V|       pointer|
|out0_V_TVALID   |  out|    1|        axis|                                           out0_V|       pointer|
|buf_V_address0  |  out|    4|   ap_memory|                                            buf_V|         array|
|buf_V_ce0       |  out|    1|   ap_memory|                                            buf_V|         array|
|buf_V_we0       |  out|    1|   ap_memory|                                            buf_V|         array|
|buf_V_d0        |  out|    6|   ap_memory|                                            buf_V|         array|
|buf_V_q0        |   in|    6|   ap_memory|                                            buf_V|         array|
+----------------+-----+-----+------------+-------------------------------------------------+--------------+

