

================================================================
== Vitis HLS Report for 'StreamingMaxPool_hls_0'
================================================================
* Date:           Sun Jun 22 17:19:01 2025

* Version:        2022.2 (Build 3670227 on Oct 13 2022)
* Project:        project_StreamingMaxPool_hls_0
* Solution:       sol1 (Vivado IP Flow Target)
* Product family: zynquplus
* Target device:  xczu7ev-ffvc1156-2-e


================================================================
== Performance Estimates
================================================================
+ Timing: 
    * Summary: 
    +--------+----------+----------+------------+
    |  Clock |  Target  | Estimated| Uncertainty|
    +--------+----------+----------+------------+
    |ap_clk  |  10.00 ns|  2.256 ns|     2.70 ns|
    +--------+----------+----------+------------+

+ Latency: 
    * Summary: 
    +---------+---------+-----------+-----------+------+------+---------+
    |  Latency (cycles) |   Latency (absolute)  |   Interval  | Pipeline|
    |   min   |   max   |    min    |    max    |  min |  max |   Type  |
    +---------+---------+-----------+-----------+------+------+---------+
    |     1128|     1128|  11.280 us|  11.280 us|  1129|  1129|       no|
    +---------+---------+-----------+-----------+------+------+---------+

    + Detail: 
        * Instance: 
        +--------------------------------------------------------------------------------------------+---------------------------------------------------------------------------------+---------+---------+----------+----------+-----+-----+---------+
        |                                                                                            |                                                                                 |  Latency (cycles) |  Latency (absolute) |  Interval | Pipeline|
        |                                          Instance                                          |                                      Module                                     |   min   |   max   |    min   |    max   | min | max |   Type  |
        +--------------------------------------------------------------------------------------------+---------------------------------------------------------------------------------+---------+---------+----------+----------+-----+-----+---------+
        |grp_StreamingMaxPool_hls_0_Pipeline_VITIS_LOOP_79_3_VITIS_LOOP_80_4_VITIS_LOOP_82_5_fu_209  |StreamingMaxPool_hls_0_Pipeline_VITIS_LOOP_79_3_VITIS_LOOP_80_4_VITIS_LOOP_82_5  |       59|       59|  0.590 us|  0.590 us|   59|   59|       no|
        |grp_StreamingMaxPool_hls_0_Pipeline_VITIS_LOOP_90_6_fu_216                                  |StreamingMaxPool_hls_0_Pipeline_VITIS_LOOP_90_6                                  |       16|       16|  0.160 us|  0.160 us|   16|   16|       no|
        +--------------------------------------------------------------------------------------------+---------------------------------------------------------------------------------+---------+---------+----------+----------+-----+-----+---------+

        * Loop: 
        +-------------------+---------+---------+----------+-----------+-----------+------+----------+
        |                   |  Latency (cycles) | Iteration|  Initiation Interval  | Trip |          |
        |     Loop Name     |   min   |   max   |  Latency |  achieved |   target  | Count| Pipelined|
        +-------------------+---------+---------+----------+-----------+-----------+------+----------+
        |- VITIS_LOOP_78_2  |     1120|     1120|        80|          -|          -|    14|        no|
        +-------------------+---------+---------+----------+-----------+-----------+------+----------+



================================================================
== Utilization Estimates
================================================================
* Summary: 
+-----------------+---------+------+--------+--------+-----+
|       Name      | BRAM_18K|  DSP |   FF   |   LUT  | URAM|
+-----------------+---------+------+--------+--------+-----+
|DSP              |        -|     -|       -|       -|    -|
|Expression       |        -|     -|       0|      23|    -|
|FIFO             |        -|     -|       -|       -|    -|
|Instance         |        -|     -|      64|     347|    -|
|Memory           |        0|     -|      12|       2|    0|
|Multiplexer      |        -|     -|       -|     260|    -|
|Register         |        -|     -|      19|       -|    -|
+-----------------+---------+------+--------+--------+-----+
|Total            |        0|     0|      95|     632|    0|
+-----------------+---------+------+--------+--------+-----+
|Available        |      624|  1728|  460800|  230400|   96|
+-----------------+---------+------+--------+--------+-----+
|Utilization (%)  |        0|     0|      ~0|      ~0|    0|
+-----------------+---------+------+--------+--------+-----+

+ Detail: 
    * Instance: 
    +--------------------------------------------------------------------------------------------+---------------------------------------------------------------------------------+---------+----+----+-----+-----+
    |                                          Instance                                          |                                      Module                                     | BRAM_18K| DSP| FF | LUT | URAM|
    +--------------------------------------------------------------------------------------------+---------------------------------------------------------------------------------+---------+----+----+-----+-----+
    |grp_StreamingMaxPool_hls_0_Pipeline_VITIS_LOOP_79_3_VITIS_LOOP_80_4_VITIS_LOOP_82_5_fu_209  |StreamingMaxPool_hls_0_Pipeline_VITIS_LOOP_79_3_VITIS_LOOP_80_4_VITIS_LOOP_82_5  |        0|   0|  54|  263|    0|
    |grp_StreamingMaxPool_hls_0_Pipeline_VITIS_LOOP_90_6_fu_216                                  |StreamingMaxPool_hls_0_Pipeline_VITIS_LOOP_90_6                                  |        0|   0|  10|   84|    0|
    +--------------------------------------------------------------------------------------------+---------------------------------------------------------------------------------+---------+----+----+-----+-----+
    |Total                                                                                       |                                                                                 |        0|   0|  64|  347|    0|
    +--------------------------------------------------------------------------------------------+---------------------------------------------------------------------------------+---------+----+----+-----+-----+

    * DSP: 
    N/A

    * Memory: 
    +---------+---------------------+---------+----+----+-----+------+-----+------+-------------+
    |  Memory |        Module       | BRAM_18K| FF | LUT| URAM| Words| Bits| Banks| W*Bits*Banks|
    +---------+---------------------+---------+----+----+-----+------+-----+------+-------------+
    |buf_V_U  |buf_V_RAM_AUTO_1R1W  |        0|  12|   2|    0|    14|    6|     1|           84|
    +---------+---------------------+---------+----+----+-----+------+-----+------+-------------+
    |Total    |                     |        0|  12|   2|    0|    14|    6|     1|           84|
    +---------+---------------------+---------+----+----+-----+------+-----+------+-------------+

    * FIFO: 
    N/A

    * Expression: 
    +--------------------------------------------------------------------------+----------+----+---+----+------------+------------+
    |                               Variable Name                              | Operation| DSP| FF| LUT| Bitwidth P0| Bitwidth P1|
    +--------------------------------------------------------------------------+----------+----+---+----+------------+------------+
    |yp_2_fu_237_p2                                                            |         +|   0|  0|  12|           4|           1|
    |grp_StreamingMaxPool_hls_0_Pipeline_VITIS_LOOP_90_6_fu_216_out0_V_TREADY  |       and|   0|  0|   2|           1|           1|
    |icmp_ln78_fu_231_p2                                                       |      icmp|   0|  0|   9|           4|           3|
    +--------------------------------------------------------------------------+----------+----+---+----+------------+------------+
    |Total                                                                     |          |   0|  0|  23|           9|           5|
    +--------------------------------------------------------------------------+----------+----+---+----+------------+------------+

    * Multiplexer: 
    +---------------------------+----+-----------+-----+-----------+
    |            Name           | LUT| Input Size| Bits| Total Bits|
    +---------------------------+----+-----------+-----+-----------+
    |ap_NS_fsm                  |  65|         14|    1|         14|
    |buf_V_address0             |  54|         10|    4|         40|
    |buf_V_address1             |  49|          9|    4|         36|
    |buf_V_ce0                  |  20|          4|    1|          4|
    |buf_V_ce1                  |  14|          3|    1|          3|
    |buf_V_d0                   |  20|          4|    6|         24|
    |buf_V_we0                  |  20|          4|    1|          4|
    |in0_V_TREADY_int_regslice  |   9|          2|    1|          2|
    |yp_fu_76                   |   9|          2|    4|          8|
    +---------------------------+----+-----------+-----+-----------+
    |Total                      | 260|         52|   23|        135|
    +---------------------------+----+-----------+-----+-----------+

    * Register: 
    +---------------------------------------------------------------------------------------------------------+----+----+-----+-----------+
    |                                                   Name                                                  | FF | LUT| Bits| Const Bits|
    +---------------------------------------------------------------------------------------------------------+----+----+-----+-----------+
    |ap_CS_fsm                                                                                                |  13|   0|   13|          0|
    |grp_StreamingMaxPool_hls_0_Pipeline_VITIS_LOOP_79_3_VITIS_LOOP_80_4_VITIS_LOOP_82_5_fu_209_ap_start_reg  |   1|   0|    1|          0|
    |grp_StreamingMaxPool_hls_0_Pipeline_VITIS_LOOP_90_6_fu_216_ap_start_reg                                  |   1|   0|    1|          0|
    |yp_fu_76                                                                                                 |   4|   0|    4|          0|
    +---------------------------------------------------------------------------------------------------------+----+----+-----+-----------+
    |Total                                                                                                    |  19|   0|   19|          0|
    +---------------------------------------------------------------------------------------------------------+----+----+-----+-----------+



================================================================
== Interface
================================================================
* Summary: 
+---------------+-----+-----+--------------+------------------------+--------------+
|   RTL Ports   | Dir | Bits|   Protocol   |      Source Object     |    C Type    |
+---------------+-----+-----+--------------+------------------------+--------------+
|ap_clk         |   in|    1|  ap_ctrl_none|  StreamingMaxPool_hls_0|  return value|
|ap_rst_n       |   in|    1|  ap_ctrl_none|  StreamingMaxPool_hls_0|  return value|
|in0_V_TDATA    |   in|    8|          axis|                   in0_V|       pointer|
|in0_V_TVALID   |   in|    1|          axis|                   in0_V|       pointer|
|in0_V_TREADY   |  out|    1|          axis|                   in0_V|       pointer|
|out0_V_TDATA   |  out|    8|          axis|                  out0_V|       pointer|
|out0_V_TVALID  |  out|    1|          axis|                  out0_V|       pointer|
|out0_V_TREADY  |   in|    1|          axis|                  out0_V|       pointer|
+---------------+-----+-----+--------------+------------------------+--------------+

