Copyright 1986-2022 Xilinx, Inc. All Rights Reserved.
-----------------------------------------------------------------------------------------------------------------------------------------------------------------------------------------------
| Tool Version : Vivado v.2022.2 (lin64) Build 3671981 Fri Oct 14 04:59:54 MDT 2022
| Date         : Sun Jun 22 19:17:00 2025
| Host         : finn_dev_root running 64-bit Ubuntu 22.04.1 LTS
| Command      : report_methodology -file finn_design_wrapper_methodology_drc_routed.rpt -pb finn_design_wrapper_methodology_drc_routed.pb -rpx finn_design_wrapper_methodology_drc_routed.rpx
| Design       : finn_design_wrapper
| Device       : xczu7ev-ffvc1156-2-e
| Speed File   : -2
| Design State : Fully Routed
-----------------------------------------------------------------------------------------------------------------------------------------------------------------------------------------------

Report Methodology

Table of Contents
-----------------
1. REPORT SUMMARY
2. REPORT DETAILS

1. REPORT SUMMARY
-----------------
            Netlist: netlist
          Floorplan: design_1
      Design limits: <entire design considered>
             Max violations: <unlimited>
             Violations found: 94
+-----------+----------+-----------------------------------------------------------+------------+
| Rule      | Severity | Description                                               | Violations |
+-----------+----------+-----------------------------------------------------------+------------+
| SYNTH-5   | Warning  | Mapped onto distributed RAM because of timing constraints | 1          |
| TIMING-18 | Warning  | Missing input or output delay                             | 93         |
+-----------+----------+-----------------------------------------------------------+------------+

2. REPORT DETAILS
-----------------
SYNTH-5#1 Warning
Mapped onto distributed RAM because of timing constraints  
The instance finn_design_i/ConvolutionInputGenerator_rtl_2/inst/impl/window_buffer_inst/Ram_reg_0_255_0_0 is implemented as distributed LUT RAM for the following reason: The timing constraints suggest that the chosen mapping will yield a better timing.
Related violations: <none>

TIMING-18#1 Warning
Missing input or output delay  
An input delay is missing on ap_rst_n relative to clock(s) ap_clk
Related violations: <none>

TIMING-18#2 Warning
Missing input or output delay  
An input delay is missing on m_axis_0_tready relative to clock(s) ap_clk
Related violations: <none>

TIMING-18#3 Warning
Missing input or output delay  
An input delay is missing on s_axis_0_tdata[0] relative to clock(s) ap_clk
Related violations: <none>

TIMING-18#4 Warning
Missing input or output delay  
An input delay is missing on s_axis_0_tdata[1] relative to clock(s) ap_clk
Related violations: <none>

TIMING-18#5 Warning
Missing input or output delay  
An input delay is missing on s_axis_0_tdata[2] relative to clock(s) ap_clk
Related violations: <none>

TIMING-18#6 Warning
Missing input or output delay  
An input delay is missing on s_axis_0_tdata[3] relative to clock(s) ap_clk
Related violations: <none>

TIMING-18#7 Warning
Missing input or output delay  
An input delay is missing on s_axis_0_tdata[4] relative to clock(s) ap_clk
Related violations: <none>

TIMING-18#8 Warning
Missing input or output delay  
An input delay is missing on s_axis_0_tdata[5] relative to clock(s) ap_clk
Related violations: <none>

TIMING-18#9 Warning
Missing input or output delay  
An input delay is missing on s_axis_0_tdata[6] relative to clock(s) ap_clk
Related violations: <none>

TIMING-18#10 Warning
Missing input or output delay  
An input delay is missing on s_axis_0_tdata[7] relative to clock(s) ap_clk
Related violations: <none>

TIMING-18#11 Warning
Missing input or output delay  
An input delay is missing on s_axis_0_tvalid relative to clock(s) ap_clk
Related violations: <none>

TIMING-18#12 Warning
Missing input or output delay  
An output delay is missing on m_axis_0_tdata[0] relative to clock(s) ap_clk
Related violations: <none>

TIMING-18#13 Warning
Missing input or output delay  
An output delay is missing on m_axis_0_tdata[10] relative to clock(s) ap_clk
Related violations: <none>

TIMING-18#14 Warning
Missing input or output delay  
An output delay is missing on m_axis_0_tdata[11] relative to clock(s) ap_clk
Related violations: <none>

TIMING-18#15 Warning
Missing input or output delay  
An output delay is missing on m_axis_0_tdata[12] relative to clock(s) ap_clk
Related violations: <none>

TIMING-18#16 Warning
Missing input or output delay  
An output delay is missing on m_axis_0_tdata[13] relative to clock(s) ap_clk
Related violations: <none>

TIMING-18#17 Warning
Missing input or output delay  
An output delay is missing on m_axis_0_tdata[14] relative to clock(s) ap_clk
Related violations: <none>

TIMING-18#18 Warning
Missing input or output delay  
An output delay is missing on m_axis_0_tdata[15] relative to clock(s) ap_clk
Related violations: <none>

TIMING-18#19 Warning
Missing input or output delay  
An output delay is missing on m_axis_0_tdata[16] relative to clock(s) ap_clk
Related violations: <none>

TIMING-18#20 Warning
Missing input or output delay  
An output delay is missing on m_axis_0_tdata[17] relative to clock(s) ap_clk
Related violations: <none>

TIMING-18#21 Warning
Missing input or output delay  
An output delay is missing on m_axis_0_tdata[18] relative to clock(s) ap_clk
Related violations: <none>

TIMING-18#22 Warning
Missing input or output delay  
An output delay is missing on m_axis_0_tdata[19] relative to clock(s) ap_clk
Related violations: <none>

TIMING-18#23 Warning
Missing input or output delay  
An output delay is missing on m_axis_0_tdata[1] relative to clock(s) ap_clk
Related violations: <none>

TIMING-18#24 Warning
Missing input or output delay  
An output delay is missing on m_axis_0_tdata[20] relative to clock(s) ap_clk
Related violations: <none>

TIMING-18#25 Warning
Missing input or output delay  
An output delay is missing on m_axis_0_tdata[21] relative to clock(s) ap_clk
Related violations: <none>

TIMING-18#26 Warning
Missing input or output delay  
An output delay is missing on m_axis_0_tdata[22] relative to clock(s) ap_clk
Related violations: <none>

TIMING-18#27 Warning
Missing input or output delay  
An output delay is missing on m_axis_0_tdata[23] relative to clock(s) ap_clk
Related violations: <none>

TIMING-18#28 Warning
Missing input or output delay  
An output delay is missing on m_axis_0_tdata[24] relative to clock(s) ap_clk
Related violations: <none>

TIMING-18#29 Warning
Missing input or output delay  
An output delay is missing on m_axis_0_tdata[25] relative to clock(s) ap_clk
Related violations: <none>

TIMING-18#30 Warning
Missing input or output delay  
An output delay is missing on m_axis_0_tdata[26] relative to clock(s) ap_clk
Related violations: <none>

TIMING-18#31 Warning
Missing input or output delay  
An output delay is missing on m_axis_0_tdata[27] relative to clock(s) ap_clk
Related violations: <none>

TIMING-18#32 Warning
Missing input or output delay  
An output delay is missing on m_axis_0_tdata[28] relative to clock(s) ap_clk
Related violations: <none>

TIMING-18#33 Warning
Missing input or output delay  
An output delay is missing on m_axis_0_tdata[29] relative to clock(s) ap_clk
Related violations: <none>

TIMING-18#34 Warning
Missing input or output delay  
An output delay is missing on m_axis_0_tdata[2] relative to clock(s) ap_clk
Related violations: <none>

TIMING-18#35 Warning
Missing input or output delay  
An output delay is missing on m_axis_0_tdata[30] relative to clock(s) ap_clk
Related violations: <none>

TIMING-18#36 Warning
Missing input or output delay  
An output delay is missing on m_axis_0_tdata[31] relative to clock(s) ap_clk
Related violations: <none>

TIMING-18#37 Warning
Missing input or output delay  
An output delay is missing on m_axis_0_tdata[32] relative to clock(s) ap_clk
Related violations: <none>

TIMING-18#38 Warning
Missing input or output delay  
An output delay is missing on m_axis_0_tdata[33] relative to clock(s) ap_clk
Related violations: <none>

TIMING-18#39 Warning
Missing input or output delay  
An output delay is missing on m_axis_0_tdata[34] relative to clock(s) ap_clk
Related violations: <none>

TIMING-18#40 Warning
Missing input or output delay  
An output delay is missing on m_axis_0_tdata[35] relative to clock(s) ap_clk
Related violations: <none>

TIMING-18#41 Warning
Missing input or output delay  
An output delay is missing on m_axis_0_tdata[36] relative to clock(s) ap_clk
Related violations: <none>

TIMING-18#42 Warning
Missing input or output delay  
An output delay is missing on m_axis_0_tdata[37] relative to clock(s) ap_clk
Related violations: <none>

TIMING-18#43 Warning
Missing input or output delay  
An output delay is missing on m_axis_0_tdata[38] relative to clock(s) ap_clk
Related violations: <none>

TIMING-18#44 Warning
Missing input or output delay  
An output delay is missing on m_axis_0_tdata[39] relative to clock(s) ap_clk
Related violations: <none>

TIMING-18#45 Warning
Missing input or output delay  
An output delay is missing on m_axis_0_tdata[3] relative to clock(s) ap_clk
Related violations: <none>

TIMING-18#46 Warning
Missing input or output delay  
An output delay is missing on m_axis_0_tdata[40] relative to clock(s) ap_clk
Related violations: <none>

TIMING-18#47 Warning
Missing input or output delay  
An output delay is missing on m_axis_0_tdata[41] relative to clock(s) ap_clk
Related violations: <none>

TIMING-18#48 Warning
Missing input or output delay  
An output delay is missing on m_axis_0_tdata[42] relative to clock(s) ap_clk
Related violations: <none>

TIMING-18#49 Warning
Missing input or output delay  
An output delay is missing on m_axis_0_tdata[43] relative to clock(s) ap_clk
Related violations: <none>

TIMING-18#50 Warning
Missing input or output delay  
An output delay is missing on m_axis_0_tdata[44] relative to clock(s) ap_clk
Related violations: <none>

TIMING-18#51 Warning
Missing input or output delay  
An output delay is missing on m_axis_0_tdata[45] relative to clock(s) ap_clk
Related violations: <none>

TIMING-18#52 Warning
Missing input or output delay  
An output delay is missing on m_axis_0_tdata[46] relative to clock(s) ap_clk
Related violations: <none>

TIMING-18#53 Warning
Missing input or output delay  
An output delay is missing on m_axis_0_tdata[47] relative to clock(s) ap_clk
Related violations: <none>

TIMING-18#54 Warning
Missing input or output delay  
An output delay is missing on m_axis_0_tdata[48] relative to clock(s) ap_clk
Related violations: <none>

TIMING-18#55 Warning
Missing input or output delay  
An output delay is missing on m_axis_0_tdata[49] relative to clock(s) ap_clk
Related violations: <none>

TIMING-18#56 Warning
Missing input or output delay  
An output delay is missing on m_axis_0_tdata[4] relative to clock(s) ap_clk
Related violations: <none>

TIMING-18#57 Warning
Missing input or output delay  
An output delay is missing on m_axis_0_tdata[50] relative to clock(s) ap_clk
Related violations: <none>

TIMING-18#58 Warning
Missing input or output delay  
An output delay is missing on m_axis_0_tdata[51] relative to clock(s) ap_clk
Related violations: <none>

TIMING-18#59 Warning
Missing input or output delay  
An output delay is missing on m_axis_0_tdata[52] relative to clock(s) ap_clk
Related violations: <none>

TIMING-18#60 Warning
Missing input or output delay  
An output delay is missing on m_axis_0_tdata[53] relative to clock(s) ap_clk
Related violations: <none>

TIMING-18#61 Warning
Missing input or output delay  
An output delay is missing on m_axis_0_tdata[54] relative to clock(s) ap_clk
Related violations: <none>

TIMING-18#62 Warning
Missing input or output delay  
An output delay is missing on m_axis_0_tdata[55] relative to clock(s) ap_clk
Related violations: <none>

TIMING-18#63 Warning
Missing input or output delay  
An output delay is missing on m_axis_0_tdata[56] relative to clock(s) ap_clk
Related violations: <none>

TIMING-18#64 Warning
Missing input or output delay  
An output delay is missing on m_axis_0_tdata[57] relative to clock(s) ap_clk
Related violations: <none>

TIMING-18#65 Warning
Missing input or output delay  
An output delay is missing on m_axis_0_tdata[58] relative to clock(s) ap_clk
Related violations: <none>

TIMING-18#66 Warning
Missing input or output delay  
An output delay is missing on m_axis_0_tdata[59] relative to clock(s) ap_clk
Related violations: <none>

TIMING-18#67 Warning
Missing input or output delay  
An output delay is missing on m_axis_0_tdata[5] relative to clock(s) ap_clk
Related violations: <none>

TIMING-18#68 Warning
Missing input or output delay  
An output delay is missing on m_axis_0_tdata[60] relative to clock(s) ap_clk
Related violations: <none>

TIMING-18#69 Warning
Missing input or output delay  
An output delay is missing on m_axis_0_tdata[61] relative to clock(s) ap_clk
Related violations: <none>

TIMING-18#70 Warning
Missing input or output delay  
An output delay is missing on m_axis_0_tdata[62] relative to clock(s) ap_clk
Related violations: <none>

TIMING-18#71 Warning
Missing input or output delay  
An output delay is missing on m_axis_0_tdata[63] relative to clock(s) ap_clk
Related violations: <none>

TIMING-18#72 Warning
Missing input or output delay  
An output delay is missing on m_axis_0_tdata[64] relative to clock(s) ap_clk
Related violations: <none>

TIMING-18#73 Warning
Missing input or output delay  
An output delay is missing on m_axis_0_tdata[65] relative to clock(s) ap_clk
Related violations: <none>

TIMING-18#74 Warning
Missing input or output delay  
An output delay is missing on m_axis_0_tdata[66] relative to clock(s) ap_clk
Related violations: <none>

TIMING-18#75 Warning
Missing input or output delay  
An output delay is missing on m_axis_0_tdata[67] relative to clock(s) ap_clk
Related violations: <none>

TIMING-18#76 Warning
Missing input or output delay  
An output delay is missing on m_axis_0_tdata[68] relative to clock(s) ap_clk
Related violations: <none>

TIMING-18#77 Warning
Missing input or output delay  
An output delay is missing on m_axis_0_tdata[69] relative to clock(s) ap_clk
Related violations: <none>

TIMING-18#78 Warning
Missing input or output delay  
An output delay is missing on m_axis_0_tdata[6] relative to clock(s) ap_clk
Related violations: <none>

TIMING-18#79 Warning
Missing input or output delay  
An output delay is missing on m_axis_0_tdata[70] relative to clock(s) ap_clk
Related violations: <none>

TIMING-18#80 Warning
Missing input or output delay  
An output delay is missing on m_axis_0_tdata[71] relative to clock(s) ap_clk
Related violations: <none>

TIMING-18#81 Warning
Missing input or output delay  
An output delay is missing on m_axis_0_tdata[72] relative to clock(s) ap_clk
Related violations: <none>

TIMING-18#82 Warning
Missing input or output delay  
An output delay is missing on m_axis_0_tdata[73] relative to clock(s) ap_clk
Related violations: <none>

TIMING-18#83 Warning
Missing input or output delay  
An output delay is missing on m_axis_0_tdata[74] relative to clock(s) ap_clk
Related violations: <none>

TIMING-18#84 Warning
Missing input or output delay  
An output delay is missing on m_axis_0_tdata[75] relative to clock(s) ap_clk
Related violations: <none>

TIMING-18#85 Warning
Missing input or output delay  
An output delay is missing on m_axis_0_tdata[76] relative to clock(s) ap_clk
Related violations: <none>

TIMING-18#86 Warning
Missing input or output delay  
An output delay is missing on m_axis_0_tdata[77] relative to clock(s) ap_clk
Related violations: <none>

TIMING-18#87 Warning
Missing input or output delay  
An output delay is missing on m_axis_0_tdata[78] relative to clock(s) ap_clk
Related violations: <none>

TIMING-18#88 Warning
Missing input or output delay  
An output delay is missing on m_axis_0_tdata[79] relative to clock(s) ap_clk
Related violations: <none>

TIMING-18#89 Warning
Missing input or output delay  
An output delay is missing on m_axis_0_tdata[7] relative to clock(s) ap_clk
Related violations: <none>

TIMING-18#90 Warning
Missing input or output delay  
An output delay is missing on m_axis_0_tdata[8] relative to clock(s) ap_clk
Related violations: <none>

TIMING-18#91 Warning
Missing input or output delay  
An output delay is missing on m_axis_0_tdata[9] relative to clock(s) ap_clk
Related violations: <none>

TIMING-18#92 Warning
Missing input or output delay  
An output delay is missing on m_axis_0_tvalid relative to clock(s) ap_clk
Related violations: <none>

TIMING-18#93 Warning
Missing input or output delay  
An output delay is missing on s_axis_0_tready relative to clock(s) ap_clk
Related violations: <none>


