Copyright 1986-2022 Xilinx, Inc. All Rights Reserved.
------------------------------------------------------------------------------------------------
| Tool Version : Vivado v.2022.2 (lin64) Build 3671981 Fri Oct 14 04:59:54 MDT 2022
| Date         : Sun Jun 22 19:15:21 2025
| Host         : finn_dev_root running 64-bit Ubuntu 22.04.1 LTS
| Command      : report_control_sets -verbose -file finn_design_wrapper_control_sets_placed.rpt
| Design       : finn_design_wrapper
| Device       : xczu7ev
------------------------------------------------------------------------------------------------

Control Set Information

Table of Contents
-----------------
1. Summary
2. Histogram
3. Flip-Flop Distribution
4. Detailed Control Set Information

1. Summary
----------

+----------------------------------------------------------+-------+
|                          Status                          | Count |
+----------------------------------------------------------+-------+
| Total control sets                                       |   111 |
|    Minimum number of control sets                        |   111 |
|    Addition due to synthesis replication                 |     0 |
|    Addition due to physical synthesis replication        |     0 |
| Unused register locations in slices containing registers |   110 |
+----------------------------------------------------------+-------+
* Control sets can be merged at opt_design using control_set_merge or merge_equivalent_drivers
** Run report_qor_suggestions for automated merging and remapping suggestions


2. Histogram
------------

+--------------------+-------+
|       Fanout       | Count |
+--------------------+-------+
| Total control sets |   111 |
| >= 0 to < 4        |    10 |
| >= 4 to < 6        |    11 |
| >= 6 to < 8        |    11 |
| >= 8 to < 10       |     8 |
| >= 10 to < 12      |     4 |
| >= 12 to < 14      |     0 |
| >= 14 to < 16      |     1 |
| >= 16              |    66 |
+--------------------+-------+
* Control sets can be remapped at either synth_design or opt_design


3. Flip-Flop Distribution
-------------------------

+--------------+-----------------------+------------------------+-----------------+--------------+
| Clock Enable | Synchronous Set/Reset | Asynchronous Set/Reset | Total Registers | Total Slices |
+--------------+-----------------------+------------------------+-----------------+--------------+
| No           | No                    | No                     |              72 |           34 |
| No           | No                    | Yes                    |               0 |            0 |
| No           | Yes                   | No                     |             259 |           88 |
| Yes          | No                    | No                     |           11013 |         3120 |
| Yes          | No                    | Yes                    |               0 |            0 |
| Yes          | Yes                   | No                     |            1514 |          434 |
+--------------+-----------------------+------------------------+-----------------+--------------+


4. Detailed Control Set Information
-----------------------------------

+--------------+-------------------------------------------------------------------------------------------------------------------------------------------------------------------------------------------------------------------------------------------+-------------------------------------------------------------------------------------------------------------------------------------------------------------------------------------+------------------+----------------+--------------+
| Clock Signal |                                                                                                               Enable Signal                                                                                                               |                                                                                   Set/Reset Signal                                                                                  | Slice Load Count | Bel Load Count | Bels / Slice |
+--------------+-------------------------------------------------------------------------------------------------------------------------------------------------------------------------------------------------------------------------------------------+-------------------------------------------------------------------------------------------------------------------------------------------------------------------------------------+------------------+----------------+--------------+
|  ap_clk      | finn_design_i/MVAU_hls_3/inst/grp_Matrix_Vector_Activate_Batch_fu_28/ap_CS_fsm_state2                                                                                                                                                     | finn_design_i/MVAU_hls_3/inst/grp_Matrix_Vector_Activate_Batch_fu_28/add_ln840_829_reg_30091[4]_i_1_n_3                                                                             |                1 |              1 |         1.00 |
|  ap_clk      | finn_design_i/StreamingMaxPool_hls_0/inst/grp_StreamingMaxPool_hls_0_Pipeline_VITIS_LOOP_79_3_VITIS_LOOP_80_4_VITIS_LOOP_82_5_fu_209/flow_control_loop_pipe_sequential_init_U/ap_condition_280                                            |                                                                                                                                                                                     |                2 |              2 |         1.00 |
|  ap_clk      | finn_design_i/StreamingMaxPool_hls_1/inst/grp_StreamingMaxPool_hls_1_Pipeline_VITIS_LOOP_79_3_VITIS_LOOP_80_4_VITIS_LOOP_82_5_fu_118/flow_control_loop_pipe_sequential_init_U/ap_condition_278                                            |                                                                                                                                                                                     |                2 |              2 |         1.00 |
|  ap_clk      | finn_design_i/ConvolutionInputGenerator_rtl_0/inst/impl/controller_inst/State                                                                                                                                                             | finn_design_i/ConvolutionInputGenerator_rtl_0/inst/impl/controller_inst/State[2]_i_1_n_3                                                                                            |                1 |              2 |         2.00 |
|  ap_clk      | finn_design_i/ConvolutionInputGenerator_rtl_2/inst/impl/controller_inst/State                                                                                                                                                             | finn_design_i/ConvolutionInputGenerator_rtl_2/inst/impl/controller_inst/State[1]_i_1__1_n_3                                                                                         |                1 |              2 |         2.00 |
|  ap_clk      | finn_design_i/ConvolutionInputGenerator_rtl_2//Ram_reg_0_15_0_0_i_1_n_3                                                                                                                                                                   |                                                                                                                                                                                     |                1 |              2 |         2.00 |
|  ap_clk      | finn_design_i/ConvolutionInputGenerator_rtl_1/inst/impl/controller_inst/State                                                                                                                                                             | finn_design_i/ConvolutionInputGenerator_rtl_1/inst/impl/controller_inst/State[2]_i_1__1_n_3                                                                                         |                1 |              2 |         2.00 |
|  ap_clk      | finn_design_i/StreamingMaxPool_hls_1/inst/grp_StreamingMaxPool_hls_1_Pipeline_VITIS_LOOP_79_3_VITIS_LOOP_80_4_VITIS_LOOP_82_5_fu_118/buf_V_addr_reg_3430                                                                                  |                                                                                                                                                                                     |                3 |              3 |         1.00 |
|  ap_clk      | finn_design_i/StreamingMaxPool_hls_1/inst/grp_StreamingMaxPool_hls_1_Pipeline_VITIS_LOOP_90_6_fu_125/flow_control_loop_pipe_sequential_init_U/E[0]                                                                                        |                                                                                                                                                                                     |                1 |              3 |         3.00 |
|  ap_clk      | finn_design_i/StreamingMaxPool_hls_1/inst/grp_StreamingMaxPool_hls_1_Pipeline_VITIS_LOOP_79_3_VITIS_LOOP_80_4_VITIS_LOOP_82_5_fu_118_ap_start_reg0                                                                                        | finn_design_i/StreamingMaxPool_hls_1/inst/ap_CS_fsm_state1                                                                                                                          |                1 |              3 |         3.00 |
|  ap_clk      | finn_design_i/StreamingMaxPool_hls_0/inst/grp_StreamingMaxPool_hls_0_Pipeline_VITIS_LOOP_79_3_VITIS_LOOP_80_4_VITIS_LOOP_82_5_fu_209/xp_fu_6604_out                                                                                       | finn_design_i/StreamingMaxPool_hls_0/inst/grp_StreamingMaxPool_hls_0_Pipeline_VITIS_LOOP_79_3_VITIS_LOOP_80_4_VITIS_LOOP_82_5_fu_209/flow_control_loop_pipe_sequential_init_U/SR[0] |                1 |              4 |         4.00 |
|  ap_clk      | finn_design_i/StreamingMaxPool_hls_0/inst/grp_StreamingMaxPool_hls_0_Pipeline_VITIS_LOOP_79_3_VITIS_LOOP_80_4_VITIS_LOOP_82_5_fu_209/buf_V_addr_reg_3490                                                                                  |                                                                                                                                                                                     |                3 |              4 |         1.33 |
|  ap_clk      | finn_design_i/StreamingMaxPool_hls_0/inst/grp_StreamingMaxPool_hls_0_Pipeline_VITIS_LOOP_90_6_fu_216/flow_control_loop_pipe_sequential_init_U/B_V_data_1_state_reg[1]                                                                     |                                                                                                                                                                                     |                1 |              4 |         4.00 |
|  ap_clk      | finn_design_i/StreamingMaxPool_hls_0/inst/grp_StreamingMaxPool_hls_0_Pipeline_VITIS_LOOP_79_3_VITIS_LOOP_80_4_VITIS_LOOP_82_5_fu_209_ap_start_reg0                                                                                        | finn_design_i/StreamingMaxPool_hls_0/inst/ap_CS_fsm_state1                                                                                                                          |                2 |              4 |         2.00 |
|  ap_clk      | finn_design_i/ConvolutionInputGenerator_rtl_2//Ram_reg_0_127_0_0_i_1_n_3                                                                                                                                                                  |                                                                                                                                                                                     |                1 |              4 |         4.00 |
|  ap_clk      | finn_design_i/ConvolutionInputGenerator_rtl_2/inst/impl/controller_inst/Counter_loop_kh[3]_i_2_n_3                                                                                                                                        | finn_design_i/ConvolutionInputGenerator_rtl_2/inst/impl/controller_inst/Counter_loop_kh[3]_i_1_n_3                                                                                  |                1 |              4 |         4.00 |
|  ap_clk      | finn_design_i/ConvolutionInputGenerator_rtl_2/inst/impl/controller_inst/Counter_loop_kw[3]_i_2_n_3                                                                                                                                        | finn_design_i/ConvolutionInputGenerator_rtl_2/inst/impl/controller_inst/Counter_loop_kw[3]_i_1_n_3                                                                                  |                1 |              4 |         4.00 |
|  ap_clk      | finn_design_i/MVAU_hls_1/inst/grp_Matrix_Vector_Activate_Batch_fu_28/flow_control_loop_pipe_sequential_init_U/E[0]                                                                                                                        | finn_design_i/MVAU_hls_1/inst/grp_Matrix_Vector_Activate_Batch_fu_28/flow_control_loop_pipe_sequential_init_U/ap_loop_init_int_reg_2                                                |                2 |              4 |         2.00 |
|  ap_clk      | finn_design_i/ConvolutionInputGenerator_rtl_1/inst/impl/controller_inst/Counter_loop_w[4]_i_2_n_3                                                                                                                                         | finn_design_i/ConvolutionInputGenerator_rtl_1/inst/impl/controller_inst/Counter_loop_w[4]_i_1__0_n_3                                                                                |                1 |              5 |         5.00 |
|  ap_clk      | finn_design_i/ConvolutionInputGenerator_rtl_1/inst/impl/controller_inst/Counter_loop_h_0                                                                                                                                                  | finn_design_i/ConvolutionInputGenerator_rtl_1/inst/impl/controller_inst/Counter_loop_h[4]_i_1__0_n_3                                                                                |                1 |              5 |         5.00 |
|  ap_clk      | finn_design_i/ConvolutionInputGenerator_rtl_2/inst/impl/controller_inst/Counter_loop_simd[4]_i_2_n_3                                                                                                                                      | finn_design_i/ConvolutionInputGenerator_rtl_2/inst/impl/controller_inst/Counter_loop_simd[4]_i_1_n_3                                                                                |                1 |              5 |         5.00 |
|  ap_clk      | finn_design_i/ConvolutionInputGenerator_rtl_0/inst/impl/controller_inst/Counter_loop_h_0                                                                                                                                                  | finn_design_i/ConvolutionInputGenerator_rtl_0/inst/impl/controller_inst/Counter_loop_h[5]_i_1_n_3                                                                                   |                1 |              6 |         6.00 |
|  ap_clk      | finn_design_i/ConvolutionInputGenerator_rtl_0/inst/impl/controller_inst/Counter_loop_w[5]_i_2_n_3                                                                                                                                         | finn_design_i/ConvolutionInputGenerator_rtl_0/inst/impl/controller_inst/Counter_loop_w[5]_i_1_n_3                                                                                   |                1 |              6 |         6.00 |
|  ap_clk      | finn_design_i/StreamingMaxPool_hls_0/inst/regslice_both_out0_V_U/E[0]                                                                                                                                                                     |                                                                                                                                                                                     |                3 |              6 |         2.00 |
|  ap_clk      | finn_design_i/StreamingMaxPool_hls_0/inst/regslice_both_out0_V_U/B_V_data_1_load_B                                                                                                                                                        |                                                                                                                                                                                     |                2 |              6 |         3.00 |
|  ap_clk      | finn_design_i/StreamingMaxPool_hls_0/inst/regslice_both_out0_V_U/B_V_data_1_load_A                                                                                                                                                        |                                                                                                                                                                                     |                3 |              6 |         2.00 |
|  ap_clk      | finn_design_i/StreamingMaxPool_hls_0/inst/regslice_both_in0_V_U/B_V_data_1_load_B                                                                                                                                                         |                                                                                                                                                                                     |                4 |              6 |         1.50 |
|  ap_clk      | finn_design_i/StreamingFIFO_rtl_2/inst/impl/shift_en_o_                                                                                                                                                                                   | ap_rst_n                                                                                                                                                                            |                4 |              6 |         1.50 |
|  ap_clk      | finn_design_i/StreamingFIFO_rtl_3/inst/impl/shift_en_o_                                                                                                                                                                                   | ap_rst_n                                                                                                                                                                            |                3 |              6 |         2.00 |
|  ap_clk      | finn_design_i/StreamingMaxPool_hls_0/inst/regslice_both_in0_V_U/B_V_data_1_load_A                                                                                                                                                         |                                                                                                                                                                                     |                4 |              6 |         1.50 |
|  ap_clk      | finn_design_i/MVAU_hls_0/inst/regslice_both_out0_V_U/B_V_data_1_load_B                                                                                                                                                                    |                                                                                                                                                                                     |                2 |              6 |         3.00 |
|  ap_clk      | finn_design_i/MVAU_hls_0/inst/regslice_both_out0_V_U/B_V_data_1_payload_A[5]_i_1__1_n_3                                                                                                                                                   |                                                                                                                                                                                     |                2 |              6 |         3.00 |
|  ap_clk      | finn_design_i/StreamingFIFO_rtl_0/inst/impl/shift_en_o_                                                                                                                                                                                   | ap_rst_n                                                                                                                                                                            |                2 |              8 |         4.00 |
|  ap_clk      | finn_design_i/StreamingMaxPool_hls_0/inst/grp_StreamingMaxPool_hls_0_Pipeline_VITIS_LOOP_79_3_VITIS_LOOP_80_4_VITIS_LOOP_82_5_fu_209/grp_StreamingMaxPool_hls_0_Pipeline_VITIS_LOOP_79_3_VITIS_LOOP_80_4_VITIS_LOOP_82_5_fu_209_buf_V_ce1 |                                                                                                                                                                                     |                2 |              8 |         4.00 |
|  ap_clk      | finn_design_i/StreamingFIFO_rtl_0/inst/impl/shift_en_                                                                                                                                                                                     |                                                                                                                                                                                     |                2 |              8 |         4.00 |
|  ap_clk      | finn_design_i/ConvolutionInputGenerator_rtl_2/inst/impl/window_buffer_inst/Ram_reg_0_255_0_0_i_1_n_3                                                                                                                                      |                                                                                                                                                                                     |                1 |              8 |         8.00 |
|  ap_clk      | finn_design_i/ConvolutionInputGenerator_rtl_2/inst/impl/window_buffer_inst/E[0]                                                                                                                                                           | finn_design_i/ConvolutionInputGenerator_rtl_2/inst/impl/Window_buffer_write_addr_reg[8]_i_1_n_3                                                                                     |                4 |              9 |         2.25 |
|  ap_clk      | finn_design_i/ConvolutionInputGenerator_rtl_2/inst/impl/controller_inst/fetch_cmd                                                                                                                                                         | finn_design_i/ConvolutionInputGenerator_rtl_2/inst/impl/Position_in_window[8]_i_1_n_3                                                                                               |                2 |              9 |         4.50 |
|  ap_clk      | finn_design_i/ConvolutionInputGenerator_rtl_1/inst/impl/Current_elem[8]_i_1__0_n_3                                                                                                                                                        | ap_rst_n                                                                                                                                                                            |                3 |              9 |         3.00 |
|  ap_clk      | finn_design_i/ConvolutionInputGenerator_rtl_1/inst/impl/o_v_reg_reg                                                                                                                                                                       | finn_design_i/ConvolutionInputGenerator_rtl_1/inst/impl/Newest_buffered_elem[8]_i_1__1_n_3                                                                                          |                2 |              9 |         4.50 |
|  ap_clk      | finn_design_i/ConvolutionInputGenerator_rtl_2/inst/impl/window_buffer_inst/E[0]                                                                                                                                                           | finn_design_i/ConvolutionInputGenerator_rtl_2/inst/impl/Newest_buffered_elem[9]_i_1__0_n_3                                                                                          |                4 |             10 |         2.50 |
|  ap_clk      | finn_design_i/MVAU_hls_0/inst/grp_Matrix_Vector_Activate_Batch_fu_28/flow_control_loop_pipe_sequential_init_U/E[0]                                                                                                                        |                                                                                                                                                                                     |                2 |             10 |         5.00 |
|  ap_clk      | finn_design_i/ConvolutionInputGenerator_rtl_0/inst/impl/Current_elem[10]_i_1_n_3                                                                                                                                                          | ap_rst_n                                                                                                                                                                            |                3 |             11 |         3.67 |
|  ap_clk      | finn_design_i/ConvolutionInputGenerator_rtl_0/inst/impl/read_ok                                                                                                                                                                           | finn_design_i/ConvolutionInputGenerator_rtl_0/inst/impl/Newest_buffered_elem[10]_i_1_n_3                                                                                            |                4 |             11 |         2.75 |
|  ap_clk      | finn_design_i/StreamingDataWidthConverter_rtl_0/inst/impl/core/genDown.BRdy_reg_0                                                                                                                                                         |                                                                                                                                                                                     |                4 |             15 |         3.75 |
|  ap_clk      | finn_design_i/StreamingMaxPool_hls_1/inst/regslice_both_out0_V_U/B_V_data_1_load_B                                                                                                                                                        |                                                                                                                                                                                     |                6 |             16 |         2.67 |
|  ap_clk      | finn_design_i/StreamingFIFO_rtl_6/inst/impl/shift_en_                                                                                                                                                                                     |                                                                                                                                                                                     |                3 |             16 |         5.33 |
|  ap_clk      | finn_design_i/StreamingFIFO_rtl_5/inst/impl/shift_en_o_                                                                                                                                                                                   | ap_rst_n                                                                                                                                                                            |                4 |             16 |         4.00 |
|  ap_clk      | finn_design_i/StreamingFIFO_rtl_6/inst/impl/shift_en_o_                                                                                                                                                                                   | ap_rst_n                                                                                                                                                                            |                6 |             16 |         2.67 |
|  ap_clk      | finn_design_i/MVAU_hls_1/inst/regslice_both_out0_V_U/B_V_data_1_load_A                                                                                                                                                                    |                                                                                                                                                                                     |                5 |             16 |         3.20 |
|  ap_clk      | finn_design_i/MVAU_hls_1/inst/regslice_both_out0_V_U/B_V_data_1_load_B                                                                                                                                                                    |                                                                                                                                                                                     |                5 |             16 |         3.20 |
|  ap_clk      | finn_design_i/StreamingMaxPool_hls_1/inst/regslice_both_out0_V_U/B_V_data_1_load_A                                                                                                                                                        |                                                                                                                                                                                     |                6 |             16 |         2.67 |
|  ap_clk      | finn_design_i/MVAU_hls_1/inst/regslice_both_out0_V_U/E[0]                                                                                                                                                                                 |                                                                                                                                                                                     |                4 |             16 |         4.00 |
|  ap_clk      | finn_design_i/StreamingMaxPool_hls_1/inst/regslice_both_in0_V_U/B_V_data_1_load_B                                                                                                                                                         |                                                                                                                                                                                     |                4 |             16 |         4.00 |
|  ap_clk      | finn_design_i/StreamingMaxPool_hls_1/inst/regslice_both_in0_V_U/B_V_data_1_load_A                                                                                                                                                         |                                                                                                                                                                                     |                4 |             16 |         4.00 |
|  ap_clk      | finn_design_i/StreamingMaxPool_hls_1/inst/grp_StreamingMaxPool_hls_1_Pipeline_VITIS_LOOP_79_3_VITIS_LOOP_80_4_VITIS_LOOP_82_5_fu_118/icmp_ln79_reg_325_pp0_iter0_reg                                                                      |                                                                                                                                                                                     |                7 |             17 |         2.43 |
|  ap_clk      | finn_design_i/StreamingMaxPool_hls_1/inst/grp_StreamingMaxPool_hls_1_Pipeline_VITIS_LOOP_79_3_VITIS_LOOP_80_4_VITIS_LOOP_82_5_fu_118/flow_control_loop_pipe_sequential_init_U/B_V_data_1_state_reg[0][0]                                  |                                                                                                                                                                                     |                5 |             21 |         4.20 |
|  ap_clk      | finn_design_i/StreamingMaxPool_hls_1/inst/grp_StreamingMaxPool_hls_1_Pipeline_VITIS_LOOP_79_3_VITIS_LOOP_80_4_VITIS_LOOP_82_5_fu_118/icmp_ln79_reg_325_pp0_iter0_reg                                                                      | finn_design_i/StreamingMaxPool_hls_1/inst/grp_StreamingMaxPool_hls_1_Pipeline_VITIS_LOOP_79_3_VITIS_LOOP_80_4_VITIS_LOOP_82_5_fu_118/flow_control_loop_pipe_sequential_init_U/SR[0] |                8 |             26 |         3.25 |
|  ap_clk      | finn_design_i/StreamingMaxPool_hls_0/inst/grp_StreamingMaxPool_hls_0_Pipeline_VITIS_LOOP_79_3_VITIS_LOOP_80_4_VITIS_LOOP_82_5_fu_209/flow_control_loop_pipe_sequential_init_U/B_V_data_1_state_reg[0][0]                                  |                                                                                                                                                                                     |               12 |             28 |         2.33 |
|  ap_clk      | finn_design_i/ConvolutionInputGenerator_rtl_1/inst/impl/window_buffer_inst/ram_buffer_inst_3/o_v_reg_reg                                                                                                                                  | ap_rst_n                                                                                                                                                                            |                7 |             32 |         4.57 |
|  ap_clk      | finn_design_i/MVAU_hls_2/inst/grp_Matrix_Vector_Activate_Batch_fu_28/ap_CS_fsm_state6                                                                                                                                                     |                                                                                                                                                                                     |               16 |             37 |         2.31 |
|  ap_clk      | finn_design_i/ConvolutionInputGenerator_rtl_0/inst/impl/window_buffer_inst/ram_buffer_inst_3/Writing_done_reg                                                                                                                             | ap_rst_n                                                                                                                                                                            |                8 |             40 |         5.00 |
|  ap_clk      | finn_design_i/StreamingFIFO_rtl_2/inst/impl/shift_en_                                                                                                                                                                                     |                                                                                                                                                                                     |               12 |             42 |         3.50 |
|  ap_clk      | finn_design_i/ConvolutionInputGenerator_rtl_2/inst/impl/First_elem_next_window[0]_bret_i_1_n_3                                                                                                                                            | finn_design_i/ConvolutionInputGenerator_rtl_2/inst/impl/Newest_buffered_elem[9]_i_1__0_n_3                                                                                          |                6 |             55 |         9.17 |
|  ap_clk      | finn_design_i/ConvolutionInputGenerator_rtl_1/inst/impl/window_buffer_inst/ram_buffer_inst_3/Out_reg                                                                                                                                      |                                                                                                                                                                                     |               10 |             56 |         5.60 |
|  ap_clk      | finn_design_i/ConvolutionInputGenerator_rtl_2/inst/impl/Current_elem[0]_bret_i_1_n_3                                                                                                                                                      | finn_design_i/ConvolutionInputGenerator_rtl_2/inst/impl/Newest_buffered_elem[9]_i_1__0_n_3                                                                                          |                7 |             59 |         8.43 |
|  ap_clk      | finn_design_i/StreamingFIFO_rtl_12/inst/impl/shift_en_o_                                                                                                                                                                                  | ap_rst_n                                                                                                                                                                            |               20 |             70 |         3.50 |
|  ap_clk      | finn_design_i/MVAU_hls_4/inst/regslice_both_out0_V_U/E[0]                                                                                                                                                                                 |                                                                                                                                                                                     |               20 |             70 |         3.50 |
|  ap_clk      | finn_design_i/MVAU_hls_4/inst/regslice_both_out0_V_U/B_V_data_1_load_B                                                                                                                                                                    |                                                                                                                                                                                     |               35 |             70 |         2.00 |
|  ap_clk      | finn_design_i/MVAU_hls_4/inst/regslice_both_out0_V_U/B_V_data_1_load_A                                                                                                                                                                    |                                                                                                                                                                                     |               39 |             70 |         1.79 |
|  ap_clk      |                                                                                                                                                                                                                                           |                                                                                                                                                                                     |               34 |             72 |         2.12 |
|  ap_clk      | finn_design_i/MVAU_hls_3/inst/regslice_both_out0_V_U/B_V_data_1_load_A                                                                                                                                                                    |                                                                                                                                                                                     |               40 |             84 |         2.10 |
|  ap_clk      | finn_design_i/StreamingFIFO_rtl_11/inst/impl/shift_en_o_                                                                                                                                                                                  | ap_rst_n                                                                                                                                                                            |               25 |             84 |         3.36 |
|  ap_clk      | finn_design_i/MVAU_hls_4/inst/regslice_both_in0_V_U/B_V_data_1_load_B                                                                                                                                                                     |                                                                                                                                                                                     |               36 |             84 |         2.33 |
|  ap_clk      | finn_design_i/MVAU_hls_4/inst/regslice_both_in0_V_U/B_V_data_1_load_A                                                                                                                                                                     |                                                                                                                                                                                     |               36 |             84 |         2.33 |
|  ap_clk      | finn_design_i/MVAU_hls_3/inst/regslice_both_out0_V_U/E[0]                                                                                                                                                                                 |                                                                                                                                                                                     |               25 |             84 |         3.36 |
|  ap_clk      | finn_design_i/MVAU_hls_3/inst/regslice_both_out0_V_U/B_V_data_1_load_B                                                                                                                                                                    |                                                                                                                                                                                     |               41 |             84 |         2.05 |
|  ap_clk      | finn_design_i/ConvolutionInputGenerator_rtl_0/inst/impl/window_buffer_inst/ram_buffer_inst_3/ap_rst_n_0[0]                                                                                                                                |                                                                                                                                                                                     |               15 |             96 |         6.40 |
|  ap_clk      | finn_design_i/ConvolutionInputGenerator_rtl_2/inst/impl/Window_buffer_read_addr_reg[9]_bret__4_i_1_n_3                                                                                                                                    | finn_design_i/ConvolutionInputGenerator_rtl_2/inst/impl/Newest_buffered_elem[9]_i_1__0_n_3                                                                                          |               13 |            101 |         7.77 |
|  ap_clk      | finn_design_i/MVAU_hls_3/inst/regslice_both_in0_V_U/B_V_data_1_load_A                                                                                                                                                                     |                                                                                                                                                                                     |               49 |            120 |         2.45 |
|  ap_clk      | finn_design_i/MVAU_hls_3/inst/regslice_both_in0_V_U/B_V_data_1_load_B                                                                                                                                                                     |                                                                                                                                                                                     |               49 |            120 |         2.45 |
|  ap_clk      | finn_design_i/MVAU_hls_2/inst/regslice_both_out0_V_U/B_V_data_1_load_B                                                                                                                                                                    |                                                                                                                                                                                     |               26 |            120 |         4.62 |
|  ap_clk      | finn_design_i/StreamingFIFO_rtl_10/inst/impl/shift_en_o_                                                                                                                                                                                  | ap_rst_n                                                                                                                                                                            |               45 |            120 |         2.67 |
|  ap_clk      | finn_design_i/MVAU_hls_2/inst/regslice_both_out0_V_U/B_V_data_1_payload_A[119]_i_1_n_3                                                                                                                                                    |                                                                                                                                                                                     |               26 |            120 |         4.62 |
|  ap_clk      | finn_design_i/MVAU_hls_2/inst/regslice_both_out0_V_U/E[0]                                                                                                                                                                                 |                                                                                                                                                                                     |               43 |            120 |         2.79 |
|  ap_clk      | finn_design_i/MVAU_hls_2/inst/grp_Matrix_Vector_Activate_Batch_fu_28/ap_CS_fsm_state2                                                                                                                                                     |                                                                                                                                                                                     |               89 |            144 |         1.62 |
|  ap_clk      | finn_design_i/MVAU_hls_2/inst/grp_Matrix_Vector_Activate_Batch_fu_28/ap_CS_fsm_state5                                                                                                                                                     |                                                                                                                                                                                     |               76 |            146 |         1.92 |
|  ap_clk      | finn_design_i/MVAU_hls_1/inst/regslice_both_in0_V_U/B_V_data_1_load_B                                                                                                                                                                     |                                                                                                                                                                                     |               78 |            150 |         1.92 |
|  ap_clk      | finn_design_i/MVAU_hls_1/inst/regslice_both_in0_V_U/B_V_data_1_load_A                                                                                                                                                                     |                                                                                                                                                                                     |               80 |            150 |         1.88 |
|  ap_clk      | finn_design_i/ConvolutionInputGenerator_rtl_1/inst/impl/shift_en_                                                                                                                                                                         |                                                                                                                                                                                     |               44 |            150 |         3.41 |
|  ap_clk      | finn_design_i/ConvolutionInputGenerator_rtl_1/inst/impl/window_buffer_inst/ram_buffer_inst_3/o_v_reg_reg                                                                                                                                  |                                                                                                                                                                                     |               58 |            150 |         2.59 |
|  ap_clk      | finn_design_i/ConvolutionInputGenerator_rtl_1/inst/impl/E[0]                                                                                                                                                                              | ap_rst_n                                                                                                                                                                            |               44 |            150 |         3.41 |
|  ap_clk      | finn_design_i/ConvolutionInputGenerator_rtl_0/inst/impl/shift_en_                                                                                                                                                                         |                                                                                                                                                                                     |               72 |            200 |         2.78 |
|  ap_clk      | finn_design_i/ConvolutionInputGenerator_rtl_0/inst/impl/window_buffer_inst/ram_buffer_inst_3/Writing_done_reg                                                                                                                             |                                                                                                                                                                                     |               75 |            200 |         2.67 |
|  ap_clk      | finn_design_i/ConvolutionInputGenerator_rtl_0/inst/impl/E[0]                                                                                                                                                                              | ap_rst_n                                                                                                                                                                            |               70 |            200 |         2.86 |
|  ap_clk      | finn_design_i/MVAU_hls_0/inst/regslice_both_in0_V_U/B_V_data_1_payload_A[199]_i_1_n_3                                                                                                                                                     |                                                                                                                                                                                     |              101 |            200 |         1.98 |
|  ap_clk      | finn_design_i/MVAU_hls_0/inst/regslice_both_in0_V_U/B_V_data_1_load_B                                                                                                                                                                     |                                                                                                                                                                                     |               99 |            200 |         2.02 |
|  ap_clk      | finn_design_i/MVAU_hls_3/inst/grp_Matrix_Vector_Activate_Batch_fu_28/Q[0]                                                                                                                                                                 |                                                                                                                                                                                     |               77 |            220 |         2.86 |
|  ap_clk      |                                                                                                                                                                                                                                           | ap_rst_n                                                                                                                                                                            |               88 |            259 |         2.94 |
|  ap_clk      | finn_design_i/MVAU_hls_0/inst/grp_Matrix_Vector_Activate_Batch_fu_28/flow_control_loop_pipe_sequential_init_U/i_fu_154_reg[9]_0                                                                                                           |                                                                                                                                                                                     |               40 |            376 |         9.40 |
|  ap_clk      | finn_design_i/MVAU_hls_3/inst/grp_Matrix_Vector_Activate_Batch_fu_28/ap_CS_fsm_state2                                                                                                                                                     |                                                                                                                                                                                     |              194 |            388 |         2.00 |
|  ap_clk      | finn_design_i/MVAU_hls_2/inst/regslice_both_in0_V_U/B_V_data_1_load_B                                                                                                                                                                     |                                                                                                                                                                                     |              256 |            400 |         1.56 |
|  ap_clk      | finn_design_i/MVAU_hls_2/inst/regslice_both_in0_V_U/B_V_data_1_payload_A[399]_i_1_n_3                                                                                                                                                     |                                                                                                                                                                                     |              250 |            400 |         1.60 |
|  ap_clk      | finn_design_i/StreamingDataWidthConverter_rtl_1/inst/impl/core/genUp.acnt1                                                                                                                                                                |                                                                                                                                                                                     |              133 |            400 |         3.01 |
|  ap_clk      | finn_design_i/StreamingFIFO_rtl_9/inst/impl/shift_en_                                                                                                                                                                                     |                                                                                                                                                                                     |              130 |            400 |         3.08 |
|  ap_clk      | finn_design_i/StreamingFIFO_rtl_9/inst/impl/shift_en_o_                                                                                                                                                                                   | ap_rst_n                                                                                                                                                                            |              130 |            400 |         3.08 |
|  ap_clk      | finn_design_i/MVAU_hls_2/inst/grp_Matrix_Vector_Activate_Batch_fu_28/ap_CS_fsm_state3                                                                                                                                                     |                                                                                                                                                                                     |              249 |            433 |         1.74 |
|  ap_clk      | finn_design_i/MVAU_hls_3/inst/grp_Matrix_Vector_Activate_Batch_fu_28/ap_CS_fsm_state3                                                                                                                                                     |                                                                                                                                                                                     |              237 |            436 |         1.84 |
|  ap_clk      | finn_design_i/MVAU_hls_2/inst/grp_Matrix_Vector_Activate_Batch_fu_28/ap_CS_fsm_state1                                                                                                                                                     |                                                                                                                                                                                     |              383 |            580 |         1.51 |
|  ap_clk      | finn_design_i/MVAU_hls_1/inst/grp_Matrix_Vector_Activate_Batch_fu_28/flow_control_loop_pipe_sequential_init_U/E[0]                                                                                                                        |                                                                                                                                                                                     |              144 |            734 |         5.10 |
|  ap_clk      | finn_design_i/MVAU_hls_2/inst/grp_Matrix_Vector_Activate_Batch_fu_28/ap_CS_fsm_state4                                                                                                                                                     |                                                                                                                                                                                     |              843 |           2954 |         3.50 |
+--------------+-------------------------------------------------------------------------------------------------------------------------------------------------------------------------------------------------------------------------------------------+-------------------------------------------------------------------------------------------------------------------------------------------------------------------------------------+------------------+----------------+--------------+


