
*** Running vivado
    with args -log finn_design_wrapper.vdi -applog -m64 -product Vivado -messageDb vivado.pb -mode batch -source finn_design_wrapper.tcl -notrace


****** Vivado v2022.2 (64-bit)
  **** SW Build 3671981 on Fri Oct 14 04:59:54 MDT 2022
  **** IP Build 3669848 on Fri Oct 14 08:30:02 MDT 2022
    ** Copyright 1986-2022 Xilinx, Inc. All Rights Reserved.

INFO: [Common 17-1239] XILINX_LOCAL_USER_DATA is set to 'no'.
source finn_design_wrapper.tcl -notrace
Command: link_design -top finn_design_wrapper -part xczu7ev-ffvc1156-2-e
Design is defaulting to srcset: sources_1
Design is defaulting to constrset: constrs_1
INFO: [Device 21-403] Loading part xczu7ev-ffvc1156-2-e
Netlist sorting complete. Time (s): cpu = 00:00:00.19 ; elapsed = 00:00:00.19 . Memory (MB): peak = 3096.551 ; gain = 0.000 ; free physical = 16176 ; free virtual = 19307
INFO: [Netlist 29-17] Analyzing 445 Unisim elements for replacement
INFO: [Netlist 29-28] Unisim Transformation completed in 0 CPU seconds
INFO: [Project 1-479] Netlist was created with Vivado 2022.2
INFO: [Project 1-570] Preparing netlist for logic optimization
Parsing XDC File [/home/changhong/prj/finn/notebooks/EF-US-Engine-Free-Unstructured-Sparsity-Design-Alleviates-Accelerator-Bottlenecks/casestudy1/LeNet_MNIST_BNN/tmp/unfold/synth_out_of_context_gdlkdtqx/results_finn_design_wrapper/finn_design_wrapper.xdc]
Finished Parsing XDC File [/home/changhong/prj/finn/notebooks/EF-US-Engine-Free-Unstructured-Sparsity-Design-Alleviates-Accelerator-Bottlenecks/casestudy1/LeNet_MNIST_BNN/tmp/unfold/synth_out_of_context_gdlkdtqx/results_finn_design_wrapper/finn_design_wrapper.xdc]
INFO: [Opt 31-138] Pushed 0 inverter(s) to 0 load pin(s).
Netlist sorting complete. Time (s): cpu = 00:00:00 ; elapsed = 00:00:00.01 . Memory (MB): peak = 3229.141 ; gain = 0.000 ; free physical = 16056 ; free virtual = 19208
INFO: [Project 1-111] Unisim Transformation Summary:
  A total of 11 instances were transformed.
  RAM128X1D => RAM128X1D (MUXF7(x2), RAMD64E(x4)): 1 instance 
  RAM16X1D => RAM32X1D (RAMD32(x2)): 1 instance 
  RAM256X1D => RAM256X1D (MUXF7(x4), MUXF8(x2), RAMD64E(x8)): 1 instance 
  RAM32M => RAM32M (RAMD32(x6), RAMS32(x2)): 4 instances
  RAM32M16 => RAM32M16 (RAMD32(x14), RAMS32(x2)): 4 instances

7 Infos, 0 Warnings, 0 Critical Warnings and 0 Errors encountered.
link_design completed successfully
link_design: Time (s): cpu = 00:00:09 ; elapsed = 00:00:10 . Memory (MB): peak = 3229.141 ; gain = 1224.285 ; free physical = 16052 ; free virtual = 19207
Command: opt_design
Attempting to get a license for feature 'Implementation' and/or device 'xczu7ev'
INFO: [Common 17-349] Got license for feature 'Implementation' and/or device 'xczu7ev'
Running DRC as a precondition to command opt_design

Starting DRC Task
INFO: [DRC 23-27] Running DRC with 8 threads
INFO: [Project 1-461] DRC finished with 0 Errors
INFO: [Project 1-462] Please refer to the DRC report (report_drc) for more information.

Time (s): cpu = 00:00:01 ; elapsed = 00:00:00.58 . Memory (MB): peak = 3334.828 ; gain = 105.688 ; free physical = 16038 ; free virtual = 19177

Starting Cache Timing Information Task
INFO: [Timing 38-35] Done setting XDC timing constraints.
Ending Cache Timing Information Task | Checksum: 18a4155ea

Time (s): cpu = 00:00:03 ; elapsed = 00:00:02 . Memory (MB): peak = 3674.641 ; gain = 339.812 ; free physical = 15780 ; free virtual = 18918

Starting Logic Optimization Task

Phase 1 Retarget
INFO: [Opt 31-1287] Pulled Inverter finn_design_i/ConvolutionInputGenerator_rtl_0/inst/impl/Newest_buffered_elem[10]_i_2 into driver instance finn_design_i/ConvolutionInputGenerator_rtl_0/inst/impl/i_b_reg_inv_i_2, which resulted in an inversion of 8 pins
INFO: [Opt 31-1287] Pulled Inverter finn_design_i/ConvolutionInputGenerator_rtl_0/inst/impl/window_buffer_inst/reg_buffer_inst_4/Addr_r[4]_i_1 into driver instance finn_design_i/ConvolutionInputGenerator_rtl_0/inst/impl/window_buffer_inst/ram_buffer_inst_3/Addr_r[4]_i_3, which resulted in an inversion of 3 pins
INFO: [Opt 31-1287] Pulled Inverter finn_design_i/ConvolutionInputGenerator_rtl_1/inst/impl/window_buffer_inst/reg_buffer_inst_4/Addr_r[3]_i_1 into driver instance finn_design_i/ConvolutionInputGenerator_rtl_1/inst/impl/window_buffer_inst/ram_buffer_inst_3/Addr_r[3]_i_3, which resulted in an inversion of 3 pins
INFO: [Opt 31-1287] Pulled Inverter finn_design_i/MVAU_hls_3/inst/grp_Matrix_Vector_Activate_Batch_fu_28/add_ln840_847_reg_30529[3]_i_1 into driver instance finn_design_i/MVAU_hls_3/inst/grp_Matrix_Vector_Activate_Batch_fu_28/add_ln840_847_reg_30529[3]_i_2, which resulted in an inversion of 3 pins
INFO: [Opt 31-138] Pushed 1 inverter(s) to 1429 load pin(s).
INFO: [Opt 31-49] Retargeted 0 cell(s).
Phase 1 Retarget | Checksum: 1154422b2

Time (s): cpu = 00:00:02 ; elapsed = 00:00:01 . Memory (MB): peak = 3949.562 ; gain = 0.000 ; free physical = 15487 ; free virtual = 18635
INFO: [Opt 31-389] Phase Retarget created 0 cells and removed 5 cells

Phase 2 Constant propagation
INFO: [Opt 31-138] Pushed 0 inverter(s) to 0 load pin(s).
Phase 2 Constant propagation | Checksum: 17ee0d5d5

Time (s): cpu = 00:00:03 ; elapsed = 00:00:01 . Memory (MB): peak = 3949.562 ; gain = 0.000 ; free physical = 15483 ; free virtual = 18643
INFO: [Opt 31-389] Phase Constant propagation created 0 cells and removed 0 cells

Phase 3 Sweep
Phase 3 Sweep | Checksum: e8f288c3

Time (s): cpu = 00:00:03 ; elapsed = 00:00:02 . Memory (MB): peak = 3949.562 ; gain = 0.000 ; free physical = 15496 ; free virtual = 18635
INFO: [Opt 31-389] Phase Sweep created 0 cells and removed 0 cells

Phase 4 BUFG optimization
INFO: [Opt 31-1077] Phase BUFG optimization inserted 0 global clock buffer(s) for CLOCK_LOW_FANOUT.
Phase 4 BUFG optimization | Checksum: e8f288c3

Time (s): cpu = 00:00:03 ; elapsed = 00:00:02 . Memory (MB): peak = 3981.578 ; gain = 32.016 ; free physical = 15488 ; free virtual = 18633
INFO: [Opt 31-662] Phase BUFG optimization created 0 cells of which 0 are BUFGs and removed 0 cells.

Phase 5 Shift Register Optimization
INFO: [Opt 31-1064] SRL Remap converted 0 SRLs to 0 registers and converted 0 registers of register chains to 0 SRLs
Phase 5 Shift Register Optimization | Checksum: e8f288c3

Time (s): cpu = 00:00:03 ; elapsed = 00:00:02 . Memory (MB): peak = 3981.578 ; gain = 32.016 ; free physical = 15488 ; free virtual = 18633
INFO: [Opt 31-389] Phase Shift Register Optimization created 0 cells and removed 0 cells

Phase 6 Post Processing Netlist
Phase 6 Post Processing Netlist | Checksum: e8f288c3

Time (s): cpu = 00:00:03 ; elapsed = 00:00:02 . Memory (MB): peak = 3981.578 ; gain = 32.016 ; free physical = 15485 ; free virtual = 18632
INFO: [Opt 31-389] Phase Post Processing Netlist created 0 cells and removed 0 cells
Opt_design Change Summary
=========================


-------------------------------------------------------------------------------------------------------------------------
|  Phase                        |  #Cells created  |  #Cells Removed  |  #Constrained objects preventing optimizations  |
-------------------------------------------------------------------------------------------------------------------------
|  Retarget                     |               0  |               5  |                                              0  |
|  Constant propagation         |               0  |               0  |                                              0  |
|  Sweep                        |               0  |               0  |                                              0  |
|  BUFG optimization            |               0  |               0  |                                              0  |
|  Shift Register Optimization  |               0  |               0  |                                              0  |
|  Post Processing Netlist      |               0  |               0  |                                              0  |
-------------------------------------------------------------------------------------------------------------------------



Starting Connectivity Check Task

Time (s): cpu = 00:00:00.1 ; elapsed = 00:00:00.09 . Memory (MB): peak = 3981.578 ; gain = 0.000 ; free physical = 15461 ; free virtual = 18634
Ending Logic Optimization Task | Checksum: 14342af84

Time (s): cpu = 00:00:04 ; elapsed = 00:00:02 . Memory (MB): peak = 3981.578 ; gain = 32.016 ; free physical = 15461 ; free virtual = 18634

Starting Power Optimization Task
INFO: [Pwropt 34-132] Skipping clock gating for clocks with a period < 2.00 ns.
INFO: [Pwropt 34-9] Applying IDT optimizations ...
INFO: [Pwropt 34-10] Applying ODC optimizations ...
INFO: [Timing 38-35] Done setting XDC timing constraints.
Running Vector-less Activity Propagation...

Finished Running Vector-less Activity Propagation


Starting PowerOpt Patch Enables Task
INFO: [Pwropt 34-162] WRITE_MODE attribute of 0 BRAM(s) out of a total of 2 has been updated to save power. Run report_power_opt to get a complete listing of the BRAMs updated.
INFO: [Pwropt 34-201] Structural ODC has moved 0 WE to EN ports
Number of BRAM Ports augmented: 0 newly gated: 0 Total Ports: 4
Ending PowerOpt Patch Enables Task | Checksum: 14342af84

Time (s): cpu = 00:00:00.07 ; elapsed = 00:00:00.08 . Memory (MB): peak = 4641.477 ; gain = 0.000 ; free physical = 15009 ; free virtual = 18195
Ending Power Optimization Task | Checksum: 14342af84

Time (s): cpu = 00:00:18 ; elapsed = 00:00:10 . Memory (MB): peak = 4641.477 ; gain = 659.898 ; free physical = 15064 ; free virtual = 18254

Starting Final Cleanup Task
Ending Final Cleanup Task | Checksum: 14342af84

Time (s): cpu = 00:00:00 ; elapsed = 00:00:00 . Memory (MB): peak = 4641.477 ; gain = 0.000 ; free physical = 15064 ; free virtual = 18254

Starting Netlist Obfuscation Task
Netlist sorting complete. Time (s): cpu = 00:00:00.01 ; elapsed = 00:00:00.01 . Memory (MB): peak = 4641.477 ; gain = 0.000 ; free physical = 15070 ; free virtual = 18259
Ending Netlist Obfuscation Task | Checksum: 14342af84

Time (s): cpu = 00:00:00.01 ; elapsed = 00:00:00.01 . Memory (MB): peak = 4641.477 ; gain = 0.000 ; free physical = 15070 ; free virtual = 18259
INFO: [Common 17-83] Releasing license: Implementation
34 Infos, 0 Warnings, 0 Critical Warnings and 0 Errors encountered.
opt_design completed successfully
opt_design: Time (s): cpu = 00:00:27 ; elapsed = 00:00:17 . Memory (MB): peak = 4641.477 ; gain = 1412.336 ; free physical = 15070 ; free virtual = 18259
INFO: [Timing 38-35] Done setting XDC timing constraints.
INFO: [Timing 38-480] Writing timing data to binary archive.
INFO: [Common 17-1381] The checkpoint '/home/changhong/prj/finn/notebooks/EF-US-Engine-Free-Unstructured-Sparsity-Design-Alleviates-Accelerator-Bottlenecks/casestudy1/LeNet_MNIST_BNN/tmp/unfold/synth_out_of_context_gdlkdtqx/results_finn_design_wrapper/vivadocompile/vivadocompile.runs/impl_1/finn_design_wrapper_opt.dcp' has been generated.
INFO: [runtcl-4] Executing : report_drc -file finn_design_wrapper_drc_opted.rpt -pb finn_design_wrapper_drc_opted.pb -rpx finn_design_wrapper_drc_opted.rpx
Command: report_drc -file finn_design_wrapper_drc_opted.rpt -pb finn_design_wrapper_drc_opted.pb -rpx finn_design_wrapper_drc_opted.rpx
INFO: [IP_Flow 19-234] Refreshing IP repositories
INFO: [IP_Flow 19-1704] No user IP repositories specified
INFO: [IP_Flow 19-2313] Loaded Vivado IP repository '/tools/Xilinx/Vivado/2022.2/data/ip'.
INFO: [DRC 23-27] Running DRC with 8 threads
INFO: [Vivado_Tcl 2-168] The results of DRC are in file /home/changhong/prj/finn/notebooks/EF-US-Engine-Free-Unstructured-Sparsity-Design-Alleviates-Accelerator-Bottlenecks/casestudy1/LeNet_MNIST_BNN/tmp/unfold/synth_out_of_context_gdlkdtqx/results_finn_design_wrapper/vivadocompile/vivadocompile.runs/impl_1/finn_design_wrapper_drc_opted.rpt.
report_drc completed successfully
Command: place_design
Attempting to get a license for feature 'Implementation' and/or device 'xczu7ev'
INFO: [Common 17-349] Got license for feature 'Implementation' and/or device 'xczu7ev'
INFO: [DRC 23-27] Running DRC with 8 threads
INFO: [Vivado_Tcl 4-198] DRC finished with 0 Errors
INFO: [Vivado_Tcl 4-199] Please refer to the DRC report (report_drc) for more information.
Running DRC as a precondition to command place_design
INFO: [DRC 23-27] Running DRC with 8 threads
INFO: [Vivado_Tcl 4-198] DRC finished with 0 Errors
INFO: [Vivado_Tcl 4-199] Please refer to the DRC report (report_drc) for more information.

Starting Placer Task
INFO: [Place 30-611] Multithreading enabled for place_design using a maximum of 8 CPUs

Phase 1 Placer Initialization

Phase 1.1 Placer Initialization Netlist Sorting
Netlist sorting complete. Time (s): cpu = 00:00:00 ; elapsed = 00:00:00 . Memory (MB): peak = 4649.480 ; gain = 0.000 ; free physical = 14871 ; free virtual = 18127
Phase 1.1 Placer Initialization Netlist Sorting | Checksum: b0052820

Time (s): cpu = 00:00:00.01 ; elapsed = 00:00:00.01 . Memory (MB): peak = 4649.480 ; gain = 0.000 ; free physical = 14871 ; free virtual = 18127
Netlist sorting complete. Time (s): cpu = 00:00:00 ; elapsed = 00:00:00 . Memory (MB): peak = 4649.480 ; gain = 0.000 ; free physical = 14879 ; free virtual = 18137

Phase 1.2 IO Placement/ Clock Placement/ Build Placer Device
Phase 1.2 IO Placement/ Clock Placement/ Build Placer Device | Checksum: 557b6aad

Time (s): cpu = 00:00:12 ; elapsed = 00:00:13 . Memory (MB): peak = 5196.598 ; gain = 547.117 ; free physical = 14304 ; free virtual = 17676

Phase 1.3 Build Placer Netlist Model
Phase 1.3 Build Placer Netlist Model | Checksum: 1428d261d

Time (s): cpu = 00:00:21 ; elapsed = 00:00:17 . Memory (MB): peak = 5228.613 ; gain = 579.133 ; free physical = 14031 ; free virtual = 17403

Phase 1.4 Constrain Clocks/Macros
Phase 1.4 Constrain Clocks/Macros | Checksum: 1428d261d

Time (s): cpu = 00:00:21 ; elapsed = 00:00:17 . Memory (MB): peak = 5228.613 ; gain = 579.133 ; free physical = 14033 ; free virtual = 17408
Phase 1 Placer Initialization | Checksum: 1428d261d

Time (s): cpu = 00:00:21 ; elapsed = 00:00:17 . Memory (MB): peak = 5228.613 ; gain = 579.133 ; free physical = 14033 ; free virtual = 17409

Phase 2 Global Placement

Phase 2.1 Floorplanning

Phase 2.1.1 Partition Driven Placement

Phase 2.1.1.1 PBP: Partition Driven Placement
Phase 2.1.1.1 PBP: Partition Driven Placement | Checksum: 10edfa033

Time (s): cpu = 00:01:03 ; elapsed = 00:00:34 . Memory (MB): peak = 5242.488 ; gain = 593.008 ; free physical = 14130 ; free virtual = 17486

Phase 2.1.1.2 PBP: Clock Region Placement
Phase 2.1.1.2 PBP: Clock Region Placement | Checksum: 10edfa033

Time (s): cpu = 00:01:03 ; elapsed = 00:00:34 . Memory (MB): peak = 5242.488 ; gain = 593.008 ; free physical = 14125 ; free virtual = 17485

Phase 2.1.1.3 PBP: Compute Congestion
Phase 2.1.1.3 PBP: Compute Congestion | Checksum: 10edfa033

Time (s): cpu = 00:01:05 ; elapsed = 00:00:35 . Memory (MB): peak = 5454.883 ; gain = 805.402 ; free physical = 13993 ; free virtual = 17395

Phase 2.1.1.4 PBP: UpdateTiming
Phase 2.1.1.4 PBP: UpdateTiming | Checksum: 140edfff7

Time (s): cpu = 00:01:08 ; elapsed = 00:00:36 . Memory (MB): peak = 5484.898 ; gain = 835.418 ; free physical = 13951 ; free virtual = 17352

Phase 2.1.1.5 PBP: Add part constraints
Phase 2.1.1.5 PBP: Add part constraints | Checksum: 140edfff7

Time (s): cpu = 00:01:08 ; elapsed = 00:00:36 . Memory (MB): peak = 5484.898 ; gain = 835.418 ; free physical = 13957 ; free virtual = 17366
Phase 2.1.1 Partition Driven Placement | Checksum: 140edfff7

Time (s): cpu = 00:01:08 ; elapsed = 00:00:36 . Memory (MB): peak = 5484.898 ; gain = 835.418 ; free physical = 13986 ; free virtual = 17395
Phase 2.1 Floorplanning | Checksum: 6e1049bb

Time (s): cpu = 00:01:08 ; elapsed = 00:00:36 . Memory (MB): peak = 5484.898 ; gain = 835.418 ; free physical = 13983 ; free virtual = 17396

Phase 2.2 Update Timing before SLR Path Opt
Phase 2.2 Update Timing before SLR Path Opt | Checksum: 6e1049bb

Time (s): cpu = 00:01:08 ; elapsed = 00:00:36 . Memory (MB): peak = 5484.898 ; gain = 835.418 ; free physical = 13983 ; free virtual = 17396

Phase 2.3 Post-Processing in Floorplanning
Phase 2.3 Post-Processing in Floorplanning | Checksum: 6e1049bb

Time (s): cpu = 00:01:08 ; elapsed = 00:00:36 . Memory (MB): peak = 5484.898 ; gain = 835.418 ; free physical = 13976 ; free virtual = 17393

Phase 2.4 Global Placement Core

Phase 2.4.1 UpdateTiming Before Physical Synthesis
Phase 2.4.1 UpdateTiming Before Physical Synthesis | Checksum: 17f2905ad

Time (s): cpu = 00:02:25 ; elapsed = 00:01:06 . Memory (MB): peak = 5701.891 ; gain = 1052.410 ; free physical = 13766 ; free virtual = 17198

Phase 2.4.2 Physical Synthesis In Placer
INFO: [Physopt 32-1035] Found 0 LUTNM shape to break, 32939 LUT instances to create LUTNM shape
INFO: [Physopt 32-1044] Break lutnm for timing: one critical 0, two critical 0, total 0, new lutff created 0
INFO: [Physopt 32-1138] End 1 Pass. Optimized 14629 nets or LUTs. Breaked 0 LUT, combined 14629 existing LUTs and moved 0 existing LUT
INFO: [Physopt 32-1030] Pass 1. Identified 79 candidate driver sets for equivalent driver rewiring.
INFO: [Physopt 32-661] Optimized 12 nets.  Re-placed 45 instances.
INFO: [Physopt 32-775] End 1 Pass. Optimized 12 nets or cells. Created 0 new cell, deleted 3 existing cells and moved 45 existing cells
Netlist sorting complete. Time (s): cpu = 00:00:00.1 ; elapsed = 00:00:00.1 . Memory (MB): peak = 5701.891 ; gain = 0.000 ; free physical = 13965 ; free virtual = 17404
INFO: [Physopt 32-65] No nets found for high-fanout optimization.
INFO: [Physopt 32-232] Optimized 0 net. Created 0 new instance.
INFO: [Physopt 32-775] End 1 Pass. Optimized 0 net or cell. Created 0 new cell, deleted 0 existing cell and moved 0 existing cell
INFO: [Physopt 32-670] No setup violation found.  DSP Register Optimization was not performed.
INFO: [Physopt 32-670] No setup violation found.  Shift Register to Pipeline Optimization was not performed.
INFO: [Physopt 32-670] No setup violation found.  Shift Register Optimization was not performed.
INFO: [Physopt 32-670] No setup violation found.  BRAM Register Optimization was not performed.
INFO: [Physopt 32-670] No setup violation found.  URAM Register Optimization was not performed.
INFO: [Physopt 32-949] No candidate nets found for dynamic/static region interface net replication
INFO: [Physopt 32-775] End 1 Pass. Optimized 0 net or cell. Created 0 new cell, deleted 0 existing cell and moved 0 existing cell
Netlist sorting complete. Time (s): cpu = 00:00:00.01 ; elapsed = 00:00:00.01 . Memory (MB): peak = 5701.891 ; gain = 0.000 ; free physical = 13953 ; free virtual = 17403

Summary of Physical Synthesis Optimizations
============================================


-----------------------------------------------------------------------------------------------------------------------------------------------------------
|  Optimization                                     |  Added Cells  |  Removed Cells  |  Optimized Cells/Nets  |  Dont Touch  |  Iterations  |  Elapsed   |
-----------------------------------------------------------------------------------------------------------------------------------------------------------
|  LUT Combining                                    |            0  |          14629  |                 14629  |           0  |           1  |  00:00:08  |
|  Retime                                           |            0  |              0  |                     0  |           0  |           1  |  00:00:00  |
|  Equivalent Driver Rewiring                       |            0  |              3  |                    12  |           0  |           1  |  00:00:01  |
|  Very High Fanout                                 |            0  |              0  |                     0  |           0  |           1  |  00:00:00  |
|  DSP Register                                     |            0  |              0  |                     0  |           0  |           0  |  00:00:00  |
|  Shift Register to Pipeline                       |            0  |              0  |                     0  |           0  |           0  |  00:00:00  |
|  Shift Register                                   |            0  |              0  |                     0  |           0  |           0  |  00:00:00  |
|  BRAM Register                                    |            0  |              0  |                     0  |           0  |           0  |  00:00:00  |
|  URAM Register                                    |            0  |              0  |                     0  |           0  |           0  |  00:00:00  |
|  Dynamic/Static Region Interface Net Replication  |            0  |              0  |                     0  |           0  |           1  |  00:00:00  |
|  Total                                            |            0  |          14632  |                 14641  |           0  |           5  |  00:00:09  |
-----------------------------------------------------------------------------------------------------------------------------------------------------------


Phase 2.4.2 Physical Synthesis In Placer | Checksum: 1772ae9ea

Time (s): cpu = 00:02:39 ; elapsed = 00:01:16 . Memory (MB): peak = 5701.891 ; gain = 1052.410 ; free physical = 13927 ; free virtual = 17360
Phase 2.4 Global Placement Core | Checksum: 15e2ee486

Time (s): cpu = 00:02:44 ; elapsed = 00:01:18 . Memory (MB): peak = 5701.891 ; gain = 1052.410 ; free physical = 13887 ; free virtual = 17316
Phase 2 Global Placement | Checksum: 15e2ee486

Time (s): cpu = 00:02:44 ; elapsed = 00:01:18 . Memory (MB): peak = 5701.891 ; gain = 1052.410 ; free physical = 13935 ; free virtual = 17364

Phase 3 Detail Placement

Phase 3.1 Commit Multi Column Macros
Phase 3.1 Commit Multi Column Macros | Checksum: 12f499bb4

Time (s): cpu = 00:02:49 ; elapsed = 00:01:20 . Memory (MB): peak = 5701.891 ; gain = 1052.410 ; free physical = 13851 ; free virtual = 17269

Phase 3.2 Commit Most Macros & LUTRAMs
Phase 3.2 Commit Most Macros & LUTRAMs | Checksum: 8b38448f

Time (s): cpu = 00:02:53 ; elapsed = 00:01:22 . Memory (MB): peak = 5701.891 ; gain = 1052.410 ; free physical = 13865 ; free virtual = 17305

Phase 3.3 Small Shape DP

Phase 3.3.1 Small Shape Clustering
Phase 3.3.1 Small Shape Clustering | Checksum: bb34b875

Time (s): cpu = 00:02:55 ; elapsed = 00:01:24 . Memory (MB): peak = 5701.891 ; gain = 1052.410 ; free physical = 13813 ; free virtual = 17280

Phase 3.3.2 Flow Legalize Slice Clusters
Phase 3.3.2 Flow Legalize Slice Clusters | Checksum: a5e851cc

Time (s): cpu = 00:02:56 ; elapsed = 00:01:24 . Memory (MB): peak = 5701.891 ; gain = 1052.410 ; free physical = 13839 ; free virtual = 17276

Phase 3.3.3 Slice Area Swap

Phase 3.3.3.1 Slice Area Swap Initial
Phase 3.3.3.1 Slice Area Swap Initial | Checksum: 1315ccd68

Time (s): cpu = 00:02:59 ; elapsed = 00:01:26 . Memory (MB): peak = 5701.891 ; gain = 1052.410 ; free physical = 13836 ; free virtual = 17295
Phase 3.3.3 Slice Area Swap | Checksum: 1315ccd68

Time (s): cpu = 00:02:59 ; elapsed = 00:01:26 . Memory (MB): peak = 5701.891 ; gain = 1052.410 ; free physical = 13834 ; free virtual = 17297
Phase 3.3 Small Shape DP | Checksum: 12d8d5188

Time (s): cpu = 00:03:08 ; elapsed = 00:01:29 . Memory (MB): peak = 5701.891 ; gain = 1052.410 ; free physical = 13862 ; free virtual = 17331

Phase 3.4 Re-assign LUT pins
Phase 3.4 Re-assign LUT pins | Checksum: 11145a1be

Time (s): cpu = 00:03:11 ; elapsed = 00:01:32 . Memory (MB): peak = 5701.891 ; gain = 1052.410 ; free physical = 13861 ; free virtual = 17311

Phase 3.5 Pipeline Register Optimization
Phase 3.5 Pipeline Register Optimization | Checksum: 1886a06af

Time (s): cpu = 00:03:11 ; elapsed = 00:01:32 . Memory (MB): peak = 5701.891 ; gain = 1052.410 ; free physical = 13854 ; free virtual = 17324
Phase 3 Detail Placement | Checksum: 1886a06af

Time (s): cpu = 00:03:11 ; elapsed = 00:01:32 . Memory (MB): peak = 5701.891 ; gain = 1052.410 ; free physical = 13856 ; free virtual = 17336

Phase 4 Post Placement Optimization and Clean-Up

Phase 4.1 Post Commit Optimization
INFO: [Timing 38-35] Done setting XDC timing constraints.

Phase 4.1.1 Post Placement Optimization
Post Placement Optimization Initialization | Checksum: 133588f8c

Phase 4.1.1.1 BUFG Insertion

Starting Physical Synthesis Task

Phase 1 Physical Synthesis Initialization
INFO: [Physopt 32-721] Multithreading enabled for phys_opt_design using a maximum of 8 CPUs
INFO: [Physopt 32-619] Estimated Timing Summary | WNS=1.203 | TNS=0.000 |
Phase 1 Physical Synthesis Initialization | Checksum: f94759fd

Time (s): cpu = 00:00:01 ; elapsed = 00:00:00.23 . Memory (MB): peak = 5701.891 ; gain = 0.000 ; free physical = 13748 ; free virtual = 17216
INFO: [Place 46-35] Processed net finn_design_i/MVAU_hls_2/inst/grp_Matrix_Vector_Activate_Batch_fu_28/ap_CS_fsm_state4, inserted BUFG to drive 2954 loads.
INFO: [Place 46-45] Replicated bufg driver finn_design_i/MVAU_hls_2/inst/grp_Matrix_Vector_Activate_Batch_fu_28/ap_CS_fsm_reg[3]_replica
INFO: [Place 46-56] BUFG insertion identified 1 candidate nets. Inserted BUFG: 1, Replicated BUFG Driver: 1, Skipped due to Placement/Routing Conflicts: 0, Skipped due to Timing Degradation: 0, Skipped due to Illegal Netlist: 0.
Ending Physical Synthesis Task | Checksum: 10357a961

Time (s): cpu = 00:00:03 ; elapsed = 00:00:01 . Memory (MB): peak = 5701.891 ; gain = 0.000 ; free physical = 13743 ; free virtual = 17223
Phase 4.1.1.1 BUFG Insertion | Checksum: 16eb3df15

Time (s): cpu = 00:03:30 ; elapsed = 00:01:38 . Memory (MB): peak = 5701.891 ; gain = 1052.410 ; free physical = 13740 ; free virtual = 17229

Phase 4.1.1.2 Post Placement Timing Optimization
INFO: [Place 30-746] Post Placement Timing Summary WNS=1.203. For the most accurate timing information please run report_timing.
Phase 4.1.1.2 Post Placement Timing Optimization | Checksum: 192ef9b52

Time (s): cpu = 00:03:30 ; elapsed = 00:01:38 . Memory (MB): peak = 5701.891 ; gain = 1052.410 ; free physical = 13777 ; free virtual = 17230

Time (s): cpu = 00:03:30 ; elapsed = 00:01:38 . Memory (MB): peak = 5701.891 ; gain = 1052.410 ; free physical = 13777 ; free virtual = 17230
Phase 4.1 Post Commit Optimization | Checksum: 192ef9b52

Time (s): cpu = 00:03:30 ; elapsed = 00:01:38 . Memory (MB): peak = 5701.891 ; gain = 1052.410 ; free physical = 13770 ; free virtual = 17231
Netlist sorting complete. Time (s): cpu = 00:00:00.12 ; elapsed = 00:00:00.12 . Memory (MB): peak = 5771.891 ; gain = 0.000 ; free physical = 13750 ; free virtual = 17183

Phase 4.2 Post Placement Cleanup
Phase 4.2 Post Placement Cleanup | Checksum: 25f2af71e

Time (s): cpu = 00:03:35 ; elapsed = 00:01:42 . Memory (MB): peak = 5771.891 ; gain = 1122.410 ; free physical = 13750 ; free virtual = 17193

Phase 4.3 Placer Reporting

Phase 4.3.1 Print Estimated Congestion
INFO: [Place 30-612] Post-Placement Estimated Congestion 
 ________________________________________________________________________
|           | Global Congestion | Long Congestion   | Short Congestion  |
| Direction | Region Size       | Region Size       | Region Size       |
|___________|___________________|___________________|___________________|
|      North|                2x2|                1x1|                1x1|
|___________|___________________|___________________|___________________|
|      South|                1x1|                8x8|                4x4|
|___________|___________________|___________________|___________________|
|       East|                1x1|                1x1|                4x4|
|___________|___________________|___________________|___________________|
|       West|                1x1|                1x1|                2x2|
|___________|___________________|___________________|___________________|

Phase 4.3.1 Print Estimated Congestion | Checksum: 25f2af71e

Time (s): cpu = 00:03:36 ; elapsed = 00:01:42 . Memory (MB): peak = 5771.891 ; gain = 1122.410 ; free physical = 13755 ; free virtual = 17211
Phase 4.3 Placer Reporting | Checksum: 25f2af71e

Time (s): cpu = 00:03:36 ; elapsed = 00:01:42 . Memory (MB): peak = 5771.891 ; gain = 1122.410 ; free physical = 13763 ; free virtual = 17229

Phase 4.4 Final Placement Cleanup
Netlist sorting complete. Time (s): cpu = 00:00:00.01 ; elapsed = 00:00:00.01 . Memory (MB): peak = 5771.891 ; gain = 0.000 ; free physical = 13763 ; free virtual = 17229

Time (s): cpu = 00:03:36 ; elapsed = 00:01:42 . Memory (MB): peak = 5771.891 ; gain = 1122.410 ; free physical = 13763 ; free virtual = 17229
Phase 4 Post Placement Optimization and Clean-Up | Checksum: 25c62597a

Time (s): cpu = 00:03:36 ; elapsed = 00:01:43 . Memory (MB): peak = 5771.891 ; gain = 1122.410 ; free physical = 13786 ; free virtual = 17215
Ending Placer Task | Checksum: 1cb31d7ed

Time (s): cpu = 00:03:36 ; elapsed = 00:01:43 . Memory (MB): peak = 5771.891 ; gain = 1122.410 ; free physical = 13819 ; free virtual = 17256
INFO: [Common 17-83] Releasing license: Implementation
76 Infos, 0 Warnings, 0 Critical Warnings and 0 Errors encountered.
place_design completed successfully
place_design: Time (s): cpu = 00:03:39 ; elapsed = 00:01:44 . Memory (MB): peak = 5771.891 ; gain = 1122.410 ; free physical = 14052 ; free virtual = 17495
INFO: [Timing 38-480] Writing timing data to binary archive.
Writing XDEF routing.
Writing XDEF routing logical nets.
Writing XDEF routing special nets.
Write XDEF Complete: Time (s): cpu = 00:00:06 ; elapsed = 00:00:03 . Memory (MB): peak = 5771.891 ; gain = 0.000 ; free physical = 13988 ; free virtual = 17515
INFO: [Common 17-1381] The checkpoint '/home/changhong/prj/finn/notebooks/EF-US-Engine-Free-Unstructured-Sparsity-Design-Alleviates-Accelerator-Bottlenecks/casestudy1/LeNet_MNIST_BNN/tmp/unfold/synth_out_of_context_gdlkdtqx/results_finn_design_wrapper/vivadocompile/vivadocompile.runs/impl_1/finn_design_wrapper_placed.dcp' has been generated.
write_checkpoint: Time (s): cpu = 00:00:13 ; elapsed = 00:00:06 . Memory (MB): peak = 5771.891 ; gain = 0.000 ; free physical = 14068 ; free virtual = 17543
INFO: [runtcl-4] Executing : report_io -file finn_design_wrapper_io_placed.rpt
report_io: Time (s): cpu = 00:00:00.14 ; elapsed = 00:00:00.27 . Memory (MB): peak = 5771.891 ; gain = 0.000 ; free physical = 14015 ; free virtual = 17505
INFO: [runtcl-4] Executing : report_utilization -file finn_design_wrapper_utilization_placed.rpt -pb finn_design_wrapper_utilization_placed.pb
INFO: [runtcl-4] Executing : report_control_sets -verbose -file finn_design_wrapper_control_sets_placed.rpt
report_control_sets: Time (s): cpu = 00:00:00.05 ; elapsed = 00:00:00.16 . Memory (MB): peak = 5771.891 ; gain = 0.000 ; free physical = 14042 ; free virtual = 17511
Command: phys_opt_design
Attempting to get a license for feature 'Implementation' and/or device 'xczu7ev'
INFO: [Common 17-349] Got license for feature 'Implementation' and/or device 'xczu7ev'

Starting Initial Update Timing Task
WARNING: [Timing 38-242] The property HD.CLK_SRC of clock port "ap_clk" is not set. In out-of-context mode, this prevents timing estimation for clock delay/skew
Resolution: Set the HD.CLK_SRC property of the out-of-context port to the location of the clock buffer instance in the top-level design

Time (s): cpu = 00:00:11 ; elapsed = 00:00:02 . Memory (MB): peak = 5771.891 ; gain = 0.000 ; free physical = 13961 ; free virtual = 17455
INFO: [Vivado_Tcl 4-383] Design worst setup slack (WNS) is greater than or equal to 0.000 ns. Skipping all physical synthesis optimizations.
INFO: [Vivado_Tcl 4-232] No setup violation found. The netlist was not modified.
INFO: [Common 17-83] Releasing license: Implementation
85 Infos, 1 Warnings, 0 Critical Warnings and 0 Errors encountered.
phys_opt_design completed successfully
INFO: [Timing 38-480] Writing timing data to binary archive.
Writing XDEF routing.
Writing XDEF routing logical nets.
Writing XDEF routing special nets.
Write XDEF Complete: Time (s): cpu = 00:00:06 ; elapsed = 00:00:03 . Memory (MB): peak = 5771.891 ; gain = 0.000 ; free physical = 13786 ; free virtual = 17362
INFO: [Common 17-1381] The checkpoint '/home/changhong/prj/finn/notebooks/EF-US-Engine-Free-Unstructured-Sparsity-Design-Alleviates-Accelerator-Bottlenecks/casestudy1/LeNet_MNIST_BNN/tmp/unfold/synth_out_of_context_gdlkdtqx/results_finn_design_wrapper/vivadocompile/vivadocompile.runs/impl_1/finn_design_wrapper_physopt.dcp' has been generated.
Command: route_design
Attempting to get a license for feature 'Implementation' and/or device 'xczu7ev'
INFO: [Common 17-349] Got license for feature 'Implementation' and/or device 'xczu7ev'
Running DRC as a precondition to command route_design
INFO: [DRC 23-27] Running DRC with 8 threads
INFO: [Vivado_Tcl 4-198] DRC finished with 0 Errors
INFO: [Vivado_Tcl 4-199] Please refer to the DRC report (report_drc) for more information.


Starting Routing Task
INFO: [Route 35-254] Multithreading enabled for route_design using a maximum of 8 CPUs

Phase 1 Build RT Design
Checksum: PlaceDB: c38ce750 ConstDB: 0 ShapeSum: 3b6994d1 RouteDB: cc3b5bcc
Nodegraph reading from file.  Time (s): cpu = 00:00:00.55 ; elapsed = 00:00:00.62 . Memory (MB): peak = 5771.891 ; gain = 0.000 ; free physical = 13686 ; free virtual = 17181
WARNING: [Route 35-197] Clock port "ap_clk" does not have an associated HD.CLK_SRC. Without this constraint, timing analysis may not be accurate and upstream checks cannot be done to ensure correct clock placement.
WARNING: [Route 35-198] Port "ap_rst_n" does not have an associated HD.PARTPIN_LOCS, which will prevent the partial routing of the signal "ap_rst_n". Without this partial route, timing analysis to/from this port will not be accurate, and no routing information for this port can be exported.
WARNING: [Route 35-198] Port "m_axis_0_tready" does not have an associated HD.PARTPIN_LOCS, which will prevent the partial routing of the signal "m_axis_0_tready". Without this partial route, timing analysis to/from this port will not be accurate, and no routing information for this port can be exported.
WARNING: [Route 35-198] Port "s_axis_0_tvalid" does not have an associated HD.PARTPIN_LOCS, which will prevent the partial routing of the signal "s_axis_0_tvalid". Without this partial route, timing analysis to/from this port will not be accurate, and no routing information for this port can be exported.
WARNING: [Route 35-198] Port "s_axis_0_tdata[1]" does not have an associated HD.PARTPIN_LOCS, which will prevent the partial routing of the signal "s_axis_0_tdata[1]". Without this partial route, timing analysis to/from this port will not be accurate, and no routing information for this port can be exported.
WARNING: [Route 35-198] Port "s_axis_0_tdata[2]" does not have an associated HD.PARTPIN_LOCS, which will prevent the partial routing of the signal "s_axis_0_tdata[2]". Without this partial route, timing analysis to/from this port will not be accurate, and no routing information for this port can be exported.
WARNING: [Route 35-198] Port "s_axis_0_tdata[3]" does not have an associated HD.PARTPIN_LOCS, which will prevent the partial routing of the signal "s_axis_0_tdata[3]". Without this partial route, timing analysis to/from this port will not be accurate, and no routing information for this port can be exported.
WARNING: [Route 35-198] Port "s_axis_0_tdata[6]" does not have an associated HD.PARTPIN_LOCS, which will prevent the partial routing of the signal "s_axis_0_tdata[6]". Without this partial route, timing analysis to/from this port will not be accurate, and no routing information for this port can be exported.
WARNING: [Route 35-198] Port "s_axis_0_tdata[0]" does not have an associated HD.PARTPIN_LOCS, which will prevent the partial routing of the signal "s_axis_0_tdata[0]". Without this partial route, timing analysis to/from this port will not be accurate, and no routing information for this port can be exported.
WARNING: [Route 35-198] Port "s_axis_0_tdata[4]" does not have an associated HD.PARTPIN_LOCS, which will prevent the partial routing of the signal "s_axis_0_tdata[4]". Without this partial route, timing analysis to/from this port will not be accurate, and no routing information for this port can be exported.
WARNING: [Route 35-198] Port "s_axis_0_tdata[5]" does not have an associated HD.PARTPIN_LOCS, which will prevent the partial routing of the signal "s_axis_0_tdata[5]". Without this partial route, timing analysis to/from this port will not be accurate, and no routing information for this port can be exported.
WARNING: [Route 35-198] Port "s_axis_0_tdata[7]" does not have an associated HD.PARTPIN_LOCS, which will prevent the partial routing of the signal "s_axis_0_tdata[7]". Without this partial route, timing analysis to/from this port will not be accurate, and no routing information for this port can be exported.
Post Restoration Checksum: NetGraph: a76301ba NumContArr: 1a4b662 Constraints: da33f339 Timing: 0
Phase 1 Build RT Design | Checksum: 1833bab55

Time (s): cpu = 00:00:27 ; elapsed = 00:00:08 . Memory (MB): peak = 5771.891 ; gain = 0.000 ; free physical = 13701 ; free virtual = 17212

Phase 2 Router Initialization

Phase 2.1 Fix Topology Constraints
Phase 2.1 Fix Topology Constraints | Checksum: 1833bab55

Time (s): cpu = 00:00:28 ; elapsed = 00:00:08 . Memory (MB): peak = 5771.891 ; gain = 0.000 ; free physical = 13667 ; free virtual = 17192

Phase 2.2 Pre Route Cleanup
Phase 2.2 Pre Route Cleanup | Checksum: 1833bab55

Time (s): cpu = 00:00:28 ; elapsed = 00:00:08 . Memory (MB): peak = 5771.891 ; gain = 0.000 ; free physical = 13662 ; free virtual = 17200

Phase 2.3 Global Clock Net Routing
 Number of Nodes with overlaps = 0
Phase 2.3 Global Clock Net Routing | Checksum: 1900a2a16

Time (s): cpu = 00:00:31 ; elapsed = 00:00:10 . Memory (MB): peak = 5771.891 ; gain = 0.000 ; free physical = 13599 ; free virtual = 17095

Phase 2.4 Update Timing
Phase 2.4 Update Timing | Checksum: 20a172932

Time (s): cpu = 00:00:39 ; elapsed = 00:00:13 . Memory (MB): peak = 5771.891 ; gain = 0.000 ; free physical = 13561 ; free virtual = 17062
INFO: [Route 35-416] Intermediate Timing Summary | WNS=1.467  | TNS=0.000  | WHS=-0.012 | THS=-0.512 |


Router Utilization Summary
  Global Vertical Routing Utilization    = 0 %
  Global Horizontal Routing Utilization  = 0 %
  Routable Net Status*
  *Does not include unroutable nets such as driverless and loadless.
  Run report_route_status for detailed report.
  Number of Failed Nets               = 74658
    (Failed Nets is the sum of unrouted and partially routed nets)
  Number of Unrouted Nets             = 43685
  Number of Partially Routed Nets     = 30973
  Number of Node Overlaps             = 0

Phase 2 Router Initialization | Checksum: 2269146ca

Time (s): cpu = 00:00:54 ; elapsed = 00:00:19 . Memory (MB): peak = 5771.891 ; gain = 0.000 ; free physical = 13531 ; free virtual = 17025

Phase 3 Initial Routing

Phase 3.1 Global Routing
Phase 3.1 Global Routing | Checksum: 2269146ca

Time (s): cpu = 00:00:54 ; elapsed = 00:00:19 . Memory (MB): peak = 5771.891 ; gain = 0.000 ; free physical = 13524 ; free virtual = 17025
Phase 3 Initial Routing | Checksum: 1ad5b1159

Time (s): cpu = 00:01:11 ; elapsed = 00:00:25 . Memory (MB): peak = 5771.891 ; gain = 0.000 ; free physical = 13445 ; free virtual = 16976

Phase 4 Rip-up And Reroute

Phase 4.1 Global Iteration 0
INFO: [Route 35-443] CLB routing congestion detected. Several CLBs have high routing utilization, which can impact timing closure. Congested CLBs and Nets are dumped in: iter_2_CongestedCLBsAndNets.txt
 Number of Nodes with overlaps = 13545
 Number of Nodes with overlaps = 850
 Number of Nodes with overlaps = 87
 Number of Nodes with overlaps = 17
 Number of Nodes with overlaps = 5
 Number of Nodes with overlaps = 1
 Number of Nodes with overlaps = 0
INFO: [Route 35-416] Intermediate Timing Summary | WNS=1.292  | TNS=0.000  | WHS=0.012  | THS=0.000  |

Phase 4.1 Global Iteration 0 | Checksum: 1629b51cc

Time (s): cpu = 00:02:32 ; elapsed = 00:01:00 . Memory (MB): peak = 5771.891 ; gain = 0.000 ; free physical = 13403 ; free virtual = 17004

Phase 4.2 Additional Iteration for Hold
Phase 4.2 Additional Iteration for Hold | Checksum: 176492f95

Time (s): cpu = 00:02:33 ; elapsed = 00:01:00 . Memory (MB): peak = 5771.891 ; gain = 0.000 ; free physical = 13442 ; free virtual = 16999
Phase 4 Rip-up And Reroute | Checksum: 176492f95

Time (s): cpu = 00:02:33 ; elapsed = 00:01:01 . Memory (MB): peak = 5771.891 ; gain = 0.000 ; free physical = 13450 ; free virtual = 17020

Phase 5 Delay and Skew Optimization

Phase 5.1 Delay CleanUp
Phase 5.1 Delay CleanUp | Checksum: 176492f95

Time (s): cpu = 00:02:34 ; elapsed = 00:01:01 . Memory (MB): peak = 5771.891 ; gain = 0.000 ; free physical = 13471 ; free virtual = 17058

Phase 5.2 Clock Skew Optimization
Phase 5.2 Clock Skew Optimization | Checksum: 176492f95

Time (s): cpu = 00:02:34 ; elapsed = 00:01:01 . Memory (MB): peak = 5771.891 ; gain = 0.000 ; free physical = 13453 ; free virtual = 17053
Phase 5 Delay and Skew Optimization | Checksum: 176492f95

Time (s): cpu = 00:02:34 ; elapsed = 00:01:01 . Memory (MB): peak = 5771.891 ; gain = 0.000 ; free physical = 13443 ; free virtual = 17055

Phase 6 Post Hold Fix

Phase 6.1 Hold Fix Iter

Phase 6.1.1 Update Timing
Phase 6.1.1 Update Timing | Checksum: 189407828

Time (s): cpu = 00:02:42 ; elapsed = 00:01:05 . Memory (MB): peak = 5771.891 ; gain = 0.000 ; free physical = 13589 ; free virtual = 17134
INFO: [Route 35-416] Intermediate Timing Summary | WNS=1.292  | TNS=0.000  | WHS=0.012  | THS=0.000  |

Phase 6.1 Hold Fix Iter | Checksum: 189407828

Time (s): cpu = 00:02:43 ; elapsed = 00:01:05 . Memory (MB): peak = 5771.891 ; gain = 0.000 ; free physical = 13585 ; free virtual = 17137
Phase 6 Post Hold Fix | Checksum: 189407828

Time (s): cpu = 00:02:43 ; elapsed = 00:01:05 . Memory (MB): peak = 5771.891 ; gain = 0.000 ; free physical = 13576 ; free virtual = 17136

Phase 7 Leaf Clock Prog Delay Opt
Phase 7 Leaf Clock Prog Delay Opt | Checksum: 162525754

Time (s): cpu = 00:02:51 ; elapsed = 00:01:08 . Memory (MB): peak = 5771.891 ; gain = 0.000 ; free physical = 13546 ; free virtual = 17134

Phase 8 Route finalize

Router Utilization Summary
  Global Vertical Routing Utilization    = 10.3233 %
  Global Horizontal Routing Utilization  = 7.98458 %
  Routable Net Status*
  *Does not include unroutable nets such as driverless and loadless.
  Run report_route_status for detailed report.
  Number of Failed Nets               = 0
    (Failed Nets is the sum of unrouted and partially routed nets)
  Number of Unrouted Nets             = 0
  Number of Partially Routed Nets     = 0
  Number of Node Overlaps             = 0

Phase 8 Route finalize | Checksum: 15d7d5cb1

Time (s): cpu = 00:02:52 ; elapsed = 00:01:09 . Memory (MB): peak = 5771.891 ; gain = 0.000 ; free physical = 13574 ; free virtual = 17127

Phase 9 Verifying routed nets

 Verification completed successfully
Phase 9 Verifying routed nets | Checksum: 15d7d5cb1

Time (s): cpu = 00:02:52 ; elapsed = 00:01:09 . Memory (MB): peak = 5771.891 ; gain = 0.000 ; free physical = 13554 ; free virtual = 17118

Phase 10 Depositing Routes
Phase 10 Depositing Routes | Checksum: 15d7d5cb1

Time (s): cpu = 00:02:57 ; elapsed = 00:01:12 . Memory (MB): peak = 5771.891 ; gain = 0.000 ; free physical = 13532 ; free virtual = 17111

Phase 11 Resolve XTalk
Phase 11 Resolve XTalk | Checksum: 15d7d5cb1

Time (s): cpu = 00:02:57 ; elapsed = 00:01:13 . Memory (MB): peak = 5771.891 ; gain = 0.000 ; free physical = 13538 ; free virtual = 17098

Phase 12 Post Router Timing
INFO: [Route 35-57] Estimated Timing Summary | WNS=1.292  | TNS=0.000  | WHS=0.012  | THS=0.000  |

INFO: [Route 35-327] The final timing numbers are based on the router estimated timing analysis. For a complete and accurate timing signoff, please run report_timing_summary.
Phase 12 Post Router Timing | Checksum: 15d7d5cb1

Time (s): cpu = 00:03:00 ; elapsed = 00:01:13 . Memory (MB): peak = 5771.891 ; gain = 0.000 ; free physical = 13556 ; free virtual = 17102
INFO: [Route 35-16] Router Completed Successfully

Time (s): cpu = 00:03:00 ; elapsed = 00:01:13 . Memory (MB): peak = 5771.891 ; gain = 0.000 ; free physical = 13659 ; free virtual = 17206

Routing Is Done.
INFO: [Common 17-83] Releasing license: Implementation
100 Infos, 13 Warnings, 0 Critical Warnings and 0 Errors encountered.
route_design completed successfully
route_design: Time (s): cpu = 00:03:04 ; elapsed = 00:01:16 . Memory (MB): peak = 5771.891 ; gain = 0.000 ; free physical = 13657 ; free virtual = 17207
INFO: [Timing 38-480] Writing timing data to binary archive.
Writing XDEF routing.
Writing XDEF routing logical nets.
Writing XDEF routing special nets.
Write XDEF Complete: Time (s): cpu = 00:00:07 ; elapsed = 00:00:03 . Memory (MB): peak = 5771.891 ; gain = 0.000 ; free physical = 13447 ; free virtual = 17121
INFO: [Common 17-1381] The checkpoint '/home/changhong/prj/finn/notebooks/EF-US-Engine-Free-Unstructured-Sparsity-Design-Alleviates-Accelerator-Bottlenecks/casestudy1/LeNet_MNIST_BNN/tmp/unfold/synth_out_of_context_gdlkdtqx/results_finn_design_wrapper/vivadocompile/vivadocompile.runs/impl_1/finn_design_wrapper_routed.dcp' has been generated.
write_checkpoint: Time (s): cpu = 00:00:15 ; elapsed = 00:00:08 . Memory (MB): peak = 5779.809 ; gain = 7.918 ; free physical = 13538 ; free virtual = 17089
INFO: [runtcl-4] Executing : report_drc -file finn_design_wrapper_drc_routed.rpt -pb finn_design_wrapper_drc_routed.pb -rpx finn_design_wrapper_drc_routed.rpx
Command: report_drc -file finn_design_wrapper_drc_routed.rpt -pb finn_design_wrapper_drc_routed.pb -rpx finn_design_wrapper_drc_routed.rpx
INFO: [IP_Flow 19-1839] IP Catalog is up to date.
INFO: [DRC 23-27] Running DRC with 8 threads
INFO: [Vivado_Tcl 2-168] The results of DRC are in file /home/changhong/prj/finn/notebooks/EF-US-Engine-Free-Unstructured-Sparsity-Design-Alleviates-Accelerator-Bottlenecks/casestudy1/LeNet_MNIST_BNN/tmp/unfold/synth_out_of_context_gdlkdtqx/results_finn_design_wrapper/vivadocompile/vivadocompile.runs/impl_1/finn_design_wrapper_drc_routed.rpt.
report_drc completed successfully
INFO: [runtcl-4] Executing : report_methodology -file finn_design_wrapper_methodology_drc_routed.rpt -pb finn_design_wrapper_methodology_drc_routed.pb -rpx finn_design_wrapper_methodology_drc_routed.rpx
Command: report_methodology -file finn_design_wrapper_methodology_drc_routed.rpt -pb finn_design_wrapper_methodology_drc_routed.pb -rpx finn_design_wrapper_methodology_drc_routed.rpx
INFO: [Timing 38-35] Done setting XDC timing constraints.
WARNING: [Timing 38-242] The property HD.CLK_SRC of clock port "ap_clk" is not set. In out-of-context mode, this prevents timing estimation for clock delay/skew
Resolution: Set the HD.CLK_SRC property of the out-of-context port to the location of the clock buffer instance in the top-level design
INFO: [DRC 23-133] Running Methodology with 8 threads
INFO: [Vivado_Tcl 2-1520] The results of Report Methodology are in file /home/changhong/prj/finn/notebooks/EF-US-Engine-Free-Unstructured-Sparsity-Design-Alleviates-Accelerator-Bottlenecks/casestudy1/LeNet_MNIST_BNN/tmp/unfold/synth_out_of_context_gdlkdtqx/results_finn_design_wrapper/vivadocompile/vivadocompile.runs/impl_1/finn_design_wrapper_methodology_drc_routed.rpt.
report_methodology completed successfully
report_methodology: Time (s): cpu = 00:00:20 ; elapsed = 00:00:05 . Memory (MB): peak = 5825.469 ; gain = 0.000 ; free physical = 13430 ; free virtual = 17005
INFO: [runtcl-4] Executing : report_power -file finn_design_wrapper_power_routed.rpt -pb finn_design_wrapper_power_summary_routed.pb -rpx finn_design_wrapper_power_routed.rpx
Command: report_power -file finn_design_wrapper_power_routed.rpt -pb finn_design_wrapper_power_summary_routed.pb -rpx finn_design_wrapper_power_routed.rpx
INFO: [Timing 38-35] Done setting XDC timing constraints.
Running Vector-less Activity Propagation...

Finished Running Vector-less Activity Propagation
112 Infos, 14 Warnings, 0 Critical Warnings and 0 Errors encountered.
report_power completed successfully
report_power: Time (s): cpu = 00:00:33 ; elapsed = 00:00:19 . Memory (MB): peak = 5881.512 ; gain = 56.043 ; free physical = 13434 ; free virtual = 17028
INFO: [runtcl-4] Executing : report_route_status -file finn_design_wrapper_route_status.rpt -pb finn_design_wrapper_route_status.pb
INFO: [runtcl-4] Executing : report_timing_summary -max_paths 10 -report_unconstrained -file finn_design_wrapper_timing_summary_routed.rpt -pb finn_design_wrapper_timing_summary_routed.pb -rpx finn_design_wrapper_timing_summary_routed.rpx -warn_on_violation 
INFO: [Timing 38-91] UpdateTimingParams: Speed grade: -2, Temperature grade: E, Delay Type: min_max.
INFO: [Timing 38-191] Multithreading enabled for timing update using a maximum of 8 CPUs
INFO: [runtcl-4] Executing : report_incremental_reuse -file finn_design_wrapper_incremental_reuse_routed.rpt
INFO: [Vivado_Tcl 4-1062] Incremental flow is disabled. No incremental reuse Info to report.
INFO: [runtcl-4] Executing : report_clock_utilization -file finn_design_wrapper_clock_utilization_routed.rpt
INFO: [runtcl-4] Executing : report_bus_skew -warn_on_violation -file finn_design_wrapper_bus_skew_routed.rpt -pb finn_design_wrapper_bus_skew_routed.pb -rpx finn_design_wrapper_bus_skew_routed.rpx
INFO: [Timing 38-91] UpdateTimingParams: Speed grade: -2, Temperature grade: E, Delay Type: min_max.
INFO: [Timing 38-191] Multithreading enabled for timing update using a maximum of 8 CPUs
INFO: [Common 17-206] Exiting Vivado at Sun Jun 22 19:17:22 2025...
