

================================================================
== Vitis HLS Report for 'StreamingMaxPool_hls_0_Pipeline_VITIS_LOOP_79_3_VITIS_LOOP_80_4_VITIS_LOOP_82_5'
================================================================
* Date:           Sun Jun 22 17:19:01 2025

* Version:        2022.2 (Build 3670227 on Oct 13 2022)
* Project:        project_StreamingMaxPool_hls_0
* Solution:       sol1 (Vivado IP Flow Target)
* Product family: zynquplus
* Target device:  xczu7ev-ffvc1156-2-e


================================================================
== Performance Estimates
================================================================
+ Timing: 
    * Summary: 
    +--------+----------+----------+------------+
    |  Clock |  Target  | Estimated| Uncertainty|
    +--------+----------+----------+------------+
    |ap_clk  |  10.00 ns|  2.256 ns|     2.70 ns|
    +--------+----------+----------+------------+

+ Latency: 
    * Summary: 
    +---------+---------+----------+----------+-----+-----+---------+
    |  Latency (cycles) |  Latency (absolute) |  Interval | Pipeline|
    |   min   |   max   |    min   |    max   | min | max |   Type  |
    +---------+---------+----------+----------+-----+-----+---------+
    |       59|       59|  0.590 us|  0.590 us|   59|   59|       no|
    +---------+---------+----------+----------+-----+-----+---------+

    + Detail: 
        * Instance: 
        N/A

        * Loop: 
        +---------------------------------------------------+---------+---------+----------+-----------+-----------+------+----------+
        |                                                   |  Latency (cycles) | Iteration|  Initiation Interval  | Trip |          |
        |                     Loop Name                     |   min   |   max   |  Latency |  achieved |   target  | Count| Pipelined|
        +---------------------------------------------------+---------+---------+----------+-----------+-----------+------+----------+
        |- VITIS_LOOP_79_3_VITIS_LOOP_80_4_VITIS_LOOP_82_5  |       57|       57|         3|          1|          1|    56|  yes(flp)|
        +---------------------------------------------------+---------+---------+----------+-----------+-----------+------+----------+

============================================================
+ Verbose Summary: Synthesis Manager
============================================================
InlineROM: 1
ExposeGlobal: 0
============================================================
+ Verbose Summary: CDFG Model
============================================================
IsTopModel: 0
ResetActiveHigh: 1
IsCombinational: 0
IsDatapathOnly: 0
HasWiredReturn: 1
HasMFsm: 1
HasVarLatency: 1
IsPipeline: 0
IsRtlPipelined: 0
IsInstanceOverlapped: 0
IsDontTouch: 0
HasImplIP: 0
IsGatedGlobalClock: 0

+ Individual pipeline summary: 
  * Pipeline-0: initiation interval (II) = 1, depth = 3


============================================================
+ Verbose Summary: Schedule
============================================================
* Number of FSM states : 3
* Pipeline : 1
  Pipeline-0 : II = 1, D = 3, States = { 1 2 3 }
* Dataflow Pipeline: 0

* FSM state transitions: 
1 --> 2 
2 --> 3 
3 --> 

* FSM state operations: 

State 1 <SV = 0> <Delay = 2.17>
ST_1 : Operation 6 [1/1] (0.00ns)   --->   "%lhs_V = alloca i32 1"   --->   Operation 6 'alloca' 'lhs_V' <Predicate = true> <Delay = 0.00>
ST_1 : Operation 7 [1/1] (0.00ns)   --->   "%kx = alloca i32 1"   --->   Operation 7 'alloca' 'kx' <Predicate = true> <Delay = 0.00>
ST_1 : Operation 8 [1/1] (0.00ns)   --->   "%xp = alloca i32 1"   --->   Operation 8 'alloca' 'xp' <Predicate = true> <Delay = 0.00>
ST_1 : Operation 9 [1/1] (0.00ns)   --->   "%indvar_flatten = alloca i32 1"   --->   Operation 9 'alloca' 'indvar_flatten' <Predicate = true> <Delay = 0.00>
ST_1 : Operation 10 [1/1] (0.00ns)   --->   "%indvar_flatten14 = alloca i32 1"   --->   Operation 10 'alloca' 'indvar_flatten14' <Predicate = true> <Delay = 0.00>
ST_1 : Operation 11 [1/1] (0.00ns)   --->   "%specinterface_ln0 = specinterface void @_ssdm_op_SpecInterface, i8 %in0_V, void @empty, i32 0, i32 0, void @empty_0, i32 0, i32 0, void @empty_1, void @empty_1, void @empty_1, i32 0, i32 0, i32 0, i32 0, void @empty_1, void @empty_1, i32 4294967295, i32 0"   --->   Operation 11 'specinterface' 'specinterface_ln0' <Predicate = true> <Delay = 0.00>
ST_1 : Operation 12 [1/1] (0.42ns)   --->   "%store_ln0 = store i6 0, i6 %indvar_flatten14"   --->   Operation 12 'store' 'store_ln0' <Predicate = true> <Delay = 0.42>
ST_1 : Operation 13 [1/1] (0.42ns)   --->   "%store_ln0 = store i6 0, i6 %indvar_flatten"   --->   Operation 13 'store' 'store_ln0' <Predicate = true> <Delay = 0.42>
ST_1 : Operation 14 [1/1] (0.42ns)   --->   "%store_ln0 = store i4 0, i4 %xp"   --->   Operation 14 'store' 'store_ln0' <Predicate = true> <Delay = 0.42>
ST_1 : Operation 15 [1/1] (0.42ns)   --->   "%store_ln0 = store i2 0, i2 %kx"   --->   Operation 15 'store' 'store_ln0' <Predicate = true> <Delay = 0.42>
ST_1 : Operation 16 [1/1] (0.42ns)   --->   "%store_ln0 = store i6 0, i6 %lhs_V"   --->   Operation 16 'store' 'store_ln0' <Predicate = true> <Delay = 0.42>
ST_1 : Operation 17 [1/1] (0.00ns)   --->   "%br_ln0 = br void %for.inc21.i"   --->   Operation 17 'br' 'br_ln0' <Predicate = true> <Delay = 0.00>
ST_1 : Operation 18 [1/1] (0.00ns)   --->   "%indvar_flatten_load = load i6 %indvar_flatten" [/home/changhong/prj/finn/deps/finn-hlslib/maxpool.h:80]   --->   Operation 18 'load' 'indvar_flatten_load' <Predicate = true> <Delay = 0.00>
ST_1 : Operation 19 [1/1] (0.00ns)   --->   "%indvar_flatten14_load = load i6 %indvar_flatten14" [/home/changhong/prj/finn/deps/finn-hlslib/maxpool.h:79]   --->   Operation 19 'load' 'indvar_flatten14_load' <Predicate = true> <Delay = 0.00>
ST_1 : Operation 20 [1/1] (0.78ns)   --->   "%icmp_ln79 = icmp_eq  i6 %indvar_flatten14_load, i6 56" [/home/changhong/prj/finn/deps/finn-hlslib/maxpool.h:79]   --->   Operation 20 'icmp' 'icmp_ln79' <Predicate = true> <Delay = 0.78> <CoreInst = "Cmp">   --->   Core 9 'Cmp' <Latency = 0> <II = 1> <Delay = 0.78> <FuncUnit> <Opcode : 'icmp'> <InPorts = 2> <OutPorts = 1>
ST_1 : Operation 21 [1/1] (0.78ns)   --->   "%add_ln79 = add i6 %indvar_flatten14_load, i6 1" [/home/changhong/prj/finn/deps/finn-hlslib/maxpool.h:79]   --->   Operation 21 'add' 'add_ln79' <Predicate = true> <Delay = 0.78> <CoreInst = "Adder">   --->   Core 1 'Adder' <Latency = 0> <II = 1> <Delay = 0.78> <FuncUnit> <Opcode : 'add' 'sub'> <InPorts = 2> <OutPorts = 1>
ST_1 : Operation 22 [1/1] (0.00ns)   --->   "%br_ln79 = br i1 %icmp_ln79, void %for.inc29.i, void %for.inc41.i.preheader.exitStub" [/home/changhong/prj/finn/deps/finn-hlslib/maxpool.h:79]   --->   Operation 22 'br' 'br_ln79' <Predicate = true> <Delay = 0.00>
ST_1 : Operation 23 [1/1] (0.00ns)   --->   "%lhs_V_load = load i6 %lhs_V" [/home/changhong/prj/finn/deps/finn-hlslib/maxpool.h:80]   --->   Operation 23 'load' 'lhs_V_load' <Predicate = (!icmp_ln79)> <Delay = 0.00>
ST_1 : Operation 24 [1/1] (0.00ns)   --->   "%kx_load = load i2 %kx" [/home/changhong/prj/finn/deps/finn-hlslib/maxpool.h:82]   --->   Operation 24 'load' 'kx_load' <Predicate = (!icmp_ln79)> <Delay = 0.00>
ST_1 : Operation 25 [1/1] (0.78ns)   --->   "%icmp_ln80 = icmp_eq  i6 %indvar_flatten_load, i6 28" [/home/changhong/prj/finn/deps/finn-hlslib/maxpool.h:80]   --->   Operation 25 'icmp' 'icmp_ln80' <Predicate = (!icmp_ln79)> <Delay = 0.78> <CoreInst = "Cmp">   --->   Core 9 'Cmp' <Latency = 0> <II = 1> <Delay = 0.78> <FuncUnit> <Opcode : 'icmp'> <InPorts = 2> <OutPorts = 1>
ST_1 : Operation 26 [1/1] (0.00ns) (grouped into LUT with out node and_ln79)   --->   "%xor_ln79 = xor i1 %icmp_ln80, i1 1" [/home/changhong/prj/finn/deps/finn-hlslib/maxpool.h:79]   --->   Operation 26 'xor' 'xor_ln79' <Predicate = (!icmp_ln79)> <Delay = 0.00> <CoreInst = "LogicGate">   --->   Core 74 'LogicGate' <Latency = 0> <II = 1> <Delay = 0.28> <FuncUnit> <Opcode : 'and' 'or' 'xor'> <InPorts = 2> <OutPorts = 1>
ST_1 : Operation 27 [1/1] (0.44ns)   --->   "%icmp_ln82 = icmp_eq  i2 %kx_load, i2 2" [/home/changhong/prj/finn/deps/finn-hlslib/maxpool.h:82]   --->   Operation 27 'icmp' 'icmp_ln82' <Predicate = (!icmp_ln79)> <Delay = 0.44> <CoreInst = "Cmp">   --->   Core 9 'Cmp' <Latency = 0> <II = 1> <Delay = 0.44> <FuncUnit> <Opcode : 'icmp'> <InPorts = 2> <OutPorts = 1>
ST_1 : Operation 28 [1/1] (0.28ns) (out node of the LUT)   --->   "%and_ln79 = and i1 %icmp_ln82, i1 %xor_ln79" [/home/changhong/prj/finn/deps/finn-hlslib/maxpool.h:79]   --->   Operation 28 'and' 'and_ln79' <Predicate = (!icmp_ln79)> <Delay = 0.28> <CoreInst = "LogicGate">   --->   Core 74 'LogicGate' <Latency = 0> <II = 1> <Delay = 0.28> <FuncUnit> <Opcode : 'and' 'or' 'xor'> <InPorts = 2> <OutPorts = 1>
ST_1 : Operation 29 [1/1] (0.28ns)   --->   "%or_ln80 = or i1 %and_ln79, i1 %icmp_ln80" [/home/changhong/prj/finn/deps/finn-hlslib/maxpool.h:80]   --->   Operation 29 'or' 'or_ln80' <Predicate = (!icmp_ln79)> <Delay = 0.28> <CoreInst = "LogicGate">   --->   Core 74 'LogicGate' <Latency = 0> <II = 1> <Delay = 0.28> <FuncUnit> <Opcode : 'and' 'or' 'xor'> <InPorts = 2> <OutPorts = 1>
ST_1 : Operation 30 [1/1] (0.00ns) (grouped into LUT with out node ret_V)   --->   "%select_ln80 = select i1 %or_ln80, i6 0, i6 %lhs_V_load" [/home/changhong/prj/finn/deps/finn-hlslib/maxpool.h:80]   --->   Operation 30 'select' 'select_ln80' <Predicate = (!icmp_ln79)> <Delay = 0.00> <CoreInst = "Sel">   --->   Core 73 'Sel' <Latency = 0> <II = 1> <Delay = 0.38> <FuncUnit> <Opcode : 'select'> <InPorts = 3> <OutPorts = 1>
ST_1 : Operation 31 [1/1] (0.00ns)   --->   "%in0_V_read = read i8 @_ssdm_op_Read.axis.volatile.i8P128A, i8 %in0_V" [/home/changhong/prj/finn/deps/finn-hlslib/maxpool.h:84]   --->   Operation 31 'read' 'in0_V_read' <Predicate = (!icmp_ln79)> <Delay = 0.00> <CoreInst = "axis">   --->   Core 123 'axis' <Latency = 0> <II = 1> <Delay = 1.00> <Adapter> <Opcode : >
ST_1 : Operation 32 [1/1] (0.00ns) (grouped into LUT with out node ret_V)   --->   "%rhs_V = trunc i8 %in0_V_read" [/home/changhong/prj/finn/deps/finn-hlslib/maxpool.h:84]   --->   Operation 32 'trunc' 'rhs_V' <Predicate = (!icmp_ln79)> <Delay = 0.00>
ST_1 : Operation 33 [1/1] (0.38ns) (out node of the LUT)   --->   "%ret_V = or i6 %rhs_V, i6 %select_ln80"   --->   Operation 33 'or' 'ret_V' <Predicate = (!icmp_ln79)> <Delay = 0.38> <CoreInst = "LogicGate">   --->   Core 74 'LogicGate' <Latency = 0> <II = 1> <Delay = 0.35> <FuncUnit> <Opcode : 'and' 'or' 'xor'> <InPorts = 2> <OutPorts = 1>
ST_1 : Operation 34 [1/1] (0.54ns)   --->   "%add_ln82 = add i2 %kx_load, i2 1" [/home/changhong/prj/finn/deps/finn-hlslib/maxpool.h:82]   --->   Operation 34 'add' 'add_ln82' <Predicate = (!icmp_ln79)> <Delay = 0.54> <CoreInst = "Adder">   --->   Core 1 'Adder' <Latency = 0> <II = 1> <Delay = 0.54> <FuncUnit> <Opcode : 'add' 'sub'> <InPorts = 2> <OutPorts = 1>
ST_1 : Operation 35 [1/1] (0.17ns)   --->   "%kx_1 = select i1 %or_ln80, i2 1, i2 %add_ln82" [/home/changhong/prj/finn/deps/finn-hlslib/maxpool.h:82]   --->   Operation 35 'select' 'kx_1' <Predicate = (!icmp_ln79)> <Delay = 0.17> <CoreInst = "Sel">   --->   Core 73 'Sel' <Latency = 0> <II = 1> <Delay = 0.17> <FuncUnit> <Opcode : 'select'> <InPorts = 3> <OutPorts = 1>
ST_1 : Operation 36 [1/1] (0.44ns)   --->   "%icmp_ln82_1 = icmp_eq  i2 %kx_1, i2 2" [/home/changhong/prj/finn/deps/finn-hlslib/maxpool.h:82]   --->   Operation 36 'icmp' 'icmp_ln82_1' <Predicate = (!icmp_ln79)> <Delay = 0.44> <CoreInst = "Cmp">   --->   Core 9 'Cmp' <Latency = 0> <II = 1> <Delay = 0.44> <FuncUnit> <Opcode : 'icmp'> <InPorts = 2> <OutPorts = 1>
ST_1 : Operation 37 [1/1] (0.00ns)   --->   "%br_ln82 = br i1 %icmp_ln82_1, void %ifFalse, void %ifTrue" [/home/changhong/prj/finn/deps/finn-hlslib/maxpool.h:82]   --->   Operation 37 'br' 'br_ln82' <Predicate = (!icmp_ln79)> <Delay = 0.00>
ST_1 : Operation 38 [1/1] (0.78ns)   --->   "%add_ln80_1 = add i6 %indvar_flatten_load, i6 1" [/home/changhong/prj/finn/deps/finn-hlslib/maxpool.h:80]   --->   Operation 38 'add' 'add_ln80_1' <Predicate = (!icmp_ln79)> <Delay = 0.78> <CoreInst = "Adder">   --->   Core 1 'Adder' <Latency = 0> <II = 1> <Delay = 0.78> <FuncUnit> <Opcode : 'add' 'sub'> <InPorts = 2> <OutPorts = 1>
ST_1 : Operation 39 [1/1] (0.38ns)   --->   "%select_ln80_2 = select i1 %icmp_ln80, i6 1, i6 %add_ln80_1" [/home/changhong/prj/finn/deps/finn-hlslib/maxpool.h:80]   --->   Operation 39 'select' 'select_ln80_2' <Predicate = (!icmp_ln79)> <Delay = 0.38> <CoreInst = "Sel">   --->   Core 73 'Sel' <Latency = 0> <II = 1> <Delay = 0.38> <FuncUnit> <Opcode : 'select'> <InPorts = 3> <OutPorts = 1>
ST_1 : Operation 40 [1/1] (0.42ns)   --->   "%store_ln79 = store i6 %add_ln79, i6 %indvar_flatten14" [/home/changhong/prj/finn/deps/finn-hlslib/maxpool.h:79]   --->   Operation 40 'store' 'store_ln79' <Predicate = (!icmp_ln79)> <Delay = 0.42>
ST_1 : Operation 41 [1/1] (0.42ns)   --->   "%store_ln80 = store i6 %select_ln80_2, i6 %indvar_flatten" [/home/changhong/prj/finn/deps/finn-hlslib/maxpool.h:80]   --->   Operation 41 'store' 'store_ln80' <Predicate = (!icmp_ln79)> <Delay = 0.42>
ST_1 : Operation 42 [1/1] (0.42ns)   --->   "%store_ln82 = store i2 %kx_1, i2 %kx" [/home/changhong/prj/finn/deps/finn-hlslib/maxpool.h:82]   --->   Operation 42 'store' 'store_ln82' <Predicate = (!icmp_ln79)> <Delay = 0.42>
ST_1 : Operation 43 [1/1] (0.42ns)   --->   "%store_ln1498 = store i6 %ret_V, i6 %lhs_V"   --->   Operation 43 'store' 'store_ln1498' <Predicate = (!icmp_ln79)> <Delay = 0.42>

State 2 <SV = 1> <Delay = 2.25>
ST_2 : Operation 44 [1/1] (0.00ns)   --->   "%xp_load = load i4 %xp" [/home/changhong/prj/finn/deps/finn-hlslib/maxpool.h:79]   --->   Operation 44 'load' 'xp_load' <Predicate = (!icmp_ln79 & !icmp_ln80)> <Delay = 0.00>
ST_2 : Operation 45 [1/1] (0.00ns)   --->   "%specloopname_ln0 = specloopname void @_ssdm_op_SpecLoopName, void @VITIS_LOOP_79_3_VITIS_LOOP_80_4_VITIS_LOOP_82_5_str"   --->   Operation 45 'specloopname' 'specloopname_ln0' <Predicate = (!icmp_ln79)> <Delay = 0.00>
ST_2 : Operation 46 [1/1] (0.00ns)   --->   "%empty = speclooptripcount i32 @_ssdm_op_SpecLoopTripCount, i64 56, i64 56, i64 56"   --->   Operation 46 'speclooptripcount' 'empty' <Predicate = (!icmp_ln79)> <Delay = 0.00>
ST_2 : Operation 47 [1/1] (0.39ns)   --->   "%select_ln79 = select i1 %icmp_ln80, i4 0, i4 %xp_load" [/home/changhong/prj/finn/deps/finn-hlslib/maxpool.h:79]   --->   Operation 47 'select' 'select_ln79' <Predicate = (!icmp_ln79)> <Delay = 0.39> <CoreInst = "Sel">   --->   Core 73 'Sel' <Latency = 0> <II = 1> <Delay = 0.39> <FuncUnit> <Opcode : 'select'> <InPorts = 3> <OutPorts = 1>
ST_2 : Operation 48 [1/1] (0.79ns)   --->   "%add_ln80 = add i4 %select_ln79, i4 1" [/home/changhong/prj/finn/deps/finn-hlslib/maxpool.h:80]   --->   Operation 48 'add' 'add_ln80' <Predicate = (!icmp_ln79 & and_ln79)> <Delay = 0.79> <CoreInst = "Adder">   --->   Core 1 'Adder' <Latency = 0> <II = 1> <Delay = 0.79> <FuncUnit> <Opcode : 'add' 'sub'> <InPorts = 2> <OutPorts = 1>
ST_2 : Operation 49 [1/1] (0.00ns)   --->   "%specloopname_ln0 = specloopname void @_ssdm_op_SpecLoopName, void @VITIS_LOOP_80_4_VITIS_LOOP_82_5_str"   --->   Operation 49 'specloopname' 'specloopname_ln0' <Predicate = (!icmp_ln79)> <Delay = 0.00>
ST_2 : Operation 50 [1/1] (0.39ns)   --->   "%select_ln80_1 = select i1 %and_ln79, i4 %add_ln80, i4 %select_ln79" [/home/changhong/prj/finn/deps/finn-hlslib/maxpool.h:80]   --->   Operation 50 'select' 'select_ln80_1' <Predicate = (!icmp_ln79)> <Delay = 0.39> <CoreInst = "Sel">   --->   Core 73 'Sel' <Latency = 0> <II = 1> <Delay = 0.39> <FuncUnit> <Opcode : 'select'> <InPorts = 3> <OutPorts = 1>
ST_2 : Operation 51 [1/1] (0.00ns)   --->   "%zext_ln80 = zext i4 %select_ln80_1" [/home/changhong/prj/finn/deps/finn-hlslib/maxpool.h:80]   --->   Operation 51 'zext' 'zext_ln80' <Predicate = (!icmp_ln79)> <Delay = 0.00>
ST_2 : Operation 52 [1/1] (0.00ns)   --->   "%specpipeline_ln83 = specpipeline void @_ssdm_op_SpecPipeline, i32 1, i32 2, i32 0, i32 0, void @empty_1" [/home/changhong/prj/finn/deps/finn-hlslib/maxpool.h:83]   --->   Operation 52 'specpipeline' 'specpipeline_ln83' <Predicate = (!icmp_ln79)> <Delay = 0.00>
ST_2 : Operation 53 [1/1] (0.00ns)   --->   "%specloopname_ln81 = specloopname void @_ssdm_op_SpecLoopName, void @empty_4" [/home/changhong/prj/finn/deps/finn-hlslib/maxpool.h:81]   --->   Operation 53 'specloopname' 'specloopname_ln81' <Predicate = (!icmp_ln79)> <Delay = 0.00>
ST_2 : Operation 54 [1/1] (0.00ns)   --->   "%buf_V_addr = getelementptr i6 %buf_V, i64 0, i64 %zext_ln80"   --->   Operation 54 'getelementptr' 'buf_V_addr' <Predicate = (!icmp_ln79 & icmp_ln82_1)> <Delay = 0.00>
ST_2 : Operation 55 [2/2] (0.67ns)   --->   "%buf_V_load = load i4 %buf_V_addr"   --->   Operation 55 'load' 'buf_V_load' <Predicate = (!icmp_ln79 & icmp_ln82_1)> <Delay = 0.67> <CoreInst = "RAM">   --->   Core 83 'RAM' <Latency = 1> <II = 1> <Delay = 0.67> <Storage> <Opcode : 'load' 'store'> <Ports = 2> <Width = 6> <Depth = 14> <RAM>
ST_2 : Operation 56 [1/1] (0.42ns)   --->   "%store_ln80 = store i4 %select_ln80_1, i4 %xp" [/home/changhong/prj/finn/deps/finn-hlslib/maxpool.h:80]   --->   Operation 56 'store' 'store_ln80' <Predicate = (!icmp_ln79)> <Delay = 0.42>
ST_2 : Operation 57 [1/1] (0.00ns)   --->   "%br_ln0 = br void %for.inc21.i"   --->   Operation 57 'br' 'br_ln0' <Predicate = (!icmp_ln79)> <Delay = 0.00>

State 3 <SV = 2> <Delay = 1.70>
ST_3 : Operation 58 [1/2] (0.67ns)   --->   "%buf_V_load = load i4 %buf_V_addr"   --->   Operation 58 'load' 'buf_V_load' <Predicate = (!icmp_ln79 & icmp_ln82_1)> <Delay = 0.67> <CoreInst = "RAM">   --->   Core 83 'RAM' <Latency = 1> <II = 1> <Delay = 0.67> <Storage> <Opcode : 'load' 'store'> <Ports = 2> <Width = 6> <Depth = 14> <RAM>
ST_3 : Operation 59 [1/1] (0.35ns)   --->   "%or_ln858 = or i6 %buf_V_load, i6 %ret_V"   --->   Operation 59 'or' 'or_ln858' <Predicate = (!icmp_ln79 & icmp_ln82_1)> <Delay = 0.35> <CoreInst = "LogicGate">   --->   Core 74 'LogicGate' <Latency = 0> <II = 1> <Delay = 0.35> <FuncUnit> <Opcode : 'and' 'or' 'xor'> <InPorts = 2> <OutPorts = 1>
ST_3 : Operation 60 [1/1] (0.67ns)   --->   "%store_ln858 = store i6 %or_ln858, i4 %buf_V_addr"   --->   Operation 60 'store' 'store_ln858' <Predicate = (!icmp_ln79 & icmp_ln82_1)> <Delay = 0.67> <CoreInst = "RAM">   --->   Core 83 'RAM' <Latency = 1> <II = 1> <Delay = 0.67> <Storage> <Opcode : 'load' 'store'> <Ports = 2> <Width = 6> <Depth = 14> <RAM>
ST_3 : Operation 61 [1/1] (0.00ns)   --->   "%br_ln0 = br void %ifFalse"   --->   Operation 61 'br' 'br_ln0' <Predicate = (!icmp_ln79 & icmp_ln82_1)> <Delay = 0.00>
ST_3 : Operation 62 [1/1] (0.00ns)   --->   "%ret_ln0 = ret"   --->   Operation 62 'ret' 'ret_ln0' <Predicate = (icmp_ln79)> <Delay = 0.00>


============================================================
+ Verbose Summary: Timing violations
============================================================
Target clock period: 10ns, clock uncertainty: 2.7ns.

 <State 1>: 2.17ns
The critical path consists of the following:
	'alloca' operation ('indvar_flatten') [6]  (0 ns)
	'load' operation ('indvar_flatten_load', /home/changhong/prj/finn/deps/finn-hlslib/maxpool.h:80) on local variable 'indvar_flatten' [16]  (0 ns)
	'icmp' operation ('icmp_ln80', /home/changhong/prj/finn/deps/finn-hlslib/maxpool.h:80) [27]  (0.785 ns)
	'xor' operation ('xor_ln79', /home/changhong/prj/finn/deps/finn-hlslib/maxpool.h:79) [29]  (0 ns)
	'and' operation ('and_ln79', /home/changhong/prj/finn/deps/finn-hlslib/maxpool.h:79) [31]  (0.287 ns)
	'or' operation ('or_ln80', /home/changhong/prj/finn/deps/finn-hlslib/maxpool.h:80) [34]  (0.287 ns)
	'select' operation ('select_ln80', /home/changhong/prj/finn/deps/finn-hlslib/maxpool.h:80) [35]  (0 ns)
	'or' operation ('ret.V') [42]  (0.384 ns)
	'store' operation ('store_ln1498') of variable 'ret.V' on local variable 'lhs.V' [60]  (0.427 ns)

 <State 2>: 2.26ns
The critical path consists of the following:
	'load' operation ('xp_load', /home/changhong/prj/finn/deps/finn-hlslib/maxpool.h:79) on local variable 'xp' [24]  (0 ns)
	'select' operation ('select_ln79', /home/changhong/prj/finn/deps/finn-hlslib/maxpool.h:79) [28]  (0.391 ns)
	'add' operation ('add_ln80', /home/changhong/prj/finn/deps/finn-hlslib/maxpool.h:80) [32]  (0.797 ns)
	'select' operation ('select_ln80_1', /home/changhong/prj/finn/deps/finn-hlslib/maxpool.h:80) [36]  (0.391 ns)
	'getelementptr' operation ('buf_V_addr') [48]  (0 ns)
	'load' operation ('buf_V_load') on array 'buf_V' [49]  (0.677 ns)

 <State 3>: 1.71ns
The critical path consists of the following:
	'load' operation ('buf_V_load') on array 'buf_V' [49]  (0.677 ns)
	'or' operation ('or_ln858') [50]  (0.354 ns)
	'store' operation ('store_ln858') of variable 'or_ln858' on array 'buf_V' [51]  (0.677 ns)


============================================================
+ Verbose Summary: Binding
============================================================
N/A
* FSMD analyzer results:
  - Output states:
 - Input state : 
  - Chain level:
	State 1
	State 2
	State 3


============================================================
+ Verbose Summary: Datapath Resource usage 
============================================================
N/A
