

================================================================
== Vitis HLS Report for 'StreamingMaxPool_hls_0_Pipeline_VITIS_LOOP_90_6'
================================================================
* Date:           Sun Jun 22 17:19:01 2025

* Version:        2022.2 (Build 3670227 on Oct 13 2022)
* Project:        project_StreamingMaxPool_hls_0
* Solution:       sol1 (Vivado IP Flow Target)
* Product family: zynquplus
* Target device:  xczu7ev-ffvc1156-2-e


================================================================
== Performance Estimates
================================================================
+ Timing: 
    * Summary: 
    +--------+----------+----------+------------+
    |  Clock |  Target  | Estimated| Uncertainty|
    +--------+----------+----------+------------+
    |ap_clk  |  10.00 ns|  1.398 ns|     2.70 ns|
    +--------+----------+----------+------------+

+ Latency: 
    * Summary: 
    +---------+---------+----------+----------+-----+-----+---------+
    |  Latency (cycles) |  Latency (absolute) |  Interval | Pipeline|
    |   min   |   max   |    min   |    max   | min | max |   Type  |
    +---------+---------+----------+----------+-----+-----+---------+
    |       16|       16|  0.160 us|  0.160 us|   16|   16|       no|
    +---------+---------+----------+----------+-----+-----+---------+

    + Detail: 
        * Instance: 
        N/A

        * Loop: 
        +-------------------+---------+---------+----------+-----------+-----------+------+----------+
        |                   |  Latency (cycles) | Iteration|  Initiation Interval  | Trip |          |
        |     Loop Name     |   min   |   max   |  Latency |  achieved |   target  | Count| Pipelined|
        +-------------------+---------+---------+----------+-----------+-----------+------+----------+
        |- VITIS_LOOP_90_6  |       14|       14|         2|          1|          1|    14|  yes(flp)|
        +-------------------+---------+---------+----------+-----------+-----------+------+----------+

============================================================
+ Verbose Summary: Synthesis Manager
============================================================
InlineROM: 1
ExposeGlobal: 0
============================================================
+ Verbose Summary: CDFG Model
============================================================
IsTopModel: 0
ResetActiveHigh: 1
IsCombinational: 0
IsDatapathOnly: 0
HasWiredReturn: 1
HasMFsm: 1
HasVarLatency: 1
IsPipeline: 0
IsRtlPipelined: 0
IsInstanceOverlapped: 0
IsDontTouch: 0
HasImplIP: 0
IsGatedGlobalClock: 0

+ Individual pipeline summary: 
  * Pipeline-0: initiation interval (II) = 1, depth = 2


============================================================
+ Verbose Summary: Schedule
============================================================
* Number of FSM states : 2
* Pipeline : 1
  Pipeline-0 : II = 1, D = 2, States = { 1 2 }
* Dataflow Pipeline: 0

* FSM state transitions: 
1 --> 2 
2 --> 

* FSM state operations: 

State 1 <SV = 0> <Delay = 1.39>
ST_1 : Operation 5 [1/1] (0.00ns)   --->   "%outpix = alloca i32 1"   --->   Operation 5 'alloca' 'outpix' <Predicate = true> <Delay = 0.00>
ST_1 : Operation 6 [1/1] (0.00ns)   --->   "%specinterface_ln0 = specinterface void @_ssdm_op_SpecInterface, i8 %out0_V, void @empty, i32 0, i32 0, void @empty_0, i32 0, i32 0, void @empty_1, void @empty_1, void @empty_1, i32 0, i32 0, i32 0, i32 0, void @empty_1, void @empty_1, i32 4294967295, i32 0"   --->   Operation 6 'specinterface' 'specinterface_ln0' <Predicate = true> <Delay = 0.00>
ST_1 : Operation 7 [1/1] (0.42ns)   --->   "%store_ln0 = store i4 0, i4 %outpix"   --->   Operation 7 'store' 'store_ln0' <Predicate = true> <Delay = 0.42>
ST_1 : Operation 8 [1/1] (0.00ns)   --->   "%br_ln0 = br void %for.inc41.i"   --->   Operation 8 'br' 'br_ln0' <Predicate = true> <Delay = 0.00>
ST_1 : Operation 9 [1/1] (0.00ns)   --->   "%outpix_1 = load i4 %outpix" [/home/changhong/prj/finn/deps/finn-hlslib/maxpool.h:90]   --->   Operation 9 'load' 'outpix_1' <Predicate = true> <Delay = 0.00>
ST_1 : Operation 10 [1/1] (0.72ns)   --->   "%icmp_ln90 = icmp_eq  i4 %outpix_1, i4 14" [/home/changhong/prj/finn/deps/finn-hlslib/maxpool.h:90]   --->   Operation 10 'icmp' 'icmp_ln90' <Predicate = true> <Delay = 0.72> <CoreInst = "Cmp">   --->   Core 9 'Cmp' <Latency = 0> <II = 1> <Delay = 0.72> <FuncUnit> <Opcode : 'icmp'> <InPorts = 2> <OutPorts = 1>
ST_1 : Operation 11 [1/1] (0.00ns)   --->   "%empty = speclooptripcount i32 @_ssdm_op_SpecLoopTripCount, i64 14, i64 14, i64 14"   --->   Operation 11 'speclooptripcount' 'empty' <Predicate = true> <Delay = 0.00>
ST_1 : Operation 12 [1/1] (0.79ns)   --->   "%add_ln90 = add i4 %outpix_1, i4 1" [/home/changhong/prj/finn/deps/finn-hlslib/maxpool.h:90]   --->   Operation 12 'add' 'add_ln90' <Predicate = true> <Delay = 0.79> <CoreInst = "Adder">   --->   Core 1 'Adder' <Latency = 0> <II = 1> <Delay = 0.79> <FuncUnit> <Opcode : 'add' 'sub'> <InPorts = 2> <OutPorts = 1>
ST_1 : Operation 13 [1/1] (0.00ns)   --->   "%br_ln90 = br i1 %icmp_ln90, void %for.inc41.i.split, void %for.inc44.i.exitStub" [/home/changhong/prj/finn/deps/finn-hlslib/maxpool.h:90]   --->   Operation 13 'br' 'br_ln90' <Predicate = true> <Delay = 0.00>
ST_1 : Operation 14 [1/1] (0.00ns)   --->   "%zext_ln90 = zext i4 %outpix_1" [/home/changhong/prj/finn/deps/finn-hlslib/maxpool.h:90]   --->   Operation 14 'zext' 'zext_ln90' <Predicate = (!icmp_ln90)> <Delay = 0.00>
ST_1 : Operation 15 [1/1] (0.00ns)   --->   "%buf_V_addr = getelementptr i6 %buf_V, i64 0, i64 %zext_ln90" [/home/changhong/prj/finn/deps/finn-hlslib/maxpool.h:92]   --->   Operation 15 'getelementptr' 'buf_V_addr' <Predicate = (!icmp_ln90)> <Delay = 0.00>
ST_1 : Operation 16 [2/2] (0.67ns)   --->   "%buf_V_load = load i4 %buf_V_addr" [/home/changhong/prj/finn/deps/finn-hlslib/maxpool.h:92]   --->   Operation 16 'load' 'buf_V_load' <Predicate = (!icmp_ln90)> <Delay = 0.67> <CoreInst = "RAM">   --->   Core 83 'RAM' <Latency = 1> <II = 1> <Delay = 0.67> <Storage> <Opcode : 'load' 'store'> <Ports = 2> <Width = 6> <Depth = 14> <RAM>
ST_1 : Operation 17 [1/1] (0.67ns)   --->   "%store_ln94 = store i6 0, i4 %buf_V_addr" [/home/changhong/prj/finn/deps/finn-hlslib/maxpool.h:94]   --->   Operation 17 'store' 'store_ln94' <Predicate = (!icmp_ln90)> <Delay = 0.67> <CoreInst = "RAM">   --->   Core 83 'RAM' <Latency = 1> <II = 1> <Delay = 0.67> <Storage> <Opcode : 'load' 'store'> <Ports = 2> <Width = 6> <Depth = 14> <RAM>
ST_1 : Operation 18 [1/1] (0.42ns)   --->   "%store_ln90 = store i4 %add_ln90, i4 %outpix" [/home/changhong/prj/finn/deps/finn-hlslib/maxpool.h:90]   --->   Operation 18 'store' 'store_ln90' <Predicate = (!icmp_ln90)> <Delay = 0.42>

State 2 <SV = 1> <Delay = 0.67>
ST_2 : Operation 19 [1/1] (0.00ns)   --->   "%specpipeline_ln91 = specpipeline void @_ssdm_op_SpecPipeline, i32 1, i32 2, i32 0, i32 0, void @empty_1" [/home/changhong/prj/finn/deps/finn-hlslib/maxpool.h:91]   --->   Operation 19 'specpipeline' 'specpipeline_ln91' <Predicate = (!icmp_ln90)> <Delay = 0.00>
ST_2 : Operation 20 [1/1] (0.00ns)   --->   "%specloopname_ln90 = specloopname void @_ssdm_op_SpecLoopName, void @empty_5" [/home/changhong/prj/finn/deps/finn-hlslib/maxpool.h:90]   --->   Operation 20 'specloopname' 'specloopname_ln90' <Predicate = (!icmp_ln90)> <Delay = 0.00>
ST_2 : Operation 21 [1/2] (0.67ns)   --->   "%buf_V_load = load i4 %buf_V_addr" [/home/changhong/prj/finn/deps/finn-hlslib/maxpool.h:92]   --->   Operation 21 'load' 'buf_V_load' <Predicate = (!icmp_ln90)> <Delay = 0.67> <CoreInst = "RAM">   --->   Core 83 'RAM' <Latency = 1> <II = 1> <Delay = 0.67> <Storage> <Opcode : 'load' 'store'> <Ports = 2> <Width = 6> <Depth = 14> <RAM>
ST_2 : Operation 22 [1/1] (0.00ns)   --->   "%zext_ln92 = zext i6 %buf_V_load" [/home/changhong/prj/finn/deps/finn-hlslib/maxpool.h:92]   --->   Operation 22 'zext' 'zext_ln92' <Predicate = (!icmp_ln90)> <Delay = 0.00>
ST_2 : Operation 23 [1/1] (0.00ns)   --->   "%write_ln92 = write void @_ssdm_op_Write.axis.volatile.i8P128A, i8 %out0_V, i8 %zext_ln92" [/home/changhong/prj/finn/deps/finn-hlslib/maxpool.h:92]   --->   Operation 23 'write' 'write_ln92' <Predicate = (!icmp_ln90)> <Delay = 0.00> <CoreInst = "axis">   --->   Core 123 'axis' <Latency = 0> <II = 1> <Delay = 1.00> <Adapter> <Opcode : >
ST_2 : Operation 24 [1/1] (0.00ns)   --->   "%br_ln90 = br void %for.inc41.i" [/home/changhong/prj/finn/deps/finn-hlslib/maxpool.h:90]   --->   Operation 24 'br' 'br_ln90' <Predicate = (!icmp_ln90)> <Delay = 0.00>
ST_2 : Operation 25 [1/1] (0.00ns)   --->   "%ret_ln0 = ret"   --->   Operation 25 'ret' 'ret_ln0' <Predicate = (icmp_ln90)> <Delay = 0.00>


============================================================
+ Verbose Summary: Binding
============================================================
STG Binding: 
---------------- STG Properties BEGIN ----------------
- Is combinational: 0
- Is one-state seq: 0
- Is datapath-only: 0
- Is pipelined: 0
- Is top level: 0
Port [ Return ] is wired: 1; IO mode=ap_ctrl_hs:ce=0
Port [ buf_V]:  wired=1; compound=1; hidden=0; nouse=0; global=0; static=0; extern=0; dir=2; type=1; pingpong=0; private_global=0; MemPort=[23]; IO mode=ap_memory:ce=0
Port [ out0_V]:  wired=1; compound=1; hidden=0; nouse=0; global=0; static=0; extern=0; dir=1; type=0; pingpong=0; private_global=0; IO mode=axis:ce=0
---------------- STG Properties END ------------------

---------------- Datapath Model BEGIN ----------------

<LifeTime>
<method=bitvector/>
outpix            (alloca           ) [ 010]
specinterface_ln0 (specinterface    ) [ 000]
store_ln0         (store            ) [ 000]
br_ln0            (br               ) [ 000]
outpix_1          (load             ) [ 000]
icmp_ln90         (icmp             ) [ 011]
empty             (speclooptripcount) [ 000]
add_ln90          (add              ) [ 000]
br_ln90           (br               ) [ 000]
zext_ln90         (zext             ) [ 000]
buf_V_addr        (getelementptr    ) [ 011]
store_ln94        (store            ) [ 000]
store_ln90        (store            ) [ 000]
specpipeline_ln91 (specpipeline     ) [ 000]
specloopname_ln90 (specloopname     ) [ 000]
buf_V_load        (load             ) [ 000]
zext_ln92         (zext             ) [ 000]
write_ln92        (write            ) [ 000]
br_ln90           (br               ) [ 000]
ret_ln0           (ret              ) [ 000]
</LifeTime>

<model>

<comp_list>
<comp id="0" class="1000" name="buf_V">
<pin_list>
<pin id="1" dir="1" index="0" bw="1" slack="0"/>
</pin_list>
<bind>
<StgValue><ssdm name="buf_V"/><MemPortTyVec>2 3 </MemPortTyVec>
</StgValue>
</bind>
</comp>

<comp id="2" class="1000" name="out0_V">
<pin_list>
<pin id="3" dir="1" index="0" bw="1" slack="0"/>
</pin_list>
<bind>
<StgValue><ssdm name="out0_V"/></StgValue>
</bind>
</comp>

<comp id="4" class="1001" name="const_4">
<pin_list>
<pin id="5" dir="1" index="0" bw="1" slack="0"/>
</pin_list>
<bind>
<StgValue><ssdm name=""/></StgValue>
</bind>
</comp>

<comp id="6" class="1001" name="const_6">
<pin_list>
<pin id="7" dir="1" index="0" bw="1" slack="2147483647"/>
</pin_list>
<bind>
<StgValue><ssdm name="_ssdm_op_SpecInterface"/></StgValue>
</bind>
</comp>

<comp id="8" class="1001" name="const_8">
<pin_list>
<pin id="9" dir="1" index="0" bw="1" slack="2147483647"/>
</pin_list>
<bind>
<StgValue><ssdm name="empty"/></StgValue>
</bind>
</comp>

<comp id="10" class="1001" name="const_10">
<pin_list>
<pin id="11" dir="1" index="0" bw="1" slack="2147483647"/>
</pin_list>
<bind>
<StgValue><ssdm name=""/></StgValue>
</bind>
</comp>

<comp id="12" class="1001" name="const_12">
<pin_list>
<pin id="13" dir="1" index="0" bw="1" slack="2147483647"/>
</pin_list>
<bind>
<StgValue><ssdm name="empty_0"/></StgValue>
</bind>
</comp>

<comp id="14" class="1001" name="const_14">
<pin_list>
<pin id="15" dir="1" index="0" bw="1" slack="2147483647"/>
</pin_list>
<bind>
<StgValue><ssdm name="empty_1"/></StgValue>
</bind>
</comp>

<comp id="16" class="1001" name="const_16">
<pin_list>
<pin id="17" dir="1" index="0" bw="1" slack="2147483647"/>
</pin_list>
<bind>
<StgValue><ssdm name=""/></StgValue>
</bind>
</comp>

<comp id="18" class="1001" name="const_18">
<pin_list>
<pin id="19" dir="1" index="0" bw="1" slack="0"/>
</pin_list>
<bind>
<StgValue><ssdm name=""/></StgValue>
</bind>
</comp>

<comp id="20" class="1001" name="const_20">
<pin_list>
<pin id="21" dir="1" index="0" bw="1" slack="0"/>
</pin_list>
<bind>
<StgValue><ssdm name=""/></StgValue>
</bind>
</comp>

<comp id="22" class="1001" name="const_22">
<pin_list>
<pin id="23" dir="1" index="0" bw="1" slack="2147483647"/>
</pin_list>
<bind>
<StgValue><ssdm name="_ssdm_op_SpecLoopTripCount"/></StgValue>
</bind>
</comp>

<comp id="24" class="1001" name="const_24">
<pin_list>
<pin id="25" dir="1" index="0" bw="1" slack="2147483647"/>
</pin_list>
<bind>
<StgValue><ssdm name=""/></StgValue>
</bind>
</comp>

<comp id="26" class="1001" name="const_26">
<pin_list>
<pin id="27" dir="1" index="0" bw="1" slack="0"/>
</pin_list>
<bind>
<StgValue><ssdm name=""/></StgValue>
</bind>
</comp>

<comp id="28" class="1001" name="const_28">
<pin_list>
<pin id="29" dir="1" index="0" bw="1" slack="0"/>
</pin_list>
<bind>
<StgValue><ssdm name=""/></StgValue>
</bind>
</comp>

<comp id="30" class="1001" name="const_30">
<pin_list>
<pin id="31" dir="1" index="0" bw="1" slack="0"/>
</pin_list>
<bind>
<StgValue><ssdm name=""/></StgValue>
</bind>
</comp>

<comp id="32" class="1001" name="const_32">
<pin_list>
<pin id="33" dir="1" index="0" bw="1" slack="2147483647"/>
</pin_list>
<bind>
<StgValue><ssdm name="_ssdm_op_SpecPipeline"/></StgValue>
</bind>
</comp>

<comp id="34" class="1001" name="const_34">
<pin_list>
<pin id="35" dir="1" index="0" bw="1" slack="2147483647"/>
</pin_list>
<bind>
<StgValue><ssdm name=""/></StgValue>
</bind>
</comp>

<comp id="36" class="1001" name="const_36">
<pin_list>
<pin id="37" dir="1" index="0" bw="1" slack="2147483647"/>
</pin_list>
<bind>
<StgValue><ssdm name="_ssdm_op_SpecLoopName"/></StgValue>
</bind>
</comp>

<comp id="38" class="1001" name="const_38">
<pin_list>
<pin id="39" dir="1" index="0" bw="1" slack="2147483647"/>
</pin_list>
<bind>
<StgValue><ssdm name="empty_5"/></StgValue>
</bind>
</comp>

<comp id="40" class="1001" name="const_40">
<pin_list>
<pin id="41" dir="1" index="0" bw="1" slack="0"/>
</pin_list>
<bind>
<StgValue><ssdm name="_ssdm_op_Write.axis.volatile.i8P128A"/></StgValue>
</bind>
</comp>

<comp id="42" class="1004" name="outpix_fu_42">
<pin_list>
<pin id="43" dir="0" index="0" bw="1" slack="0"/>
<pin id="44" dir="1" index="1" bw="4" slack="0"/>
</pin_list>
<bind>
<opcode="alloca(26) " fcode="alloca"/>
<opset="outpix/1 "/>
</bind>
</comp>

<comp id="46" class="1004" name="write_ln92_write_fu_46">
<pin_list>
<pin id="47" dir="0" index="0" bw="0" slack="0"/>
<pin id="48" dir="0" index="1" bw="8" slack="0"/>
<pin id="49" dir="0" index="2" bw="6" slack="0"/>
<pin id="50" dir="1" index="3" bw="0" slack="2147483647"/>
</pin_list>
<bind>
<opcode="write(1151) " fcode="write"/>
<opset="write_ln92/2 "/>
</bind>
</comp>

<comp id="53" class="1004" name="buf_V_addr_gep_fu_53">
<pin_list>
<pin id="54" dir="0" index="0" bw="6" slack="0"/>
<pin id="55" dir="0" index="1" bw="1" slack="0"/>
<pin id="56" dir="0" index="2" bw="4" slack="0"/>
<pin id="57" dir="1" index="3" bw="4" slack="0"/>
</pin_list>
<bind>
<opcode="getelementptr(29) " fcode="getelementptr"/>
<opset="buf_V_addr/1 "/>
</bind>
</comp>

<comp id="60" class="1004" name="grp_access_fu_60">
<pin_list>
<pin id="61" dir="0" index="0" bw="4" slack="0"/>
<pin id="62" dir="0" index="1" bw="6" slack="0"/>
<pin id="63" dir="0" index="2" bw="0" slack="2147483647"/>
<pin id="64" dir="1" index="3" bw="6" slack="0"/>
</pin_list>
<bind>
<opcode="load(27) store(28) " fcode="store"/>
<opset="buf_V_load/1 store_ln94/1 "/>
</bind>
</comp>

<comp id="67" class="1004" name="store_ln0_store_fu_67">
<pin_list>
<pin id="68" dir="0" index="0" bw="1" slack="0"/>
<pin id="69" dir="0" index="1" bw="4" slack="0"/>
<pin id="70" dir="1" index="2" bw="0" slack="2147483647"/>
</pin_list>
<bind>
<opcode="store(28) " fcode="store"/>
<opset="store_ln0/1 "/>
</bind>
</comp>

<comp id="72" class="1004" name="outpix_1_load_fu_72">
<pin_list>
<pin id="73" dir="0" index="0" bw="4" slack="0"/>
<pin id="74" dir="1" index="1" bw="4" slack="0"/>
</pin_list>
<bind>
<opcode="load(27) " fcode="load"/>
<opset="outpix_1/1 "/>
</bind>
</comp>

<comp id="75" class="1004" name="icmp_ln90_fu_75">
<pin_list>
<pin id="76" dir="0" index="0" bw="4" slack="0"/>
<pin id="77" dir="0" index="1" bw="2" slack="0"/>
<pin id="78" dir="1" index="2" bw="1" slack="1"/>
</pin_list>
<bind>
<opcode="icmp(45) " fcode="icmp"/>
<opset="icmp_ln90/1 "/>
</bind>
</comp>

<comp id="81" class="1004" name="add_ln90_fu_81">
<pin_list>
<pin id="82" dir="0" index="0" bw="4" slack="0"/>
<pin id="83" dir="0" index="1" bw="1" slack="0"/>
<pin id="84" dir="1" index="2" bw="4" slack="0"/>
</pin_list>
<bind>
<opcode="add(8) " fcode="add"/>
<opset="add_ln90/1 "/>
</bind>
</comp>

<comp id="87" class="1004" name="zext_ln90_fu_87">
<pin_list>
<pin id="88" dir="0" index="0" bw="4" slack="0"/>
<pin id="89" dir="1" index="1" bw="64" slack="0"/>
</pin_list>
<bind>
<opcode="zext(34) " fcode="zext"/>
<opset="zext_ln90/1 "/>
</bind>
</comp>

<comp id="92" class="1004" name="store_ln90_store_fu_92">
<pin_list>
<pin id="93" dir="0" index="0" bw="4" slack="0"/>
<pin id="94" dir="0" index="1" bw="4" slack="0"/>
<pin id="95" dir="1" index="2" bw="0" slack="2147483647"/>
</pin_list>
<bind>
<opcode="store(28) " fcode="store"/>
<opset="store_ln90/1 "/>
</bind>
</comp>

<comp id="97" class="1004" name="zext_ln92_fu_97">
<pin_list>
<pin id="98" dir="0" index="0" bw="6" slack="0"/>
<pin id="99" dir="1" index="1" bw="8" slack="0"/>
</pin_list>
<bind>
<opcode="zext(34) " fcode="zext"/>
<opset="zext_ln92/2 "/>
</bind>
</comp>

<comp id="102" class="1005" name="outpix_reg_102">
<pin_list>
<pin id="103" dir="0" index="0" bw="4" slack="0"/>
<pin id="104" dir="1" index="1" bw="4" slack="0"/>
</pin_list>
<bind>
<opset="outpix "/>
</bind>
</comp>

<comp id="109" class="1005" name="icmp_ln90_reg_109">
<pin_list>
<pin id="110" dir="0" index="0" bw="1" slack="1"/>
<pin id="111" dir="1" index="1" bw="1" slack="2147483647"/>
</pin_list>
<bind>
<opset="icmp_ln90 "/>
</bind>
</comp>

<comp id="113" class="1005" name="buf_V_addr_reg_113">
<pin_list>
<pin id="114" dir="0" index="0" bw="4" slack="1"/>
<pin id="115" dir="1" index="1" bw="4" slack="1"/>
</pin_list>
<bind>
<opset="buf_V_addr "/>
</bind>
</comp>

</comp_list>

<net_list>
<net id="45"><net_src comp="4" pin="0"/><net_sink comp="42" pin=0"/></net>

<net id="51"><net_src comp="40" pin="0"/><net_sink comp="46" pin=0"/></net>

<net id="52"><net_src comp="2" pin="0"/><net_sink comp="46" pin=1"/></net>

<net id="58"><net_src comp="0" pin="0"/><net_sink comp="53" pin=0"/></net>

<net id="59"><net_src comp="28" pin="0"/><net_sink comp="53" pin=1"/></net>

<net id="65"><net_src comp="53" pin="3"/><net_sink comp="60" pin=0"/></net>

<net id="66"><net_src comp="30" pin="0"/><net_sink comp="60" pin=1"/></net>

<net id="71"><net_src comp="18" pin="0"/><net_sink comp="67" pin=0"/></net>

<net id="79"><net_src comp="72" pin="1"/><net_sink comp="75" pin=0"/></net>

<net id="80"><net_src comp="20" pin="0"/><net_sink comp="75" pin=1"/></net>

<net id="85"><net_src comp="72" pin="1"/><net_sink comp="81" pin=0"/></net>

<net id="86"><net_src comp="26" pin="0"/><net_sink comp="81" pin=1"/></net>

<net id="90"><net_src comp="72" pin="1"/><net_sink comp="87" pin=0"/></net>

<net id="91"><net_src comp="87" pin="1"/><net_sink comp="53" pin=2"/></net>

<net id="96"><net_src comp="81" pin="2"/><net_sink comp="92" pin=0"/></net>

<net id="100"><net_src comp="60" pin="3"/><net_sink comp="97" pin=0"/></net>

<net id="101"><net_src comp="97" pin="1"/><net_sink comp="46" pin=2"/></net>

<net id="105"><net_src comp="42" pin="1"/><net_sink comp="102" pin=0"/></net>

<net id="106"><net_src comp="102" pin="1"/><net_sink comp="67" pin=1"/></net>

<net id="107"><net_src comp="102" pin="1"/><net_sink comp="72" pin=0"/></net>

<net id="108"><net_src comp="102" pin="1"/><net_sink comp="92" pin=1"/></net>

<net id="112"><net_src comp="75" pin="2"/><net_sink comp="109" pin=0"/></net>

<net id="116"><net_src comp="53" pin="3"/><net_sink comp="113" pin=0"/></net>

<net id="117"><net_src comp="113" pin="1"/><net_sink comp="60" pin=0"/></net>

</net_list>

</model> 
---------------- Datapath Model END ------------------

* FSMD analyzer results:
  - Output states:
	Port: buf_V | {1 }
	Port: out0_V | {2 }
 - Input state : 
	Port: StreamingMaxPool_hls_0_Pipeline_VITIS_LOOP_90_6 : buf_V | {1 2 }
  - Chain level:
	State 1
		store_ln0 : 1
		outpix_1 : 1
		icmp_ln90 : 2
		add_ln90 : 2
		br_ln90 : 3
		zext_ln90 : 2
		buf_V_addr : 3
		buf_V_load : 4
		store_ln94 : 4
		store_ln90 : 3
	State 2
		zext_ln92 : 1
		write_ln92 : 2


============================================================
+ Verbose Summary: Datapath Resource usage 
============================================================

* Functional unit list:
|----------|------------------------|---------|---------|
| Operation|     Functional Unit    |    FF   |   LUT   |
|----------|------------------------|---------|---------|
|    add   |     add_ln90_fu_81     |    0    |    12   |
|----------|------------------------|---------|---------|
|   icmp   |     icmp_ln90_fu_75    |    0    |    9    |
|----------|------------------------|---------|---------|
|   write  | write_ln92_write_fu_46 |    0    |    0    |
|----------|------------------------|---------|---------|
|   zext   |     zext_ln90_fu_87    |    0    |    0    |
|          |     zext_ln92_fu_97    |    0    |    0    |
|----------|------------------------|---------|---------|
|   Total  |                        |    0    |    21   |
|----------|------------------------|---------|---------|

Memories:
N/A

* Register list:
+------------------+--------+
|                  |   FF   |
+------------------+--------+
|buf_V_addr_reg_113|    4   |
| icmp_ln90_reg_109|    1   |
|  outpix_reg_102  |    4   |
+------------------+--------+
|       Total      |    9   |
+------------------+--------+

* Multiplexer (MUX) list: 
|------------------|------|------|------|--------||---------||---------|
|       Comp       |  Pin | Size |  BW  | S x BW ||  Delay  ||   LUT   |
|------------------|------|------|------|--------||---------||---------|
| grp_access_fu_60 |  p0  |   2  |   4  |    8   ||    9    |
|------------------|------|------|------|--------||---------||---------|
|       Total      |      |      |      |    8   ||  0.427  ||    9    |
|------------------|------|------|------|--------||---------||---------|



* Summary:
+-----------+--------+--------+--------+
|           |  Delay |   FF   |   LUT  |
+-----------+--------+--------+--------+
|  Function |    -   |    0   |   21   |
|   Memory  |    -   |    -   |    -   |
|Multiplexer|    0   |    -   |    9   |
|  Register |    -   |    9   |    -   |
+-----------+--------+--------+--------+
|   Total   |    0   |    9   |   30   |
+-----------+--------+--------+--------+
