

================================================================
== Vitis HLS Report for 'StreamingMaxPool_hls_0_Pipeline_VITIS_LOOP_90_6'
================================================================
* Date:           Sun Jun 22 17:19:01 2025

* Version:        2022.2 (Build 3670227 on Oct 13 2022)
* Project:        project_StreamingMaxPool_hls_0
* Solution:       sol1 (Vivado IP Flow Target)
* Product family: zynquplus
* Target device:  xczu7ev-ffvc1156-2-e


================================================================
== Performance Estimates
================================================================
+ Timing: 
    * Summary: 
    +--------+----------+----------+------------+
    |  Clock |  Target  | Estimated| Uncertainty|
    +--------+----------+----------+------------+
    |ap_clk  |  10.00 ns|  1.398 ns|     2.70 ns|
    +--------+----------+----------+------------+

+ Latency: 
    * Summary: 
    +---------+---------+----------+----------+-----+-----+---------+
    |  Latency (cycles) |  Latency (absolute) |  Interval | Pipeline|
    |   min   |   max   |    min   |    max   | min | max |   Type  |
    +---------+---------+----------+----------+-----+-----+---------+
    |       16|       16|  0.160 us|  0.160 us|   16|   16|       no|
    +---------+---------+----------+----------+-----+-----+---------+

    + Detail: 
        * Instance: 
        N/A

        * Loop: 
        +-------------------+---------+---------+----------+-----------+-----------+------+----------+
        |                   |  Latency (cycles) | Iteration|  Initiation Interval  | Trip |          |
        |     Loop Name     |   min   |   max   |  Latency |  achieved |   target  | Count| Pipelined|
        +-------------------+---------+---------+----------+-----------+-----------+------+----------+
        |- VITIS_LOOP_90_6  |       14|       14|         2|          1|          1|    14|  yes(flp)|
        +-------------------+---------+---------+----------+-----------+-----------+------+----------+

============================================================
+ Verbose Summary: Synthesis Manager
============================================================
InlineROM: 1
ExposeGlobal: 0
============================================================
+ Verbose Summary: CDFG Model
============================================================
IsTopModel: 0
ResetActiveHigh: 1
IsCombinational: 0
IsDatapathOnly: 0
HasWiredReturn: 1
HasMFsm: 1
HasVarLatency: 1
IsPipeline: 0
IsRtlPipelined: 0
IsInstanceOverlapped: 0
IsDontTouch: 0
HasImplIP: 0
IsGatedGlobalClock: 0

+ Individual pipeline summary: 
  * Pipeline-0: initiation interval (II) = 1, depth = 2


============================================================
+ Verbose Summary: Schedule
============================================================
* Number of FSM states : 2
* Pipeline : 1
  Pipeline-0 : II = 1, D = 2, States = { 1 2 }
* Dataflow Pipeline: 0

* FSM state transitions: 
1 --> 2 
2 --> 

* FSM state operations: 

State 1 <SV = 0> <Delay = 1.39>
ST_1 : Operation 5 [1/1] (0.00ns)   --->   "%outpix = alloca i32 1"   --->   Operation 5 'alloca' 'outpix' <Predicate = true> <Delay = 0.00>
ST_1 : Operation 6 [1/1] (0.00ns)   --->   "%specinterface_ln0 = specinterface void @_ssdm_op_SpecInterface, i8 %out0_V, void @empty, i32 0, i32 0, void @empty_0, i32 0, i32 0, void @empty_1, void @empty_1, void @empty_1, i32 0, i32 0, i32 0, i32 0, void @empty_1, void @empty_1, i32 4294967295, i32 0"   --->   Operation 6 'specinterface' 'specinterface_ln0' <Predicate = true> <Delay = 0.00>
ST_1 : Operation 7 [1/1] (0.42ns)   --->   "%store_ln0 = store i4 0, i4 %outpix"   --->   Operation 7 'store' 'store_ln0' <Predicate = true> <Delay = 0.42>
ST_1 : Operation 8 [1/1] (0.00ns)   --->   "%br_ln0 = br void %for.inc41.i"   --->   Operation 8 'br' 'br_ln0' <Predicate = true> <Delay = 0.00>
ST_1 : Operation 9 [1/1] (0.00ns)   --->   "%outpix_1 = load i4 %outpix" [/home/changhong/prj/finn/deps/finn-hlslib/maxpool.h:90]   --->   Operation 9 'load' 'outpix_1' <Predicate = true> <Delay = 0.00>
ST_1 : Operation 10 [1/1] (0.72ns)   --->   "%icmp_ln90 = icmp_eq  i4 %outpix_1, i4 14" [/home/changhong/prj/finn/deps/finn-hlslib/maxpool.h:90]   --->   Operation 10 'icmp' 'icmp_ln90' <Predicate = true> <Delay = 0.72> <CoreInst = "Cmp">   --->   Core 9 'Cmp' <Latency = 0> <II = 1> <Delay = 0.72> <FuncUnit> <Opcode : 'icmp'> <InPorts = 2> <OutPorts = 1>
ST_1 : Operation 11 [1/1] (0.00ns)   --->   "%empty = speclooptripcount i32 @_ssdm_op_SpecLoopTripCount, i64 14, i64 14, i64 14"   --->   Operation 11 'speclooptripcount' 'empty' <Predicate = true> <Delay = 0.00>
ST_1 : Operation 12 [1/1] (0.79ns)   --->   "%add_ln90 = add i4 %outpix_1, i4 1" [/home/changhong/prj/finn/deps/finn-hlslib/maxpool.h:90]   --->   Operation 12 'add' 'add_ln90' <Predicate = true> <Delay = 0.79> <CoreInst = "Adder">   --->   Core 1 'Adder' <Latency = 0> <II = 1> <Delay = 0.79> <FuncUnit> <Opcode : 'add' 'sub'> <InPorts = 2> <OutPorts = 1>
ST_1 : Operation 13 [1/1] (0.00ns)   --->   "%br_ln90 = br i1 %icmp_ln90, void %for.inc41.i.split, void %for.inc44.i.exitStub" [/home/changhong/prj/finn/deps/finn-hlslib/maxpool.h:90]   --->   Operation 13 'br' 'br_ln90' <Predicate = true> <Delay = 0.00>
ST_1 : Operation 14 [1/1] (0.00ns)   --->   "%zext_ln90 = zext i4 %outpix_1" [/home/changhong/prj/finn/deps/finn-hlslib/maxpool.h:90]   --->   Operation 14 'zext' 'zext_ln90' <Predicate = (!icmp_ln90)> <Delay = 0.00>
ST_1 : Operation 15 [1/1] (0.00ns)   --->   "%buf_V_addr = getelementptr i6 %buf_V, i64 0, i64 %zext_ln90" [/home/changhong/prj/finn/deps/finn-hlslib/maxpool.h:92]   --->   Operation 15 'getelementptr' 'buf_V_addr' <Predicate = (!icmp_ln90)> <Delay = 0.00>
ST_1 : Operation 16 [2/2] (0.67ns)   --->   "%buf_V_load = load i4 %buf_V_addr" [/home/changhong/prj/finn/deps/finn-hlslib/maxpool.h:92]   --->   Operation 16 'load' 'buf_V_load' <Predicate = (!icmp_ln90)> <Delay = 0.67> <CoreInst = "RAM">   --->   Core 83 'RAM' <Latency = 1> <II = 1> <Delay = 0.67> <Storage> <Opcode : 'load' 'store'> <Ports = 2> <Width = 6> <Depth = 14> <RAM>
ST_1 : Operation 17 [1/1] (0.67ns)   --->   "%store_ln94 = store i6 0, i4 %buf_V_addr" [/home/changhong/prj/finn/deps/finn-hlslib/maxpool.h:94]   --->   Operation 17 'store' 'store_ln94' <Predicate = (!icmp_ln90)> <Delay = 0.67> <CoreInst = "RAM">   --->   Core 83 'RAM' <Latency = 1> <II = 1> <Delay = 0.67> <Storage> <Opcode : 'load' 'store'> <Ports = 2> <Width = 6> <Depth = 14> <RAM>
ST_1 : Operation 18 [1/1] (0.42ns)   --->   "%store_ln90 = store i4 %add_ln90, i4 %outpix" [/home/changhong/prj/finn/deps/finn-hlslib/maxpool.h:90]   --->   Operation 18 'store' 'store_ln90' <Predicate = (!icmp_ln90)> <Delay = 0.42>

State 2 <SV = 1> <Delay = 0.67>
ST_2 : Operation 19 [1/1] (0.00ns)   --->   "%specpipeline_ln91 = specpipeline void @_ssdm_op_SpecPipeline, i32 1, i32 2, i32 0, i32 0, void @empty_1" [/home/changhong/prj/finn/deps/finn-hlslib/maxpool.h:91]   --->   Operation 19 'specpipeline' 'specpipeline_ln91' <Predicate = (!icmp_ln90)> <Delay = 0.00>
ST_2 : Operation 20 [1/1] (0.00ns)   --->   "%specloopname_ln90 = specloopname void @_ssdm_op_SpecLoopName, void @empty_5" [/home/changhong/prj/finn/deps/finn-hlslib/maxpool.h:90]   --->   Operation 20 'specloopname' 'specloopname_ln90' <Predicate = (!icmp_ln90)> <Delay = 0.00>
ST_2 : Operation 21 [1/2] (0.67ns)   --->   "%buf_V_load = load i4 %buf_V_addr" [/home/changhong/prj/finn/deps/finn-hlslib/maxpool.h:92]   --->   Operation 21 'load' 'buf_V_load' <Predicate = (!icmp_ln90)> <Delay = 0.67> <CoreInst = "RAM">   --->   Core 83 'RAM' <Latency = 1> <II = 1> <Delay = 0.67> <Storage> <Opcode : 'load' 'store'> <Ports = 2> <Width = 6> <Depth = 14> <RAM>
ST_2 : Operation 22 [1/1] (0.00ns)   --->   "%zext_ln92 = zext i6 %buf_V_load" [/home/changhong/prj/finn/deps/finn-hlslib/maxpool.h:92]   --->   Operation 22 'zext' 'zext_ln92' <Predicate = (!icmp_ln90)> <Delay = 0.00>
ST_2 : Operation 23 [1/1] (0.00ns)   --->   "%write_ln92 = write void @_ssdm_op_Write.axis.volatile.i8P128A, i8 %out0_V, i8 %zext_ln92" [/home/changhong/prj/finn/deps/finn-hlslib/maxpool.h:92]   --->   Operation 23 'write' 'write_ln92' <Predicate = (!icmp_ln90)> <Delay = 0.00> <CoreInst = "axis">   --->   Core 123 'axis' <Latency = 0> <II = 1> <Delay = 1.00> <Adapter> <Opcode : >
ST_2 : Operation 24 [1/1] (0.00ns)   --->   "%br_ln90 = br void %for.inc41.i" [/home/changhong/prj/finn/deps/finn-hlslib/maxpool.h:90]   --->   Operation 24 'br' 'br_ln90' <Predicate = (!icmp_ln90)> <Delay = 0.00>
ST_2 : Operation 25 [1/1] (0.00ns)   --->   "%ret_ln0 = ret"   --->   Operation 25 'ret' 'ret_ln0' <Predicate = (icmp_ln90)> <Delay = 0.00>


============================================================
+ Verbose Summary: Timing violations
============================================================
Target clock period: 10ns, clock uncertainty: 2.7ns.

 <State 1>: 1.4ns
The critical path consists of the following:
	'alloca' operation ('outpix') [3]  (0 ns)
	'load' operation ('outpix', /home/changhong/prj/finn/deps/finn-hlslib/maxpool.h:90) on local variable 'outpix' [8]  (0 ns)
	'add' operation ('add_ln90', /home/changhong/prj/finn/deps/finn-hlslib/maxpool.h:90) [11]  (0.797 ns)
	'store' operation ('store_ln90', /home/changhong/prj/finn/deps/finn-hlslib/maxpool.h:90) of variable 'add_ln90', /home/changhong/prj/finn/deps/finn-hlslib/maxpool.h:90 on local variable 'outpix' [22]  (0.427 ns)
	blocking operation 0.174 ns on control path)

 <State 2>: 0.677ns
The critical path consists of the following:
	'load' operation ('buf_V_load', /home/changhong/prj/finn/deps/finn-hlslib/maxpool.h:92) on array 'buf_V' [18]  (0.677 ns)


============================================================
+ Verbose Summary: Binding
============================================================
N/A
* FSMD analyzer results:
  - Output states:
 - Input state : 
  - Chain level:
	State 1
	State 2


============================================================
+ Verbose Summary: Datapath Resource usage 
============================================================
N/A
