

================================================================
== Vitis HLS Report for 'StreamingMaxPool_hls_0'
================================================================
* Date:           Sun Jun 22 17:19:01 2025

* Version:        2022.2 (Build 3670227 on Oct 13 2022)
* Project:        project_StreamingMaxPool_hls_0
* Solution:       sol1 (Vivado IP Flow Target)
* Product family: zynquplus
* Target device:  xczu7ev-ffvc1156-2-e


================================================================
== Performance Estimates
================================================================
+ Timing: 
    * Summary: 
    +--------+----------+----------+------------+
    |  Clock |  Target  | Estimated| Uncertainty|
    +--------+----------+----------+------------+
    |ap_clk  |  10.00 ns|  2.256 ns|     2.70 ns|
    +--------+----------+----------+------------+

+ Latency: 
    * Summary: 
    +---------+---------+-----------+-----------+------+------+---------+
    |  Latency (cycles) |   Latency (absolute)  |   Interval  | Pipeline|
    |   min   |   max   |    min    |    max    |  min |  max |   Type  |
    +---------+---------+-----------+-----------+------+------+---------+
    |     1128|     1128|  11.280 us|  11.280 us|  1129|  1129|       no|
    +---------+---------+-----------+-----------+------+------+---------+

    + Detail: 
        * Instance: 
        +--------------------------------------------------------------------------------------------+---------------------------------------------------------------------------------+---------+---------+----------+----------+-----+-----+---------+
        |                                                                                            |                                                                                 |  Latency (cycles) |  Latency (absolute) |  Interval | Pipeline|
        |                                          Instance                                          |                                      Module                                     |   min   |   max   |    min   |    max   | min | max |   Type  |
        +--------------------------------------------------------------------------------------------+---------------------------------------------------------------------------------+---------+---------+----------+----------+-----+-----+---------+
        |grp_StreamingMaxPool_hls_0_Pipeline_VITIS_LOOP_79_3_VITIS_LOOP_80_4_VITIS_LOOP_82_5_fu_209  |StreamingMaxPool_hls_0_Pipeline_VITIS_LOOP_79_3_VITIS_LOOP_80_4_VITIS_LOOP_82_5  |       59|       59|  0.590 us|  0.590 us|   59|   59|       no|
        |grp_StreamingMaxPool_hls_0_Pipeline_VITIS_LOOP_90_6_fu_216                                  |StreamingMaxPool_hls_0_Pipeline_VITIS_LOOP_90_6                                  |       16|       16|  0.160 us|  0.160 us|   16|   16|       no|
        +--------------------------------------------------------------------------------------------+---------------------------------------------------------------------------------+---------+---------+----------+----------+-----+-----+---------+

        * Loop: 
        +-------------------+---------+---------+----------+-----------+-----------+------+----------+
        |                   |  Latency (cycles) | Iteration|  Initiation Interval  | Trip |          |
        |     Loop Name     |   min   |   max   |  Latency |  achieved |   target  | Count| Pipelined|
        +-------------------+---------+---------+----------+-----------+-----------+------+----------+
        |- VITIS_LOOP_78_2  |     1120|     1120|        80|          -|          -|    14|        no|
        +-------------------+---------+---------+----------+-----------+-----------+------+----------+



================================================================
== Utilization Estimates
================================================================
* Summary: 
+-----------------+---------+------+--------+--------+-----+
|       Name      | BRAM_18K|  DSP |   FF   |   LUT  | URAM|
+-----------------+---------+------+--------+--------+-----+
|DSP              |        -|     -|       -|       -|    -|
|Expression       |        -|     -|       0|      23|    -|
|FIFO             |        -|     -|       -|       -|    -|
|Instance         |        -|     -|      64|     347|    -|
|Memory           |        0|     -|      12|       2|    0|
|Multiplexer      |        -|     -|       -|     260|    -|
|Register         |        -|     -|      19|       -|    -|
+-----------------+---------+------+--------+--------+-----+
|Total            |        0|     0|      95|     632|    0|
+-----------------+---------+------+--------+--------+-----+
|Available        |      624|  1728|  460800|  230400|   96|
+-----------------+---------+------+--------+--------+-----+
|Utilization (%)  |        0|     0|      ~0|      ~0|    0|
+-----------------+---------+------+--------+--------+-----+

+ Detail: 
    * Instance: 
    +--------------------------------------------------------------------------------------------+---------------------------------------------------------------------------------+---------+----+----+-----+-----+
    |                                          Instance                                          |                                      Module                                     | BRAM_18K| DSP| FF | LUT | URAM|
    +--------------------------------------------------------------------------------------------+---------------------------------------------------------------------------------+---------+----+----+-----+-----+
    |grp_StreamingMaxPool_hls_0_Pipeline_VITIS_LOOP_79_3_VITIS_LOOP_80_4_VITIS_LOOP_82_5_fu_209  |StreamingMaxPool_hls_0_Pipeline_VITIS_LOOP_79_3_VITIS_LOOP_80_4_VITIS_LOOP_82_5  |        0|   0|  54|  263|    0|
    |grp_StreamingMaxPool_hls_0_Pipeline_VITIS_LOOP_90_6_fu_216                                  |StreamingMaxPool_hls_0_Pipeline_VITIS_LOOP_90_6                                  |        0|   0|  10|   84|    0|
    +--------------------------------------------------------------------------------------------+---------------------------------------------------------------------------------+---------+----+----+-----+-----+
    |Total                                                                                       |                                                                                 |        0|   0|  64|  347|    0|
    +--------------------------------------------------------------------------------------------+---------------------------------------------------------------------------------+---------+----+----+-----+-----+

    * DSP: 
    N/A

    * Memory: 
    +---------+---------------------+---------+----+----+-----+------+-----+------+-------------+
    |  Memory |        Module       | BRAM_18K| FF | LUT| URAM| Words| Bits| Banks| W*Bits*Banks|
    +---------+---------------------+---------+----+----+-----+------+-----+------+-------------+
    |buf_V_U  |buf_V_RAM_AUTO_1R1W  |        0|  12|   2|    0|    14|    6|     1|           84|
    +---------+---------------------+---------+----+----+-----+------+-----+------+-------------+
    |Total    |                     |        0|  12|   2|    0|    14|    6|     1|           84|
    +---------+---------------------+---------+----+----+-----+------+-----+------+-------------+

    * FIFO: 
    N/A

    * Expression: 
    +--------------------------------------------------------------------------+----------+----+---+----+------------+------------+
    |                               Variable Name                              | Operation| DSP| FF| LUT| Bitwidth P0| Bitwidth P1|
    +--------------------------------------------------------------------------+----------+----+---+----+------------+------------+
    |yp_2_fu_237_p2                                                            |         +|   0|  0|  12|           4|           1|
    |grp_StreamingMaxPool_hls_0_Pipeline_VITIS_LOOP_90_6_fu_216_out0_V_TREADY  |       and|   0|  0|   2|           1|           1|
    |icmp_ln78_fu_231_p2                                                       |      icmp|   0|  0|   9|           4|           3|
    +--------------------------------------------------------------------------+----------+----+---+----+------------+------------+
    |Total                                                                     |          |   0|  0|  23|           9|           5|
    +--------------------------------------------------------------------------+----------+----+---+----+------------+------------+

    * Multiplexer: 
    +---------------------------+----+-----------+-----+-----------+
    |            Name           | LUT| Input Size| Bits| Total Bits|
    +---------------------------+----+-----------+-----+-----------+
    |ap_NS_fsm                  |  65|         14|    1|         14|
    |buf_V_address0             |  54|         10|    4|         40|
    |buf_V_address1             |  49|          9|    4|         36|
    |buf_V_ce0                  |  20|          4|    1|          4|
    |buf_V_ce1                  |  14|          3|    1|          3|
    |buf_V_d0                   |  20|          4|    6|         24|
    |buf_V_we0                  |  20|          4|    1|          4|
    |in0_V_TREADY_int_regslice  |   9|          2|    1|          2|
    |yp_fu_76                   |   9|          2|    4|          8|
    +---------------------------+----+-----------+-----+-----------+
    |Total                      | 260|         52|   23|        135|
    +---------------------------+----+-----------+-----+-----------+

    * Register: 
    +---------------------------------------------------------------------------------------------------------+----+----+-----+-----------+
    |                                                   Name                                                  | FF | LUT| Bits| Const Bits|
    +---------------------------------------------------------------------------------------------------------+----+----+-----+-----------+
    |ap_CS_fsm                                                                                                |  13|   0|   13|          0|
    |grp_StreamingMaxPool_hls_0_Pipeline_VITIS_LOOP_79_3_VITIS_LOOP_80_4_VITIS_LOOP_82_5_fu_209_ap_start_reg  |   1|   0|    1|          0|
    |grp_StreamingMaxPool_hls_0_Pipeline_VITIS_LOOP_90_6_fu_216_ap_start_reg                                  |   1|   0|    1|          0|
    |yp_fu_76                                                                                                 |   4|   0|    4|          0|
    +---------------------------------------------------------------------------------------------------------+----+----+-----+-----------+
    |Total                                                                                                    |  19|   0|   19|          0|
    +---------------------------------------------------------------------------------------------------------+----+----+-----+-----------+



================================================================
== Interface
================================================================
* Summary: 
+---------------+-----+-----+--------------+------------------------+--------------+
|   RTL Ports   | Dir | Bits|   Protocol   |      Source Object     |    C Type    |
+---------------+-----+-----+--------------+------------------------+--------------+
|ap_clk         |   in|    1|  ap_ctrl_none|  StreamingMaxPool_hls_0|  return value|
|ap_rst_n       |   in|    1|  ap_ctrl_none|  StreamingMaxPool_hls_0|  return value|
|in0_V_TDATA    |   in|    8|          axis|                   in0_V|       pointer|
|in0_V_TVALID   |   in|    1|          axis|                   in0_V|       pointer|
|in0_V_TREADY   |  out|    1|          axis|                   in0_V|       pointer|
|out0_V_TDATA   |  out|    8|          axis|                  out0_V|       pointer|
|out0_V_TVALID  |  out|    1|          axis|                  out0_V|       pointer|
|out0_V_TREADY  |   in|    1|          axis|                  out0_V|       pointer|
+---------------+-----+-----+--------------+------------------------+--------------+

============================================================
+ Verbose Summary: Synthesis Manager
============================================================
InlineROM: 1
ExposeGlobal: 0
============================================================
+ Verbose Summary: CDFG Model
============================================================
IsTopModel: 1
ResetActiveHigh: 1
IsCombinational: 2
IsDatapathOnly: 2
HasWiredReturn: 1
HasMFsm: 0
HasVarLatency: 1
IsPipeline: 0
IsRtlPipelined: 0
IsInstanceOverlapped: 0
IsDontTouch: 0
HasImplIP: 0
IsGatedGlobalClock: 0


============================================================
+ Verbose Summary: Schedule
============================================================
* Number of FSM states : 13
* Pipeline : 0
* Dataflow Pipeline: 0

* FSM state transitions: 
1 --> 2 
2 --> 3 
3 --> 4 
4 --> 5 
5 --> 6 
6 --> 7 
7 --> 8 
8 --> 9 13 
9 --> 10 
10 --> 11 
11 --> 12 
12 --> 8 
13 --> 

* FSM state operations: 

State 1 <SV = 0> <Delay = 1.35>
ST_1 : Operation 14 [1/1] (0.00ns)   --->   "%yp = alloca i32 1"   --->   Operation 14 'alloca' 'yp' <Predicate = true> <Delay = 0.00>
ST_1 : Operation 15 [1/1] (0.67ns)   --->   "%buf_V = alloca i64 1" [/home/changhong/prj/finn/deps/finn-hlslib/maxpool.h:72]   --->   Operation 15 'alloca' 'buf_V' <Predicate = true> <Delay = 0.67> <CoreInst = "RAM">   --->   Core 83 'RAM' <Latency = 1> <II = 1> <Delay = 0.67> <Storage> <Opcode : 'load' 'store'> <Ports = 2> <Width = 6> <Depth = 14> <RAM>
ST_1 : Operation 16 [1/1] (0.00ns)   --->   "%buf_V_addr = getelementptr i6 %buf_V, i64 0, i64 0" [/home/changhong/prj/finn/deps/finn-hlslib/maxpool.h:75]   --->   Operation 16 'getelementptr' 'buf_V_addr' <Predicate = true> <Delay = 0.00>
ST_1 : Operation 17 [1/1] (0.67ns)   --->   "%store_ln75 = store i6 0, i4 %buf_V_addr" [/home/changhong/prj/finn/deps/finn-hlslib/maxpool.h:75]   --->   Operation 17 'store' 'store_ln75' <Predicate = true> <Delay = 0.67> <CoreInst = "RAM">   --->   Core 83 'RAM' <Latency = 1> <II = 1> <Delay = 0.67> <Storage> <Opcode : 'load' 'store'> <Ports = 2> <Width = 6> <Depth = 14> <RAM>
ST_1 : Operation 18 [1/1] (0.00ns)   --->   "%buf_V_addr_1 = getelementptr i6 %buf_V, i64 0, i64 1" [/home/changhong/prj/finn/deps/finn-hlslib/maxpool.h:75]   --->   Operation 18 'getelementptr' 'buf_V_addr_1' <Predicate = true> <Delay = 0.00>
ST_1 : Operation 19 [1/1] (0.67ns)   --->   "%store_ln75 = store i6 0, i4 %buf_V_addr_1" [/home/changhong/prj/finn/deps/finn-hlslib/maxpool.h:75]   --->   Operation 19 'store' 'store_ln75' <Predicate = true> <Delay = 0.67> <CoreInst = "RAM">   --->   Core 83 'RAM' <Latency = 1> <II = 1> <Delay = 0.67> <Storage> <Opcode : 'load' 'store'> <Ports = 2> <Width = 6> <Depth = 14> <RAM>
ST_1 : Operation 20 [1/1] (0.42ns)   --->   "%store_ln78 = store i4 0, i4 %yp" [/home/changhong/prj/finn/deps/finn-hlslib/maxpool.h:78]   --->   Operation 20 'store' 'store_ln78' <Predicate = true> <Delay = 0.42>

State 2 <SV = 1> <Delay = 0.67>
ST_2 : Operation 21 [1/1] (0.00ns)   --->   "%buf_V_addr_2 = getelementptr i6 %buf_V, i64 0, i64 2" [/home/changhong/prj/finn/deps/finn-hlslib/maxpool.h:75]   --->   Operation 21 'getelementptr' 'buf_V_addr_2' <Predicate = true> <Delay = 0.00>
ST_2 : Operation 22 [1/1] (0.67ns)   --->   "%store_ln75 = store i6 0, i4 %buf_V_addr_2" [/home/changhong/prj/finn/deps/finn-hlslib/maxpool.h:75]   --->   Operation 22 'store' 'store_ln75' <Predicate = true> <Delay = 0.67> <CoreInst = "RAM">   --->   Core 83 'RAM' <Latency = 1> <II = 1> <Delay = 0.67> <Storage> <Opcode : 'load' 'store'> <Ports = 2> <Width = 6> <Depth = 14> <RAM>
ST_2 : Operation 23 [1/1] (0.00ns)   --->   "%buf_V_addr_3 = getelementptr i6 %buf_V, i64 0, i64 3" [/home/changhong/prj/finn/deps/finn-hlslib/maxpool.h:75]   --->   Operation 23 'getelementptr' 'buf_V_addr_3' <Predicate = true> <Delay = 0.00>
ST_2 : Operation 24 [1/1] (0.67ns)   --->   "%store_ln75 = store i6 0, i4 %buf_V_addr_3" [/home/changhong/prj/finn/deps/finn-hlslib/maxpool.h:75]   --->   Operation 24 'store' 'store_ln75' <Predicate = true> <Delay = 0.67> <CoreInst = "RAM">   --->   Core 83 'RAM' <Latency = 1> <II = 1> <Delay = 0.67> <Storage> <Opcode : 'load' 'store'> <Ports = 2> <Width = 6> <Depth = 14> <RAM>

State 3 <SV = 2> <Delay = 0.67>
ST_3 : Operation 25 [1/1] (0.00ns)   --->   "%buf_V_addr_4 = getelementptr i6 %buf_V, i64 0, i64 4" [/home/changhong/prj/finn/deps/finn-hlslib/maxpool.h:75]   --->   Operation 25 'getelementptr' 'buf_V_addr_4' <Predicate = true> <Delay = 0.00>
ST_3 : Operation 26 [1/1] (0.67ns)   --->   "%store_ln75 = store i6 0, i4 %buf_V_addr_4" [/home/changhong/prj/finn/deps/finn-hlslib/maxpool.h:75]   --->   Operation 26 'store' 'store_ln75' <Predicate = true> <Delay = 0.67> <CoreInst = "RAM">   --->   Core 83 'RAM' <Latency = 1> <II = 1> <Delay = 0.67> <Storage> <Opcode : 'load' 'store'> <Ports = 2> <Width = 6> <Depth = 14> <RAM>
ST_3 : Operation 27 [1/1] (0.00ns)   --->   "%buf_V_addr_5 = getelementptr i6 %buf_V, i64 0, i64 5" [/home/changhong/prj/finn/deps/finn-hlslib/maxpool.h:75]   --->   Operation 27 'getelementptr' 'buf_V_addr_5' <Predicate = true> <Delay = 0.00>
ST_3 : Operation 28 [1/1] (0.67ns)   --->   "%store_ln75 = store i6 0, i4 %buf_V_addr_5" [/home/changhong/prj/finn/deps/finn-hlslib/maxpool.h:75]   --->   Operation 28 'store' 'store_ln75' <Predicate = true> <Delay = 0.67> <CoreInst = "RAM">   --->   Core 83 'RAM' <Latency = 1> <II = 1> <Delay = 0.67> <Storage> <Opcode : 'load' 'store'> <Ports = 2> <Width = 6> <Depth = 14> <RAM>

State 4 <SV = 3> <Delay = 0.67>
ST_4 : Operation 29 [1/1] (0.00ns)   --->   "%buf_V_addr_6 = getelementptr i6 %buf_V, i64 0, i64 6" [/home/changhong/prj/finn/deps/finn-hlslib/maxpool.h:75]   --->   Operation 29 'getelementptr' 'buf_V_addr_6' <Predicate = true> <Delay = 0.00>
ST_4 : Operation 30 [1/1] (0.67ns)   --->   "%store_ln75 = store i6 0, i4 %buf_V_addr_6" [/home/changhong/prj/finn/deps/finn-hlslib/maxpool.h:75]   --->   Operation 30 'store' 'store_ln75' <Predicate = true> <Delay = 0.67> <CoreInst = "RAM">   --->   Core 83 'RAM' <Latency = 1> <II = 1> <Delay = 0.67> <Storage> <Opcode : 'load' 'store'> <Ports = 2> <Width = 6> <Depth = 14> <RAM>
ST_4 : Operation 31 [1/1] (0.00ns)   --->   "%buf_V_addr_7 = getelementptr i6 %buf_V, i64 0, i64 7" [/home/changhong/prj/finn/deps/finn-hlslib/maxpool.h:75]   --->   Operation 31 'getelementptr' 'buf_V_addr_7' <Predicate = true> <Delay = 0.00>
ST_4 : Operation 32 [1/1] (0.67ns)   --->   "%store_ln75 = store i6 0, i4 %buf_V_addr_7" [/home/changhong/prj/finn/deps/finn-hlslib/maxpool.h:75]   --->   Operation 32 'store' 'store_ln75' <Predicate = true> <Delay = 0.67> <CoreInst = "RAM">   --->   Core 83 'RAM' <Latency = 1> <II = 1> <Delay = 0.67> <Storage> <Opcode : 'load' 'store'> <Ports = 2> <Width = 6> <Depth = 14> <RAM>

State 5 <SV = 4> <Delay = 0.67>
ST_5 : Operation 33 [1/1] (0.00ns)   --->   "%buf_V_addr_8 = getelementptr i6 %buf_V, i64 0, i64 8" [/home/changhong/prj/finn/deps/finn-hlslib/maxpool.h:75]   --->   Operation 33 'getelementptr' 'buf_V_addr_8' <Predicate = true> <Delay = 0.00>
ST_5 : Operation 34 [1/1] (0.67ns)   --->   "%store_ln75 = store i6 0, i4 %buf_V_addr_8" [/home/changhong/prj/finn/deps/finn-hlslib/maxpool.h:75]   --->   Operation 34 'store' 'store_ln75' <Predicate = true> <Delay = 0.67> <CoreInst = "RAM">   --->   Core 83 'RAM' <Latency = 1> <II = 1> <Delay = 0.67> <Storage> <Opcode : 'load' 'store'> <Ports = 2> <Width = 6> <Depth = 14> <RAM>
ST_5 : Operation 35 [1/1] (0.00ns)   --->   "%buf_V_addr_9 = getelementptr i6 %buf_V, i64 0, i64 9" [/home/changhong/prj/finn/deps/finn-hlslib/maxpool.h:75]   --->   Operation 35 'getelementptr' 'buf_V_addr_9' <Predicate = true> <Delay = 0.00>
ST_5 : Operation 36 [1/1] (0.67ns)   --->   "%store_ln75 = store i6 0, i4 %buf_V_addr_9" [/home/changhong/prj/finn/deps/finn-hlslib/maxpool.h:75]   --->   Operation 36 'store' 'store_ln75' <Predicate = true> <Delay = 0.67> <CoreInst = "RAM">   --->   Core 83 'RAM' <Latency = 1> <II = 1> <Delay = 0.67> <Storage> <Opcode : 'load' 'store'> <Ports = 2> <Width = 6> <Depth = 14> <RAM>

State 6 <SV = 5> <Delay = 0.67>
ST_6 : Operation 37 [1/1] (0.00ns)   --->   "%buf_V_addr_10 = getelementptr i6 %buf_V, i64 0, i64 10" [/home/changhong/prj/finn/deps/finn-hlslib/maxpool.h:75]   --->   Operation 37 'getelementptr' 'buf_V_addr_10' <Predicate = true> <Delay = 0.00>
ST_6 : Operation 38 [1/1] (0.67ns)   --->   "%store_ln75 = store i6 0, i4 %buf_V_addr_10" [/home/changhong/prj/finn/deps/finn-hlslib/maxpool.h:75]   --->   Operation 38 'store' 'store_ln75' <Predicate = true> <Delay = 0.67> <CoreInst = "RAM">   --->   Core 83 'RAM' <Latency = 1> <II = 1> <Delay = 0.67> <Storage> <Opcode : 'load' 'store'> <Ports = 2> <Width = 6> <Depth = 14> <RAM>
ST_6 : Operation 39 [1/1] (0.00ns)   --->   "%buf_V_addr_11 = getelementptr i6 %buf_V, i64 0, i64 11" [/home/changhong/prj/finn/deps/finn-hlslib/maxpool.h:75]   --->   Operation 39 'getelementptr' 'buf_V_addr_11' <Predicate = true> <Delay = 0.00>
ST_6 : Operation 40 [1/1] (0.67ns)   --->   "%store_ln75 = store i6 0, i4 %buf_V_addr_11" [/home/changhong/prj/finn/deps/finn-hlslib/maxpool.h:75]   --->   Operation 40 'store' 'store_ln75' <Predicate = true> <Delay = 0.67> <CoreInst = "RAM">   --->   Core 83 'RAM' <Latency = 1> <II = 1> <Delay = 0.67> <Storage> <Opcode : 'load' 'store'> <Ports = 2> <Width = 6> <Depth = 14> <RAM>

State 7 <SV = 6> <Delay = 0.67>
ST_7 : Operation 41 [1/1] (0.00ns)   --->   "%spectopmodule_ln16 = spectopmodule void @_ssdm_op_SpecTopModule, void @empty_2" [/home/changhong/prj/finn/notebooks/EF-US-Engine-Free-Unstructured-Sparsity-Design-Alleviates-Accelerator-Bottlenecks/casestudy1/LeNet_MNIST_BNN/tmp/unfold/code_gen_ipgen_StreamingMaxPool_hls_0_nh67h6v0/top_StreamingMaxPool_hls_0.cpp:16]   --->   Operation 41 'spectopmodule' 'spectopmodule_ln16' <Predicate = true> <Delay = 0.00>
ST_7 : Operation 42 [1/1] (0.00ns)   --->   "%specinterface_ln16 = specinterface void @_ssdm_op_SpecInterface, i32 0, void @empty_3, i32 0, i32 0, void @empty_1, i32 0, i32 0, void @empty_1, void @empty_1, void @empty_1, i32 0, i32 0, i32 0, i32 0, void @empty_1, void @empty_1, i32 4294967295, i32 0" [/home/changhong/prj/finn/notebooks/EF-US-Engine-Free-Unstructured-Sparsity-Design-Alleviates-Accelerator-Bottlenecks/casestudy1/LeNet_MNIST_BNN/tmp/unfold/code_gen_ipgen_StreamingMaxPool_hls_0_nh67h6v0/top_StreamingMaxPool_hls_0.cpp:16]   --->   Operation 42 'specinterface' 'specinterface_ln16' <Predicate = true> <Delay = 0.00>
ST_7 : Operation 43 [1/1] (0.00ns)   --->   "%specinterface_ln0 = specinterface void @_ssdm_op_SpecInterface, i8 %in0_V, void @empty, i32 1, i32 1, void @empty_0, i32 0, i32 0, void @empty_1, void @empty_1, void @empty_1, i32 0, i32 0, i32 0, i32 0, void @empty_1, void @empty_1, i32 4294967295, i32 0"   --->   Operation 43 'specinterface' 'specinterface_ln0' <Predicate = true> <Delay = 0.00>
ST_7 : Operation 44 [1/1] (0.00ns)   --->   "%specbitsmap_ln0 = specbitsmap void @_ssdm_op_SpecBitsMap, i8 %in0_V"   --->   Operation 44 'specbitsmap' 'specbitsmap_ln0' <Predicate = true> <Delay = 0.00>
ST_7 : Operation 45 [1/1] (0.00ns)   --->   "%specinterface_ln0 = specinterface void @_ssdm_op_SpecInterface, i8 %out0_V, void @empty, i32 1, i32 1, void @empty_0, i32 0, i32 0, void @empty_1, void @empty_1, void @empty_1, i32 0, i32 0, i32 0, i32 0, void @empty_1, void @empty_1, i32 4294967295, i32 0"   --->   Operation 45 'specinterface' 'specinterface_ln0' <Predicate = true> <Delay = 0.00>
ST_7 : Operation 46 [1/1] (0.00ns)   --->   "%specbitsmap_ln0 = specbitsmap void @_ssdm_op_SpecBitsMap, i8 %out0_V"   --->   Operation 46 'specbitsmap' 'specbitsmap_ln0' <Predicate = true> <Delay = 0.00>
ST_7 : Operation 47 [1/1] (0.00ns)   --->   "%buf_V_addr_12 = getelementptr i6 %buf_V, i64 0, i64 12" [/home/changhong/prj/finn/deps/finn-hlslib/maxpool.h:75]   --->   Operation 47 'getelementptr' 'buf_V_addr_12' <Predicate = true> <Delay = 0.00>
ST_7 : Operation 48 [1/1] (0.67ns)   --->   "%store_ln75 = store i6 0, i4 %buf_V_addr_12" [/home/changhong/prj/finn/deps/finn-hlslib/maxpool.h:75]   --->   Operation 48 'store' 'store_ln75' <Predicate = true> <Delay = 0.67> <CoreInst = "RAM">   --->   Core 83 'RAM' <Latency = 1> <II = 1> <Delay = 0.67> <Storage> <Opcode : 'load' 'store'> <Ports = 2> <Width = 6> <Depth = 14> <RAM>
ST_7 : Operation 49 [1/1] (0.00ns)   --->   "%buf_V_addr_13 = getelementptr i6 %buf_V, i64 0, i64 13" [/home/changhong/prj/finn/deps/finn-hlslib/maxpool.h:75]   --->   Operation 49 'getelementptr' 'buf_V_addr_13' <Predicate = true> <Delay = 0.00>
ST_7 : Operation 50 [1/1] (0.67ns)   --->   "%store_ln75 = store i6 0, i4 %buf_V_addr_13" [/home/changhong/prj/finn/deps/finn-hlslib/maxpool.h:75]   --->   Operation 50 'store' 'store_ln75' <Predicate = true> <Delay = 0.67> <CoreInst = "RAM">   --->   Core 83 'RAM' <Latency = 1> <II = 1> <Delay = 0.67> <Storage> <Opcode : 'load' 'store'> <Ports = 2> <Width = 6> <Depth = 14> <RAM>
ST_7 : Operation 51 [1/1] (0.00ns)   --->   "%br_ln78 = br void %VITIS_LOOP_79_3.i" [/home/changhong/prj/finn/deps/finn-hlslib/maxpool.h:78]   --->   Operation 51 'br' 'br_ln78' <Predicate = true> <Delay = 0.00>

State 8 <SV = 7> <Delay = 1.53>
ST_8 : Operation 52 [1/1] (0.00ns)   --->   "%yp_1 = load i4 %yp" [/home/changhong/prj/finn/deps/finn-hlslib/maxpool.h:78]   --->   Operation 52 'load' 'yp_1' <Predicate = true> <Delay = 0.00>
ST_8 : Operation 53 [1/1] (0.72ns)   --->   "%icmp_ln78 = icmp_eq  i4 %yp_1, i4 14" [/home/changhong/prj/finn/deps/finn-hlslib/maxpool.h:78]   --->   Operation 53 'icmp' 'icmp_ln78' <Predicate = true> <Delay = 0.72> <CoreInst = "Cmp">   --->   Core 9 'Cmp' <Latency = 0> <II = 1> <Delay = 0.72> <FuncUnit> <Opcode : 'icmp'> <InPorts = 2> <OutPorts = 1>
ST_8 : Operation 54 [1/1] (0.00ns)   --->   "%empty = speclooptripcount i32 @_ssdm_op_SpecLoopTripCount, i64 14, i64 14, i64 14"   --->   Operation 54 'speclooptripcount' 'empty' <Predicate = true> <Delay = 0.00>
ST_8 : Operation 55 [1/1] (0.79ns)   --->   "%yp_2 = add i4 %yp_1, i4 1" [/home/changhong/prj/finn/deps/finn-hlslib/maxpool.h:78]   --->   Operation 55 'add' 'yp_2' <Predicate = true> <Delay = 0.79> <CoreInst = "Adder">   --->   Core 1 'Adder' <Latency = 0> <II = 1> <Delay = 0.79> <FuncUnit> <Opcode : 'add' 'sub'> <InPorts = 2> <OutPorts = 1>
ST_8 : Operation 56 [1/1] (0.00ns)   --->   "%br_ln78 = br i1 %icmp_ln78, void %VITIS_LOOP_79_3.i.split, void %_Z16StreamingMaxPoolILj28ELj2ELj6EEvRN3hls6streamI7ap_uintIXT1_EELi0EEES5_.exit" [/home/changhong/prj/finn/deps/finn-hlslib/maxpool.h:78]   --->   Operation 56 'br' 'br_ln78' <Predicate = true> <Delay = 0.00>
ST_8 : Operation 57 [1/1] (0.00ns)   --->   "%empty_10 = wait i32 @_ssdm_op_Wait"   --->   Operation 57 'wait' 'empty_10' <Predicate = (!icmp_ln78)> <Delay = 0.00>
ST_8 : Operation 58 [2/2] (0.81ns)   --->   "%call_ln0 = call void @StreamingMaxPool_hls_0_Pipeline_VITIS_LOOP_79_3_VITIS_LOOP_80_4_VITIS_LOOP_82_5, i8 %in0_V, i6 %buf_V"   --->   Operation 58 'call' 'call_ln0' <Predicate = (!icmp_ln78)> <Delay = 0.81> <CoreType = "Generic">   --->   Core 0 '' <Latency = 0> <II = 1> <Delay = 1.00> <Generic> <Opcode : >
ST_8 : Operation 59 [1/1] (0.42ns)   --->   "%store_ln78 = store i4 %yp_2, i4 %yp" [/home/changhong/prj/finn/deps/finn-hlslib/maxpool.h:78]   --->   Operation 59 'store' 'store_ln78' <Predicate = (!icmp_ln78)> <Delay = 0.42>

State 9 <SV = 8> <Delay = 0.00>
ST_9 : Operation 60 [1/2] (0.00ns)   --->   "%call_ln0 = call void @StreamingMaxPool_hls_0_Pipeline_VITIS_LOOP_79_3_VITIS_LOOP_80_4_VITIS_LOOP_82_5, i8 %in0_V, i6 %buf_V"   --->   Operation 60 'call' 'call_ln0' <Predicate = true> <Delay = 0.00> <CoreType = "Generic">   --->   Core 0 '' <Latency = 0> <II = 1> <Delay = 1.00> <Generic> <Opcode : >

State 10 <SV = 9> <Delay = 0.00>
ST_10 : Operation 61 [1/1] (0.00ns)   --->   "%empty_11 = wait i32 @_ssdm_op_Wait"   --->   Operation 61 'wait' 'empty_11' <Predicate = true> <Delay = 0.00>

State 11 <SV = 10> <Delay = 0.00>
ST_11 : Operation 62 [1/1] (0.00ns)   --->   "%empty_12 = wait i32 @_ssdm_op_Wait"   --->   Operation 62 'wait' 'empty_12' <Predicate = true> <Delay = 0.00>
ST_11 : Operation 63 [2/2] (0.00ns)   --->   "%call_ln0 = call void @StreamingMaxPool_hls_0_Pipeline_VITIS_LOOP_90_6, i6 %buf_V, i8 %out0_V"   --->   Operation 63 'call' 'call_ln0' <Predicate = true> <Delay = 0.00> <CoreType = "Generic">   --->   Core 0 '' <Latency = 0> <II = 1> <Delay = 1.00> <Generic> <Opcode : >

State 12 <SV = 11> <Delay = 0.67>
ST_12 : Operation 64 [1/1] (0.00ns)   --->   "%specloopname_ln78 = specloopname void @_ssdm_op_SpecLoopName, void @empty_6" [/home/changhong/prj/finn/deps/finn-hlslib/maxpool.h:78]   --->   Operation 64 'specloopname' 'specloopname_ln78' <Predicate = true> <Delay = 0.00>
ST_12 : Operation 65 [1/2] (0.67ns)   --->   "%call_ln0 = call void @StreamingMaxPool_hls_0_Pipeline_VITIS_LOOP_90_6, i6 %buf_V, i8 %out0_V"   --->   Operation 65 'call' 'call_ln0' <Predicate = true> <Delay = 0.67> <CoreType = "Generic">   --->   Core 0 '' <Latency = 0> <II = 1> <Delay = 1.00> <Generic> <Opcode : >
ST_12 : Operation 66 [1/1] (0.00ns)   --->   "%br_ln78 = br void %VITIS_LOOP_79_3.i" [/home/changhong/prj/finn/deps/finn-hlslib/maxpool.h:78]   --->   Operation 66 'br' 'br_ln78' <Predicate = true> <Delay = 0.00>

State 13 <SV = 12> <Delay = 0.00>
ST_13 : Operation 67 [1/1] (0.00ns)   --->   "%ret_ln22 = ret" [/home/changhong/prj/finn/notebooks/EF-US-Engine-Free-Unstructured-Sparsity-Design-Alleviates-Accelerator-Bottlenecks/casestudy1/LeNet_MNIST_BNN/tmp/unfold/code_gen_ipgen_StreamingMaxPool_hls_0_nh67h6v0/top_StreamingMaxPool_hls_0.cpp:22]   --->   Operation 67 'ret' 'ret_ln22' <Predicate = true> <Delay = 0.00>


============================================================
+ Verbose Summary: Binding
============================================================
STG Binding: 
---------------- STG Properties BEGIN ----------------
- Is combinational: 0
- Is one-state seq: 0
- Is datapath-only: 0
- Is pipelined: 0
- Is top level: 1
Port [ Return ] is wired: 1; IO mode=ap_ctrl_none:ce=0
Port [ in0_V]:  wired=1; compound=1; hidden=0; nouse=0; global=0; static=0; extern=0; dir=0; type=0; pingpong=0; private_global=0; IO mode=axis:ce=0
Port [ out0_V]:  wired=1; compound=1; hidden=0; nouse=0; global=0; static=0; extern=0; dir=1; type=0; pingpong=0; private_global=0; IO mode=axis:ce=0
---------------- STG Properties END ------------------

---------------- Datapath Model BEGIN ----------------

<LifeTime>
<method=bitvector/>
yp                 (alloca           ) [ 01111111111110]
buf_V              (alloca           ) [ 00111111111110]
buf_V_addr         (getelementptr    ) [ 00000000000000]
store_ln75         (store            ) [ 00000000000000]
buf_V_addr_1       (getelementptr    ) [ 00000000000000]
store_ln75         (store            ) [ 00000000000000]
store_ln78         (store            ) [ 00000000000000]
buf_V_addr_2       (getelementptr    ) [ 00000000000000]
store_ln75         (store            ) [ 00000000000000]
buf_V_addr_3       (getelementptr    ) [ 00000000000000]
store_ln75         (store            ) [ 00000000000000]
buf_V_addr_4       (getelementptr    ) [ 00000000000000]
store_ln75         (store            ) [ 00000000000000]
buf_V_addr_5       (getelementptr    ) [ 00000000000000]
store_ln75         (store            ) [ 00000000000000]
buf_V_addr_6       (getelementptr    ) [ 00000000000000]
store_ln75         (store            ) [ 00000000000000]
buf_V_addr_7       (getelementptr    ) [ 00000000000000]
store_ln75         (store            ) [ 00000000000000]
buf_V_addr_8       (getelementptr    ) [ 00000000000000]
store_ln75         (store            ) [ 00000000000000]
buf_V_addr_9       (getelementptr    ) [ 00000000000000]
store_ln75         (store            ) [ 00000000000000]
buf_V_addr_10      (getelementptr    ) [ 00000000000000]
store_ln75         (store            ) [ 00000000000000]
buf_V_addr_11      (getelementptr    ) [ 00000000000000]
store_ln75         (store            ) [ 00000000000000]
spectopmodule_ln16 (spectopmodule    ) [ 00000000000000]
specinterface_ln16 (specinterface    ) [ 00000000000000]
specinterface_ln0  (specinterface    ) [ 00000000000000]
specbitsmap_ln0    (specbitsmap      ) [ 00000000000000]
specinterface_ln0  (specinterface    ) [ 00000000000000]
specbitsmap_ln0    (specbitsmap      ) [ 00000000000000]
buf_V_addr_12      (getelementptr    ) [ 00000000000000]
store_ln75         (store            ) [ 00000000000000]
buf_V_addr_13      (getelementptr    ) [ 00000000000000]
store_ln75         (store            ) [ 00000000000000]
br_ln78            (br               ) [ 00000000000000]
yp_1               (load             ) [ 00000000000000]
icmp_ln78          (icmp             ) [ 00000000111110]
empty              (speclooptripcount) [ 00000000000000]
yp_2               (add              ) [ 00000000000000]
br_ln78            (br               ) [ 00000000000000]
empty_10           (wait             ) [ 00000000000000]
store_ln78         (store            ) [ 00000000000000]
call_ln0           (call             ) [ 00000000000000]
empty_11           (wait             ) [ 00000000000000]
empty_12           (wait             ) [ 00000000000000]
specloopname_ln78  (specloopname     ) [ 00000000000000]
call_ln0           (call             ) [ 00000000000000]
br_ln78            (br               ) [ 00000000000000]
ret_ln22           (ret              ) [ 00000000000000]
</LifeTime>

<model>

<comp_list>
<comp id="0" class="1000" name="in0_V">
<pin_list>
<pin id="1" dir="1" index="0" bw="1" slack="0"/>
</pin_list>
<bind>
<StgValue><ssdm name="in0_V"/></StgValue>
</bind>
</comp>

<comp id="2" class="1000" name="out0_V">
<pin_list>
<pin id="3" dir="1" index="0" bw="1" slack="0"/>
</pin_list>
<bind>
<StgValue><ssdm name="out0_V"/></StgValue>
</bind>
</comp>

<comp id="4" class="1001" name="const_4">
<pin_list>
<pin id="5" dir="1" index="0" bw="1" slack="0"/>
</pin_list>
<bind>
<StgValue><ssdm name=""/></StgValue>
</bind>
</comp>

<comp id="6" class="1001" name="const_6">
<pin_list>
<pin id="7" dir="1" index="0" bw="1" slack="0"/>
</pin_list>
<bind>
<StgValue><ssdm name=""/></StgValue>
</bind>
</comp>

<comp id="8" class="1001" name="const_8">
<pin_list>
<pin id="9" dir="1" index="0" bw="1" slack="0"/>
</pin_list>
<bind>
<StgValue><ssdm name=""/></StgValue>
</bind>
</comp>

<comp id="10" class="1001" name="const_10">
<pin_list>
<pin id="11" dir="1" index="0" bw="1" slack="0"/>
</pin_list>
<bind>
<StgValue><ssdm name=""/></StgValue>
</bind>
</comp>

<comp id="12" class="1001" name="const_12">
<pin_list>
<pin id="13" dir="1" index="0" bw="1" slack="0"/>
</pin_list>
<bind>
<StgValue><ssdm name=""/></StgValue>
</bind>
</comp>

<comp id="14" class="1001" name="const_14">
<pin_list>
<pin id="15" dir="1" index="0" bw="1" slack="0"/>
</pin_list>
<bind>
<StgValue><ssdm name=""/></StgValue>
</bind>
</comp>

<comp id="16" class="1001" name="const_16">
<pin_list>
<pin id="17" dir="1" index="0" bw="1" slack="0"/>
</pin_list>
<bind>
<StgValue><ssdm name=""/></StgValue>
</bind>
</comp>

<comp id="18" class="1001" name="const_18">
<pin_list>
<pin id="19" dir="1" index="0" bw="1" slack="0"/>
</pin_list>
<bind>
<StgValue><ssdm name=""/></StgValue>
</bind>
</comp>

<comp id="20" class="1001" name="const_20">
<pin_list>
<pin id="21" dir="1" index="0" bw="1" slack="0"/>
</pin_list>
<bind>
<StgValue><ssdm name=""/></StgValue>
</bind>
</comp>

<comp id="22" class="1001" name="const_22">
<pin_list>
<pin id="23" dir="1" index="0" bw="1" slack="0"/>
</pin_list>
<bind>
<StgValue><ssdm name=""/></StgValue>
</bind>
</comp>

<comp id="24" class="1001" name="const_24">
<pin_list>
<pin id="25" dir="1" index="0" bw="1" slack="0"/>
</pin_list>
<bind>
<StgValue><ssdm name=""/></StgValue>
</bind>
</comp>

<comp id="26" class="1001" name="const_26">
<pin_list>
<pin id="27" dir="1" index="0" bw="1" slack="0"/>
</pin_list>
<bind>
<StgValue><ssdm name=""/></StgValue>
</bind>
</comp>

<comp id="28" class="1001" name="const_28">
<pin_list>
<pin id="29" dir="1" index="0" bw="1" slack="0"/>
</pin_list>
<bind>
<StgValue><ssdm name=""/></StgValue>
</bind>
</comp>

<comp id="30" class="1001" name="const_30">
<pin_list>
<pin id="31" dir="1" index="0" bw="1" slack="0"/>
</pin_list>
<bind>
<StgValue><ssdm name=""/></StgValue>
</bind>
</comp>

<comp id="32" class="1001" name="const_32">
<pin_list>
<pin id="33" dir="1" index="0" bw="1" slack="0"/>
</pin_list>
<bind>
<StgValue><ssdm name=""/></StgValue>
</bind>
</comp>

<comp id="34" class="1001" name="const_34">
<pin_list>
<pin id="35" dir="1" index="0" bw="1" slack="2147483647"/>
</pin_list>
<bind>
<StgValue><ssdm name="_ssdm_op_SpecTopModule"/></StgValue>
</bind>
</comp>

<comp id="36" class="1001" name="const_36">
<pin_list>
<pin id="37" dir="1" index="0" bw="1" slack="2147483647"/>
</pin_list>
<bind>
<StgValue><ssdm name="empty_2"/></StgValue>
</bind>
</comp>

<comp id="38" class="1001" name="const_38">
<pin_list>
<pin id="39" dir="1" index="0" bw="1" slack="2147483647"/>
</pin_list>
<bind>
<StgValue><ssdm name="_ssdm_op_SpecInterface"/></StgValue>
</bind>
</comp>

<comp id="40" class="1001" name="const_40">
<pin_list>
<pin id="41" dir="1" index="0" bw="1" slack="2147483647"/>
</pin_list>
<bind>
<StgValue><ssdm name=""/></StgValue>
</bind>
</comp>

<comp id="42" class="1001" name="const_42">
<pin_list>
<pin id="43" dir="1" index="0" bw="1" slack="2147483647"/>
</pin_list>
<bind>
<StgValue><ssdm name="empty_3"/></StgValue>
</bind>
</comp>

<comp id="44" class="1001" name="const_44">
<pin_list>
<pin id="45" dir="1" index="0" bw="1" slack="2147483647"/>
</pin_list>
<bind>
<StgValue><ssdm name="empty_1"/></StgValue>
</bind>
</comp>

<comp id="46" class="1001" name="const_46">
<pin_list>
<pin id="47" dir="1" index="0" bw="1" slack="2147483647"/>
</pin_list>
<bind>
<StgValue><ssdm name=""/></StgValue>
</bind>
</comp>

<comp id="48" class="1001" name="const_48">
<pin_list>
<pin id="49" dir="1" index="0" bw="1" slack="2147483647"/>
</pin_list>
<bind>
<StgValue><ssdm name="empty"/></StgValue>
</bind>
</comp>

<comp id="50" class="1001" name="const_50">
<pin_list>
<pin id="51" dir="1" index="0" bw="1" slack="2147483647"/>
</pin_list>
<bind>
<StgValue><ssdm name="empty_0"/></StgValue>
</bind>
</comp>

<comp id="52" class="1001" name="const_52">
<pin_list>
<pin id="53" dir="1" index="0" bw="1" slack="2147483647"/>
</pin_list>
<bind>
<StgValue><ssdm name="_ssdm_op_SpecBitsMap"/></StgValue>
</bind>
</comp>

<comp id="54" class="1001" name="const_54">
<pin_list>
<pin id="55" dir="1" index="0" bw="1" slack="0"/>
</pin_list>
<bind>
<StgValue><ssdm name=""/></StgValue>
</bind>
</comp>

<comp id="56" class="1001" name="const_56">
<pin_list>
<pin id="57" dir="1" index="0" bw="1" slack="0"/>
</pin_list>
<bind>
<StgValue><ssdm name=""/></StgValue>
</bind>
</comp>

<comp id="58" class="1001" name="const_58">
<pin_list>
<pin id="59" dir="1" index="0" bw="1" slack="0"/>
</pin_list>
<bind>
<StgValue><ssdm name=""/></StgValue>
</bind>
</comp>

<comp id="60" class="1001" name="const_60">
<pin_list>
<pin id="61" dir="1" index="0" bw="1" slack="2147483647"/>
</pin_list>
<bind>
<StgValue><ssdm name="_ssdm_op_SpecLoopTripCount"/></StgValue>
</bind>
</comp>

<comp id="62" class="1001" name="const_62">
<pin_list>
<pin id="63" dir="1" index="0" bw="1" slack="2147483647"/>
</pin_list>
<bind>
<StgValue><ssdm name=""/></StgValue>
</bind>
</comp>

<comp id="64" class="1001" name="const_64">
<pin_list>
<pin id="65" dir="1" index="0" bw="1" slack="0"/>
</pin_list>
<bind>
<StgValue><ssdm name=""/></StgValue>
</bind>
</comp>

<comp id="66" class="1001" name="const_66">
<pin_list>
<pin id="67" dir="1" index="0" bw="1" slack="2147483647"/>
</pin_list>
<bind>
<StgValue><ssdm name="_ssdm_op_Wait"/></StgValue>
</bind>
</comp>

<comp id="68" class="1001" name="const_68">
<pin_list>
<pin id="69" dir="1" index="0" bw="1" slack="0"/>
</pin_list>
<bind>
<StgValue><ssdm name="StreamingMaxPool_hls_0_Pipeline_VITIS_LOOP_79_3_VITIS_LOOP_80_4_VITIS_LOOP_82_5"/></StgValue>
</bind>
</comp>

<comp id="70" class="1001" name="const_70">
<pin_list>
<pin id="71" dir="1" index="0" bw="1" slack="0"/>
</pin_list>
<bind>
<StgValue><ssdm name="StreamingMaxPool_hls_0_Pipeline_VITIS_LOOP_90_6"/></StgValue>
</bind>
</comp>

<comp id="72" class="1001" name="const_72">
<pin_list>
<pin id="73" dir="1" index="0" bw="1" slack="2147483647"/>
</pin_list>
<bind>
<StgValue><ssdm name="_ssdm_op_SpecLoopName"/></StgValue>
</bind>
</comp>

<comp id="74" class="1001" name="const_74">
<pin_list>
<pin id="75" dir="1" index="0" bw="1" slack="2147483647"/>
</pin_list>
<bind>
<StgValue><ssdm name="empty_6"/></StgValue>
</bind>
</comp>

<comp id="76" class="1004" name="yp_fu_76">
<pin_list>
<pin id="77" dir="0" index="0" bw="1" slack="0"/>
<pin id="78" dir="1" index="1" bw="4" slack="0"/>
</pin_list>
<bind>
<opcode="alloca(26) " fcode="alloca"/>
<opset="yp/1 "/>
</bind>
</comp>

<comp id="80" class="1004" name="buf_V_alloca_fu_80">
<pin_list>
<pin id="81" dir="0" index="0" bw="1" slack="0"/>
<pin id="82" dir="1" index="1" bw="6" slack="0"/>
</pin_list>
<bind>
<opcode="alloca(26) " fcode="alloca"/>
<opset="buf_V/1 "/>
</bind>
</comp>

<comp id="84" class="1004" name="buf_V_addr_gep_fu_84">
<pin_list>
<pin id="85" dir="0" index="0" bw="6" slack="0"/>
<pin id="86" dir="0" index="1" bw="1" slack="0"/>
<pin id="87" dir="0" index="2" bw="1" slack="0"/>
<pin id="88" dir="1" index="3" bw="4" slack="0"/>
</pin_list>
<bind>
<opcode="getelementptr(29) " fcode="getelementptr"/>
<opset="buf_V_addr/1 "/>
</bind>
</comp>

<comp id="92" class="1004" name="grp_access_fu_92">
<pin_list>
<pin id="93" dir="0" index="0" bw="4" slack="0"/>
<pin id="94" dir="0" index="1" bw="6" slack="0"/>
<pin id="95" dir="0" index="2" bw="0" slack="0"/>
<pin id="97" dir="0" index="4" bw="4" slack="0"/>
<pin id="98" dir="0" index="5" bw="6" slack="2147483647"/>
<pin id="99" dir="0" index="6" bw="0" slack="2147483647"/>
<pin id="96" dir="1" index="3" bw="6" slack="2147483647"/>
<pin id="100" dir="1" index="7" bw="6" slack="2147483647"/>
</pin_list>
<bind>
<opcode="store(28) " fcode="store"/>
<opset="store_ln75/1 store_ln75/1 store_ln75/2 store_ln75/2 store_ln75/3 store_ln75/3 store_ln75/4 store_ln75/4 store_ln75/5 store_ln75/5 store_ln75/6 store_ln75/6 store_ln75/7 store_ln75/7 "/>
</bind>
</comp>

<comp id="103" class="1004" name="buf_V_addr_1_gep_fu_103">
<pin_list>
<pin id="104" dir="0" index="0" bw="6" slack="0"/>
<pin id="105" dir="0" index="1" bw="1" slack="0"/>
<pin id="106" dir="0" index="2" bw="1" slack="0"/>
<pin id="107" dir="1" index="3" bw="4" slack="0"/>
</pin_list>
<bind>
<opcode="getelementptr(29) " fcode="getelementptr"/>
<opset="buf_V_addr_1/1 "/>
</bind>
</comp>

<comp id="113" class="1004" name="buf_V_addr_2_gep_fu_113">
<pin_list>
<pin id="114" dir="0" index="0" bw="6" slack="2147483647"/>
<pin id="115" dir="0" index="1" bw="1" slack="0"/>
<pin id="116" dir="0" index="2" bw="3" slack="0"/>
<pin id="117" dir="1" index="3" bw="4" slack="0"/>
</pin_list>
<bind>
<opcode="getelementptr(29) " fcode="getelementptr"/>
<opset="buf_V_addr_2/2 "/>
</bind>
</comp>

<comp id="121" class="1004" name="buf_V_addr_3_gep_fu_121">
<pin_list>
<pin id="122" dir="0" index="0" bw="6" slack="2147483647"/>
<pin id="123" dir="0" index="1" bw="1" slack="0"/>
<pin id="124" dir="0" index="2" bw="3" slack="0"/>
<pin id="125" dir="1" index="3" bw="4" slack="0"/>
</pin_list>
<bind>
<opcode="getelementptr(29) " fcode="getelementptr"/>
<opset="buf_V_addr_3/2 "/>
</bind>
</comp>

<comp id="129" class="1004" name="buf_V_addr_4_gep_fu_129">
<pin_list>
<pin id="130" dir="0" index="0" bw="6" slack="2147483647"/>
<pin id="131" dir="0" index="1" bw="1" slack="0"/>
<pin id="132" dir="0" index="2" bw="4" slack="0"/>
<pin id="133" dir="1" index="3" bw="4" slack="0"/>
</pin_list>
<bind>
<opcode="getelementptr(29) " fcode="getelementptr"/>
<opset="buf_V_addr_4/3 "/>
</bind>
</comp>

<comp id="137" class="1004" name="buf_V_addr_5_gep_fu_137">
<pin_list>
<pin id="138" dir="0" index="0" bw="6" slack="2147483647"/>
<pin id="139" dir="0" index="1" bw="1" slack="0"/>
<pin id="140" dir="0" index="2" bw="4" slack="0"/>
<pin id="141" dir="1" index="3" bw="4" slack="0"/>
</pin_list>
<bind>
<opcode="getelementptr(29) " fcode="getelementptr"/>
<opset="buf_V_addr_5/3 "/>
</bind>
</comp>

<comp id="145" class="1004" name="buf_V_addr_6_gep_fu_145">
<pin_list>
<pin id="146" dir="0" index="0" bw="6" slack="2147483647"/>
<pin id="147" dir="0" index="1" bw="1" slack="0"/>
<pin id="148" dir="0" index="2" bw="4" slack="0"/>
<pin id="149" dir="1" index="3" bw="4" slack="0"/>
</pin_list>
<bind>
<opcode="getelementptr(29) " fcode="getelementptr"/>
<opset="buf_V_addr_6/4 "/>
</bind>
</comp>

<comp id="153" class="1004" name="buf_V_addr_7_gep_fu_153">
<pin_list>
<pin id="154" dir="0" index="0" bw="6" slack="2147483647"/>
<pin id="155" dir="0" index="1" bw="1" slack="0"/>
<pin id="156" dir="0" index="2" bw="4" slack="0"/>
<pin id="157" dir="1" index="3" bw="4" slack="0"/>
</pin_list>
<bind>
<opcode="getelementptr(29) " fcode="getelementptr"/>
<opset="buf_V_addr_7/4 "/>
</bind>
</comp>

<comp id="161" class="1004" name="buf_V_addr_8_gep_fu_161">
<pin_list>
<pin id="162" dir="0" index="0" bw="6" slack="2147483647"/>
<pin id="163" dir="0" index="1" bw="1" slack="0"/>
<pin id="164" dir="0" index="2" bw="5" slack="0"/>
<pin id="165" dir="1" index="3" bw="4" slack="0"/>
</pin_list>
<bind>
<opcode="getelementptr(29) " fcode="getelementptr"/>
<opset="buf_V_addr_8/5 "/>
</bind>
</comp>

<comp id="169" class="1004" name="buf_V_addr_9_gep_fu_169">
<pin_list>
<pin id="170" dir="0" index="0" bw="6" slack="2147483647"/>
<pin id="171" dir="0" index="1" bw="1" slack="0"/>
<pin id="172" dir="0" index="2" bw="5" slack="0"/>
<pin id="173" dir="1" index="3" bw="4" slack="0"/>
</pin_list>
<bind>
<opcode="getelementptr(29) " fcode="getelementptr"/>
<opset="buf_V_addr_9/5 "/>
</bind>
</comp>

<comp id="177" class="1004" name="buf_V_addr_10_gep_fu_177">
<pin_list>
<pin id="178" dir="0" index="0" bw="6" slack="2147483647"/>
<pin id="179" dir="0" index="1" bw="1" slack="0"/>
<pin id="180" dir="0" index="2" bw="5" slack="0"/>
<pin id="181" dir="1" index="3" bw="4" slack="0"/>
</pin_list>
<bind>
<opcode="getelementptr(29) " fcode="getelementptr"/>
<opset="buf_V_addr_10/6 "/>
</bind>
</comp>

<comp id="185" class="1004" name="buf_V_addr_11_gep_fu_185">
<pin_list>
<pin id="186" dir="0" index="0" bw="6" slack="2147483647"/>
<pin id="187" dir="0" index="1" bw="1" slack="0"/>
<pin id="188" dir="0" index="2" bw="5" slack="0"/>
<pin id="189" dir="1" index="3" bw="4" slack="0"/>
</pin_list>
<bind>
<opcode="getelementptr(29) " fcode="getelementptr"/>
<opset="buf_V_addr_11/6 "/>
</bind>
</comp>

<comp id="193" class="1004" name="buf_V_addr_12_gep_fu_193">
<pin_list>
<pin id="194" dir="0" index="0" bw="6" slack="2147483647"/>
<pin id="195" dir="0" index="1" bw="1" slack="0"/>
<pin id="196" dir="0" index="2" bw="5" slack="0"/>
<pin id="197" dir="1" index="3" bw="4" slack="0"/>
</pin_list>
<bind>
<opcode="getelementptr(29) " fcode="getelementptr"/>
<opset="buf_V_addr_12/7 "/>
</bind>
</comp>

<comp id="201" class="1004" name="buf_V_addr_13_gep_fu_201">
<pin_list>
<pin id="202" dir="0" index="0" bw="6" slack="2147483647"/>
<pin id="203" dir="0" index="1" bw="1" slack="0"/>
<pin id="204" dir="0" index="2" bw="5" slack="0"/>
<pin id="205" dir="1" index="3" bw="4" slack="0"/>
</pin_list>
<bind>
<opcode="getelementptr(29) " fcode="getelementptr"/>
<opset="buf_V_addr_13/7 "/>
</bind>
</comp>

<comp id="209" class="1004" name="grp_StreamingMaxPool_hls_0_Pipeline_VITIS_LOOP_79_3_VITIS_LOOP_80_4_VITIS_LOOP_82_5_fu_209">
<pin_list>
<pin id="210" dir="0" index="0" bw="0" slack="0"/>
<pin id="211" dir="0" index="1" bw="8" slack="0"/>
<pin id="212" dir="0" index="2" bw="6" slack="2147483647"/>
<pin id="213" dir="1" index="3" bw="0" slack="2147483647"/>
</pin_list>
<bind>
<opcode="call(48) " fcode="call"/>
<opset="call_ln0/8 "/>
</bind>
</comp>

<comp id="216" class="1004" name="grp_StreamingMaxPool_hls_0_Pipeline_VITIS_LOOP_90_6_fu_216">
<pin_list>
<pin id="217" dir="0" index="0" bw="0" slack="0"/>
<pin id="218" dir="0" index="1" bw="6" slack="2147483647"/>
<pin id="219" dir="0" index="2" bw="8" slack="0"/>
<pin id="220" dir="1" index="3" bw="0" slack="2147483647"/>
</pin_list>
<bind>
<opcode="call(48) " fcode="call"/>
<opset="call_ln0/11 "/>
</bind>
</comp>

<comp id="223" class="1004" name="store_ln78_store_fu_223">
<pin_list>
<pin id="224" dir="0" index="0" bw="1" slack="0"/>
<pin id="225" dir="0" index="1" bw="4" slack="0"/>
<pin id="226" dir="1" index="2" bw="0" slack="2147483647"/>
</pin_list>
<bind>
<opcode="store(28) " fcode="store"/>
<opset="store_ln78/1 "/>
</bind>
</comp>

<comp id="228" class="1004" name="yp_1_load_fu_228">
<pin_list>
<pin id="229" dir="0" index="0" bw="4" slack="7"/>
<pin id="230" dir="1" index="1" bw="4" slack="0"/>
</pin_list>
<bind>
<opcode="load(27) " fcode="load"/>
<opset="yp_1/8 "/>
</bind>
</comp>

<comp id="231" class="1004" name="icmp_ln78_fu_231">
<pin_list>
<pin id="232" dir="0" index="0" bw="4" slack="0"/>
<pin id="233" dir="0" index="1" bw="4" slack="0"/>
<pin id="234" dir="1" index="2" bw="1" slack="2147483647"/>
</pin_list>
<bind>
<opcode="icmp(45) " fcode="icmp"/>
<opset="icmp_ln78/8 "/>
</bind>
</comp>

<comp id="237" class="1004" name="yp_2_fu_237">
<pin_list>
<pin id="238" dir="0" index="0" bw="4" slack="0"/>
<pin id="239" dir="0" index="1" bw="1" slack="0"/>
<pin id="240" dir="1" index="2" bw="4" slack="0"/>
</pin_list>
<bind>
<opcode="add(8) " fcode="add"/>
<opset="yp_2/8 "/>
</bind>
</comp>

<comp id="243" class="1004" name="store_ln78_store_fu_243">
<pin_list>
<pin id="244" dir="0" index="0" bw="4" slack="0"/>
<pin id="245" dir="0" index="1" bw="4" slack="7"/>
<pin id="246" dir="1" index="2" bw="0" slack="2147483647"/>
</pin_list>
<bind>
<opcode="store(28) " fcode="store"/>
<opset="store_ln78/8 "/>
</bind>
</comp>

<comp id="248" class="1005" name="yp_reg_248">
<pin_list>
<pin id="249" dir="0" index="0" bw="4" slack="0"/>
<pin id="250" dir="1" index="1" bw="4" slack="0"/>
</pin_list>
<bind>
<opset="yp "/>
</bind>
</comp>

</comp_list>

<net_list>
<net id="79"><net_src comp="4" pin="0"/><net_sink comp="76" pin=0"/></net>

<net id="83"><net_src comp="6" pin="0"/><net_sink comp="80" pin=0"/></net>

<net id="89"><net_src comp="80" pin="1"/><net_sink comp="84" pin=0"/></net>

<net id="90"><net_src comp="8" pin="0"/><net_sink comp="84" pin=1"/></net>

<net id="91"><net_src comp="8" pin="0"/><net_sink comp="84" pin=2"/></net>

<net id="101"><net_src comp="10" pin="0"/><net_sink comp="92" pin=4"/></net>

<net id="102"><net_src comp="84" pin="3"/><net_sink comp="92" pin=2"/></net>

<net id="108"><net_src comp="80" pin="1"/><net_sink comp="103" pin=0"/></net>

<net id="109"><net_src comp="8" pin="0"/><net_sink comp="103" pin=1"/></net>

<net id="110"><net_src comp="6" pin="0"/><net_sink comp="103" pin=2"/></net>

<net id="111"><net_src comp="10" pin="0"/><net_sink comp="92" pin=1"/></net>

<net id="112"><net_src comp="103" pin="3"/><net_sink comp="92" pin=0"/></net>

<net id="118"><net_src comp="8" pin="0"/><net_sink comp="113" pin=1"/></net>

<net id="119"><net_src comp="14" pin="0"/><net_sink comp="113" pin=2"/></net>

<net id="120"><net_src comp="113" pin="3"/><net_sink comp="92" pin=2"/></net>

<net id="126"><net_src comp="8" pin="0"/><net_sink comp="121" pin=1"/></net>

<net id="127"><net_src comp="16" pin="0"/><net_sink comp="121" pin=2"/></net>

<net id="128"><net_src comp="121" pin="3"/><net_sink comp="92" pin=0"/></net>

<net id="134"><net_src comp="8" pin="0"/><net_sink comp="129" pin=1"/></net>

<net id="135"><net_src comp="18" pin="0"/><net_sink comp="129" pin=2"/></net>

<net id="136"><net_src comp="129" pin="3"/><net_sink comp="92" pin=2"/></net>

<net id="142"><net_src comp="8" pin="0"/><net_sink comp="137" pin=1"/></net>

<net id="143"><net_src comp="20" pin="0"/><net_sink comp="137" pin=2"/></net>

<net id="144"><net_src comp="137" pin="3"/><net_sink comp="92" pin=0"/></net>

<net id="150"><net_src comp="8" pin="0"/><net_sink comp="145" pin=1"/></net>

<net id="151"><net_src comp="22" pin="0"/><net_sink comp="145" pin=2"/></net>

<net id="152"><net_src comp="145" pin="3"/><net_sink comp="92" pin=2"/></net>

<net id="158"><net_src comp="8" pin="0"/><net_sink comp="153" pin=1"/></net>

<net id="159"><net_src comp="24" pin="0"/><net_sink comp="153" pin=2"/></net>

<net id="160"><net_src comp="153" pin="3"/><net_sink comp="92" pin=0"/></net>

<net id="166"><net_src comp="8" pin="0"/><net_sink comp="161" pin=1"/></net>

<net id="167"><net_src comp="26" pin="0"/><net_sink comp="161" pin=2"/></net>

<net id="168"><net_src comp="161" pin="3"/><net_sink comp="92" pin=2"/></net>

<net id="174"><net_src comp="8" pin="0"/><net_sink comp="169" pin=1"/></net>

<net id="175"><net_src comp="28" pin="0"/><net_sink comp="169" pin=2"/></net>

<net id="176"><net_src comp="169" pin="3"/><net_sink comp="92" pin=0"/></net>

<net id="182"><net_src comp="8" pin="0"/><net_sink comp="177" pin=1"/></net>

<net id="183"><net_src comp="30" pin="0"/><net_sink comp="177" pin=2"/></net>

<net id="184"><net_src comp="177" pin="3"/><net_sink comp="92" pin=2"/></net>

<net id="190"><net_src comp="8" pin="0"/><net_sink comp="185" pin=1"/></net>

<net id="191"><net_src comp="32" pin="0"/><net_sink comp="185" pin=2"/></net>

<net id="192"><net_src comp="185" pin="3"/><net_sink comp="92" pin=0"/></net>

<net id="198"><net_src comp="8" pin="0"/><net_sink comp="193" pin=1"/></net>

<net id="199"><net_src comp="54" pin="0"/><net_sink comp="193" pin=2"/></net>

<net id="200"><net_src comp="193" pin="3"/><net_sink comp="92" pin=2"/></net>

<net id="206"><net_src comp="8" pin="0"/><net_sink comp="201" pin=1"/></net>

<net id="207"><net_src comp="56" pin="0"/><net_sink comp="201" pin=2"/></net>

<net id="208"><net_src comp="201" pin="3"/><net_sink comp="92" pin=0"/></net>

<net id="214"><net_src comp="68" pin="0"/><net_sink comp="209" pin=0"/></net>

<net id="215"><net_src comp="0" pin="0"/><net_sink comp="209" pin=1"/></net>

<net id="221"><net_src comp="70" pin="0"/><net_sink comp="216" pin=0"/></net>

<net id="222"><net_src comp="2" pin="0"/><net_sink comp="216" pin=2"/></net>

<net id="227"><net_src comp="12" pin="0"/><net_sink comp="223" pin=0"/></net>

<net id="235"><net_src comp="228" pin="1"/><net_sink comp="231" pin=0"/></net>

<net id="236"><net_src comp="58" pin="0"/><net_sink comp="231" pin=1"/></net>

<net id="241"><net_src comp="228" pin="1"/><net_sink comp="237" pin=0"/></net>

<net id="242"><net_src comp="64" pin="0"/><net_sink comp="237" pin=1"/></net>

<net id="247"><net_src comp="237" pin="2"/><net_sink comp="243" pin=0"/></net>

<net id="251"><net_src comp="76" pin="1"/><net_sink comp="248" pin=0"/></net>

<net id="252"><net_src comp="248" pin="1"/><net_sink comp="223" pin=1"/></net>

<net id="253"><net_src comp="248" pin="1"/><net_sink comp="228" pin=0"/></net>

<net id="254"><net_src comp="248" pin="1"/><net_sink comp="243" pin=1"/></net>

</net_list>

</model> 
---------------- Datapath Model END ------------------

* FSMD analyzer results:
  - Output states:
	Port: out0_V | {11 12 }
 - Input state : 
	Port: StreamingMaxPool_hls_0 : in0_V | {8 9 }
  - Chain level:
	State 1
		buf_V_addr : 1
		store_ln75 : 2
		buf_V_addr_1 : 1
		store_ln75 : 2
		store_ln78 : 1
	State 2
		store_ln75 : 1
		store_ln75 : 1
	State 3
		store_ln75 : 1
		store_ln75 : 1
	State 4
		store_ln75 : 1
		store_ln75 : 1
	State 5
		store_ln75 : 1
		store_ln75 : 1
	State 6
		store_ln75 : 1
		store_ln75 : 1
	State 7
		store_ln75 : 1
		store_ln75 : 1
	State 8
		icmp_ln78 : 1
		yp_2 : 1
		br_ln78 : 2
		store_ln78 : 2
	State 9
	State 10
	State 11
	State 12
	State 13


============================================================
+ Verbose Summary: Datapath Resource usage 
============================================================

* Functional unit list:
|----------|--------------------------------------------------------------------------------------------|---------|---------|---------|
| Operation|                                       Functional Unit                                      |  Delay  |    FF   |   LUT   |
|----------|--------------------------------------------------------------------------------------------|---------|---------|---------|
|   call   | grp_StreamingMaxPool_hls_0_Pipeline_VITIS_LOOP_79_3_VITIS_LOOP_80_4_VITIS_LOOP_82_5_fu_209 |  0.427  |    38   |   132   |
|          |                 grp_StreamingMaxPool_hls_0_Pipeline_VITIS_LOOP_90_6_fu_216                 |  0.427  |    9    |    30   |
|----------|--------------------------------------------------------------------------------------------|---------|---------|---------|
|    add   |                                         yp_2_fu_237                                        |    0    |    0    |    12   |
|----------|--------------------------------------------------------------------------------------------|---------|---------|---------|
|   icmp   |                                      icmp_ln78_fu_231                                      |    0    |    0    |    9    |
|----------|--------------------------------------------------------------------------------------------|---------|---------|---------|
|   Total  |                                                                                            |  0.854  |    47   |   183   |
|----------|--------------------------------------------------------------------------------------------|---------|---------|---------|

Memories:
+-----+--------+--------+--------+--------+
|     |  BRAM  |   FF   |   LUT  |  URAM  |
+-----+--------+--------+--------+--------+
|buf_V|    0   |   12   |    2   |    0   |
+-----+--------+--------+--------+--------+
|Total|    0   |   12   |    2   |    0   |
+-----+--------+--------+--------+--------+

* Register list:
+----------+--------+
|          |   FF   |
+----------+--------+
|yp_reg_248|    4   |
+----------+--------+
|   Total  |    4   |
+----------+--------+

* Multiplexer (MUX) list: 
|------------------|------|------|------|--------||---------||---------|
|       Comp       |  Pin | Size |  BW  | S x BW ||  Delay  ||   LUT   |
|------------------|------|------|------|--------||---------||---------|
| grp_access_fu_92 |  p0  |   7  |   4  |   28   ||    37   |
| grp_access_fu_92 |  p2  |   7  |   0  |    0   ||    37   |
|------------------|------|------|------|--------||---------||---------|
|       Total      |      |      |      |   28   ||  1.344  ||    74   |
|------------------|------|------|------|--------||---------||---------|



* Summary:
+-----------+--------+--------+--------+--------+--------+
|           |  BRAM  |  Delay |   FF   |   LUT  |  URAM  |
+-----------+--------+--------+--------+--------+--------+
|  Function |    -   |    0   |   47   |   183  |    -   |
|   Memory  |    0   |    -   |   12   |    2   |    0   |
|Multiplexer|    -   |    1   |    -   |   74   |    -   |
|  Register |    -   |    -   |    4   |    -   |    -   |
+-----------+--------+--------+--------+--------+--------+
|   Total   |    0   |    2   |   63   |   259  |    0   |
+-----------+--------+--------+--------+--------+--------+
