

================================================================
== Synthesis Summary Report of 'MVAU_hls_1'
================================================================
+ General Information: 
    * Date:           Sun Jun 22 17:09:15 2025
    * Version:        2022.2 (Build 3670227 on Oct 13 2022)
    * Project:        project_MVAU_hls_1
    * Solution:       sol1 (Vivado IP Flow Target)
    * Product family: zynquplus
    * Target device:  xczu7ev-ffvc1156-2-e
    

+ Performance & Resource Estimates: 
    
    PS: '+' for module; 'o' for loop; '*' for dataflow
    +----------------------------------------+------+------+---------+-----------+----------+---------+------+----------+------+----+-----------+-----------+-----+
    |                 Modules                | Issue|      | Latency |  Latency  | Iteration|         | Trip |          |      |    |           |           |     |
    |                 & Loops                | Type | Slack| (cycles)|    (ns)   |  Latency | Interval| Count| Pipelined| BRAM | DSP|     FF    |    LUT    | URAM|
    +----------------------------------------+------+------+---------+-----------+----------+---------+------+----------+------+----+-----------+-----------+-----+
    |+ MVAU_hls_1                            |     -|  2.68|     1006|  1.006e+04|         -|     1007|     -|        no|     -|   -|  521 (~0%)|  4214 (1%)|    -|
    | + Matrix_Vector_Activate_Stream_Batch  |     -|  2.68|     1003|  1.003e+04|         -|     1003|     -|        no|     -|   -|  516 (~0%)|  4168 (1%)|    -|
    |  o VITIS_LOOP_249_1                    |     -|  7.30|     1001|  1.001e+04|         3|        1|  1000|  yes(flp)|     -|   -|          -|          -|    -|
    +----------------------------------------+------+------+---------+-----------+----------+---------+------+----------+------+----+-----------+-----------+-----+


================================================================
== HW Interfaces
================================================================
* AXIS
+-----------+---------------+-------+--------+--------+
| Interface | Register Mode | TDATA | TREADY | TVALID |
+-----------+---------------+-------+--------+--------+
| in0_V     | both          | 32    | 1      | 1      |
| in1_V     | both          | 240   | 1      | 1      |
| out0_V    | both          | 8     | 1      | 1      |
+-----------+---------------+-------+--------+--------+

* TOP LEVEL CONTROL
+-----------+--------------+----------+
| Interface | Type         | Ports    |
+-----------+--------------+----------+
| ap_clk    | clock        | ap_clk   |
| ap_rst_n  | reset        | ap_rst_n |
| ap_ctrl   | ap_ctrl_none |          |
+-----------+--------------+----------+


================================================================
== SW I/O Information
================================================================
* Top Function Arguments
+----------+-----------+--------------------------+
| Argument | Direction | Datatype                 |
+----------+-----------+--------------------------+
| in0_V    | in        | stream<ap_uint<30>, 0>&  |
| in1_V    | in        | stream<ap_uint<240>, 0>& |
| out0_V   | out       | stream<ap_uint<8>, 0>&   |
+----------+-----------+--------------------------+

* SW-to-HW Mapping
+----------+--------------+-----------+
| Argument | HW Interface | HW Type   |
+----------+--------------+-----------+
| in0_V    | in0_V        | interface |
| in1_V    | in1_V        | interface |
| out0_V   | out0_V       | interface |
+----------+--------------+-----------+


================================================================
== Bind Op Report
================================================================
+----------------------------------------+-----+--------+---------------+-----+--------+---------+
| Name                                   | DSP | Pragma | Variable      | Op  | Impl   | Latency |
+----------------------------------------+-----+--------+---------------+-----+--------+---------+
| + MVAU_hls_1                           | 0   |        |               |     |        |         |
|  + Matrix_Vector_Activate_Stream_Batch | 0   |        |               |     |        |         |
|    i_2_fu_790_p2                       | -   |        | i_2           | add | fabric | 0       |
|    add_ln840_fu_1922_p2                | -   |        | add_ln840     | add | fabric | 0       |
|    add_ln840_2_fu_1938_p2              | -   |        | add_ln840_2   | add | fabric | 0       |
|    add_ln840_3_fu_1948_p2              | -   |        | add_ln840_3   | add | fabric | 0       |
|    add_ln840_4_fu_1958_p2              | -   |        | add_ln840_4   | add | fabric | 0       |
|    add_ln840_6_fu_1974_p2              | -   |        | add_ln840_6   | add | fabric | 0       |
|    add_ln840_7_fu_1984_p2              | -   |        | add_ln840_7   | add | fabric | 0       |
|    add_ln840_8_fu_1994_p2              | -   |        | add_ln840_8   | add | fabric | 0       |
|    add_ln840_9_fu_2004_p2              | -   |        | add_ln840_9   | add | fabric | 0       |
|    add_ln840_10_fu_2014_p2             | -   |        | add_ln840_10  | add | fabric | 0       |
|    add_ln840_11_fu_2024_p2             | -   |        | add_ln840_11  | add | fabric | 0       |
|    add_ln840_12_fu_2034_p2             | -   |        | add_ln840_12  | add | fabric | 0       |
|    add_ln840_14_fu_2050_p2             | -   |        | add_ln840_14  | add | fabric | 0       |
|    add_ln840_15_fu_2060_p2             | -   |        | add_ln840_15  | add | fabric | 0       |
|    add_ln840_16_fu_2070_p2             | -   |        | add_ln840_16  | add | fabric | 0       |
|    add_ln840_17_fu_2080_p2             | -   |        | add_ln840_17  | add | fabric | 0       |
|    add_ln840_18_fu_2090_p2             | -   |        | add_ln840_18  | add | fabric | 0       |
|    add_ln840_19_fu_2100_p2             | -   |        | add_ln840_19  | add | fabric | 0       |
|    add_ln840_20_fu_2110_p2             | -   |        | add_ln840_20  | add | fabric | 0       |
|    add_ln840_21_fu_2120_p2             | -   |        | add_ln840_21  | add | fabric | 0       |
|    add_ln840_22_fu_2130_p2             | -   |        | add_ln840_22  | add | fabric | 0       |
|    add_ln840_23_fu_2140_p2             | -   |        | add_ln840_23  | add | fabric | 0       |
|    add_ln840_24_fu_2150_p2             | -   |        | add_ln840_24  | add | fabric | 0       |
|    add_ln840_25_fu_2160_p2             | -   |        | add_ln840_25  | add | fabric | 0       |
|    add_ln840_26_fu_2170_p2             | -   |        | add_ln840_26  | add | fabric | 0       |
|    add_ln840_27_fu_2180_p2             | -   |        | add_ln840_27  | add | fabric | 0       |
|    add_ln840_28_fu_2190_p2             | -   |        | add_ln840_28  | add | fabric | 0       |
|    add_ln840_30_fu_2926_p2             | -   |        | add_ln840_30  | add | fabric | 0       |
|    add_ln840_32_fu_2942_p2             | -   |        | add_ln840_32  | add | fabric | 0       |
|    add_ln840_33_fu_2952_p2             | -   |        | add_ln840_33  | add | fabric | 0       |
|    add_ln840_34_fu_2962_p2             | -   |        | add_ln840_34  | add | fabric | 0       |
|    add_ln840_36_fu_2978_p2             | -   |        | add_ln840_36  | add | fabric | 0       |
|    add_ln840_37_fu_2988_p2             | -   |        | add_ln840_37  | add | fabric | 0       |
|    add_ln840_38_fu_2998_p2             | -   |        | add_ln840_38  | add | fabric | 0       |
|    add_ln840_39_fu_3008_p2             | -   |        | add_ln840_39  | add | fabric | 0       |
|    add_ln840_40_fu_3018_p2             | -   |        | add_ln840_40  | add | fabric | 0       |
|    add_ln840_41_fu_3028_p2             | -   |        | add_ln840_41  | add | fabric | 0       |
|    add_ln840_42_fu_3038_p2             | -   |        | add_ln840_42  | add | fabric | 0       |
|    add_ln840_44_fu_3054_p2             | -   |        | add_ln840_44  | add | fabric | 0       |
|    add_ln840_45_fu_3064_p2             | -   |        | add_ln840_45  | add | fabric | 0       |
|    add_ln840_46_fu_3074_p2             | -   |        | add_ln840_46  | add | fabric | 0       |
|    add_ln840_47_fu_3084_p2             | -   |        | add_ln840_47  | add | fabric | 0       |
|    add_ln840_48_fu_3094_p2             | -   |        | add_ln840_48  | add | fabric | 0       |
|    add_ln840_49_fu_3104_p2             | -   |        | add_ln840_49  | add | fabric | 0       |
|    add_ln840_50_fu_3114_p2             | -   |        | add_ln840_50  | add | fabric | 0       |
|    add_ln840_51_fu_3124_p2             | -   |        | add_ln840_51  | add | fabric | 0       |
|    add_ln840_52_fu_3134_p2             | -   |        | add_ln840_52  | add | fabric | 0       |
|    add_ln840_53_fu_3144_p2             | -   |        | add_ln840_53  | add | fabric | 0       |
|    add_ln840_54_fu_3154_p2             | -   |        | add_ln840_54  | add | fabric | 0       |
|    add_ln840_55_fu_3164_p2             | -   |        | add_ln840_55  | add | fabric | 0       |
|    add_ln840_56_fu_3174_p2             | -   |        | add_ln840_56  | add | fabric | 0       |
|    add_ln840_57_fu_3184_p2             | -   |        | add_ln840_57  | add | fabric | 0       |
|    add_ln840_58_fu_3194_p2             | -   |        | add_ln840_58  | add | fabric | 0       |
|    add_ln840_60_fu_3930_p2             | -   |        | add_ln840_60  | add | fabric | 0       |
|    add_ln840_62_fu_3946_p2             | -   |        | add_ln840_62  | add | fabric | 0       |
|    add_ln840_63_fu_3956_p2             | -   |        | add_ln840_63  | add | fabric | 0       |
|    add_ln840_64_fu_3966_p2             | -   |        | add_ln840_64  | add | fabric | 0       |
|    add_ln840_66_fu_3982_p2             | -   |        | add_ln840_66  | add | fabric | 0       |
|    add_ln840_67_fu_3992_p2             | -   |        | add_ln840_67  | add | fabric | 0       |
|    add_ln840_68_fu_4002_p2             | -   |        | add_ln840_68  | add | fabric | 0       |
|    add_ln840_69_fu_4012_p2             | -   |        | add_ln840_69  | add | fabric | 0       |
|    add_ln840_70_fu_4022_p2             | -   |        | add_ln840_70  | add | fabric | 0       |
|    add_ln840_71_fu_4032_p2             | -   |        | add_ln840_71  | add | fabric | 0       |
|    add_ln840_72_fu_4042_p2             | -   |        | add_ln840_72  | add | fabric | 0       |
|    add_ln840_74_fu_4058_p2             | -   |        | add_ln840_74  | add | fabric | 0       |
|    add_ln840_75_fu_4068_p2             | -   |        | add_ln840_75  | add | fabric | 0       |
|    add_ln840_76_fu_4078_p2             | -   |        | add_ln840_76  | add | fabric | 0       |
|    add_ln840_77_fu_4088_p2             | -   |        | add_ln840_77  | add | fabric | 0       |
|    add_ln840_78_fu_4098_p2             | -   |        | add_ln840_78  | add | fabric | 0       |
|    add_ln840_79_fu_4108_p2             | -   |        | add_ln840_79  | add | fabric | 0       |
|    add_ln840_80_fu_4118_p2             | -   |        | add_ln840_80  | add | fabric | 0       |
|    add_ln840_81_fu_4128_p2             | -   |        | add_ln840_81  | add | fabric | 0       |
|    add_ln840_82_fu_4138_p2             | -   |        | add_ln840_82  | add | fabric | 0       |
|    add_ln840_83_fu_4148_p2             | -   |        | add_ln840_83  | add | fabric | 0       |
|    add_ln840_84_fu_4158_p2             | -   |        | add_ln840_84  | add | fabric | 0       |
|    add_ln840_85_fu_4168_p2             | -   |        | add_ln840_85  | add | fabric | 0       |
|    add_ln840_86_fu_4178_p2             | -   |        | add_ln840_86  | add | fabric | 0       |
|    add_ln840_87_fu_4188_p2             | -   |        | add_ln840_87  | add | fabric | 0       |
|    add_ln840_88_fu_4198_p2             | -   |        | add_ln840_88  | add | fabric | 0       |
|    add_ln840_90_fu_4934_p2             | -   |        | add_ln840_90  | add | fabric | 0       |
|    add_ln840_92_fu_4950_p2             | -   |        | add_ln840_92  | add | fabric | 0       |
|    add_ln840_93_fu_4960_p2             | -   |        | add_ln840_93  | add | fabric | 0       |
|    add_ln840_94_fu_4970_p2             | -   |        | add_ln840_94  | add | fabric | 0       |
|    add_ln840_96_fu_4986_p2             | -   |        | add_ln840_96  | add | fabric | 0       |
|    add_ln840_97_fu_4996_p2             | -   |        | add_ln840_97  | add | fabric | 0       |
|    add_ln840_98_fu_5006_p2             | -   |        | add_ln840_98  | add | fabric | 0       |
|    add_ln840_99_fu_5016_p2             | -   |        | add_ln840_99  | add | fabric | 0       |
|    add_ln840_100_fu_5026_p2            | -   |        | add_ln840_100 | add | fabric | 0       |
|    add_ln840_101_fu_5036_p2            | -   |        | add_ln840_101 | add | fabric | 0       |
|    add_ln840_102_fu_5046_p2            | -   |        | add_ln840_102 | add | fabric | 0       |
|    add_ln840_104_fu_5062_p2            | -   |        | add_ln840_104 | add | fabric | 0       |
|    add_ln840_105_fu_5072_p2            | -   |        | add_ln840_105 | add | fabric | 0       |
|    add_ln840_106_fu_5082_p2            | -   |        | add_ln840_106 | add | fabric | 0       |
|    add_ln840_107_fu_5092_p2            | -   |        | add_ln840_107 | add | fabric | 0       |
|    add_ln840_108_fu_5102_p2            | -   |        | add_ln840_108 | add | fabric | 0       |
|    add_ln840_109_fu_5112_p2            | -   |        | add_ln840_109 | add | fabric | 0       |
|    add_ln840_110_fu_5122_p2            | -   |        | add_ln840_110 | add | fabric | 0       |
|    add_ln840_111_fu_5132_p2            | -   |        | add_ln840_111 | add | fabric | 0       |
|    add_ln840_112_fu_5142_p2            | -   |        | add_ln840_112 | add | fabric | 0       |
|    add_ln840_113_fu_5152_p2            | -   |        | add_ln840_113 | add | fabric | 0       |
|    add_ln840_114_fu_5162_p2            | -   |        | add_ln840_114 | add | fabric | 0       |
|    add_ln840_115_fu_5172_p2            | -   |        | add_ln840_115 | add | fabric | 0       |
|    add_ln840_116_fu_5182_p2            | -   |        | add_ln840_116 | add | fabric | 0       |
|    add_ln840_117_fu_5192_p2            | -   |        | add_ln840_117 | add | fabric | 0       |
|    add_ln840_118_fu_5202_p2            | -   |        | add_ln840_118 | add | fabric | 0       |
|    add_ln840_120_fu_5938_p2            | -   |        | add_ln840_120 | add | fabric | 0       |
|    add_ln840_122_fu_5954_p2            | -   |        | add_ln840_122 | add | fabric | 0       |
|    add_ln840_123_fu_5964_p2            | -   |        | add_ln840_123 | add | fabric | 0       |
|    add_ln840_124_fu_5974_p2            | -   |        | add_ln840_124 | add | fabric | 0       |
|    add_ln840_126_fu_5990_p2            | -   |        | add_ln840_126 | add | fabric | 0       |
|    add_ln840_127_fu_6000_p2            | -   |        | add_ln840_127 | add | fabric | 0       |
|    add_ln840_128_fu_6010_p2            | -   |        | add_ln840_128 | add | fabric | 0       |
|    add_ln840_129_fu_6020_p2            | -   |        | add_ln840_129 | add | fabric | 0       |
|    add_ln840_130_fu_6030_p2            | -   |        | add_ln840_130 | add | fabric | 0       |
|    add_ln840_131_fu_6040_p2            | -   |        | add_ln840_131 | add | fabric | 0       |
|    add_ln840_132_fu_6050_p2            | -   |        | add_ln840_132 | add | fabric | 0       |
|    add_ln840_134_fu_6066_p2            | -   |        | add_ln840_134 | add | fabric | 0       |
|    add_ln840_135_fu_6076_p2            | -   |        | add_ln840_135 | add | fabric | 0       |
|    add_ln840_136_fu_6086_p2            | -   |        | add_ln840_136 | add | fabric | 0       |
|    add_ln840_137_fu_6096_p2            | -   |        | add_ln840_137 | add | fabric | 0       |
|    add_ln840_138_fu_6106_p2            | -   |        | add_ln840_138 | add | fabric | 0       |
|    add_ln840_139_fu_6116_p2            | -   |        | add_ln840_139 | add | fabric | 0       |
|    add_ln840_140_fu_6126_p2            | -   |        | add_ln840_140 | add | fabric | 0       |
|    add_ln840_141_fu_6136_p2            | -   |        | add_ln840_141 | add | fabric | 0       |
|    add_ln840_142_fu_6146_p2            | -   |        | add_ln840_142 | add | fabric | 0       |
|    add_ln840_143_fu_6156_p2            | -   |        | add_ln840_143 | add | fabric | 0       |
|    add_ln840_144_fu_6166_p2            | -   |        | add_ln840_144 | add | fabric | 0       |
|    add_ln840_145_fu_6176_p2            | -   |        | add_ln840_145 | add | fabric | 0       |
|    add_ln840_146_fu_6186_p2            | -   |        | add_ln840_146 | add | fabric | 0       |
|    add_ln840_147_fu_6196_p2            | -   |        | add_ln840_147 | add | fabric | 0       |
|    add_ln840_148_fu_6206_p2            | -   |        | add_ln840_148 | add | fabric | 0       |
|    add_ln840_150_fu_6942_p2            | -   |        | add_ln840_150 | add | fabric | 0       |
|    add_ln840_152_fu_6958_p2            | -   |        | add_ln840_152 | add | fabric | 0       |
|    add_ln840_153_fu_6968_p2            | -   |        | add_ln840_153 | add | fabric | 0       |
|    add_ln840_154_fu_6978_p2            | -   |        | add_ln840_154 | add | fabric | 0       |
|    add_ln840_156_fu_6994_p2            | -   |        | add_ln840_156 | add | fabric | 0       |
|    add_ln840_157_fu_7004_p2            | -   |        | add_ln840_157 | add | fabric | 0       |
|    add_ln840_158_fu_7014_p2            | -   |        | add_ln840_158 | add | fabric | 0       |
|    add_ln840_159_fu_7024_p2            | -   |        | add_ln840_159 | add | fabric | 0       |
|    add_ln840_160_fu_7034_p2            | -   |        | add_ln840_160 | add | fabric | 0       |
|    add_ln840_161_fu_7044_p2            | -   |        | add_ln840_161 | add | fabric | 0       |
|    add_ln840_162_fu_7054_p2            | -   |        | add_ln840_162 | add | fabric | 0       |
|    add_ln840_164_fu_7070_p2            | -   |        | add_ln840_164 | add | fabric | 0       |
|    add_ln840_165_fu_7080_p2            | -   |        | add_ln840_165 | add | fabric | 0       |
|    add_ln840_166_fu_7090_p2            | -   |        | add_ln840_166 | add | fabric | 0       |
|    add_ln840_167_fu_7100_p2            | -   |        | add_ln840_167 | add | fabric | 0       |
|    add_ln840_168_fu_7110_p2            | -   |        | add_ln840_168 | add | fabric | 0       |
|    add_ln840_169_fu_7120_p2            | -   |        | add_ln840_169 | add | fabric | 0       |
|    add_ln840_170_fu_7130_p2            | -   |        | add_ln840_170 | add | fabric | 0       |
|    add_ln840_171_fu_7140_p2            | -   |        | add_ln840_171 | add | fabric | 0       |
|    add_ln840_172_fu_7150_p2            | -   |        | add_ln840_172 | add | fabric | 0       |
|    add_ln840_173_fu_7160_p2            | -   |        | add_ln840_173 | add | fabric | 0       |
|    add_ln840_174_fu_7170_p2            | -   |        | add_ln840_174 | add | fabric | 0       |
|    add_ln840_175_fu_7180_p2            | -   |        | add_ln840_175 | add | fabric | 0       |
|    add_ln840_176_fu_7190_p2            | -   |        | add_ln840_176 | add | fabric | 0       |
|    add_ln840_177_fu_7200_p2            | -   |        | add_ln840_177 | add | fabric | 0       |
|    add_ln840_178_fu_7210_p2            | -   |        | add_ln840_178 | add | fabric | 0       |
|    add_ln840_180_fu_7946_p2            | -   |        | add_ln840_180 | add | fabric | 0       |
|    add_ln840_182_fu_7962_p2            | -   |        | add_ln840_182 | add | fabric | 0       |
|    add_ln840_183_fu_7972_p2            | -   |        | add_ln840_183 | add | fabric | 0       |
|    add_ln840_184_fu_7982_p2            | -   |        | add_ln840_184 | add | fabric | 0       |
|    add_ln840_186_fu_7998_p2            | -   |        | add_ln840_186 | add | fabric | 0       |
|    add_ln840_187_fu_8008_p2            | -   |        | add_ln840_187 | add | fabric | 0       |
|    add_ln840_188_fu_8018_p2            | -   |        | add_ln840_188 | add | fabric | 0       |
|    add_ln840_189_fu_8028_p2            | -   |        | add_ln840_189 | add | fabric | 0       |
|    add_ln840_190_fu_8038_p2            | -   |        | add_ln840_190 | add | fabric | 0       |
|    add_ln840_191_fu_8048_p2            | -   |        | add_ln840_191 | add | fabric | 0       |
|    add_ln840_192_fu_8058_p2            | -   |        | add_ln840_192 | add | fabric | 0       |
|    add_ln840_194_fu_8074_p2            | -   |        | add_ln840_194 | add | fabric | 0       |
|    add_ln840_195_fu_8084_p2            | -   |        | add_ln840_195 | add | fabric | 0       |
|    add_ln840_196_fu_8094_p2            | -   |        | add_ln840_196 | add | fabric | 0       |
|    add_ln840_197_fu_8104_p2            | -   |        | add_ln840_197 | add | fabric | 0       |
|    add_ln840_198_fu_8114_p2            | -   |        | add_ln840_198 | add | fabric | 0       |
|    add_ln840_199_fu_8124_p2            | -   |        | add_ln840_199 | add | fabric | 0       |
|    add_ln840_200_fu_8134_p2            | -   |        | add_ln840_200 | add | fabric | 0       |
|    add_ln840_201_fu_8144_p2            | -   |        | add_ln840_201 | add | fabric | 0       |
|    add_ln840_202_fu_8154_p2            | -   |        | add_ln840_202 | add | fabric | 0       |
|    add_ln840_203_fu_8164_p2            | -   |        | add_ln840_203 | add | fabric | 0       |
|    add_ln840_204_fu_8174_p2            | -   |        | add_ln840_204 | add | fabric | 0       |
|    add_ln840_205_fu_8184_p2            | -   |        | add_ln840_205 | add | fabric | 0       |
|    add_ln840_206_fu_8194_p2            | -   |        | add_ln840_206 | add | fabric | 0       |
|    add_ln840_207_fu_8204_p2            | -   |        | add_ln840_207 | add | fabric | 0       |
|    add_ln840_208_fu_8214_p2            | -   |        | add_ln840_208 | add | fabric | 0       |
|    add_ln840_210_fu_8950_p2            | -   |        | add_ln840_210 | add | fabric | 0       |
|    add_ln840_212_fu_8966_p2            | -   |        | add_ln840_212 | add | fabric | 0       |
|    add_ln840_213_fu_8976_p2            | -   |        | add_ln840_213 | add | fabric | 0       |
|    add_ln840_214_fu_8986_p2            | -   |        | add_ln840_214 | add | fabric | 0       |
|    add_ln840_216_fu_9002_p2            | -   |        | add_ln840_216 | add | fabric | 0       |
|    add_ln840_217_fu_9012_p2            | -   |        | add_ln840_217 | add | fabric | 0       |
|    add_ln840_218_fu_9022_p2            | -   |        | add_ln840_218 | add | fabric | 0       |
|    add_ln840_219_fu_9032_p2            | -   |        | add_ln840_219 | add | fabric | 0       |
|    add_ln840_220_fu_9042_p2            | -   |        | add_ln840_220 | add | fabric | 0       |
|    add_ln840_221_fu_9052_p2            | -   |        | add_ln840_221 | add | fabric | 0       |
|    add_ln840_222_fu_9062_p2            | -   |        | add_ln840_222 | add | fabric | 0       |
|    add_ln840_224_fu_9078_p2            | -   |        | add_ln840_224 | add | fabric | 0       |
|    add_ln840_225_fu_9088_p2            | -   |        | add_ln840_225 | add | fabric | 0       |
|    add_ln840_226_fu_9098_p2            | -   |        | add_ln840_226 | add | fabric | 0       |
|    add_ln840_227_fu_9108_p2            | -   |        | add_ln840_227 | add | fabric | 0       |
|    add_ln840_228_fu_9118_p2            | -   |        | add_ln840_228 | add | fabric | 0       |
|    add_ln840_229_fu_9128_p2            | -   |        | add_ln840_229 | add | fabric | 0       |
|    add_ln840_230_fu_9138_p2            | -   |        | add_ln840_230 | add | fabric | 0       |
|    add_ln840_231_fu_9148_p2            | -   |        | add_ln840_231 | add | fabric | 0       |
|    add_ln840_232_fu_9158_p2            | -   |        | add_ln840_232 | add | fabric | 0       |
|    add_ln840_233_fu_9168_p2            | -   |        | add_ln840_233 | add | fabric | 0       |
|    add_ln840_234_fu_9178_p2            | -   |        | add_ln840_234 | add | fabric | 0       |
|    add_ln840_235_fu_9188_p2            | -   |        | add_ln840_235 | add | fabric | 0       |
|    add_ln840_236_fu_9198_p2            | -   |        | add_ln840_236 | add | fabric | 0       |
|    add_ln840_237_fu_9208_p2            | -   |        | add_ln840_237 | add | fabric | 0       |
|    add_ln840_238_fu_9218_p2            | -   |        | add_ln840_238 | add | fabric | 0       |
|    sf_2_fu_9234_p2                     | -   |        | sf_2          | add | fabric | 0       |
|    nf_fu_9251_p2                       | -   |        | nf            | add | fabric | 0       |
+----------------------------------------+-----+--------+---------------+-----+--------+---------+


================================================================
== Bind Storage Report
================================================================
+----------------------------------------+------+------+--------+----------------+---------+------+---------+
| Name                                   | BRAM | URAM | Pragma | Variable       | Storage | Impl | Latency |
+----------------------------------------+------+------+--------+----------------+---------+------+---------+
| + MVAU_hls_1                           | 0    | 0    |        |                |         |      |         |
|  + Matrix_Vector_Activate_Stream_Batch | 0    | 0    |        |                |         |      |         |
|    p_ZL7threshs_0_U                    | -    | -    |        | p_ZL7threshs_0 | rom_1p  | auto | 1       |
|    p_ZL7threshs_1_U                    | -    | -    |        | p_ZL7threshs_1 | rom_1p  | auto | 1       |
|    p_ZL7threshs_2_U                    | -    | -    |        | p_ZL7threshs_2 | rom_1p  | auto | 1       |
|    p_ZL7threshs_3_U                    | -    | -    |        | p_ZL7threshs_3 | rom_1p  | auto | 1       |
|    p_ZL7threshs_4_U                    | -    | -    |        | p_ZL7threshs_4 | rom_1p  | auto | 1       |
|    p_ZL7threshs_5_U                    | -    | -    |        | p_ZL7threshs_5 | rom_1p  | auto | 1       |
|    p_ZL7threshs_6_U                    | -    | -    |        | p_ZL7threshs_6 | rom_1p  | auto | 1       |
|    p_ZL7threshs_7_U                    | -    | -    |        | p_ZL7threshs_7 | rom_1p  | auto | 1       |
+----------------------------------------+------+------+--------+----------------+---------+------+---------+


================================================================
== Pragma Report
================================================================
* Valid Pragma Syntax
+-----------------+---------------------------------------------------+--------------------------------------------------------------------------------------------------------------------------------------------------------------+
| Type            | Options                                           | Location                                                                                                                                                     |
+-----------------+---------------------------------------------------+--------------------------------------------------------------------------------------------------------------------------------------------------------------+
| inline          |                                                   | ../../../../../../../../../../../../../../../../../deps/finn-hlslib/activations.hpp:145 in init                                                              |
| inline          |                                                   | ../../../../../../../../../../../../../../../../../deps/finn-hlslib/activations.hpp:163 in activate                                                          |
| inline          |                                                   | ../../../../../../../../../../../../../../../../../deps/finn-hlslib/activations.hpp:180 in thresholdactivation<ta, compare>                                  |
| inline          |                                                   | ../../../../../../../../../../../../../../../../../deps/finn-hlslib/activations.hpp:185 in activate                                                          |
| inline          |                                                   | ../../../../../../../../../../../../../../../../../deps/finn-hlslib/activations.hpp:208 in init                                                              |
| inline          |                                                   | ../../../../../../../../../../../../../../../../../deps/finn-hlslib/activations.hpp:214 in activate                                                          |
| unroll          |                                                   | ../../../../../../../../../../../../../../../../../deps/finn-hlslib/activations.hpp:217 in activate                                                          |
| inline          |                                                   | ../../../../../../../../../../../../../../../../../deps/finn-hlslib/activations.hpp:247 in init                                                              |
| inline          |                                                   | ../../../../../../../../../../../../../../../../../deps/finn-hlslib/activations.hpp:252 in activate                                                          |
| pipeline        | style=flp II=1                                    | ../../../../../../../../../../../../../../../../../deps/finn-hlslib/activations.hpp:296 in thresholding_batch                                                |
| unroll          |                                                   | ../../../../../../../../../../../../../../../../../deps/finn-hlslib/activations.hpp:302 in thresholding_batch                                                |
| array_partition | variable=internal_thr.m_thresholds complete dim=0 | ../../../../../../../../../../../../../../../../../deps/finn-hlslib/activations.hpp:352 in thresholding_stream_batch, internal_thr.m_thresholds              |
| pipeline        | style=flp II=1                                    | ../../../../../../../../../../../../../../../../../deps/finn-hlslib/activations.hpp:358 in thresholding_stream_batch                                         |
| unroll          |                                                   | ../../../../../../../../../../../../../../../../../deps/finn-hlslib/activations.hpp:371 in thresholding_stream_batch                                         |
| unroll          |                                                   | ../../../../../../../../../../../../../../../../../deps/finn-hlslib/activations.hpp:376 in thresholding_stream_batch                                         |
| inline          |                                                   | ../../../../../../../../../../../../../../../../../deps/finn-hlslib/convlayer.h:113 in convlayer_batch                                                       |
| inline          |                                                   | ../../../../../../../../../../../../../../../../../deps/finn-hlslib/convlayer.h:198 in convlayer_batch_tmr                                                   |
| inline          |                                                   | ../../../../../../../../../../../../../../../../../deps/finn-hlslib/convlayer.h:284 in convlayer_batch_mmv                                                   |
| pipeline        | style=flp II=1                                    | ../../../../../../../../../../../../../../../../../deps/finn-hlslib/dma.h:141 in mem2stream                                                                  |
| pipeline        | style=flp II=1                                    | ../../../../../../../../../../../../../../../../../deps/finn-hlslib/dma.h:154 in stream2mem                                                                  |
| pipeline        | style=flp II=1                                    | ../../../../../../../../../../../../../../../../../deps/finn-hlslib/dma.h:224 in genparamstream                                                              |
| inline          |                                                   | ../../../../../../../../../../../../../../../../../deps/finn-hlslib/interpret.hpp:62 in xnormul                                                              |
| inline          |                                                   | ../../../../../../../../../../../../../../../../../deps/finn-hlslib/interpret.hpp:67 in operator*                                                            |
| inline          |                                                   | ../../../../../../../../../../../../../../../../../deps/finn-hlslib/interpret.hpp:72 in operator*                                                            |
| inline          |                                                   | ../../../../../../../../../../../../../../../../../deps/finn-hlslib/interpret.hpp:80 in binary                                                               |
| inline          |                                                   | ../../../../../../../../../../../../../../../../../deps/finn-hlslib/interpret.hpp:89 in operator*                                                            |
| inline          |                                                   | ../../../../../../../../../../../../../../../../../deps/finn-hlslib/interpret.hpp:97 in operator*                                                            |
| inline          |                                                   | ../../../../../../../../../../../../../../../../../deps/finn-hlslib/interpret.hpp:102 in operator*                                                           |
| inline          |                                                   | ../../../../../../../../../../../../../../../../../deps/finn-hlslib/interpret.hpp:116 in operator()                                                          |
| inline          |                                                   | ../../../../../../../../../../../../../../../../../deps/finn-hlslib/interpret.hpp:122 in operator()                                                          |
| inline          |                                                   | ../../../../../../../../../../../../../../../../../deps/finn-hlslib/interpret.hpp:138 in container<tv>                                                       |
| inline          |                                                   | ../../../../../../../../../../../../../../../../../deps/finn-hlslib/interpret.hpp:143 in operator[]                                                          |
| inline          |                                                   | ../../../../../../../../../../../../../../../../../deps/finn-hlslib/interpret.hpp:147 in operator[]                                                          |
| inline          |                                                   | ../../../../../../../../../../../../../../../../../deps/finn-hlslib/interpret.hpp:151 in operator()                                                          |
| inline          |                                                   | ../../../../../../../../../../../../../../../../../deps/finn-hlslib/interpret.hpp:155 in operator const type-parameter-1-0 &                                 |
| inline          |                                                   | ../../../../../../../../../../../../../../../../../deps/finn-hlslib/interpret.hpp:163 in operator()                                                          |
| inline          |                                                   | ../../../../../../../../../../../../../../../../../deps/finn-hlslib/interpret.hpp:168 in operator()                                                          |
| inline          |                                                   | ../../../../../../../../../../../../../../../../../deps/finn-hlslib/interpret.hpp:173 in operator()                                                          |
| inline          |                                                   | ../../../../../../../../../../../../../../../../../deps/finn-hlslib/interpret.hpp:204 in container<tv>                                                       |
| inline          |                                                   | ../../../../../../../../../../../../../../../../../deps/finn-hlslib/interpret.hpp:207 in container<tv>                                                       |
| inline          |                                                   | ../../../../../../../../../../../../../../../../../deps/finn-hlslib/interpret.hpp:211 in operator()                                                          |
| inline          |                                                   | ../../../../../../../../../../../../../../../../../deps/finn-hlslib/interpret.hpp:215 in operator()                                                          |
| inline          |                                                   | ../../../../../../../../../../../../../../../../../deps/finn-hlslib/interpret.hpp:220 in operator[]                                                          |
| inline          |                                                   | ../../../../../../../../../../../../../../../../../deps/finn-hlslib/interpret.hpp:224 in operator const type-parameter-1-0 &                                 |
| inline          |                                                   | ../../../../../../../../../../../../../../../../../deps/finn-hlslib/interpret.hpp:232 in operator()                                                          |
| inline          |                                                   | ../../../../../../../../../../../../../../../../../deps/finn-hlslib/interpret.hpp:237 in operator()                                                          |
| inline          |                                                   | ../../../../../../../../../../../../../../../../../deps/finn-hlslib/interpret.hpp:242 in operator()                                                          |
| inline          |                                                   | ../../../../../../../../../../../../../../../../../deps/finn-hlslib/interpret.hpp:261 in container<tv>                                                       |
| inline          |                                                   | ../../../../../../../../../../../../../../../../../deps/finn-hlslib/interpret.hpp:264 in container<tv>                                                       |
| inline          |                                                   | ../../../../../../../../../../../../../../../../../deps/finn-hlslib/interpret.hpp:267 in container<tv>                                                       |
| inline          |                                                   | ../../../../../../../../../../../../../../../../../deps/finn-hlslib/interpret.hpp:271 in operator const type-parameter-1-0 &                                 |
| inline          |                                                   | ../../../../../../../../../../../../../../../../../deps/finn-hlslib/interpret.hpp:275 in operator()                                                          |
| inline          |                                                   | ../../../../../../../../../../../../../../../../../deps/finn-hlslib/interpret.hpp:279 in operator()                                                          |
| inline          |                                                   | ../../../../../../../../../../../../../../../../../deps/finn-hlslib/interpret.hpp:284 in operator[]                                                          |
| inline          |                                                   | ../../../../../../../../../../../../../../../../../deps/finn-hlslib/interpret.hpp:292 in operator()                                                          |
| inline          |                                                   | ../../../../../../../../../../../../../../../../../deps/finn-hlslib/interpret.hpp:297 in operator()                                                          |
| inline          |                                                   | ../../../../../../../../../../../../../../../../../deps/finn-hlslib/interpret.hpp:302 in operator()                                                          |
| inline          |                                                   | ../../../../../../../../../../../../../../../../../deps/finn-hlslib/mac.hpp:89 in mul                                                                        |
| inline          |                                                   | ../../../../../../../../../../../../../../../../../deps/finn-hlslib/mac.hpp:114 in mul                                                                       |
| bind_op         | variable=res op=mul impl=fabric                   | ../../../../../../../../../../../../../../../../../deps/finn-hlslib/mac.hpp:116 in mul, res                                                                  |
| inline          |                                                   | ../../../../../../../../../../../../../../../../../deps/finn-hlslib/mac.hpp:140 in mul                                                                       |
| bind_op         | variable=res op=mul impl=dsp                      | ../../../../../../../../../../../../../../../../../deps/finn-hlslib/mac.hpp:142 in mul, res                                                                  |
| inline          |                                                   | ../../../../../../../../../../../../../../../../../deps/finn-hlslib/mac.hpp:165 in mac                                                                       |
| unroll          |                                                   | ../../../../../../../../../../../../../../../../../deps/finn-hlslib/mac.hpp:168 in mac                                                                       |
| inline          |                                                   | ../../../../../../../../../../../../../../../../../deps/finn-hlslib/mac.hpp:192 in mac                                                                       |
| unroll          |                                                   | ../../../../../../../../../../../../../../../../../deps/finn-hlslib/mac.hpp:195 in mac                                                                       |
| inline          |                                                   | ../../../../../../../../../../../../../../../../../deps/finn-hlslib/mac.hpp:202 in mac                                                                       |
| unroll          |                                                   | ../../../../../../../../../../../../../../../../../deps/finn-hlslib/maxpool.h:74 in streamingmaxpool                                                         |
| pipeline        | style=flp II=1                                    | ../../../../../../../../../../../../../../../../../deps/finn-hlslib/maxpool.h:83 in streamingmaxpool                                                         |
| pipeline        | style=flp II=1                                    | ../../../../../../../../../../../../../../../../../deps/finn-hlslib/maxpool.h:91 in streamingmaxpool                                                         |
| array_partition | variable=buf complete dim=2                       | ../../../../../../../../../../../../../../../../../deps/finn-hlslib/maxpool.h:146 in streamingmaxpool_precision, buf                                         |
| unroll          |                                                   | ../../../../../../../../../../../../../../../../../deps/finn-hlslib/maxpool.h:149 in streamingmaxpool_precision                                              |
| pipeline        | style=flp II=1                                    | ../../../../../../../../../../../../../../../../../deps/finn-hlslib/maxpool.h:159 in streamingmaxpool_precision                                              |
| unroll          |                                                   | ../../../../../../../../../../../../../../../../../deps/finn-hlslib/maxpool.h:162 in streamingmaxpool_precision                                              |
| unroll          |                                                   | ../../../../../../../../../../../../../../../../../deps/finn-hlslib/maxpool.h:176 in streamingmaxpool_precision                                              |
| inline          |                                                   | ../../../../../../../../../../../../../../../../../deps/finn-hlslib/maxpool.h:210 in streamingmaxpool_precision_batch                                        |
| array_partition | variable=buf complete dim=2                       | ../../../../../../../../../../../../../../../../../deps/finn-hlslib/maxpool.h:255 in streamingmaxpool_precision_1d, buf                                      |
| pipeline        | style=flp II=1                                    | ../../../../../../../../../../../../../../../../../deps/finn-hlslib/maxpool.h:258 in streamingmaxpool_precision_1d                                           |
| unroll          |                                                   | ../../../../../../../../../../../../../../../../../deps/finn-hlslib/maxpool.h:260 in streamingmaxpool_precision_1d                                           |
| pipeline        | style=flp II=1                                    | ../../../../../../../../../../../../../../../../../deps/finn-hlslib/maxpool.h:272 in streamingmaxpool_precision_1d                                           |
| unroll          |                                                   | ../../../../../../../../../../../../../../../../../deps/finn-hlslib/maxpool.h:275 in streamingmaxpool_precision_1d                                           |
| pipeline        | style=flp II=1                                    | ../../../../../../../../../../../../../../../../../deps/finn-hlslib/maxpool.h:288 in streamingmaxpool_precision_1d                                           |
| unroll          |                                                   | ../../../../../../../../../../../../../../../../../deps/finn-hlslib/maxpool.h:290 in streamingmaxpool_precision_1d                                           |
| pipeline        | style=flp II=1                                    | ../../../../../../../../../../../../../../../../../deps/finn-hlslib/maxpool.h:302 in streamingmaxpool_precision_1d                                           |
| inline          |                                                   | ../../../../../../../../../../../../../../../../../deps/finn-hlslib/maxpool.h:331 in streamingmaxpool_precision_batch_1d                                     |
| pipeline        | style=flp II=1                                    | ../../../../../../../../../../../../../../../../../deps/finn-hlslib/maxpool.h:370 in relu_batch                                                              |
| unroll          |                                                   | ../../../../../../../../../../../../../../../../../deps/finn-hlslib/maxpool.h:373 in relu_batch                                                              |
| bind_storage    | variable=accumulators type=RAM_2P impl=LUTRAM     | ../../../../../../../../../../../../../../../../../deps/finn-hlslib/maxpool.h:415 in accpool_batch, accumulators                                             |
| pipeline        | style=flp II=1                                    | ../../../../../../../../../../../../../../../../../deps/finn-hlslib/maxpool.h:421 in accpool_batch                                                           |
| unroll          |                                                   | ../../../../../../../../../../../../../../../../../deps/finn-hlslib/maxpool.h:425 in accpool_batch                                                           |
| array_partition | variable=topval complete dim=1                    | ../../../../../../../../../../../../../../../../../deps/finn-hlslib/maxpool.h:477 in labelselect_batch, topval                                               |
| array_partition | variable=toplabels complete dim=1                 | ../../../../../../../../../../../../../../../../../deps/finn-hlslib/maxpool.h:479 in labelselect_batch, toplabels                                            |
| unroll          |                                                   | ../../../../../../../../../../../../../../../../../deps/finn-hlslib/maxpool.h:484 in labelselect_batch                                                       |
| pipeline        | style=flp II=1                                    | ../../../../../../../../../../../../../../../../../deps/finn-hlslib/maxpool.h:489 in labelselect_batch                                                       |
| unroll          |                                                   | ../../../../../../../../../../../../../../../../../deps/finn-hlslib/maxpool.h:492 in labelselect_batch                                                       |
| unroll          |                                                   | ../../../../../../../../../../../../../../../../../deps/finn-hlslib/maxpool.h:501 in labelselect_batch                                                       |
| unroll          |                                                   | ../../../../../../../../../../../../../../../../../deps/finn-hlslib/maxpool.h:508 in labelselect_batch                                                       |
| array_partition | variable=accu complete dim=0                      | ../../../../../../../../../../../../../../../../../deps/finn-hlslib/maxpool.h:570 in pool_batch, accu                                                        |
| pipeline        | style=flp II=1                                    | ../../../../../../../../../../../../../../../../../deps/finn-hlslib/maxpool.h:576 in pool_batch                                                              |
| unroll          |                                                   | ../../../../../../../../../../../../../../../../../deps/finn-hlslib/maxpool.h:583 in pool_batch                                                              |
| unroll          |                                                   | ../../../../../../../../../../../../../../../../../deps/finn-hlslib/maxpool.h:590 in pool_batch                                                              |
| unroll          |                                                   | ../../../../../../../../../../../../../../../../../deps/finn-hlslib/maxpool.h:599 in pool_batch                                                              |
| inline          |                                                   | ../../../../../../../../../../../../../../../../../deps/finn-hlslib/mmv.hpp:53 in operator[]                                                                 |
| array_partition | variable=inputBuf complete dim=0                  | ../../../../../../../../../../../../../../../../../deps/finn-hlslib/mvau.hpp:110 in matrix_vector_activate_batch, inputBuf                                   |
| array_partition | variable=accu complete dim=0                      | ../../../../../../../../../../../../../../../../../deps/finn-hlslib/mvau.hpp:114 in matrix_vector_activate_batch, accu                                       |
| pipeline        | style=flp II=1                                    | ../../../../../../../../../../../../../../../../../deps/finn-hlslib/mvau.hpp:124 in matrix_vector_activate_batch                                             |
| unroll          |                                                   | ../../../../../../../../../../../../../../../../../deps/finn-hlslib/mvau.hpp:140 in matrix_vector_activate_batch                                             |
| unroll          |                                                   | ../../../../../../../../../../../../../../../../../deps/finn-hlslib/mvau.hpp:142 in matrix_vector_activate_batch                                             |
| unroll          |                                                   | ../../../../../../../../../../../../../../../../../deps/finn-hlslib/mvau.hpp:151 in matrix_vector_activate_batch                                             |
| unroll          |                                                   | ../../../../../../../../../../../../../../../../../deps/finn-hlslib/mvau.hpp:165 in matrix_vector_activate_batch                                             |
| unroll          |                                                   | ../../../../../../../../../../../../../../../../../deps/finn-hlslib/mvau.hpp:167 in matrix_vector_activate_batch                                             |
| array_partition | variable=inputBuf complete dim=1                  | ../../../../../../../../../../../../../../../../../deps/finn-hlslib/mvau.hpp:232 in matrix_vector_activate_stream_batch, inputBuf                            |
| array_partition | variable=accu complete dim=0                      | ../../../../../../../../../../../../../../../../../deps/finn-hlslib/mvau.hpp:235 in matrix_vector_activate_stream_batch, accu                                |
| array_partition | variable=w.m_weights complete dim=0               | ../../../../../../../../../../../../../../../../../deps/finn-hlslib/mvau.hpp:238 in matrix_vector_activate_stream_batch, w.m_weights                         |
| pipeline        | style=flp II=1                                    | ../../../../../../../../../../../../../../../../../deps/finn-hlslib/mvau.hpp:250 in matrix_vector_activate_stream_batch                                      |
| unroll          |                                                   | ../../../../../../../../../../../../../../../../../deps/finn-hlslib/mvau.hpp:267 in matrix_vector_activate_stream_batch                                      |
| unroll          |                                                   | ../../../../../../../../../../../../../../../../../deps/finn-hlslib/mvau.hpp:274 in matrix_vector_activate_stream_batch                                      |
| unroll          |                                                   | ../../../../../../../../../../../../../../../../../deps/finn-hlslib/mvau.hpp:281 in matrix_vector_activate_stream_batch                                      |
| unroll          |                                                   | ../../../../../../../../../../../../../../../../../deps/finn-hlslib/mvau.hpp:294 in matrix_vector_activate_stream_batch                                      |
| bind_storage    | variable=inputBuf type=RAM_2P                     | ../../../../../../../../../../../../../../../../../deps/finn-hlslib/slidingwindow.h:74 in memory_resource, inputBuf                                          |
| bind_storage    | variable=inputBuf type=RAM_S2P impl=BRAM          | ../../../../../../../../../../../../../../../../../deps/finn-hlslib/slidingwindow.h:95 in memory_resource, inputBuf                                          |
| bind_storage    | variable=inputBuf type=RAM_S2P impl=URAM          | ../../../../../../../../../../../../../../../../../deps/finn-hlslib/slidingwindow.h:116 in memory_resource, inputBuf                                         |
| bind_storage    | variable=inputBuf type=RAM_S2P impl=LUTRAM        | ../../../../../../../../../../../../../../../../../deps/finn-hlslib/slidingwindow.h:137 in memory_resource, inputBuf                                         |
| array_partition | variable=inputBuf complete dim=1                  | ../../../../../../../../../../../../../../../../../deps/finn-hlslib/slidingwindow.h:177 in convolutioninputgenerator, inputBuf                               |
| pipeline        | style=flp II=1                                    | ../../../../../../../../../../../../../../../../../deps/finn-hlslib/slidingwindow.h:192 in convolutioninputgenerator                                         |
| dependence      | variable=inputBuf intra false                     | ../../../../../../../../../../../../../../../../../deps/finn-hlslib/slidingwindow.h:243 in convolutioninputgenerator, inputBuf                               |
| dependence      | variable=inputBuf inter false                     | ../../../../../../../../../../../../../../../../../deps/finn-hlslib/slidingwindow.h:244 in convolutioninputgenerator, inputBuf                               |
| dependence      | variable=current_block_write intra false          | ../../../../../../../../../../../../../../../../../deps/finn-hlslib/slidingwindow.h:254 in convolutioninputgenerator, current_block_write                    |
| dependence      | variable=inputBuf inter false                     | ../../../../../../../../../../../../../../../../../deps/finn-hlslib/slidingwindow.h:308 in convolutioninputgenerator_mmv, inputBuf                           |
| dependence      | variable=inputBuf intra false                     | ../../../../../../../../../../../../../../../../../deps/finn-hlslib/slidingwindow.h:309 in convolutioninputgenerator_mmv, inputBuf                           |
| array_partition | variable=inputBuf complete dim=1                  | ../../../../../../../../../../../../../../../../../deps/finn-hlslib/slidingwindow.h:310 in convolutioninputgenerator_mmv, inputBuf                           |
| array_partition | variable=inputBuf complete dim=2                  | ../../../../../../../../../../../../../../../../../deps/finn-hlslib/slidingwindow.h:311 in convolutioninputgenerator_mmv, inputBuf                           |
| pipeline        | style=flp II=1                                    | ../../../../../../../../../../../../../../../../../deps/finn-hlslib/slidingwindow.h:326 in convolutioninputgenerator_mmv                                     |
| unroll          |                                                   | ../../../../../../../../../../../../../../../../../deps/finn-hlslib/slidingwindow.h:333 in convolutioninputgenerator_mmv                                     |
| unroll          |                                                   | ../../../../../../../../../../../../../../../../../deps/finn-hlslib/slidingwindow.h:359 in convolutioninputgenerator_mmv                                     |
| unroll          |                                                   | ../../../../../../../../../../../../../../../../../deps/finn-hlslib/slidingwindow.h:392 in convolutioninputgenerator_mmv                                     |
| dependence      | variable=inputBuf intra false                     | ../../../../../../../../../../../../../../../../../deps/finn-hlslib/slidingwindow.h:394 in convolutioninputgenerator_mmv, inputBuf                           |
| dependence      | variable=inputBuf inter false                     | ../../../../../../../../../../../../../../../../../deps/finn-hlslib/slidingwindow.h:395 in convolutioninputgenerator_mmv, inputBuf                           |
| dependence      | variable=current_block_write intra false          | ../../../../../../../../../../../../../../../../../deps/finn-hlslib/slidingwindow.h:406 in convolutioninputgenerator_mmv, current_block_write                |
| array_partition | variable=inputBuf complete dim=1                  | ../../../../../../../../../../../../../../../../../deps/finn-hlslib/slidingwindow.h:466 in convolutioninputgenerator_kernel_stride, inputBuf                 |
| dependence      | variable=inputBuf inter false                     | ../../../../../../../../../../../../../../../../../deps/finn-hlslib/slidingwindow.h:467 in convolutioninputgenerator_kernel_stride, inputBuf                 |
| dependence      | variable=inputBuf intra false                     | ../../../../../../../../../../../../../../../../../deps/finn-hlslib/slidingwindow.h:468 in convolutioninputgenerator_kernel_stride, inputBuf                 |
| dependence      | variable=current_block_write intra false          | ../../../../../../../../../../../../../../../../../deps/finn-hlslib/slidingwindow.h:476 in convolutioninputgenerator_kernel_stride, current_block_write      |
| pipeline        | style=flp II=1                                    | ../../../../../../../../../../../../../../../../../deps/finn-hlslib/slidingwindow.h:479 in convolutioninputgenerator_kernel_stride                           |
| dependence      | variable=inputBuf inter false                     | ../../../../../../../../../../../../../../../../../deps/finn-hlslib/slidingwindow.h:544 in convolutioninputgenerator_kernel_stride, inputBuf                 |
| dependence      | variable=inputBuf intra false                     | ../../../../../../../../../../../../../../../../../deps/finn-hlslib/slidingwindow.h:545 in convolutioninputgenerator_kernel_stride, inputBuf                 |
| dependence      | variable=current_block_write intra false          | ../../../../../../../../../../../../../../../../../deps/finn-hlslib/slidingwindow.h:554 in convolutioninputgenerator_kernel_stride, current_block_write      |
| dependence      | variable=inputBuf inter false                     | ../../../../../../../../../../../../../../../../../deps/finn-hlslib/slidingwindow.h:610 in convolutioninputgenerator_kernel_stride_mmv, inputBuf             |
| dependence      | variable=inputBuf intra false                     | ../../../../../../../../../../../../../../../../../deps/finn-hlslib/slidingwindow.h:611 in convolutioninputgenerator_kernel_stride_mmv, inputBuf             |
| array_partition | variable=inputBuf complete dim=1                  | ../../../../../../../../../../../../../../../../../deps/finn-hlslib/slidingwindow.h:612 in convolutioninputgenerator_kernel_stride_mmv, inputBuf             |
| array_partition | variable=inputBuf complete dim=2                  | ../../../../../../../../../../../../../../../../../deps/finn-hlslib/slidingwindow.h:613 in convolutioninputgenerator_kernel_stride_mmv, inputBuf             |
| dependence      | variable=current_block_write intra false          | ../../../../../../../../../../../../../../../../../deps/finn-hlslib/slidingwindow.h:628 in convolutioninputgenerator_kernel_stride_mmv, current_block_write  |
| pipeline        | style=flp II=1                                    | ../../../../../../../../../../../../../../../../../deps/finn-hlslib/slidingwindow.h:631 in convolutioninputgenerator_kernel_stride_mmv                       |
| unroll          |                                                   | ../../../../../../../../../../../../../../../../../deps/finn-hlslib/slidingwindow.h:638 in convolutioninputgenerator_kernel_stride_mmv                       |
| unroll          |                                                   | ../../../../../../../../../../../../../../../../../deps/finn-hlslib/slidingwindow.h:672 in convolutioninputgenerator_kernel_stride_mmv                       |
| unroll          |                                                   | ../../../../../../../../../../../../../../../../../deps/finn-hlslib/slidingwindow.h:705 in convolutioninputgenerator_kernel_stride_mmv                       |
| dependence      | variable=current_block_write intra false          | ../../../../../../../../../../../../../../../../../deps/finn-hlslib/slidingwindow.h:716 in convolutioninputgenerator_kernel_stride_mmv, current_block_write  |
| array_partition | variable=inputBuf complete dim=1                  | ../../../../../../../../../../../../../../../../../deps/finn-hlslib/slidingwindow.h:767 in convolutioninputgenerator_dws, inputBuf                           |
| pipeline        | style=flp II=1                                    | ../../../../../../../../../../../../../../../../../deps/finn-hlslib/slidingwindow.h:782 in convolutioninputgenerator_dws                                     |
| dependence      | variable=inputBuf intra false                     | ../../../../../../../../../../../../../../../../../deps/finn-hlslib/slidingwindow.h:833 in convolutioninputgenerator_dws, inputBuf                           |
| dependence      | variable=inputBuf inter false                     | ../../../../../../../../../../../../../../../../../deps/finn-hlslib/slidingwindow.h:834 in convolutioninputgenerator_dws, inputBuf                           |
| dependence      | variable=current_block_write intra false          | ../../../../../../../../../../../../../../../../../deps/finn-hlslib/slidingwindow.h:844 in convolutioninputgenerator_dws, current_block_write                |
| array_partition | variable=inputBuf complete dim=1                  | ../../../../../../../../../../../../../../../../../deps/finn-hlslib/slidingwindow.h:903 in convolutioninputgenerator_kernel_stride_dws, inputBuf             |
| dependence      | variable=inputBuf inter false                     | ../../../../../../../../../../../../../../../../../deps/finn-hlslib/slidingwindow.h:904 in convolutioninputgenerator_kernel_stride_dws, inputBuf             |
| dependence      | variable=inputBuf intra false                     | ../../../../../../../../../../../../../../../../../deps/finn-hlslib/slidingwindow.h:905 in convolutioninputgenerator_kernel_stride_dws, inputBuf             |
| pipeline        | style=flp II=1                                    | ../../../../../../../../../../../../../../../../../deps/finn-hlslib/slidingwindow.h:915 in convolutioninputgenerator_kernel_stride_dws                       |
| dependence      | variable=current_block_write intra false          | ../../../../../../../../../../../../../../../../../deps/finn-hlslib/slidingwindow.h:917 in convolutioninputgenerator_kernel_stride_dws, current_block_write  |
| dependence      | variable=inputBuf inter false                     | ../../../../../../../../../../../../../../../../../deps/finn-hlslib/slidingwindow.h:983 in convolutioninputgenerator_kernel_stride_dws, inputBuf             |
| dependence      | variable=inputBuf intra false                     | ../../../../../../../../../../../../../../../../../deps/finn-hlslib/slidingwindow.h:984 in convolutioninputgenerator_kernel_stride_dws, inputBuf             |
| dependence      | variable=current_block_write intra false          | ../../../../../../../../../../../../../../../../../deps/finn-hlslib/slidingwindow.h:993 in convolutioninputgenerator_kernel_stride_dws, current_block_write  |
| dependence      | variable=inputBuf inter false                     | ../../../../../../../../../../../../../../../../../deps/finn-hlslib/slidingwindow.h:1048 in convolutioninputgenerator_dws_mmv, inputBuf                      |
| dependence      | variable=inputBuf intra false                     | ../../../../../../../../../../../../../../../../../deps/finn-hlslib/slidingwindow.h:1049 in convolutioninputgenerator_dws_mmv, inputBuf                      |
| array_partition | variable=inputBuf complete dim=1                  | ../../../../../../../../../../../../../../../../../deps/finn-hlslib/slidingwindow.h:1050 in convolutioninputgenerator_dws_mmv, inputBuf                      |
| array_partition | variable=inputBuf complete dim=2                  | ../../../../../../../../../../../../../../../../../deps/finn-hlslib/slidingwindow.h:1051 in convolutioninputgenerator_dws_mmv, inputBuf                      |
| pipeline        | style=flp II=1                                    | ../../../../../../../../../../../../../../../../../deps/finn-hlslib/slidingwindow.h:1066 in convolutioninputgenerator_dws_mmv                                |
| unroll          |                                                   | ../../../../../../../../../../../../../../../../../deps/finn-hlslib/slidingwindow.h:1073 in convolutioninputgenerator_dws_mmv                                |
| unroll          |                                                   | ../../../../../../../../../../../../../../../../../deps/finn-hlslib/slidingwindow.h:1099 in convolutioninputgenerator_dws_mmv                                |
| unroll          |                                                   | ../../../../../../../../../../../../../../../../../deps/finn-hlslib/slidingwindow.h:1132 in convolutioninputgenerator_dws_mmv                                |
| dependence      | variable=inputBuf intra false                     | ../../../../../../../../../../../../../../../../../deps/finn-hlslib/slidingwindow.h:1134 in convolutioninputgenerator_dws_mmv, inputBuf                      |
| dependence      | variable=inputBuf inter false                     | ../../../../../../../../../../../../../../../../../deps/finn-hlslib/slidingwindow.h:1135 in convolutioninputgenerator_dws_mmv, inputBuf                      |
| dependence      | variable=current_block_write intra false          | ../../../../../../../../../../../../../../../../../deps/finn-hlslib/slidingwindow.h:1146 in convolutioninputgenerator_dws_mmv, current_block_write           |
| performance     | target_ti=IFMDim*IFMDim*IFMChannels/SIMD          | ../../../../../../../../../../../../../../../../../deps/finn-hlslib/slidingwindow.h:1191 in convolutioninputgenerator_2d_kernel1                             |
| pipeline        | style=flp II=IFMChannels/SIMD                     | ../../../../../../../../../../../../../../../../../deps/finn-hlslib/slidingwindow.h:1198 in convolutioninputgenerator_2d_kernel1                             |
| pipeline        | style=flp II=1                                    | ../../../../../../../../../../../../../../../../../deps/finn-hlslib/slidingwindow.h:1245 in convolutioninputgenerator_1d_kernel1                             |
| array_partition | variable=inputBuf complete dim=1                  | ../../../../../../../../../../../../../../../../../deps/finn-hlslib/slidingwindow.h:1300 in convolutioninputgenerator_nonsquare, inputBuf                    |
| pipeline        | style=flp II=1                                    | ../../../../../../../../../../../../../../../../../deps/finn-hlslib/slidingwindow.h:1315 in convolutioninputgenerator_nonsquare                              |
| dependence      | variable=inputBuf intra false                     | ../../../../../../../../../../../../../../../../../deps/finn-hlslib/slidingwindow.h:1366 in convolutioninputgenerator_nonsquare, inputBuf                    |
| dependence      | variable=inputBuf inter false                     | ../../../../../../../../../../../../../../../../../deps/finn-hlslib/slidingwindow.h:1367 in convolutioninputgenerator_nonsquare, inputBuf                    |
| dependence      | variable=current_block_write intra false          | ../../../../../../../../../../../../../../../../../deps/finn-hlslib/slidingwindow.h:1377 in convolutioninputgenerator_nonsquare, current_block_write         |
| array_partition | variable=inputBuf complete dim=1                  | ../../../../../../../../../../../../../../../../../deps/finn-hlslib/slidingwindow.h:1434 in convolutioninputgenerator_nonsquare_dws, inputBuf                |
| pipeline        | style=flp II=1                                    | ../../../../../../../../../../../../../../../../../deps/finn-hlslib/slidingwindow.h:1449 in convolutioninputgenerator_nonsquare_dws                          |
| dependence      | variable=inputBuf intra false                     | ../../../../../../../../../../../../../../../../../deps/finn-hlslib/slidingwindow.h:1500 in convolutioninputgenerator_nonsquare_dws, inputBuf                |
| dependence      | variable=inputBuf inter false                     | ../../../../../../../../../../../../../../../../../deps/finn-hlslib/slidingwindow.h:1501 in convolutioninputgenerator_nonsquare_dws, inputBuf                |
| dependence      | variable=current_block_write intra false          | ../../../../../../../../../../../../../../../../../deps/finn-hlslib/slidingwindow.h:1511 in convolutioninputgenerator_nonsquare_dws, current_block_write     |
| array_partition | variable=inputBuf complete dim=1                  | ../../../../../../../../../../../../../../../../../deps/finn-hlslib/slidingwindow.h:1575 in convolutioninputgenerator_nonsquare_dilated, inputBuf            |
| pipeline        | style=flp II=1                                    | ../../../../../../../../../../../../../../../../../deps/finn-hlslib/slidingwindow.h:1590 in convolutioninputgenerator_nonsquare_dilated                      |
| dependence      | variable=inputBuf intra false                     | ../../../../../../../../../../../../../../../../../deps/finn-hlslib/slidingwindow.h:1642 in convolutioninputgenerator_nonsquare_dilated, inputBuf            |
| dependence      | variable=inputBuf inter false                     | ../../../../../../../../../../../../../../../../../deps/finn-hlslib/slidingwindow.h:1643 in convolutioninputgenerator_nonsquare_dilated, inputBuf            |
| dependence      | variable=current_block_write intra false          | ../../../../../../../../../../../../../../../../../deps/finn-hlslib/slidingwindow.h:1653 in convolutioninputgenerator_nonsquare_dilated, current_block_write |
| array_partition | variable=inputBuf complete                        | ../../../../../../../../../../../../../../../../../deps/finn-hlslib/slidingwindow.h:1710 in convolutioninputgenerator_1d_parallel, inputBuf                  |
| pipeline        | style=flp II=1                                    | ../../../../../../../../../../../../../../../../../deps/finn-hlslib/slidingwindow.h:1718 in convolutioninputgenerator_1d_parallel                            |
| unroll          |                                                   | ../../../../../../../../../../../../../../../../../deps/finn-hlslib/slidingwindow.h:1739 in convolutioninputgenerator_1d_parallel                            |
| dependence      | variable=inputBuf intra false                     | ../../../../../../../../../../../../../../../../../deps/finn-hlslib/slidingwindow.h:1760 in convolutioninputgenerator_1d_parallel, inputBuf                  |
| dependence      | variable=inputBuf inter false                     | ../../../../../../../../../../../../../../../../../deps/finn-hlslib/slidingwindow.h:1761 in convolutioninputgenerator_1d_parallel, inputBuf                  |
| dependence      | variable=current_block_write intra false          | ../../../../../../../../../../../../../../../../../deps/finn-hlslib/slidingwindow.h:1768 in convolutioninputgenerator_1d_parallel, current_block_write       |
| pipeline        | style=flp II=1                                    | ../../../../../../../../../../../../../../../../../deps/finn-hlslib/slidingwindow.h:1824 in convolutioninputgenerator_1d_dws_naive                           |
| pipeline        | style=flp II=1                                    | ../../../../../../../../../../../../../../../../../deps/finn-hlslib/slidingwindow.h:1908 in convolutioninputgenerator_1d                                     |
| pipeline        | style=flp II=1                                    | ../../../../../../../../../../../../../../../../../deps/finn-hlslib/slidingwindow.h:1984 in convolutioninputgenerator_1d_dws                                 |
| pipeline        | style=flp II=1                                    | ../../../../../../../../../../../../../../../../../deps/finn-hlslib/slidingwindow.h:2063 in convolutioninputgenerator_1d_dws_stride                          |
| pipeline        | style=flp II=1                                    | ../../../../../../../../../../../../../../../../../deps/finn-hlslib/streamtools.h:77 in streamlimiter                                                        |
| pipeline        | style=flp II=1                                    | ../../../../../../../../../../../../../../../../../deps/finn-hlslib/streamtools.h:160 in sameresize                                                          |
| pipeline        | style=flp II=1                                    | ../../../../../../../../../../../../../../../../../deps/finn-hlslib/streamtools.h:234 in streamingcast                                                       |
| pipeline        | style=flp II=1                                    | ../../../../../../../../../../../../../../../../../deps/finn-hlslib/streamtools.h:280 in fmpadding_nonsquare                                                 |
| inline          |                                                   | ../../../../../../../../../../../../../../../../../deps/finn-hlslib/streamtools.h:374 in fmpadding                                                           |
| pipeline        | II=1 style=flp                                    | ../../../../../../../../../../../../../../../../../deps/finn-hlslib/streamtools.h:457 in fmpadding_pixel_nonsquare                                           |
| pipeline        | style=flp II=1                                    | ../../../../../../../../../../../../../../../../../deps/finn-hlslib/streamtools.h:527 in streamingdatawidthconverter_batch                                   |
| pipeline        | style=flp II=1                                    | ../../../../../../../../../../../../../../../../../deps/finn-hlslib/streamtools.h:547 in streamingdatawidthconverter_batch                                   |
| pipeline        | style=flp II=1                                    | ../../../../../../../../../../../../../../../../../deps/finn-hlslib/streamtools.h:558 in streamingdatawidthconverter_batch                                   |
| pipeline        | style=flp II=1                                    | ../../../../../../../../../../../../../../../../../deps/finn-hlslib/streamtools.h:667 in duplicatestreams                                                    |
| pipeline        | style=flp II=1                                    | ../../../../../../../../../../../../../../../../../deps/finn-hlslib/streamtools.h:725 in addstreams                                                          |
| unroll          |                                                   | ../../../../../../../../../../../../../../../../../deps/finn-hlslib/streamtools.h:730 in addstreams                                                          |
| inline          |                                                   | ../../../../../../../../../../../../../../../../../deps/finn-hlslib/streamtools.h:799 in addstreamslayer_batch                                               |
| pipeline        | style=flp II=1                                    | ../../../../../../../../../../../../../../../../../deps/finn-hlslib/streamtools.h:846 in multichandatawidthconverter_batch                                   |
| unroll          |                                                   | ../../../../../../../../../../../../../../../../../deps/finn-hlslib/streamtools.h:853 in multichandatawidthconverter_batch                                   |
| pipeline        | style=flp II=1                                    | ../../../../../../../../../../../../../../../../../deps/finn-hlslib/streamtools.h:869 in multichandatawidthconverter_batch                                   |
| unroll          |                                                   | ../../../../../../../../../../../../../../../../../deps/finn-hlslib/streamtools.h:875 in multichandatawidthconverter_batch                                   |
| pipeline        | style=flp II=1                                    | ../../../../../../../../../../../../../../../../../deps/finn-hlslib/streamtools.h:887 in multichandatawidthconverter_batch                                   |
| unroll          |                                                   | ../../../../../../../../../../../../../../../../../deps/finn-hlslib/streamtools.h:891 in multichandatawidthconverter_batch                                   |
| pipeline        | style=flp II=1                                    | ../../../../../../../../../../../../../../../../../deps/finn-hlslib/streamtools.h:927 in flattenmultichandata                                                |
| unroll          |                                                   | ../../../../../../../../../../../../../../../../../deps/finn-hlslib/streamtools.h:931 in flattenmultichandata                                                |
| pipeline        | style=flp II=1                                    | ../../../../../../../../../../../../../../../../../deps/finn-hlslib/streamtools.h:958 in packmultichandata                                                   |
| unroll          |                                                   | ../../../../../../../../../../../../../../../../../deps/finn-hlslib/streamtools.h:962 in packmultichandata                                                   |
| pipeline        | style=flp II=1                                    | ../../../../../../../../../../../../../../../../../deps/finn-hlslib/streamtools.h:1051 in qdma2stream_batch                                                  |
| pipeline        | style=flp II=1                                    | ../../../../../../../../../../../../../../../../../deps/finn-hlslib/streamtools.h:1074 in stream2qdma_batch                                                  |
| array_partition | variable=red_ch_index complete dim=0              | ../../../../../../../../../../../../../../../../../deps/finn-hlslib/tmrcheck.hpp:82 in tmrcheck, red_ch_index                                                |
| pipeline        | style=flp II=1                                    | ../../../../../../../../../../../../../../../../../deps/finn-hlslib/tmrcheck.hpp:91 in tmrcheck                                                              |
| array_partition | variable=numerrors complete dim=0                 | ../../../../../../../../../../../../../../../../../deps/finn-hlslib/tmrcheck.hpp:99 in tmrcheck, numerrors                                                   |
| unroll          |                                                   | ../../../../../../../../../../../../../../../../../deps/finn-hlslib/tmrcheck.hpp:103 in tmrcheck                                                             |
| array_partition | variable=compute complete dim=0                   | ../../../../../../../../../../../../../../../../../deps/finn-hlslib/tmrcheck.hpp:129 in tmrcheck, compute                                                    |
| unroll          |                                                   | ../../../../../../../../../../../../../../../../../deps/finn-hlslib/tmrcheck.hpp:132 in tmrcheck                                                             |
| pipeline        | style=flp II=1                                    | ../../../../../../../../../../../../../../../../../deps/finn-hlslib/upsample.hpp:86 in upsamplenearestneighbour                                              |
| pipeline        | II=1 style=flp                                    | ../../../../../../../../../../../../../../../../../deps/finn-hlslib/upsample.hpp:175 in upsamplenearestneighbour_1d                                          |
| array_partition | variable=accu complete dim=0                      | ../../../../../../../../../../../../../../../../../deps/finn-hlslib/vvau.hpp:101 in vector_vector_activate_batch, accu                                       |
| pipeline        | style=flp II=1                                    | ../../../../../../../../../../../../../../../../../deps/finn-hlslib/vvau.hpp:110 in vector_vector_activate_batch                                             |
| unroll          |                                                   | ../../../../../../../../../../../../../../../../../deps/finn-hlslib/vvau.hpp:117 in vector_vector_activate_batch                                             |
| unroll          |                                                   | ../../../../../../../../../../../../../../../../../deps/finn-hlslib/vvau.hpp:126 in vector_vector_activate_batch                                             |
| unroll          |                                                   | ../../../../../../../../../../../../../../../../../deps/finn-hlslib/vvau.hpp:147 in vector_vector_activate_batch                                             |
| unroll          |                                                   | ../../../../../../../../../../../../../../../../../deps/finn-hlslib/vvau.hpp:149 in vector_vector_activate_batch                                             |
| array_partition | variable=accu complete dim=0                      | ../../../../../../../../../../../../../../../../../deps/finn-hlslib/vvau.hpp:216 in vector_vector_activate_stream_batch, accu                                |
| pipeline        | style=flp II=1                                    | ../../../../../../../../../../../../../../../../../deps/finn-hlslib/vvau.hpp:226 in vector_vector_activate_stream_batch                                      |
| unroll          |                                                   | ../../../../../../../../../../../../../../../../../deps/finn-hlslib/vvau.hpp:233 in vector_vector_activate_stream_batch                                      |
| array_partition | variable=w.m_weights complete dim=0               | ../../../../../../../../../../../../../../../../../deps/finn-hlslib/vvau.hpp:242 in vector_vector_activate_stream_batch, w.m_weights                         |
| unroll          |                                                   | ../../../../../../../../../../../../../../../../../deps/finn-hlslib/vvau.hpp:244 in vector_vector_activate_stream_batch                                      |
| unroll          |                                                   | ../../../../../../../../../../../../../../../../../deps/finn-hlslib/vvau.hpp:249 in vector_vector_activate_stream_batch                                      |
| unroll          |                                                   | ../../../../../../../../../../../../../../../../../deps/finn-hlslib/vvau.hpp:270 in vector_vector_activate_stream_batch                                      |
| unroll          |                                                   | ../../../../../../../../../../../../../../../../../deps/finn-hlslib/vvau.hpp:272 in vector_vector_activate_stream_batch                                      |
| inline          |                                                   | ../../../../../../../../../../../../../../../../../deps/finn-hlslib/weights.hpp:83 in tileindex                                                              |
| inline          |                                                   | ../../../../../../../../../../../../../../../../../deps/finn-hlslib/weights.hpp:88 in operator[]                                                             |
| inline          |                                                   | ../../../../../../../../../../../../../../../../../deps/finn-hlslib/weights.hpp:95 in weights                                                                |
| inline          |                                                   | ../../../../../../../../../../../../../../../../../deps/finn-hlslib/weights.hpp:127 in tileindex                                                             |
| inline          |                                                   | ../../../../../../../../../../../../../../../../../deps/finn-hlslib/weights.hpp:132 in operator[]                                                            |
| unroll          |                                                   | ../../../../../../../../../../../../../../../../../deps/finn-hlslib/weights.hpp:135 in operator[]                                                            |
| inline          |                                                   | ../../../../../../../../../../../../../../../../../deps/finn-hlslib/weights.hpp:145 in weights                                                               |
| inline          |                                                   | ../../../../../../../../../../../../../../../../../deps/finn-hlslib/weights.hpp:157 in operator[]                                                            |
| unroll          |                                                   | ../../../../../../../../../../../../../../../../../deps/finn-hlslib/weights.hpp:160 in operator[]                                                            |
| interface       | axis port=in0_V                                   | top_MVAU_hls_1.cpp:31 in mvau_hls_1, in0_V                                                                                                                   |
| interface       | axis port=out0_V                                  | top_MVAU_hls_1.cpp:32 in mvau_hls_1, out0_V                                                                                                                  |
| interface       | ap_ctrl_none port=return                          | top_MVAU_hls_1.cpp:33 in mvau_hls_1, return                                                                                                                  |
| interface       | axis port=in1_V                                   | top_MVAU_hls_1.cpp:34 in mvau_hls_1, in1_V                                                                                                                   |
| array_partition | variable=threshs.m_thresholds complete dim=1      | top_MVAU_hls_1.cpp:35 in mvau_hls_1, threshs.m_thresholds                                                                                                    |
| array_partition | variable=threshs.m_thresholds complete dim=3      | top_MVAU_hls_1.cpp:36 in mvau_hls_1, threshs.m_thresholds                                                                                                    |
+-----------------+---------------------------------------------------+--------------------------------------------------------------------------------------------------------------------------------------------------------------+


