

================================================================
== Vitis HLS Report for 'Matrix_Vector_Activate_Stream_Batch'
================================================================
* Date:           Sun Jun 22 17:09:08 2025

* Version:        2022.2 (Build 3670227 on Oct 13 2022)
* Project:        project_MVAU_hls_1
* Solution:       sol1 (Vivado IP Flow Target)
* Product family: zynquplus
* Target device:  xczu7ev-ffvc1156-2-e


================================================================
== Performance Estimates
================================================================
+ Timing: 
    * Summary: 
    +--------+----------+----------+------------+
    |  Clock |  Target  | Estimated| Uncertainty|
    +--------+----------+----------+------------+
    |ap_clk  |  10.00 ns|  4.618 ns|     2.70 ns|
    +--------+----------+----------+------------+

+ Latency: 
    * Summary: 
    +---------+---------+-----------+-----------+------+------+---------+
    |  Latency (cycles) |   Latency (absolute)  |   Interval  | Pipeline|
    |   min   |   max   |    min    |    max    |  min |  max |   Type  |
    +---------+---------+-----------+-----------+------+------+---------+
    |     1003|     1003|  10.030 us|  10.030 us|  1003|  1003|       no|
    +---------+---------+-----------+-----------+------+------+---------+

    + Detail: 
        * Instance: 
        N/A

        * Loop: 
        +--------------------+---------+---------+----------+-----------+-----------+------+----------+
        |                    |  Latency (cycles) | Iteration|  Initiation Interval  | Trip |          |
        |      Loop Name     |   min   |   max   |  Latency |  achieved |   target  | Count| Pipelined|
        +--------------------+---------+---------+----------+-----------+-----------+------+----------+
        |- VITIS_LOOP_249_1  |     1001|     1001|         3|          1|          1|  1000|  yes(flp)|
        +--------------------+---------+---------+----------+-----------+-----------+------+----------+



================================================================
== Utilization Estimates
================================================================
* Summary: 
+-----------------+---------+------+--------+--------+-----+
|       Name      | BRAM_18K|  DSP |   FF   |   LUT  | URAM|
+-----------------+---------+------+--------+--------+-----+
|DSP              |        -|     -|       -|       -|    -|
|Expression       |        -|     -|       0|    3988|    -|
|FIFO             |        -|     -|       -|       -|    -|
|Instance         |        -|     -|       0|      26|    -|
|Memory           |        0|     -|      56|       8|    -|
|Multiplexer      |        -|     -|       -|     146|    -|
|Register         |        -|     -|     460|       -|    -|
+-----------------+---------+------+--------+--------+-----+
|Total            |        0|     0|     516|    4168|    0|
+-----------------+---------+------+--------+--------+-----+
|Available        |      624|  1728|  460800|  230400|   96|
+-----------------+---------+------+--------+--------+-----+
|Utilization (%)  |        0|     0|      ~0|       1|    0|
+-----------------+---------+------+--------+--------+-----+

+ Detail: 
    * Instance: 
    +------------------+---------------+---------+----+---+----+-----+
    |     Instance     |     Module    | BRAM_18K| DSP| FF| LUT| URAM|
    +------------------+---------------+---------+----+---+----+-----+
    |mux_53_30_1_1_U1  |mux_53_30_1_1  |        0|   0|  0|  26|    0|
    +------------------+---------------+---------+----+---+----+-----+
    |Total             |               |        0|   0|  0|  26|    0|
    +------------------+---------------+---------+----+---+----+-----+

    * DSP: 
    N/A

    * Memory: 
    +------------------+----------------------------------------------------------------+---------+---+----+-----+------+-----+------+-------------+
    |      Memory      |                             Module                             | BRAM_18K| FF| LUT| URAM| Words| Bits| Banks| W*Bits*Banks|
    +------------------+----------------------------------------------------------------+---------+---+----+-----+------+-----+------+-------------+
    |p_ZL7threshs_0_U  |Matrix_Vector_Activate_Stream_Batch_p_ZL7threshs_0_ROM_AUTO_1R  |        0|  7|   1|    0|     2|    7|     1|           14|
    |p_ZL7threshs_1_U  |Matrix_Vector_Activate_Stream_Batch_p_ZL7threshs_1_ROM_AUTO_1R  |        0|  7|   1|    0|     2|    7|     1|           14|
    |p_ZL7threshs_2_U  |Matrix_Vector_Activate_Stream_Batch_p_ZL7threshs_2_ROM_AUTO_1R  |        0|  7|   1|    0|     2|    7|     1|           14|
    |p_ZL7threshs_3_U  |Matrix_Vector_Activate_Stream_Batch_p_ZL7threshs_3_ROM_AUTO_1R  |        0|  7|   1|    0|     2|    7|     1|           14|
    |p_ZL7threshs_4_U  |Matrix_Vector_Activate_Stream_Batch_p_ZL7threshs_4_ROM_AUTO_1R  |        0|  7|   1|    0|     2|    7|     1|           14|
    |p_ZL7threshs_5_U  |Matrix_Vector_Activate_Stream_Batch_p_ZL7threshs_5_ROM_AUTO_1R  |        0|  7|   1|    0|     2|    7|     1|           14|
    |p_ZL7threshs_6_U  |Matrix_Vector_Activate_Stream_Batch_p_ZL7threshs_6_ROM_AUTO_1R  |        0|  7|   1|    0|     2|    7|     1|           14|
    |p_ZL7threshs_7_U  |Matrix_Vector_Activate_Stream_Batch_p_ZL7threshs_7_ROM_AUTO_1R  |        0|  7|   1|    0|     2|    7|     1|           14|
    +------------------+----------------------------------------------------------------+---------+---+----+-----+------+-----+------+-------------+
    |Total             |                                                                |        0| 56|   8|    0|    16|   56|     8|          112|
    +------------------+----------------------------------------------------------------+---------+---+----+-----+------+-----+------+-------------+

    * FIFO: 
    N/A

    * Expression: 
    +----------------------------------+----------+----+---+----+------------+------------+
    |           Variable Name          | Operation| DSP| FF| LUT| Bitwidth P0| Bitwidth P1|
    +----------------------------------+----------+----+---+----+------------+------------+
    |add_ln840_100_fu_5026_p2          |         +|   0|  0|   9|           2|           2|
    |add_ln840_101_fu_5036_p2          |         +|   0|  0|  10|           3|           3|
    |add_ln840_102_fu_5046_p2          |         +|   0|  0|  12|           4|           4|
    |add_ln840_103_fu_5056_p2          |         +|   0|  0|  19|           8|           8|
    |add_ln840_104_fu_5062_p2          |         +|   0|  0|   9|           2|           2|
    |add_ln840_105_fu_5072_p2          |         +|   0|  0|   9|           2|           2|
    |add_ln840_106_fu_5082_p2          |         +|   0|  0|  10|           3|           3|
    |add_ln840_107_fu_5092_p2          |         +|   0|  0|   9|           2|           2|
    |add_ln840_108_fu_5102_p2          |         +|   0|  0|   9|           2|           2|
    |add_ln840_109_fu_5112_p2          |         +|   0|  0|  10|           3|           3|
    |add_ln840_10_fu_2014_p2           |         +|   0|  0|   9|           2|           2|
    |add_ln840_110_fu_5122_p2          |         +|   0|  0|  12|           4|           4|
    |add_ln840_111_fu_5132_p2          |         +|   0|  0|   9|           2|           2|
    |add_ln840_112_fu_5142_p2          |         +|   0|  0|   9|           2|           2|
    |add_ln840_113_fu_5152_p2          |         +|   0|  0|  10|           3|           3|
    |add_ln840_114_fu_5162_p2          |         +|   0|  0|   9|           2|           2|
    |add_ln840_115_fu_5172_p2          |         +|   0|  0|   9|           2|           2|
    |add_ln840_116_fu_5182_p2          |         +|   0|  0|  10|           3|           3|
    |add_ln840_117_fu_5192_p2          |         +|   0|  0|  12|           4|           4|
    |add_ln840_118_fu_5202_p2          |         +|   0|  0|  12|           5|           5|
    |add_ln840_119_fu_5212_p2          |         +|   0|  0|  19|           8|           8|
    |add_ln840_11_fu_2024_p2           |         +|   0|  0|  10|           3|           3|
    |add_ln840_120_fu_5938_p2          |         +|   0|  0|   9|           2|           2|
    |add_ln840_121_fu_5948_p2          |         +|   0|  0|  19|           8|           8|
    |add_ln840_122_fu_5954_p2          |         +|   0|  0|   9|           2|           2|
    |add_ln840_123_fu_5964_p2          |         +|   0|  0|   9|           2|           2|
    |add_ln840_124_fu_5974_p2          |         +|   0|  0|  10|           3|           3|
    |add_ln840_125_fu_5984_p2          |         +|   0|  0|  19|           8|           8|
    |add_ln840_126_fu_5990_p2          |         +|   0|  0|   9|           2|           2|
    |add_ln840_127_fu_6000_p2          |         +|   0|  0|   9|           2|           2|
    |add_ln840_128_fu_6010_p2          |         +|   0|  0|  10|           3|           3|
    |add_ln840_129_fu_6020_p2          |         +|   0|  0|   9|           2|           2|
    |add_ln840_12_fu_2034_p2           |         +|   0|  0|  12|           4|           4|
    |add_ln840_130_fu_6030_p2          |         +|   0|  0|   9|           2|           2|
    |add_ln840_131_fu_6040_p2          |         +|   0|  0|  10|           3|           3|
    |add_ln840_132_fu_6050_p2          |         +|   0|  0|  12|           4|           4|
    |add_ln840_133_fu_6060_p2          |         +|   0|  0|  19|           8|           8|
    |add_ln840_134_fu_6066_p2          |         +|   0|  0|   9|           2|           2|
    |add_ln840_135_fu_6076_p2          |         +|   0|  0|   9|           2|           2|
    |add_ln840_136_fu_6086_p2          |         +|   0|  0|  10|           3|           3|
    |add_ln840_137_fu_6096_p2          |         +|   0|  0|   9|           2|           2|
    |add_ln840_138_fu_6106_p2          |         +|   0|  0|   9|           2|           2|
    |add_ln840_139_fu_6116_p2          |         +|   0|  0|  10|           3|           3|
    |add_ln840_13_fu_2044_p2           |         +|   0|  0|  19|           8|           8|
    |add_ln840_140_fu_6126_p2          |         +|   0|  0|  12|           4|           4|
    |add_ln840_141_fu_6136_p2          |         +|   0|  0|   9|           2|           2|
    |add_ln840_142_fu_6146_p2          |         +|   0|  0|   9|           2|           2|
    |add_ln840_143_fu_6156_p2          |         +|   0|  0|  10|           3|           3|
    |add_ln840_144_fu_6166_p2          |         +|   0|  0|   9|           2|           2|
    |add_ln840_145_fu_6176_p2          |         +|   0|  0|   9|           2|           2|
    |add_ln840_146_fu_6186_p2          |         +|   0|  0|  10|           3|           3|
    |add_ln840_147_fu_6196_p2          |         +|   0|  0|  12|           4|           4|
    |add_ln840_148_fu_6206_p2          |         +|   0|  0|  12|           5|           5|
    |add_ln840_149_fu_6216_p2          |         +|   0|  0|  19|           8|           8|
    |add_ln840_14_fu_2050_p2           |         +|   0|  0|   9|           2|           2|
    |add_ln840_150_fu_6942_p2          |         +|   0|  0|   9|           2|           2|
    |add_ln840_151_fu_6952_p2          |         +|   0|  0|  19|           8|           8|
    |add_ln840_152_fu_6958_p2          |         +|   0|  0|   9|           2|           2|
    |add_ln840_153_fu_6968_p2          |         +|   0|  0|   9|           2|           2|
    |add_ln840_154_fu_6978_p2          |         +|   0|  0|  10|           3|           3|
    |add_ln840_155_fu_6988_p2          |         +|   0|  0|  19|           8|           8|
    |add_ln840_156_fu_6994_p2          |         +|   0|  0|   9|           2|           2|
    |add_ln840_157_fu_7004_p2          |         +|   0|  0|   9|           2|           2|
    |add_ln840_158_fu_7014_p2          |         +|   0|  0|  10|           3|           3|
    |add_ln840_159_fu_7024_p2          |         +|   0|  0|   9|           2|           2|
    |add_ln840_15_fu_2060_p2           |         +|   0|  0|   9|           2|           2|
    |add_ln840_160_fu_7034_p2          |         +|   0|  0|   9|           2|           2|
    |add_ln840_161_fu_7044_p2          |         +|   0|  0|  10|           3|           3|
    |add_ln840_162_fu_7054_p2          |         +|   0|  0|  12|           4|           4|
    |add_ln840_163_fu_7064_p2          |         +|   0|  0|  19|           8|           8|
    |add_ln840_164_fu_7070_p2          |         +|   0|  0|   9|           2|           2|
    |add_ln840_165_fu_7080_p2          |         +|   0|  0|   9|           2|           2|
    |add_ln840_166_fu_7090_p2          |         +|   0|  0|  10|           3|           3|
    |add_ln840_167_fu_7100_p2          |         +|   0|  0|   9|           2|           2|
    |add_ln840_168_fu_7110_p2          |         +|   0|  0|   9|           2|           2|
    |add_ln840_169_fu_7120_p2          |         +|   0|  0|  10|           3|           3|
    |add_ln840_16_fu_2070_p2           |         +|   0|  0|  10|           3|           3|
    |add_ln840_170_fu_7130_p2          |         +|   0|  0|  12|           4|           4|
    |add_ln840_171_fu_7140_p2          |         +|   0|  0|   9|           2|           2|
    |add_ln840_172_fu_7150_p2          |         +|   0|  0|   9|           2|           2|
    |add_ln840_173_fu_7160_p2          |         +|   0|  0|  10|           3|           3|
    |add_ln840_174_fu_7170_p2          |         +|   0|  0|   9|           2|           2|
    |add_ln840_175_fu_7180_p2          |         +|   0|  0|   9|           2|           2|
    |add_ln840_176_fu_7190_p2          |         +|   0|  0|  10|           3|           3|
    |add_ln840_177_fu_7200_p2          |         +|   0|  0|  12|           4|           4|
    |add_ln840_178_fu_7210_p2          |         +|   0|  0|  12|           5|           5|
    |add_ln840_179_fu_7220_p2          |         +|   0|  0|  19|           8|           8|
    |add_ln840_17_fu_2080_p2           |         +|   0|  0|   9|           2|           2|
    |add_ln840_180_fu_7946_p2          |         +|   0|  0|   9|           2|           2|
    |add_ln840_181_fu_7956_p2          |         +|   0|  0|  19|           8|           8|
    |add_ln840_182_fu_7962_p2          |         +|   0|  0|   9|           2|           2|
    |add_ln840_183_fu_7972_p2          |         +|   0|  0|   9|           2|           2|
    |add_ln840_184_fu_7982_p2          |         +|   0|  0|  10|           3|           3|
    |add_ln840_185_fu_7992_p2          |         +|   0|  0|  19|           8|           8|
    |add_ln840_186_fu_7998_p2          |         +|   0|  0|   9|           2|           2|
    |add_ln840_187_fu_8008_p2          |         +|   0|  0|   9|           2|           2|
    |add_ln840_188_fu_8018_p2          |         +|   0|  0|  10|           3|           3|
    |add_ln840_189_fu_8028_p2          |         +|   0|  0|   9|           2|           2|
    |add_ln840_18_fu_2090_p2           |         +|   0|  0|   9|           2|           2|
    |add_ln840_190_fu_8038_p2          |         +|   0|  0|   9|           2|           2|
    |add_ln840_191_fu_8048_p2          |         +|   0|  0|  10|           3|           3|
    |add_ln840_192_fu_8058_p2          |         +|   0|  0|  12|           4|           4|
    |add_ln840_193_fu_8068_p2          |         +|   0|  0|  19|           8|           8|
    |add_ln840_194_fu_8074_p2          |         +|   0|  0|   9|           2|           2|
    |add_ln840_195_fu_8084_p2          |         +|   0|  0|   9|           2|           2|
    |add_ln840_196_fu_8094_p2          |         +|   0|  0|  10|           3|           3|
    |add_ln840_197_fu_8104_p2          |         +|   0|  0|   9|           2|           2|
    |add_ln840_198_fu_8114_p2          |         +|   0|  0|   9|           2|           2|
    |add_ln840_199_fu_8124_p2          |         +|   0|  0|  10|           3|           3|
    |add_ln840_19_fu_2100_p2           |         +|   0|  0|  10|           3|           3|
    |add_ln840_1_fu_1932_p2            |         +|   0|  0|  19|           8|           8|
    |add_ln840_200_fu_8134_p2          |         +|   0|  0|  12|           4|           4|
    |add_ln840_201_fu_8144_p2          |         +|   0|  0|   9|           2|           2|
    |add_ln840_202_fu_8154_p2          |         +|   0|  0|   9|           2|           2|
    |add_ln840_203_fu_8164_p2          |         +|   0|  0|  10|           3|           3|
    |add_ln840_204_fu_8174_p2          |         +|   0|  0|   9|           2|           2|
    |add_ln840_205_fu_8184_p2          |         +|   0|  0|   9|           2|           2|
    |add_ln840_206_fu_8194_p2          |         +|   0|  0|  10|           3|           3|
    |add_ln840_207_fu_8204_p2          |         +|   0|  0|  12|           4|           4|
    |add_ln840_208_fu_8214_p2          |         +|   0|  0|  12|           5|           5|
    |add_ln840_209_fu_8224_p2          |         +|   0|  0|  19|           8|           8|
    |add_ln840_20_fu_2110_p2           |         +|   0|  0|  12|           4|           4|
    |add_ln840_210_fu_8950_p2          |         +|   0|  0|   9|           2|           2|
    |add_ln840_211_fu_8960_p2          |         +|   0|  0|  19|           8|           8|
    |add_ln840_212_fu_8966_p2          |         +|   0|  0|   9|           2|           2|
    |add_ln840_213_fu_8976_p2          |         +|   0|  0|   9|           2|           2|
    |add_ln840_214_fu_8986_p2          |         +|   0|  0|  10|           3|           3|
    |add_ln840_215_fu_8996_p2          |         +|   0|  0|  19|           8|           8|
    |add_ln840_216_fu_9002_p2          |         +|   0|  0|   9|           2|           2|
    |add_ln840_217_fu_9012_p2          |         +|   0|  0|   9|           2|           2|
    |add_ln840_218_fu_9022_p2          |         +|   0|  0|  10|           3|           3|
    |add_ln840_219_fu_9032_p2          |         +|   0|  0|   9|           2|           2|
    |add_ln840_21_fu_2120_p2           |         +|   0|  0|   9|           2|           2|
    |add_ln840_220_fu_9042_p2          |         +|   0|  0|   9|           2|           2|
    |add_ln840_221_fu_9052_p2          |         +|   0|  0|  10|           3|           3|
    |add_ln840_222_fu_9062_p2          |         +|   0|  0|  12|           4|           4|
    |add_ln840_223_fu_9072_p2          |         +|   0|  0|  19|           8|           8|
    |add_ln840_224_fu_9078_p2          |         +|   0|  0|   9|           2|           2|
    |add_ln840_225_fu_9088_p2          |         +|   0|  0|   9|           2|           2|
    |add_ln840_226_fu_9098_p2          |         +|   0|  0|  10|           3|           3|
    |add_ln840_227_fu_9108_p2          |         +|   0|  0|   9|           2|           2|
    |add_ln840_228_fu_9118_p2          |         +|   0|  0|   9|           2|           2|
    |add_ln840_229_fu_9128_p2          |         +|   0|  0|  10|           3|           3|
    |add_ln840_22_fu_2130_p2           |         +|   0|  0|   9|           2|           2|
    |add_ln840_230_fu_9138_p2          |         +|   0|  0|  12|           4|           4|
    |add_ln840_231_fu_9148_p2          |         +|   0|  0|   9|           2|           2|
    |add_ln840_232_fu_9158_p2          |         +|   0|  0|   9|           2|           2|
    |add_ln840_233_fu_9168_p2          |         +|   0|  0|  10|           3|           3|
    |add_ln840_234_fu_9178_p2          |         +|   0|  0|   9|           2|           2|
    |add_ln840_235_fu_9188_p2          |         +|   0|  0|   9|           2|           2|
    |add_ln840_236_fu_9198_p2          |         +|   0|  0|  10|           3|           3|
    |add_ln840_237_fu_9208_p2          |         +|   0|  0|  12|           4|           4|
    |add_ln840_238_fu_9218_p2          |         +|   0|  0|  12|           5|           5|
    |add_ln840_239_fu_9228_p2          |         +|   0|  0|  19|           8|           8|
    |add_ln840_23_fu_2140_p2           |         +|   0|  0|  10|           3|           3|
    |add_ln840_24_fu_2150_p2           |         +|   0|  0|   9|           2|           2|
    |add_ln840_25_fu_2160_p2           |         +|   0|  0|   9|           2|           2|
    |add_ln840_26_fu_2170_p2           |         +|   0|  0|  10|           3|           3|
    |add_ln840_27_fu_2180_p2           |         +|   0|  0|  12|           4|           4|
    |add_ln840_28_fu_2190_p2           |         +|   0|  0|  12|           5|           5|
    |add_ln840_29_fu_2200_p2           |         +|   0|  0|  19|           8|           8|
    |add_ln840_2_fu_1938_p2            |         +|   0|  0|   9|           2|           2|
    |add_ln840_30_fu_2926_p2           |         +|   0|  0|   9|           2|           2|
    |add_ln840_31_fu_2936_p2           |         +|   0|  0|  19|           8|           8|
    |add_ln840_32_fu_2942_p2           |         +|   0|  0|   9|           2|           2|
    |add_ln840_33_fu_2952_p2           |         +|   0|  0|   9|           2|           2|
    |add_ln840_34_fu_2962_p2           |         +|   0|  0|  10|           3|           3|
    |add_ln840_35_fu_2972_p2           |         +|   0|  0|  19|           8|           8|
    |add_ln840_36_fu_2978_p2           |         +|   0|  0|   9|           2|           2|
    |add_ln840_37_fu_2988_p2           |         +|   0|  0|   9|           2|           2|
    |add_ln840_38_fu_2998_p2           |         +|   0|  0|  10|           3|           3|
    |add_ln840_39_fu_3008_p2           |         +|   0|  0|   9|           2|           2|
    |add_ln840_3_fu_1948_p2            |         +|   0|  0|   9|           2|           2|
    |add_ln840_40_fu_3018_p2           |         +|   0|  0|   9|           2|           2|
    |add_ln840_41_fu_3028_p2           |         +|   0|  0|  10|           3|           3|
    |add_ln840_42_fu_3038_p2           |         +|   0|  0|  12|           4|           4|
    |add_ln840_43_fu_3048_p2           |         +|   0|  0|  19|           8|           8|
    |add_ln840_44_fu_3054_p2           |         +|   0|  0|   9|           2|           2|
    |add_ln840_45_fu_3064_p2           |         +|   0|  0|   9|           2|           2|
    |add_ln840_46_fu_3074_p2           |         +|   0|  0|  10|           3|           3|
    |add_ln840_47_fu_3084_p2           |         +|   0|  0|   9|           2|           2|
    |add_ln840_48_fu_3094_p2           |         +|   0|  0|   9|           2|           2|
    |add_ln840_49_fu_3104_p2           |         +|   0|  0|  10|           3|           3|
    |add_ln840_4_fu_1958_p2            |         +|   0|  0|  10|           3|           3|
    |add_ln840_50_fu_3114_p2           |         +|   0|  0|  12|           4|           4|
    |add_ln840_51_fu_3124_p2           |         +|   0|  0|   9|           2|           2|
    |add_ln840_52_fu_3134_p2           |         +|   0|  0|   9|           2|           2|
    |add_ln840_53_fu_3144_p2           |         +|   0|  0|  10|           3|           3|
    |add_ln840_54_fu_3154_p2           |         +|   0|  0|   9|           2|           2|
    |add_ln840_55_fu_3164_p2           |         +|   0|  0|   9|           2|           2|
    |add_ln840_56_fu_3174_p2           |         +|   0|  0|  10|           3|           3|
    |add_ln840_57_fu_3184_p2           |         +|   0|  0|  12|           4|           4|
    |add_ln840_58_fu_3194_p2           |         +|   0|  0|  12|           5|           5|
    |add_ln840_59_fu_3204_p2           |         +|   0|  0|  19|           8|           8|
    |add_ln840_5_fu_1968_p2            |         +|   0|  0|  19|           8|           8|
    |add_ln840_60_fu_3930_p2           |         +|   0|  0|   9|           2|           2|
    |add_ln840_61_fu_3940_p2           |         +|   0|  0|  19|           8|           8|
    |add_ln840_62_fu_3946_p2           |         +|   0|  0|   9|           2|           2|
    |add_ln840_63_fu_3956_p2           |         +|   0|  0|   9|           2|           2|
    |add_ln840_64_fu_3966_p2           |         +|   0|  0|  10|           3|           3|
    |add_ln840_65_fu_3976_p2           |         +|   0|  0|  19|           8|           8|
    |add_ln840_66_fu_3982_p2           |         +|   0|  0|   9|           2|           2|
    |add_ln840_67_fu_3992_p2           |         +|   0|  0|   9|           2|           2|
    |add_ln840_68_fu_4002_p2           |         +|   0|  0|  10|           3|           3|
    |add_ln840_69_fu_4012_p2           |         +|   0|  0|   9|           2|           2|
    |add_ln840_6_fu_1974_p2            |         +|   0|  0|   9|           2|           2|
    |add_ln840_70_fu_4022_p2           |         +|   0|  0|   9|           2|           2|
    |add_ln840_71_fu_4032_p2           |         +|   0|  0|  10|           3|           3|
    |add_ln840_72_fu_4042_p2           |         +|   0|  0|  12|           4|           4|
    |add_ln840_73_fu_4052_p2           |         +|   0|  0|  19|           8|           8|
    |add_ln840_74_fu_4058_p2           |         +|   0|  0|   9|           2|           2|
    |add_ln840_75_fu_4068_p2           |         +|   0|  0|   9|           2|           2|
    |add_ln840_76_fu_4078_p2           |         +|   0|  0|  10|           3|           3|
    |add_ln840_77_fu_4088_p2           |         +|   0|  0|   9|           2|           2|
    |add_ln840_78_fu_4098_p2           |         +|   0|  0|   9|           2|           2|
    |add_ln840_79_fu_4108_p2           |         +|   0|  0|  10|           3|           3|
    |add_ln840_7_fu_1984_p2            |         +|   0|  0|   9|           2|           2|
    |add_ln840_80_fu_4118_p2           |         +|   0|  0|  12|           4|           4|
    |add_ln840_81_fu_4128_p2           |         +|   0|  0|   9|           2|           2|
    |add_ln840_82_fu_4138_p2           |         +|   0|  0|   9|           2|           2|
    |add_ln840_83_fu_4148_p2           |         +|   0|  0|  10|           3|           3|
    |add_ln840_84_fu_4158_p2           |         +|   0|  0|   9|           2|           2|
    |add_ln840_85_fu_4168_p2           |         +|   0|  0|   9|           2|           2|
    |add_ln840_86_fu_4178_p2           |         +|   0|  0|  10|           3|           3|
    |add_ln840_87_fu_4188_p2           |         +|   0|  0|  12|           4|           4|
    |add_ln840_88_fu_4198_p2           |         +|   0|  0|  12|           5|           5|
    |add_ln840_89_fu_4208_p2           |         +|   0|  0|  19|           8|           8|
    |add_ln840_8_fu_1994_p2            |         +|   0|  0|  10|           3|           3|
    |add_ln840_90_fu_4934_p2           |         +|   0|  0|   9|           2|           2|
    |add_ln840_91_fu_4944_p2           |         +|   0|  0|  19|           8|           8|
    |add_ln840_92_fu_4950_p2           |         +|   0|  0|   9|           2|           2|
    |add_ln840_93_fu_4960_p2           |         +|   0|  0|   9|           2|           2|
    |add_ln840_94_fu_4970_p2           |         +|   0|  0|  10|           3|           3|
    |add_ln840_95_fu_4980_p2           |         +|   0|  0|  19|           8|           8|
    |add_ln840_96_fu_4986_p2           |         +|   0|  0|   9|           2|           2|
    |add_ln840_97_fu_4996_p2           |         +|   0|  0|   9|           2|           2|
    |add_ln840_98_fu_5006_p2           |         +|   0|  0|  10|           3|           3|
    |add_ln840_99_fu_5016_p2           |         +|   0|  0|   9|           2|           2|
    |add_ln840_9_fu_2004_p2            |         +|   0|  0|   9|           2|           2|
    |add_ln840_fu_1922_p2              |         +|   0|  0|   9|           2|           2|
    |i_2_fu_790_p2                     |         +|   0|  0|  17|          10|           1|
    |nf_fu_9251_p2                     |         +|   0|  0|  39|          32|           1|
    |sf_2_fu_9234_p2                   |         +|   0|  0|  39|          32|           1|
    |ap_block_state3_io                |       and|   0|  0|   2|           1|           1|
    |ap_condition_6175                 |       and|   0|  0|   2|           1|           1|
    |ap_predicate_op1589_write_state3  |       and|   0|  0|   2|           1|           1|
    |ap_predicate_op48_read_state1     |       and|   0|  0|   2|           1|           1|
    |icmp_ln1039_1_fu_9356_p2          |      icmp|   0|  0|  11|           8|           8|
    |icmp_ln1039_2_fu_9371_p2          |      icmp|   0|  0|  11|           8|           8|
    |icmp_ln1039_3_fu_9386_p2          |      icmp|   0|  0|  11|           8|           8|
    |icmp_ln1039_4_fu_9401_p2          |      icmp|   0|  0|  11|           8|           8|
    |icmp_ln1039_5_fu_9416_p2          |      icmp|   0|  0|  11|           8|           8|
    |icmp_ln1039_6_fu_9431_p2          |      icmp|   0|  0|  11|           8|           8|
    |icmp_ln1039_7_fu_9446_p2          |      icmp|   0|  0|  11|           8|           8|
    |icmp_ln1039_fu_9341_p2            |      icmp|   0|  0|  11|           8|           8|
    |icmp_ln249_fu_784_p2              |      icmp|   0|  0|  11|          10|           6|
    |icmp_ln253_fu_796_p2              |      icmp|   0|  0|  20|          32|           1|
    |icmp_ln272_fu_904_p2              |      icmp|   0|  0|  20|          32|           1|
    |icmp_ln290_fu_9240_p2             |      icmp|   0|  0|  20|          32|           3|
    |icmp_ln302_fu_9257_p2             |      icmp|   0|  0|  20|          32|           2|
    |ap_block_state1_pp0_stage0_iter0  |        or|   0|  0|   2|           1|           1|
    |nf_3_fu_9263_p3                   |    select|   0|  0|  32|           1|           1|
    |select_ln272_1_fu_918_p3          |    select|   0|  0|   8|           1|           1|
    |select_ln272_2_fu_926_p3          |    select|   0|  0|   8|           1|           1|
    |select_ln272_3_fu_934_p3          |    select|   0|  0|   8|           1|           1|
    |select_ln272_4_fu_942_p3          |    select|   0|  0|   8|           1|           1|
    |select_ln272_5_fu_950_p3          |    select|   0|  0|   8|           1|           1|
    |select_ln272_6_fu_958_p3          |    select|   0|  0|   8|           1|           1|
    |select_ln272_7_fu_966_p3          |    select|   0|  0|   8|           1|           1|
    |select_ln272_fu_910_p3            |    select|   0|  0|   8|           1|           1|
    |result_V_1_fu_9361_p2             |       xor|   0|  0|   2|           1|           2|
    |result_V_2_fu_9376_p2             |       xor|   0|  0|   2|           1|           2|
    |result_V_3_fu_9391_p2             |       xor|   0|  0|   2|           1|           2|
    |result_V_4_fu_9406_p2             |       xor|   0|  0|   2|           1|           2|
    |result_V_5_fu_9421_p2             |       xor|   0|  0|   2|           1|           2|
    |result_V_6_fu_9436_p2             |       xor|   0|  0|   2|           1|           2|
    |result_V_7_fu_9451_p2             |       xor|   0|  0|   2|           1|           2|
    |result_V_fu_9346_p2               |       xor|   0|  0|   2|           1|           2|
    |xor_ln1019_100_fu_2766_p2         |       xor|   0|  0|   2|           1|           1|
    |xor_ln1019_101_fu_2772_p2         |       xor|   0|  0|   2|           1|           2|
    |xor_ln1019_102_fu_2782_p2         |       xor|   0|  0|   2|           1|           1|
    |xor_ln1019_103_fu_2788_p2         |       xor|   0|  0|   2|           1|           2|
    |xor_ln1019_104_fu_2798_p2         |       xor|   0|  0|   2|           1|           1|
    |xor_ln1019_105_fu_2804_p2         |       xor|   0|  0|   2|           1|           2|
    |xor_ln1019_106_fu_2814_p2         |       xor|   0|  0|   2|           1|           1|
    |xor_ln1019_107_fu_2820_p2         |       xor|   0|  0|   2|           1|           2|
    |xor_ln1019_108_fu_2830_p2         |       xor|   0|  0|   2|           1|           1|
    |xor_ln1019_109_fu_2836_p2         |       xor|   0|  0|   2|           1|           2|
    |xor_ln1019_10_fu_1330_p2          |       xor|   0|  0|   2|           1|           1|
    |xor_ln1019_110_fu_2846_p2         |       xor|   0|  0|   2|           1|           1|
    |xor_ln1019_111_fu_2852_p2         |       xor|   0|  0|   2|           1|           2|
    |xor_ln1019_112_fu_2862_p2         |       xor|   0|  0|   2|           1|           1|
    |xor_ln1019_113_fu_2868_p2         |       xor|   0|  0|   2|           1|           2|
    |xor_ln1019_114_fu_2878_p2         |       xor|   0|  0|   2|           1|           1|
    |xor_ln1019_115_fu_2884_p2         |       xor|   0|  0|   2|           1|           2|
    |xor_ln1019_116_fu_2894_p2         |       xor|   0|  0|   2|           1|           1|
    |xor_ln1019_117_fu_2900_p2         |       xor|   0|  0|   2|           1|           2|
    |xor_ln1019_118_fu_2910_p2         |       xor|   0|  0|   2|           1|           1|
    |xor_ln1019_119_fu_2916_p2         |       xor|   0|  0|   2|           1|           2|
    |xor_ln1019_11_fu_1336_p2          |       xor|   0|  0|   2|           1|           2|
    |xor_ln1019_120_fu_3450_p2         |       xor|   0|  0|   2|           1|           2|
    |xor_ln1019_121_fu_3456_p2         |       xor|   0|  0|   2|           1|           1|
    |xor_ln1019_122_fu_3466_p2         |       xor|   0|  0|   2|           1|           1|
    |xor_ln1019_123_fu_3472_p2         |       xor|   0|  0|   2|           1|           2|
    |xor_ln1019_124_fu_3482_p2         |       xor|   0|  0|   2|           1|           1|
    |xor_ln1019_125_fu_3488_p2         |       xor|   0|  0|   2|           1|           2|
    |xor_ln1019_126_fu_3498_p2         |       xor|   0|  0|   2|           1|           1|
    |xor_ln1019_127_fu_3504_p2         |       xor|   0|  0|   2|           1|           2|
    |xor_ln1019_128_fu_3514_p2         |       xor|   0|  0|   2|           1|           1|
    |xor_ln1019_129_fu_3520_p2         |       xor|   0|  0|   2|           1|           2|
    |xor_ln1019_12_fu_1354_p2          |       xor|   0|  0|   2|           1|           1|
    |xor_ln1019_130_fu_3530_p2         |       xor|   0|  0|   2|           1|           1|
    |xor_ln1019_131_fu_3536_p2         |       xor|   0|  0|   2|           1|           2|
    |xor_ln1019_132_fu_3546_p2         |       xor|   0|  0|   2|           1|           1|
    |xor_ln1019_133_fu_3552_p2         |       xor|   0|  0|   2|           1|           2|
    |xor_ln1019_134_fu_3562_p2         |       xor|   0|  0|   2|           1|           1|
    |xor_ln1019_135_fu_3568_p2         |       xor|   0|  0|   2|           1|           2|
    |xor_ln1019_136_fu_3578_p2         |       xor|   0|  0|   2|           1|           1|
    |xor_ln1019_137_fu_3584_p2         |       xor|   0|  0|   2|           1|           2|
    |xor_ln1019_138_fu_3594_p2         |       xor|   0|  0|   2|           1|           1|
    |xor_ln1019_139_fu_3600_p2         |       xor|   0|  0|   2|           1|           2|
    |xor_ln1019_13_fu_1360_p2          |       xor|   0|  0|   2|           1|           2|
    |xor_ln1019_140_fu_3610_p2         |       xor|   0|  0|   2|           1|           1|
    |xor_ln1019_141_fu_3616_p2         |       xor|   0|  0|   2|           1|           2|
    |xor_ln1019_142_fu_3626_p2         |       xor|   0|  0|   2|           1|           1|
    |xor_ln1019_143_fu_3632_p2         |       xor|   0|  0|   2|           1|           2|
    |xor_ln1019_144_fu_3642_p2         |       xor|   0|  0|   2|           1|           1|
    |xor_ln1019_145_fu_3648_p2         |       xor|   0|  0|   2|           1|           2|
    |xor_ln1019_146_fu_3658_p2         |       xor|   0|  0|   2|           1|           1|
    |xor_ln1019_147_fu_3664_p2         |       xor|   0|  0|   2|           1|           2|
    |xor_ln1019_148_fu_3674_p2         |       xor|   0|  0|   2|           1|           1|
    |xor_ln1019_149_fu_3680_p2         |       xor|   0|  0|   2|           1|           2|
    |xor_ln1019_14_fu_1378_p2          |       xor|   0|  0|   2|           1|           1|
    |xor_ln1019_150_fu_3690_p2         |       xor|   0|  0|   2|           1|           1|
    |xor_ln1019_151_fu_3696_p2         |       xor|   0|  0|   2|           1|           2|
    |xor_ln1019_152_fu_3706_p2         |       xor|   0|  0|   2|           1|           1|
    |xor_ln1019_153_fu_3712_p2         |       xor|   0|  0|   2|           1|           2|
    |xor_ln1019_154_fu_3722_p2         |       xor|   0|  0|   2|           1|           1|
    |xor_ln1019_155_fu_3728_p2         |       xor|   0|  0|   2|           1|           2|
    |xor_ln1019_156_fu_3738_p2         |       xor|   0|  0|   2|           1|           1|
    |xor_ln1019_157_fu_3744_p2         |       xor|   0|  0|   2|           1|           2|
    |xor_ln1019_158_fu_3754_p2         |       xor|   0|  0|   2|           1|           1|
    |xor_ln1019_159_fu_3760_p2         |       xor|   0|  0|   2|           1|           2|
    |xor_ln1019_15_fu_1384_p2          |       xor|   0|  0|   2|           1|           2|
    |xor_ln1019_160_fu_3770_p2         |       xor|   0|  0|   2|           1|           1|
    |xor_ln1019_161_fu_3776_p2         |       xor|   0|  0|   2|           1|           2|
    |xor_ln1019_162_fu_3786_p2         |       xor|   0|  0|   2|           1|           1|
    |xor_ln1019_163_fu_3792_p2         |       xor|   0|  0|   2|           1|           2|
    |xor_ln1019_164_fu_3802_p2         |       xor|   0|  0|   2|           1|           1|
    |xor_ln1019_165_fu_3808_p2         |       xor|   0|  0|   2|           1|           2|
    |xor_ln1019_166_fu_3818_p2         |       xor|   0|  0|   2|           1|           1|
    |xor_ln1019_167_fu_3824_p2         |       xor|   0|  0|   2|           1|           2|
    |xor_ln1019_168_fu_3834_p2         |       xor|   0|  0|   2|           1|           1|
    |xor_ln1019_169_fu_3840_p2         |       xor|   0|  0|   2|           1|           2|
    |xor_ln1019_16_fu_1402_p2          |       xor|   0|  0|   2|           1|           1|
    |xor_ln1019_170_fu_3850_p2         |       xor|   0|  0|   2|           1|           1|
    |xor_ln1019_171_fu_3856_p2         |       xor|   0|  0|   2|           1|           2|
    |xor_ln1019_172_fu_3866_p2         |       xor|   0|  0|   2|           1|           1|
    |xor_ln1019_173_fu_3872_p2         |       xor|   0|  0|   2|           1|           2|
    |xor_ln1019_174_fu_3882_p2         |       xor|   0|  0|   2|           1|           1|
    |xor_ln1019_175_fu_3888_p2         |       xor|   0|  0|   2|           1|           2|
    |xor_ln1019_176_fu_3898_p2         |       xor|   0|  0|   2|           1|           1|
    |xor_ln1019_177_fu_3904_p2         |       xor|   0|  0|   2|           1|           2|
    |xor_ln1019_178_fu_3914_p2         |       xor|   0|  0|   2|           1|           1|
    |xor_ln1019_179_fu_3920_p2         |       xor|   0|  0|   2|           1|           2|
    |xor_ln1019_17_fu_1408_p2          |       xor|   0|  0|   2|           1|           2|
    |xor_ln1019_180_fu_4454_p2         |       xor|   0|  0|   2|           1|           2|
    |xor_ln1019_181_fu_4460_p2         |       xor|   0|  0|   2|           1|           1|
    |xor_ln1019_182_fu_4470_p2         |       xor|   0|  0|   2|           1|           1|
    |xor_ln1019_183_fu_4476_p2         |       xor|   0|  0|   2|           1|           2|
    |xor_ln1019_184_fu_4486_p2         |       xor|   0|  0|   2|           1|           1|
    |xor_ln1019_185_fu_4492_p2         |       xor|   0|  0|   2|           1|           2|
    |xor_ln1019_186_fu_4502_p2         |       xor|   0|  0|   2|           1|           1|
    |xor_ln1019_187_fu_4508_p2         |       xor|   0|  0|   2|           1|           2|
    |xor_ln1019_188_fu_4518_p2         |       xor|   0|  0|   2|           1|           1|
    |xor_ln1019_189_fu_4524_p2         |       xor|   0|  0|   2|           1|           2|
    |xor_ln1019_18_fu_1426_p2          |       xor|   0|  0|   2|           1|           1|
    |xor_ln1019_190_fu_4534_p2         |       xor|   0|  0|   2|           1|           1|
    |xor_ln1019_191_fu_4540_p2         |       xor|   0|  0|   2|           1|           2|
    |xor_ln1019_192_fu_4550_p2         |       xor|   0|  0|   2|           1|           1|
    |xor_ln1019_193_fu_4556_p2         |       xor|   0|  0|   2|           1|           2|
    |xor_ln1019_194_fu_4566_p2         |       xor|   0|  0|   2|           1|           1|
    |xor_ln1019_195_fu_4572_p2         |       xor|   0|  0|   2|           1|           2|
    |xor_ln1019_196_fu_4582_p2         |       xor|   0|  0|   2|           1|           1|
    |xor_ln1019_197_fu_4588_p2         |       xor|   0|  0|   2|           1|           2|
    |xor_ln1019_198_fu_4598_p2         |       xor|   0|  0|   2|           1|           1|
    |xor_ln1019_199_fu_4604_p2         |       xor|   0|  0|   2|           1|           2|
    |xor_ln1019_19_fu_1432_p2          |       xor|   0|  0|   2|           1|           2|
    |xor_ln1019_1_fu_1216_p2           |       xor|   0|  0|   2|           1|           1|
    |xor_ln1019_200_fu_4614_p2         |       xor|   0|  0|   2|           1|           1|
    |xor_ln1019_201_fu_4620_p2         |       xor|   0|  0|   2|           1|           2|
    |xor_ln1019_202_fu_4630_p2         |       xor|   0|  0|   2|           1|           1|
    |xor_ln1019_203_fu_4636_p2         |       xor|   0|  0|   2|           1|           2|
    |xor_ln1019_204_fu_4646_p2         |       xor|   0|  0|   2|           1|           1|
    |xor_ln1019_205_fu_4652_p2         |       xor|   0|  0|   2|           1|           2|
    |xor_ln1019_206_fu_4662_p2         |       xor|   0|  0|   2|           1|           1|
    |xor_ln1019_207_fu_4668_p2         |       xor|   0|  0|   2|           1|           2|
    |xor_ln1019_208_fu_4678_p2         |       xor|   0|  0|   2|           1|           1|
    |xor_ln1019_209_fu_4684_p2         |       xor|   0|  0|   2|           1|           2|
    |xor_ln1019_20_fu_1450_p2          |       xor|   0|  0|   2|           1|           1|
    |xor_ln1019_210_fu_4694_p2         |       xor|   0|  0|   2|           1|           1|
    |xor_ln1019_211_fu_4700_p2         |       xor|   0|  0|   2|           1|           2|
    |xor_ln1019_212_fu_4710_p2         |       xor|   0|  0|   2|           1|           1|
    |xor_ln1019_213_fu_4716_p2         |       xor|   0|  0|   2|           1|           2|
    |xor_ln1019_214_fu_4726_p2         |       xor|   0|  0|   2|           1|           1|
    |xor_ln1019_215_fu_4732_p2         |       xor|   0|  0|   2|           1|           2|
    |xor_ln1019_216_fu_4742_p2         |       xor|   0|  0|   2|           1|           1|
    |xor_ln1019_217_fu_4748_p2         |       xor|   0|  0|   2|           1|           2|
    |xor_ln1019_218_fu_4758_p2         |       xor|   0|  0|   2|           1|           1|
    |xor_ln1019_219_fu_4764_p2         |       xor|   0|  0|   2|           1|           2|
    |xor_ln1019_21_fu_1456_p2          |       xor|   0|  0|   2|           1|           2|
    |xor_ln1019_220_fu_4774_p2         |       xor|   0|  0|   2|           1|           1|
    |xor_ln1019_221_fu_4780_p2         |       xor|   0|  0|   2|           1|           2|
    |xor_ln1019_222_fu_4790_p2         |       xor|   0|  0|   2|           1|           1|
    |xor_ln1019_223_fu_4796_p2         |       xor|   0|  0|   2|           1|           2|
    |xor_ln1019_224_fu_4806_p2         |       xor|   0|  0|   2|           1|           1|
    |xor_ln1019_225_fu_4812_p2         |       xor|   0|  0|   2|           1|           2|
    |xor_ln1019_226_fu_4822_p2         |       xor|   0|  0|   2|           1|           1|
    |xor_ln1019_227_fu_4828_p2         |       xor|   0|  0|   2|           1|           2|
    |xor_ln1019_228_fu_4838_p2         |       xor|   0|  0|   2|           1|           1|
    |xor_ln1019_229_fu_4844_p2         |       xor|   0|  0|   2|           1|           2|
    |xor_ln1019_22_fu_1474_p2          |       xor|   0|  0|   2|           1|           1|
    |xor_ln1019_230_fu_4854_p2         |       xor|   0|  0|   2|           1|           1|
    |xor_ln1019_231_fu_4860_p2         |       xor|   0|  0|   2|           1|           2|
    |xor_ln1019_232_fu_4870_p2         |       xor|   0|  0|   2|           1|           1|
    |xor_ln1019_233_fu_4876_p2         |       xor|   0|  0|   2|           1|           2|
    |xor_ln1019_234_fu_4886_p2         |       xor|   0|  0|   2|           1|           1|
    |xor_ln1019_235_fu_4892_p2         |       xor|   0|  0|   2|           1|           2|
    |xor_ln1019_236_fu_4902_p2         |       xor|   0|  0|   2|           1|           1|
    |xor_ln1019_237_fu_4908_p2         |       xor|   0|  0|   2|           1|           2|
    |xor_ln1019_238_fu_4918_p2         |       xor|   0|  0|   2|           1|           1|
    |xor_ln1019_239_fu_4924_p2         |       xor|   0|  0|   2|           1|           2|
    |xor_ln1019_23_fu_1480_p2          |       xor|   0|  0|   2|           1|           2|
    |xor_ln1019_240_fu_5458_p2         |       xor|   0|  0|   2|           1|           2|
    |xor_ln1019_241_fu_5464_p2         |       xor|   0|  0|   2|           1|           1|
    |xor_ln1019_242_fu_5474_p2         |       xor|   0|  0|   2|           1|           1|
    |xor_ln1019_243_fu_5480_p2         |       xor|   0|  0|   2|           1|           2|
    |xor_ln1019_244_fu_5490_p2         |       xor|   0|  0|   2|           1|           1|
    |xor_ln1019_245_fu_5496_p2         |       xor|   0|  0|   2|           1|           2|
    |xor_ln1019_246_fu_5506_p2         |       xor|   0|  0|   2|           1|           1|
    |xor_ln1019_247_fu_5512_p2         |       xor|   0|  0|   2|           1|           2|
    |xor_ln1019_248_fu_5522_p2         |       xor|   0|  0|   2|           1|           1|
    |xor_ln1019_249_fu_5528_p2         |       xor|   0|  0|   2|           1|           2|
    |xor_ln1019_24_fu_1498_p2          |       xor|   0|  0|   2|           1|           1|
    |xor_ln1019_250_fu_5538_p2         |       xor|   0|  0|   2|           1|           1|
    |xor_ln1019_251_fu_5544_p2         |       xor|   0|  0|   2|           1|           2|
    |xor_ln1019_252_fu_5554_p2         |       xor|   0|  0|   2|           1|           1|
    |xor_ln1019_253_fu_5560_p2         |       xor|   0|  0|   2|           1|           2|
    |xor_ln1019_254_fu_5570_p2         |       xor|   0|  0|   2|           1|           1|
    |xor_ln1019_255_fu_5576_p2         |       xor|   0|  0|   2|           1|           2|
    |xor_ln1019_256_fu_5586_p2         |       xor|   0|  0|   2|           1|           1|
    |xor_ln1019_257_fu_5592_p2         |       xor|   0|  0|   2|           1|           2|
    |xor_ln1019_258_fu_5602_p2         |       xor|   0|  0|   2|           1|           1|
    |xor_ln1019_259_fu_5608_p2         |       xor|   0|  0|   2|           1|           2|
    |xor_ln1019_25_fu_1504_p2          |       xor|   0|  0|   2|           1|           2|
    |xor_ln1019_260_fu_5618_p2         |       xor|   0|  0|   2|           1|           1|
    |xor_ln1019_261_fu_5624_p2         |       xor|   0|  0|   2|           1|           2|
    |xor_ln1019_262_fu_5634_p2         |       xor|   0|  0|   2|           1|           1|
    |xor_ln1019_263_fu_5640_p2         |       xor|   0|  0|   2|           1|           2|
    |xor_ln1019_264_fu_5650_p2         |       xor|   0|  0|   2|           1|           1|
    |xor_ln1019_265_fu_5656_p2         |       xor|   0|  0|   2|           1|           2|
    |xor_ln1019_266_fu_5666_p2         |       xor|   0|  0|   2|           1|           1|
    |xor_ln1019_267_fu_5672_p2         |       xor|   0|  0|   2|           1|           2|
    |xor_ln1019_268_fu_5682_p2         |       xor|   0|  0|   2|           1|           1|
    |xor_ln1019_269_fu_5688_p2         |       xor|   0|  0|   2|           1|           2|
    |xor_ln1019_26_fu_1522_p2          |       xor|   0|  0|   2|           1|           1|
    |xor_ln1019_270_fu_5698_p2         |       xor|   0|  0|   2|           1|           1|
    |xor_ln1019_271_fu_5704_p2         |       xor|   0|  0|   2|           1|           2|
    |xor_ln1019_272_fu_5714_p2         |       xor|   0|  0|   2|           1|           1|
    |xor_ln1019_273_fu_5720_p2         |       xor|   0|  0|   2|           1|           2|
    |xor_ln1019_274_fu_5730_p2         |       xor|   0|  0|   2|           1|           1|
    |xor_ln1019_275_fu_5736_p2         |       xor|   0|  0|   2|           1|           2|
    |xor_ln1019_276_fu_5746_p2         |       xor|   0|  0|   2|           1|           1|
    |xor_ln1019_277_fu_5752_p2         |       xor|   0|  0|   2|           1|           2|
    |xor_ln1019_278_fu_5762_p2         |       xor|   0|  0|   2|           1|           1|
    |xor_ln1019_279_fu_5768_p2         |       xor|   0|  0|   2|           1|           2|
    |xor_ln1019_27_fu_1528_p2          |       xor|   0|  0|   2|           1|           2|
    |xor_ln1019_280_fu_5778_p2         |       xor|   0|  0|   2|           1|           1|
    |xor_ln1019_281_fu_5784_p2         |       xor|   0|  0|   2|           1|           2|
    |xor_ln1019_282_fu_5794_p2         |       xor|   0|  0|   2|           1|           1|
    |xor_ln1019_283_fu_5800_p2         |       xor|   0|  0|   2|           1|           2|
    |xor_ln1019_284_fu_5810_p2         |       xor|   0|  0|   2|           1|           1|
    |xor_ln1019_285_fu_5816_p2         |       xor|   0|  0|   2|           1|           2|
    |xor_ln1019_286_fu_5826_p2         |       xor|   0|  0|   2|           1|           1|
    |xor_ln1019_287_fu_5832_p2         |       xor|   0|  0|   2|           1|           2|
    |xor_ln1019_288_fu_5842_p2         |       xor|   0|  0|   2|           1|           1|
    |xor_ln1019_289_fu_5848_p2         |       xor|   0|  0|   2|           1|           2|
    |xor_ln1019_28_fu_1546_p2          |       xor|   0|  0|   2|           1|           1|
    |xor_ln1019_290_fu_5858_p2         |       xor|   0|  0|   2|           1|           1|
    |xor_ln1019_291_fu_5864_p2         |       xor|   0|  0|   2|           1|           2|
    |xor_ln1019_292_fu_5874_p2         |       xor|   0|  0|   2|           1|           1|
    |xor_ln1019_293_fu_5880_p2         |       xor|   0|  0|   2|           1|           2|
    |xor_ln1019_294_fu_5890_p2         |       xor|   0|  0|   2|           1|           1|
    |xor_ln1019_295_fu_5896_p2         |       xor|   0|  0|   2|           1|           2|
    |xor_ln1019_296_fu_5906_p2         |       xor|   0|  0|   2|           1|           1|
    |xor_ln1019_297_fu_5912_p2         |       xor|   0|  0|   2|           1|           2|
    |xor_ln1019_298_fu_5922_p2         |       xor|   0|  0|   2|           1|           1|
    |xor_ln1019_299_fu_5928_p2         |       xor|   0|  0|   2|           1|           2|
    |xor_ln1019_29_fu_1552_p2          |       xor|   0|  0|   2|           1|           2|
    |xor_ln1019_2_fu_1234_p2           |       xor|   0|  0|   2|           1|           2|
    |xor_ln1019_300_fu_6462_p2         |       xor|   0|  0|   2|           1|           2|
    |xor_ln1019_301_fu_6468_p2         |       xor|   0|  0|   2|           1|           1|
    |xor_ln1019_302_fu_6478_p2         |       xor|   0|  0|   2|           1|           1|
    |xor_ln1019_303_fu_6484_p2         |       xor|   0|  0|   2|           1|           2|
    |xor_ln1019_304_fu_6494_p2         |       xor|   0|  0|   2|           1|           1|
    |xor_ln1019_305_fu_6500_p2         |       xor|   0|  0|   2|           1|           2|
    |xor_ln1019_306_fu_6510_p2         |       xor|   0|  0|   2|           1|           1|
    |xor_ln1019_307_fu_6516_p2         |       xor|   0|  0|   2|           1|           2|
    |xor_ln1019_308_fu_6526_p2         |       xor|   0|  0|   2|           1|           1|
    |xor_ln1019_309_fu_6532_p2         |       xor|   0|  0|   2|           1|           2|
    |xor_ln1019_30_fu_1570_p2          |       xor|   0|  0|   2|           1|           1|
    |xor_ln1019_310_fu_6542_p2         |       xor|   0|  0|   2|           1|           1|
    |xor_ln1019_311_fu_6548_p2         |       xor|   0|  0|   2|           1|           2|
    |xor_ln1019_312_fu_6558_p2         |       xor|   0|  0|   2|           1|           1|
    |xor_ln1019_313_fu_6564_p2         |       xor|   0|  0|   2|           1|           2|
    |xor_ln1019_314_fu_6574_p2         |       xor|   0|  0|   2|           1|           1|
    |xor_ln1019_315_fu_6580_p2         |       xor|   0|  0|   2|           1|           2|
    |xor_ln1019_316_fu_6590_p2         |       xor|   0|  0|   2|           1|           1|
    |xor_ln1019_317_fu_6596_p2         |       xor|   0|  0|   2|           1|           2|
    |xor_ln1019_318_fu_6606_p2         |       xor|   0|  0|   2|           1|           1|
    |xor_ln1019_319_fu_6612_p2         |       xor|   0|  0|   2|           1|           2|
    |xor_ln1019_31_fu_1576_p2          |       xor|   0|  0|   2|           1|           2|
    |xor_ln1019_320_fu_6622_p2         |       xor|   0|  0|   2|           1|           1|
    |xor_ln1019_321_fu_6628_p2         |       xor|   0|  0|   2|           1|           2|
    |xor_ln1019_322_fu_6638_p2         |       xor|   0|  0|   2|           1|           1|
    |xor_ln1019_323_fu_6644_p2         |       xor|   0|  0|   2|           1|           2|
    |xor_ln1019_324_fu_6654_p2         |       xor|   0|  0|   2|           1|           1|
    |xor_ln1019_325_fu_6660_p2         |       xor|   0|  0|   2|           1|           2|
    |xor_ln1019_326_fu_6670_p2         |       xor|   0|  0|   2|           1|           1|
    |xor_ln1019_327_fu_6676_p2         |       xor|   0|  0|   2|           1|           2|
    |xor_ln1019_328_fu_6686_p2         |       xor|   0|  0|   2|           1|           1|
    |xor_ln1019_329_fu_6692_p2         |       xor|   0|  0|   2|           1|           2|
    |xor_ln1019_32_fu_1594_p2          |       xor|   0|  0|   2|           1|           1|
    |xor_ln1019_330_fu_6702_p2         |       xor|   0|  0|   2|           1|           1|
    |xor_ln1019_331_fu_6708_p2         |       xor|   0|  0|   2|           1|           2|
    |xor_ln1019_332_fu_6718_p2         |       xor|   0|  0|   2|           1|           1|
    |xor_ln1019_333_fu_6724_p2         |       xor|   0|  0|   2|           1|           2|
    |xor_ln1019_334_fu_6734_p2         |       xor|   0|  0|   2|           1|           1|
    |xor_ln1019_335_fu_6740_p2         |       xor|   0|  0|   2|           1|           2|
    |xor_ln1019_336_fu_6750_p2         |       xor|   0|  0|   2|           1|           1|
    |xor_ln1019_337_fu_6756_p2         |       xor|   0|  0|   2|           1|           2|
    |xor_ln1019_338_fu_6766_p2         |       xor|   0|  0|   2|           1|           1|
    |xor_ln1019_339_fu_6772_p2         |       xor|   0|  0|   2|           1|           2|
    |xor_ln1019_33_fu_1600_p2          |       xor|   0|  0|   2|           1|           2|
    |xor_ln1019_340_fu_6782_p2         |       xor|   0|  0|   2|           1|           1|
    |xor_ln1019_341_fu_6788_p2         |       xor|   0|  0|   2|           1|           2|
    |xor_ln1019_342_fu_6798_p2         |       xor|   0|  0|   2|           1|           1|
    |xor_ln1019_343_fu_6804_p2         |       xor|   0|  0|   2|           1|           2|
    |xor_ln1019_344_fu_6814_p2         |       xor|   0|  0|   2|           1|           1|
    |xor_ln1019_345_fu_6820_p2         |       xor|   0|  0|   2|           1|           2|
    |xor_ln1019_346_fu_6830_p2         |       xor|   0|  0|   2|           1|           1|
    |xor_ln1019_347_fu_6836_p2         |       xor|   0|  0|   2|           1|           2|
    |xor_ln1019_348_fu_6846_p2         |       xor|   0|  0|   2|           1|           1|
    |xor_ln1019_349_fu_6852_p2         |       xor|   0|  0|   2|           1|           2|
    |xor_ln1019_34_fu_1618_p2          |       xor|   0|  0|   2|           1|           1|
    |xor_ln1019_350_fu_6862_p2         |       xor|   0|  0|   2|           1|           1|
    |xor_ln1019_351_fu_6868_p2         |       xor|   0|  0|   2|           1|           2|
    |xor_ln1019_352_fu_6878_p2         |       xor|   0|  0|   2|           1|           1|
    |xor_ln1019_353_fu_6884_p2         |       xor|   0|  0|   2|           1|           2|
    |xor_ln1019_354_fu_6894_p2         |       xor|   0|  0|   2|           1|           1|
    |xor_ln1019_355_fu_6900_p2         |       xor|   0|  0|   2|           1|           2|
    |xor_ln1019_356_fu_6910_p2         |       xor|   0|  0|   2|           1|           1|
    |xor_ln1019_357_fu_6916_p2         |       xor|   0|  0|   2|           1|           2|
    |xor_ln1019_358_fu_6926_p2         |       xor|   0|  0|   2|           1|           1|
    |xor_ln1019_359_fu_6932_p2         |       xor|   0|  0|   2|           1|           2|
    |xor_ln1019_35_fu_1624_p2          |       xor|   0|  0|   2|           1|           2|
    |xor_ln1019_360_fu_7466_p2         |       xor|   0|  0|   2|           1|           2|
    |xor_ln1019_361_fu_7472_p2         |       xor|   0|  0|   2|           1|           1|
    |xor_ln1019_362_fu_7482_p2         |       xor|   0|  0|   2|           1|           1|
    |xor_ln1019_363_fu_7488_p2         |       xor|   0|  0|   2|           1|           2|
    |xor_ln1019_364_fu_7498_p2         |       xor|   0|  0|   2|           1|           1|
    |xor_ln1019_365_fu_7504_p2         |       xor|   0|  0|   2|           1|           2|
    |xor_ln1019_366_fu_7514_p2         |       xor|   0|  0|   2|           1|           1|
    |xor_ln1019_367_fu_7520_p2         |       xor|   0|  0|   2|           1|           2|
    |xor_ln1019_368_fu_7530_p2         |       xor|   0|  0|   2|           1|           1|
    |xor_ln1019_369_fu_7536_p2         |       xor|   0|  0|   2|           1|           2|
    |xor_ln1019_36_fu_1642_p2          |       xor|   0|  0|   2|           1|           1|
    |xor_ln1019_370_fu_7546_p2         |       xor|   0|  0|   2|           1|           1|
    |xor_ln1019_371_fu_7552_p2         |       xor|   0|  0|   2|           1|           2|
    |xor_ln1019_372_fu_7562_p2         |       xor|   0|  0|   2|           1|           1|
    |xor_ln1019_373_fu_7568_p2         |       xor|   0|  0|   2|           1|           2|
    |xor_ln1019_374_fu_7578_p2         |       xor|   0|  0|   2|           1|           1|
    |xor_ln1019_375_fu_7584_p2         |       xor|   0|  0|   2|           1|           2|
    |xor_ln1019_376_fu_7594_p2         |       xor|   0|  0|   2|           1|           1|
    |xor_ln1019_377_fu_7600_p2         |       xor|   0|  0|   2|           1|           2|
    |xor_ln1019_378_fu_7610_p2         |       xor|   0|  0|   2|           1|           1|
    |xor_ln1019_379_fu_7616_p2         |       xor|   0|  0|   2|           1|           2|
    |xor_ln1019_37_fu_1648_p2          |       xor|   0|  0|   2|           1|           2|
    |xor_ln1019_380_fu_7626_p2         |       xor|   0|  0|   2|           1|           1|
    |xor_ln1019_381_fu_7632_p2         |       xor|   0|  0|   2|           1|           2|
    |xor_ln1019_382_fu_7642_p2         |       xor|   0|  0|   2|           1|           1|
    |xor_ln1019_383_fu_7648_p2         |       xor|   0|  0|   2|           1|           2|
    |xor_ln1019_384_fu_7658_p2         |       xor|   0|  0|   2|           1|           1|
    |xor_ln1019_385_fu_7664_p2         |       xor|   0|  0|   2|           1|           2|
    |xor_ln1019_386_fu_7674_p2         |       xor|   0|  0|   2|           1|           1|
    |xor_ln1019_387_fu_7680_p2         |       xor|   0|  0|   2|           1|           2|
    |xor_ln1019_388_fu_7690_p2         |       xor|   0|  0|   2|           1|           1|
    |xor_ln1019_389_fu_7696_p2         |       xor|   0|  0|   2|           1|           2|
    |xor_ln1019_38_fu_1666_p2          |       xor|   0|  0|   2|           1|           1|
    |xor_ln1019_390_fu_7706_p2         |       xor|   0|  0|   2|           1|           1|
    |xor_ln1019_391_fu_7712_p2         |       xor|   0|  0|   2|           1|           2|
    |xor_ln1019_392_fu_7722_p2         |       xor|   0|  0|   2|           1|           1|
    |xor_ln1019_393_fu_7728_p2         |       xor|   0|  0|   2|           1|           2|
    |xor_ln1019_394_fu_7738_p2         |       xor|   0|  0|   2|           1|           1|
    |xor_ln1019_395_fu_7744_p2         |       xor|   0|  0|   2|           1|           2|
    |xor_ln1019_396_fu_7754_p2         |       xor|   0|  0|   2|           1|           1|
    |xor_ln1019_397_fu_7760_p2         |       xor|   0|  0|   2|           1|           2|
    |xor_ln1019_398_fu_7770_p2         |       xor|   0|  0|   2|           1|           1|
    |xor_ln1019_399_fu_7776_p2         |       xor|   0|  0|   2|           1|           2|
    |xor_ln1019_39_fu_1672_p2          |       xor|   0|  0|   2|           1|           2|
    |xor_ln1019_3_fu_1240_p2           |       xor|   0|  0|   2|           1|           1|
    |xor_ln1019_400_fu_7786_p2         |       xor|   0|  0|   2|           1|           1|
    |xor_ln1019_401_fu_7792_p2         |       xor|   0|  0|   2|           1|           2|
    |xor_ln1019_402_fu_7802_p2         |       xor|   0|  0|   2|           1|           1|
    |xor_ln1019_403_fu_7808_p2         |       xor|   0|  0|   2|           1|           2|
    |xor_ln1019_404_fu_7818_p2         |       xor|   0|  0|   2|           1|           1|
    |xor_ln1019_405_fu_7824_p2         |       xor|   0|  0|   2|           1|           2|
    |xor_ln1019_406_fu_7834_p2         |       xor|   0|  0|   2|           1|           1|
    |xor_ln1019_407_fu_7840_p2         |       xor|   0|  0|   2|           1|           2|
    |xor_ln1019_408_fu_7850_p2         |       xor|   0|  0|   2|           1|           1|
    |xor_ln1019_409_fu_7856_p2         |       xor|   0|  0|   2|           1|           2|
    |xor_ln1019_40_fu_1690_p2          |       xor|   0|  0|   2|           1|           1|
    |xor_ln1019_410_fu_7866_p2         |       xor|   0|  0|   2|           1|           1|
    |xor_ln1019_411_fu_7872_p2         |       xor|   0|  0|   2|           1|           2|
    |xor_ln1019_412_fu_7882_p2         |       xor|   0|  0|   2|           1|           1|
    |xor_ln1019_413_fu_7888_p2         |       xor|   0|  0|   2|           1|           2|
    |xor_ln1019_414_fu_7898_p2         |       xor|   0|  0|   2|           1|           1|
    |xor_ln1019_415_fu_7904_p2         |       xor|   0|  0|   2|           1|           2|
    |xor_ln1019_416_fu_7914_p2         |       xor|   0|  0|   2|           1|           1|
    |xor_ln1019_417_fu_7920_p2         |       xor|   0|  0|   2|           1|           2|
    |xor_ln1019_418_fu_7930_p2         |       xor|   0|  0|   2|           1|           1|
    |xor_ln1019_419_fu_7936_p2         |       xor|   0|  0|   2|           1|           2|
    |xor_ln1019_41_fu_1696_p2          |       xor|   0|  0|   2|           1|           2|
    |xor_ln1019_420_fu_8470_p2         |       xor|   0|  0|   2|           1|           2|
    |xor_ln1019_421_fu_8476_p2         |       xor|   0|  0|   2|           1|           1|
    |xor_ln1019_422_fu_8486_p2         |       xor|   0|  0|   2|           1|           1|
    |xor_ln1019_423_fu_8492_p2         |       xor|   0|  0|   2|           1|           2|
    |xor_ln1019_424_fu_8502_p2         |       xor|   0|  0|   2|           1|           1|
    |xor_ln1019_425_fu_8508_p2         |       xor|   0|  0|   2|           1|           2|
    |xor_ln1019_426_fu_8518_p2         |       xor|   0|  0|   2|           1|           1|
    |xor_ln1019_427_fu_8524_p2         |       xor|   0|  0|   2|           1|           2|
    |xor_ln1019_428_fu_8534_p2         |       xor|   0|  0|   2|           1|           1|
    |xor_ln1019_429_fu_8540_p2         |       xor|   0|  0|   2|           1|           2|
    |xor_ln1019_42_fu_1714_p2          |       xor|   0|  0|   2|           1|           1|
    |xor_ln1019_430_fu_8550_p2         |       xor|   0|  0|   2|           1|           1|
    |xor_ln1019_431_fu_8556_p2         |       xor|   0|  0|   2|           1|           2|
    |xor_ln1019_432_fu_8566_p2         |       xor|   0|  0|   2|           1|           1|
    |xor_ln1019_433_fu_8572_p2         |       xor|   0|  0|   2|           1|           2|
    |xor_ln1019_434_fu_8582_p2         |       xor|   0|  0|   2|           1|           1|
    |xor_ln1019_435_fu_8588_p2         |       xor|   0|  0|   2|           1|           2|
    |xor_ln1019_436_fu_8598_p2         |       xor|   0|  0|   2|           1|           1|
    |xor_ln1019_437_fu_8604_p2         |       xor|   0|  0|   2|           1|           2|
    |xor_ln1019_438_fu_8614_p2         |       xor|   0|  0|   2|           1|           1|
    |xor_ln1019_439_fu_8620_p2         |       xor|   0|  0|   2|           1|           2|
    |xor_ln1019_43_fu_1720_p2          |       xor|   0|  0|   2|           1|           2|
    |xor_ln1019_440_fu_8630_p2         |       xor|   0|  0|   2|           1|           1|
    |xor_ln1019_441_fu_8636_p2         |       xor|   0|  0|   2|           1|           2|
    |xor_ln1019_442_fu_8646_p2         |       xor|   0|  0|   2|           1|           1|
    |xor_ln1019_443_fu_8652_p2         |       xor|   0|  0|   2|           1|           2|
    |xor_ln1019_444_fu_8662_p2         |       xor|   0|  0|   2|           1|           1|
    |xor_ln1019_445_fu_8668_p2         |       xor|   0|  0|   2|           1|           2|
    |xor_ln1019_446_fu_8678_p2         |       xor|   0|  0|   2|           1|           1|
    |xor_ln1019_447_fu_8684_p2         |       xor|   0|  0|   2|           1|           2|
    |xor_ln1019_448_fu_8694_p2         |       xor|   0|  0|   2|           1|           1|
    |xor_ln1019_449_fu_8700_p2         |       xor|   0|  0|   2|           1|           2|
    |xor_ln1019_44_fu_1738_p2          |       xor|   0|  0|   2|           1|           1|
    |xor_ln1019_450_fu_8710_p2         |       xor|   0|  0|   2|           1|           1|
    |xor_ln1019_451_fu_8716_p2         |       xor|   0|  0|   2|           1|           2|
    |xor_ln1019_452_fu_8726_p2         |       xor|   0|  0|   2|           1|           1|
    |xor_ln1019_453_fu_8732_p2         |       xor|   0|  0|   2|           1|           2|
    |xor_ln1019_454_fu_8742_p2         |       xor|   0|  0|   2|           1|           1|
    |xor_ln1019_455_fu_8748_p2         |       xor|   0|  0|   2|           1|           2|
    |xor_ln1019_456_fu_8758_p2         |       xor|   0|  0|   2|           1|           1|
    |xor_ln1019_457_fu_8764_p2         |       xor|   0|  0|   2|           1|           2|
    |xor_ln1019_458_fu_8774_p2         |       xor|   0|  0|   2|           1|           1|
    |xor_ln1019_459_fu_8780_p2         |       xor|   0|  0|   2|           1|           2|
    |xor_ln1019_45_fu_1744_p2          |       xor|   0|  0|   2|           1|           2|
    |xor_ln1019_460_fu_8790_p2         |       xor|   0|  0|   2|           1|           1|
    |xor_ln1019_461_fu_8796_p2         |       xor|   0|  0|   2|           1|           2|
    |xor_ln1019_462_fu_8806_p2         |       xor|   0|  0|   2|           1|           1|
    |xor_ln1019_463_fu_8812_p2         |       xor|   0|  0|   2|           1|           2|
    |xor_ln1019_464_fu_8822_p2         |       xor|   0|  0|   2|           1|           1|
    |xor_ln1019_465_fu_8828_p2         |       xor|   0|  0|   2|           1|           2|
    |xor_ln1019_466_fu_8838_p2         |       xor|   0|  0|   2|           1|           1|
    |xor_ln1019_467_fu_8844_p2         |       xor|   0|  0|   2|           1|           2|
    |xor_ln1019_468_fu_8854_p2         |       xor|   0|  0|   2|           1|           1|
    |xor_ln1019_469_fu_8860_p2         |       xor|   0|  0|   2|           1|           2|
    |xor_ln1019_46_fu_1762_p2          |       xor|   0|  0|   2|           1|           1|
    |xor_ln1019_470_fu_8870_p2         |       xor|   0|  0|   2|           1|           1|
    |xor_ln1019_471_fu_8876_p2         |       xor|   0|  0|   2|           1|           2|
    |xor_ln1019_472_fu_8886_p2         |       xor|   0|  0|   2|           1|           1|
    |xor_ln1019_473_fu_8892_p2         |       xor|   0|  0|   2|           1|           2|
    |xor_ln1019_474_fu_8902_p2         |       xor|   0|  0|   2|           1|           1|
    |xor_ln1019_475_fu_8908_p2         |       xor|   0|  0|   2|           1|           2|
    |xor_ln1019_476_fu_8918_p2         |       xor|   0|  0|   2|           1|           1|
    |xor_ln1019_477_fu_8924_p2         |       xor|   0|  0|   2|           1|           2|
    |xor_ln1019_478_fu_8934_p2         |       xor|   0|  0|   2|           1|           1|
    |xor_ln1019_479_fu_8940_p2         |       xor|   0|  0|   2|           1|           2|
    |xor_ln1019_47_fu_1768_p2          |       xor|   0|  0|   2|           1|           2|
    |xor_ln1019_48_fu_1786_p2          |       xor|   0|  0|   2|           1|           1|
    |xor_ln1019_49_fu_1792_p2          |       xor|   0|  0|   2|           1|           2|
    |xor_ln1019_4_fu_1258_p2           |       xor|   0|  0|   2|           1|           1|
    |xor_ln1019_50_fu_1810_p2          |       xor|   0|  0|   2|           1|           1|
    |xor_ln1019_51_fu_1816_p2          |       xor|   0|  0|   2|           1|           2|
    |xor_ln1019_52_fu_1834_p2          |       xor|   0|  0|   2|           1|           1|
    |xor_ln1019_53_fu_1840_p2          |       xor|   0|  0|   2|           1|           2|
    |xor_ln1019_54_fu_1858_p2          |       xor|   0|  0|   2|           1|           1|
    |xor_ln1019_55_fu_1864_p2          |       xor|   0|  0|   2|           1|           2|
    |xor_ln1019_56_fu_1882_p2          |       xor|   0|  0|   2|           1|           1|
    |xor_ln1019_57_fu_1888_p2          |       xor|   0|  0|   2|           1|           2|
    |xor_ln1019_58_fu_1906_p2          |       xor|   0|  0|   2|           1|           1|
    |xor_ln1019_59_fu_1912_p2          |       xor|   0|  0|   2|           1|           2|
    |xor_ln1019_5_fu_1264_p2           |       xor|   0|  0|   2|           1|           2|
    |xor_ln1019_60_fu_2446_p2          |       xor|   0|  0|   2|           1|           2|
    |xor_ln1019_61_fu_2452_p2          |       xor|   0|  0|   2|           1|           1|
    |xor_ln1019_62_fu_2462_p2          |       xor|   0|  0|   2|           1|           2|
    |xor_ln1019_63_fu_2468_p2          |       xor|   0|  0|   2|           1|           1|
    |xor_ln1019_64_fu_2478_p2          |       xor|   0|  0|   2|           1|           1|
    |xor_ln1019_65_fu_2484_p2          |       xor|   0|  0|   2|           1|           2|
    |xor_ln1019_66_fu_2494_p2          |       xor|   0|  0|   2|           1|           1|
    |xor_ln1019_67_fu_2500_p2          |       xor|   0|  0|   2|           1|           2|
    |xor_ln1019_68_fu_2510_p2          |       xor|   0|  0|   2|           1|           1|
    |xor_ln1019_69_fu_2516_p2          |       xor|   0|  0|   2|           1|           2|
    |xor_ln1019_6_fu_1282_p2           |       xor|   0|  0|   2|           1|           1|
    |xor_ln1019_70_fu_2526_p2          |       xor|   0|  0|   2|           1|           1|
    |xor_ln1019_71_fu_2532_p2          |       xor|   0|  0|   2|           1|           2|
    |xor_ln1019_72_fu_2542_p2          |       xor|   0|  0|   2|           1|           1|
    |xor_ln1019_73_fu_2548_p2          |       xor|   0|  0|   2|           1|           2|
    |xor_ln1019_74_fu_2558_p2          |       xor|   0|  0|   2|           1|           1|
    |xor_ln1019_75_fu_2564_p2          |       xor|   0|  0|   2|           1|           2|
    |xor_ln1019_76_fu_2574_p2          |       xor|   0|  0|   2|           1|           1|
    |xor_ln1019_77_fu_2580_p2          |       xor|   0|  0|   2|           1|           2|
    |xor_ln1019_78_fu_2590_p2          |       xor|   0|  0|   2|           1|           1|
    |xor_ln1019_79_fu_2596_p2          |       xor|   0|  0|   2|           1|           2|
    |xor_ln1019_7_fu_1288_p2           |       xor|   0|  0|   2|           1|           2|
    |xor_ln1019_80_fu_2606_p2          |       xor|   0|  0|   2|           1|           1|
    |xor_ln1019_81_fu_2612_p2          |       xor|   0|  0|   2|           1|           2|
    |xor_ln1019_82_fu_2622_p2          |       xor|   0|  0|   2|           1|           1|
    |xor_ln1019_83_fu_2628_p2          |       xor|   0|  0|   2|           1|           2|
    |xor_ln1019_84_fu_2638_p2          |       xor|   0|  0|   2|           1|           1|
    |xor_ln1019_85_fu_2644_p2          |       xor|   0|  0|   2|           1|           2|
    |xor_ln1019_86_fu_2654_p2          |       xor|   0|  0|   2|           1|           1|
    |xor_ln1019_87_fu_2660_p2          |       xor|   0|  0|   2|           1|           2|
    |xor_ln1019_88_fu_2670_p2          |       xor|   0|  0|   2|           1|           1|
    |xor_ln1019_89_fu_2676_p2          |       xor|   0|  0|   2|           1|           2|
    |xor_ln1019_8_fu_1306_p2           |       xor|   0|  0|   2|           1|           1|
    |xor_ln1019_90_fu_2686_p2          |       xor|   0|  0|   2|           1|           1|
    |xor_ln1019_91_fu_2692_p2          |       xor|   0|  0|   2|           1|           2|
    |xor_ln1019_92_fu_2702_p2          |       xor|   0|  0|   2|           1|           1|
    |xor_ln1019_93_fu_2708_p2          |       xor|   0|  0|   2|           1|           2|
    |xor_ln1019_94_fu_2718_p2          |       xor|   0|  0|   2|           1|           1|
    |xor_ln1019_95_fu_2724_p2          |       xor|   0|  0|   2|           1|           2|
    |xor_ln1019_96_fu_2734_p2          |       xor|   0|  0|   2|           1|           1|
    |xor_ln1019_97_fu_2740_p2          |       xor|   0|  0|   2|           1|           2|
    |xor_ln1019_98_fu_2750_p2          |       xor|   0|  0|   2|           1|           1|
    |xor_ln1019_99_fu_2756_p2          |       xor|   0|  0|   2|           1|           2|
    |xor_ln1019_9_fu_1312_p2           |       xor|   0|  0|   2|           1|           2|
    |xor_ln1019_fu_1210_p2             |       xor|   0|  0|   2|           1|           2|
    +----------------------------------+----------+----+---+----+------------+------------+
    |Total                             |          |   0|  0|3988|        1578|        1630|
    +----------------------------------+----------+----+---+----+------------+------------+

    * Multiplexer: 
    +------------------------------------+----+-----------+-----+-----------+
    |                Name                | LUT| Input Size| Bits| Total Bits|
    +------------------------------------+----+-----------+-----+-----------+
    |ap_NS_iter1_fsm                     |  14|          3|    2|          6|
    |ap_NS_iter2_fsm                     |  14|          3|    2|          6|
    |ap_done_int                         |   9|          2|    1|          2|
    |ap_loop_exit_ready_pp0_iter2_reg    |   9|          2|    1|          2|
    |ap_phi_mux_inElem_1_phi_fu_746_p12  |  14|          3|   30|         90|
    |ap_sig_allocacmp_i_1                |   9|          2|   10|         20|
    |ap_sig_allocacmp_nf_2               |   9|          2|   32|         64|
    |ap_sig_allocacmp_sf_1               |   9|          2|   32|         64|
    |i_fu_560                            |   9|          2|   10|         20|
    |in0_V_TDATA_blk_n                   |   9|          2|    1|          2|
    |in1_V_TDATA_blk_n                   |   9|          2|    1|          2|
    |nf_1_fu_616                         |   9|          2|   32|         64|
    |out0_V_TDATA_blk_n                  |   9|          2|    1|          2|
    |sf_fu_556                           |  14|          3|   32|         96|
    +------------------------------------+----+-----------+-----+-----------+
    |Total                               | 146|         32|  187|        440|
    +------------------------------------+----+-----------+-----+-----------+

    * Register: 
    +--------------------------------------+----+----+-----+-----------+
    |                 Name                 | FF | LUT| Bits| Const Bits|
    +--------------------------------------+----+----+-----+-----------+
    |add_i_i_i3_1_29238_fu_568             |   8|   0|    8|          0|
    |add_i_i_i3_2_29240_fu_572             |   8|   0|    8|          0|
    |add_i_i_i3_3_29242_fu_576             |   8|   0|    8|          0|
    |add_i_i_i3_4_29244_fu_580             |   8|   0|    8|          0|
    |add_i_i_i3_5_29246_fu_584             |   8|   0|    8|          0|
    |add_i_i_i3_6_29248_fu_588             |   8|   0|    8|          0|
    |add_i_i_i3_7_29250_fu_592             |   8|   0|    8|          0|
    |add_ln840_119_reg_9610                |   8|   0|    8|          0|
    |add_ln840_119_reg_9610_pp0_iter1_reg  |   8|   0|    8|          0|
    |add_ln840_149_reg_9615                |   8|   0|    8|          0|
    |add_ln840_149_reg_9615_pp0_iter1_reg  |   8|   0|    8|          0|
    |add_ln840_179_reg_9620                |   8|   0|    8|          0|
    |add_ln840_179_reg_9620_pp0_iter1_reg  |   8|   0|    8|          0|
    |add_ln840_209_reg_9625                |   8|   0|    8|          0|
    |add_ln840_209_reg_9625_pp0_iter1_reg  |   8|   0|    8|          0|
    |add_ln840_239_reg_9630                |   8|   0|    8|          0|
    |add_ln840_239_reg_9630_pp0_iter1_reg  |   8|   0|    8|          0|
    |add_ln840_29_reg_9595                 |   8|   0|    8|          0|
    |add_ln840_29_reg_9595_pp0_iter1_reg   |   8|   0|    8|          0|
    |add_ln840_59_reg_9600                 |   8|   0|    8|          0|
    |add_ln840_59_reg_9600_pp0_iter1_reg   |   8|   0|    8|          0|
    |add_ln840_89_reg_9605                 |   8|   0|    8|          0|
    |add_ln840_89_reg_9605_pp0_iter1_reg   |   8|   0|    8|          0|
    |ap_CS_iter0_fsm                       |   1|   0|    1|          0|
    |ap_CS_iter1_fsm                       |   2|   0|    2|          0|
    |ap_CS_iter2_fsm                       |   2|   0|    2|          0|
    |ap_done_reg                           |   1|   0|    1|          0|
    |ap_loop_exit_ready_pp0_iter1_reg      |   1|   0|    1|          0|
    |ap_loop_exit_ready_pp0_iter2_reg      |   1|   0|    1|          0|
    |empty_fu_564                          |   8|   0|    8|          0|
    |i_fu_560                              |  10|   0|   10|          0|
    |icmp_ln249_reg_9583                   |   1|   0|    1|          0|
    |icmp_ln249_reg_9583_pp0_iter1_reg     |   1|   0|    1|          0|
    |icmp_ln290_reg_9635                   |   1|   0|    1|          0|
    |icmp_ln290_reg_9635_pp0_iter1_reg     |   1|   0|    1|          0|
    |inputBuf_V_1_fu_600                   |  30|   0|   30|          0|
    |inputBuf_V_2_fu_604                   |  30|   0|   30|          0|
    |inputBuf_V_3_fu_608                   |  30|   0|   30|          0|
    |inputBuf_V_4_fu_612                   |  30|   0|   30|          0|
    |inputBuf_V_fu_596                     |  30|   0|   30|          0|
    |nf_1_fu_616                           |  32|   0|   32|          0|
    |nf_2_reg_9578                         |  32|   0|   32|          0|
    |sf_fu_556                             |  32|   0|   32|          0|
    +--------------------------------------+----+----+-----+-----------+
    |Total                                 | 460|   0|  460|          0|
    +--------------------------------------+----+----+-----+-----------+



================================================================
== Interface
================================================================
* Summary: 
+---------------+-----+-----+------------+-------------------------------------+--------------+
|   RTL Ports   | Dir | Bits|  Protocol  |            Source Object            |    C Type    |
+---------------+-----+-----+------------+-------------------------------------+--------------+
|ap_clk         |   in|    1|  ap_ctrl_hs|  Matrix_Vector_Activate_Stream_Batch|  return value|
|ap_rst         |   in|    1|  ap_ctrl_hs|  Matrix_Vector_Activate_Stream_Batch|  return value|
|ap_start       |   in|    1|  ap_ctrl_hs|  Matrix_Vector_Activate_Stream_Batch|  return value|
|ap_done        |  out|    1|  ap_ctrl_hs|  Matrix_Vector_Activate_Stream_Batch|  return value|
|ap_idle        |  out|    1|  ap_ctrl_hs|  Matrix_Vector_Activate_Stream_Batch|  return value|
|ap_ready       |  out|    1|  ap_ctrl_hs|  Matrix_Vector_Activate_Stream_Batch|  return value|
|in0_V_TVALID   |   in|    1|        axis|                                in0_V|       pointer|
|in0_V_TDATA    |   in|   32|        axis|                                in0_V|       pointer|
|in0_V_TREADY   |  out|    1|        axis|                                in0_V|       pointer|
|in1_V_TVALID   |   in|    1|        axis|                                in1_V|       pointer|
|in1_V_TDATA    |   in|  240|        axis|                                in1_V|       pointer|
|in1_V_TREADY   |  out|    1|        axis|                                in1_V|       pointer|
|out0_V_TREADY  |   in|    1|        axis|                               out0_V|       pointer|
|out0_V_TDATA   |  out|    8|        axis|                               out0_V|       pointer|
|out0_V_TVALID  |  out|    1|        axis|                               out0_V|       pointer|
+---------------+-----+-----+------------+-------------------------------------+--------------+

